PPO training starting: task=landing, total_steps=65536, bc_steps=0, headless=True
[INFO][AppLauncher]: Using device: cuda:0
[INFO][AppLauncher]: Loading experience file: C:\Transformer-rl-retro-propulsion\IsaacLab\apps\isaaclab.python.headless.kit
Loading user config located at: 'c:/transformer-rl-retro-propulsion/env_isaaclab/lib/site-packages/isaacsim/kit/data/Kit/Isaac-Sim/5.1/user.config.json'
[Info] [carb] Logging to file: c:/transformer-rl-retro-propulsion/env_isaaclab/lib/site-packages/isaacsim/kit/logs/Kit/Isaac-Sim/5.1/kit_20260911_104525.log
2026-09-11T15:45:26Z [1,322ms] [Warning] [omni.usd_config.extension] Enable omni.materialx.libs extension to use MaterialX
2026-09-11T15:45:29Z [4,369ms] [Warning] [carb] Acquiring non optional plugin interface which is not listed as dependency: [omni::physx::IPhysxBenchmarks v1.0] (plugin: <default plugin>), by client: omni.physics.physx.plugin. Add it to CARB_PLUGIN_IMPL_DEPS() macro of a client.
2026-09-11T15:45:29Z [4,422ms] [Warning] [omni.isaac.dynamic_control] omni.isaac.dynamic_control is deprecated as of Isaac Sim 4.5. No action is needed from end-users.

|---------------------------------------------------------------------------------------------|
| Driver Version: 616.64        | Graphics API: D3D12
|=============================================================================================|
| GPU | Name                             | Active | LDA | GPU Memory | Vendor-ID | LUID       |
|     |                                  |        |     |            | Device-ID | UUID       |
|     |                                  |        |     |            | Bus-ID    |            |
|---------------------------------------------------------------------------------------------|
| 0   | NVIDIA GeForce RTX 5070          | Yes: 0 |     | 11943   MB | 10de      | c4230100.. |
|     |                                  |        |     |            | 2f04      | 0          |
|     |                                  |        |     |            | 1         |            |
|=============================================================================================|
| OS: Windows 11 Pro, Version: 10.0 (25H2), Build: 26200, Kernel: 10.0.26100.9444
| Processor: AMD Ryzen 9 9900X 12-Core Processor            
| Cores: 12 | Logical Cores: 24
|---------------------------------------------------------------------------------------------|
| Total Memory (MB): 32360 | Free Memory: 15563
| Total Page/Swap (MB): 49768 | Free Page/Swap: 24776
|---------------------------------------------------------------------------------------------|

[36m===================================================================================================================[0m
[36m[1m[INFO][IsaacLab]: Logging to file: C:\Users\tngzj\AppData\Local\Temp\isaaclab\logs\isaaclab_2026-09-11_10-45-36.log[0m
[36m===================================================================================================================[0m

Spawn curriculum enabled (staged, 5 stages): stage 0 xy_half_width=0.05 m, final xy_half_width=2.00 m. Stage advancement is feedback-driven (success-fraction threshold). Eval uses the final stage.
PPO policy observation uses body-FRD position error for obs[0:3]; environment observations and PID/guidance adapters remain unchanged.
Physics-derived initial hover throttle: 0.9339
{"type":"train_update","update":1,"global_step":16384,"wall_s":7.83,"sps":2093.5,"loss":1708.669384,"loss_ema":1708.669384,"loss_plateau_delta":null,"loss_plateau_count":0,"pg_loss":-0.000502,"v_loss":3417.266548,"value_clip_range":null,"explained_variance":8e-06,"entropy":-7.323154,"approx_kl":0.00836,"clipfrac":0.1102,"reward_mean":0.5667,"reward_std":28.2252,"reward_min":-371.6358,"reward_max":469.3515,"reward_scale":1.0,"throttle_mean":0.9189,"throttle_min":0.3855,"throttle_max":0.9956,"spawn_curriculum_enabled":true,"spawn_curriculum_mode":"staged","spawn_curriculum_progress":0.0,"spawn_xy_half_width_m":0.05,"spawn_stage_index":0,"spawn_num_stages":5,"stage_success_count":51,"stage_termination_count":151,"stage_success_fraction":0.3377,"stage_steps_in_stage":16384,"stage_advanced_this_update":false}
step=16,384 reward_mean=0.567 kl=0.00836 clipfrac=0.110 eval={'landed_fraction': 0.0, 'crashed_fraction': 0.0, 'timeout_fraction': 0.0, 'success_fraction': 0.0, 'mean_touchdown_speed': nan, 'max_touchdown_speed': nan, 'mean_pad_distance': nan, 'max_pad_distance': nan, 'mean_delta_v_proxy': 1.5878674983978271, 'mean_eval_throttle': 0.9399599730968475, 'max_eval_throttle': 0.9415572881698608, 'max_upward_speed': 0.0, 'max_downward_speed': 4.007868766784668, 'passed': False}
{"type":"train_update","update":2,"global_step":32768,"wall_s":17.54,"sps":1867.7,"loss":1696.103645,"loss_ema":1706.156236,"loss_plateau_delta":2.513148,"loss_plateau_count":0,"pg_loss":-0.002681,"v_loss":3392.13945,"value_clip_range":null,"explained_variance":0.001723,"entropy":-7.322004,"approx_kl":0.006991,"clipfrac":0.0798,"reward_mean":0.552,"reward_std":28.2864,"reward_min":-378.7374,"reward_max":471.0532,"reward_scale":1.0,"throttle_mean":0.9176,"throttle_min":0.4642,"throttle_max":0.9942,"spawn_curriculum_enabled":true,"spawn_curriculum_mode":"staged","spawn_curriculum_progress":0.0,"spawn_xy_half_width_m":0.05,"spawn_stage_index":0,"spawn_num_stages":5,"stage_success_count":52,"stage_termination_count":172,"stage_success_fraction":0.3189,"stage_steps_in_stage":32768,"stage_advanced_this_update":false}
{"type":"train_update","update":3,"global_step":49152,"wall_s":23.84,"sps":2061.9,"loss":2616.152306,"loss_ema":1888.15545,"loss_plateau_delta":181.999214,"loss_plateau_count":0,"pg_loss":-0.001431,"v_loss":5232.234741,"value_clip_range":null,"explained_variance":0.008647,"entropy":-7.268948,"approx_kl":0.00912,"clipfrac":0.0775,"reward_mean":1.4731,"reward_std":36.2224,"reward_min":-385.4856,"reward_max":470.8122,"reward_scale":1.0,"throttle_mean":0.9167,"throttle_min":0.4166,"throttle_max":0.9958,"spawn_curriculum_enabled":true,"spawn_curriculum_mode":"staged","spawn_curriculum_progress":0.0,"spawn_xy_half_width_m":0.05,"spawn_stage_index":0,"spawn_num_stages":5,"stage_success_count":92,"stage_termination_count":224,"stage_success_fraction":0.3565,"stage_steps_in_stage":49152,"stage_advanced_this_update":false}
{"type":"train_update","update":4,"global_step":65536,"wall_s":30.68,"sps":2135.9,"loss":2802.994659,"loss_ema":2071.123292,"loss_plateau_delta":182.967842,"loss_plateau_count":0,"pg_loss":-0.001167,"v_loss":5605.91954,"value_clip_range":null,"explained_variance":0.011964,"entropy":-7.211027,"approx_kl":0.00564,"clipfrac":0.0565,"reward_mean":1.0977,"reward_std":37.5511,"reward_min":-382.4307,"reward_max":469.753,"reward_scale":1.0,"throttle_mean":0.9123,"throttle_min":0.3888,"throttle_max":0.9957,"spawn_curriculum_enabled":true,"spawn_curriculum_mode":"staged","spawn_curriculum_progress":0.0,"spawn_xy_half_width_m":0.05,"spawn_stage_index":0,"spawn_num_stages":5,"stage_success_count":91,"stage_termination_count":279,"stage_success_fraction":0.3462,"stage_steps_in_stage":65536,"stage_advanced_this_update":false}
step=65,536 reward_mean=1.098 kl=0.00564 clipfrac=0.057 eval={'landed_fraction': 0.0, 'crashed_fraction': 0.0, 'timeout_fraction': 0.0, 'success_fraction': 0.0, 'mean_touchdown_speed': nan, 'max_touchdown_speed': nan, 'mean_pad_distance': nan, 'max_pad_distance': nan, 'mean_delta_v_proxy': 1.676999807357788, 'mean_eval_throttle': 0.9659689118464788, 'max_eval_throttle': 0.9682036638259888, 'max_upward_speed': 0.0, 'max_downward_speed': 3.8086581230163574, 'passed': False}
Training complete in 33.4s, steps=65,536
Final eval: {'landed_fraction': 0.0, 'crashed_fraction': 0.0, 'timeout_fraction': 0.0, 'success_fraction': 0.0, 'mean_touchdown_speed': nan, 'max_touchdown_speed': nan, 'mean_pad_distance': nan, 'max_pad_distance': nan, 'mean_delta_v_proxy': 1.676999807357788, 'mean_eval_throttle': 0.9659689118464788, 'max_eval_throttle': 0.9682036638259888, 'max_upward_speed': 0.0, 'max_downward_speed': 3.8086581230163574, 'passed': False}
Run directory: C:\Transformer-rl-retro-propulsion\simulation\isaac\runs\physics_review_value_fix_smoke\ppo_landing_seed0_20260911_104524
Closing TVC environment...
Closing Isaac Sim...
Isaac Sim fast shutdown requested.
