PPO training starting: task=landing, total_steps=131072, bc_steps=0, headless=True
[INFO][AppLauncher]: Using device: cuda:0
[INFO][AppLauncher]: Loading experience file: C:\Transformer-rl-retro-propulsion\IsaacLab\apps\isaaclab.python.headless.kit
Loading user config located at: 'c:/transformer-rl-retro-propulsion/env_isaaclab/lib/site-packages/isaacsim/kit/data/Kit/Isaac-Sim/5.1/user.config.json'
[Info] [carb] Logging to file: c:/transformer-rl-retro-propulsion/env_isaaclab/lib/site-packages/isaacsim/kit/logs/Kit/Isaac-Sim/5.1/kit_20260911_111144.log
2026-09-11T16:11:45Z [599ms] [Warning] [omni.usd_config.extension] Enable omni.materialx.libs extension to use MaterialX
2026-09-11T16:11:46Z [1,881ms] [Warning] [carb] Acquiring non optional plugin interface which is not listed as dependency: [omni::physx::IPhysxBenchmarks v1.0] (plugin: <default plugin>), by client: omni.physics.physx.plugin. Add it to CARB_PLUGIN_IMPL_DEPS() macro of a client.
2026-09-11T16:11:46Z [1,898ms] [Warning] [omni.isaac.dynamic_control] omni.isaac.dynamic_control is deprecated as of Isaac Sim 4.5. No action is needed from end-users.

|---------------------------------------------------------------------------------------------|
| Driver Version: 616.64        | Graphics API: D3D12
|=============================================================================================|
| GPU | Name                             | Active | LDA | GPU Memory | Vendor-ID | LUID       |
|     |                                  |        |     |            | Device-ID | UUID       |
|     |                                  |        |     |            | Bus-ID    |            |
|---------------------------------------------------------------------------------------------|
| 0   | NVIDIA GeForce RTX 5070          | Yes: 0 |     | 11943   MB | 10de      | c4230100.. |
|     |                                  |        |     |            | 2f04      | 0          |
|     |                                  |        |     |            | 1         |            |
|=============================================================================================|
| OS: Windows 11 Pro, Version: 10.0 (25H2), Build: 26200, Kernel: 10.0.26100.9444
| Processor: AMD Ryzen 9 9900X 12-Core Processor            
| Cores: 12 | Logical Cores: 24
|---------------------------------------------------------------------------------------------|
| Total Memory (MB): 32360 | Free Memory: 12204
| Total Page/Swap (MB): 49768 | Free Page/Swap: 17040
|---------------------------------------------------------------------------------------------|
2026-09-11T16:11:51Z [6,602ms] [Warning] [omni.kvdb.plugin] Disabling key-value database because another kit process is locking it

[36m===================================================================================================================[0m
[36m[1m[INFO][IsaacLab]: Logging to file: C:\Users\tngzj\AppData\Local\Temp\isaaclab\logs\isaaclab_2026-09-11_11-11-51.log[0m
[36m===================================================================================================================[0m

Spawn curriculum enabled (staged, 5 stages): stage 0 xy_half_width=0.05 m, final xy_half_width=2.00 m. Stage advancement is feedback-driven (success-fraction threshold). Eval uses the final stage.
PPO policy observation uses body-FRD position error for obs[0:3]; environment observations and PID/guidance adapters remain unchanged.
Physics-derived initial hover throttle: 0.9339
{"type":"train_update","update":1,"global_step":65536,"wall_s":8.76,"sps":7479.5,"loss":1461.448032,"loss_ema":1461.448032,"loss_plateau_delta":null,"loss_plateau_count":0,"pg_loss":-0.000841,"v_loss":2922.82457,"value_clip_range":null,"explained_variance":-7e-06,"entropy":-7.315936,"approx_kl":0.004539,"clipfrac":0.0635,"reward_mean":0.4901,"reward_std":26.1201,"reward_min":-382.4126,"reward_max":469.3409,"reward_scale":1.0,"throttle_mean":0.9194,"throttle_min":0.3547,"throttle_max":0.9977,"spawn_curriculum_enabled":true,"spawn_curriculum_mode":"staged","spawn_curriculum_progress":0.0,"spawn_xy_half_width_m":0.05,"spawn_stage_index":0,"spawn_num_stages":5,"stage_success_count":179,"stage_termination_count":558,"stage_success_fraction_before_advance":0.3207885304659498,"stage_success_fraction":0.3208,"stage_steps_in_stage":65536,"stage_advanced_this_update":false}
Current-stage deterministic evaluation: {'landed_fraction': 0.0, 'crashed_fraction': 0.0, 'timeout_fraction': 1.0, 'success_fraction': 0.0, 'mean_touchdown_speed': nan, 'max_touchdown_speed': nan, 'mean_pad_distance': nan, 'max_pad_distance': nan, 'mean_delta_v_proxy': 1.7315702438354492, 'mean_eval_throttle': 0.930420896410942, 'max_eval_throttle': 0.9308589100837708, 'max_upward_speed': 0.02887118235230446, 'max_downward_speed': 0.16241097450256348, 'passed': False}
step=65,536 reward_mean=0.490 kl=0.00454 clipfrac=0.064 eval={'landed_fraction': 0.0, 'crashed_fraction': 0.0, 'timeout_fraction': 1.0, 'success_fraction': 0.0, 'mean_touchdown_speed': nan, 'max_touchdown_speed': nan, 'mean_pad_distance': nan, 'max_pad_distance': nan, 'mean_delta_v_proxy': 1.588310718536377, 'mean_eval_throttle': 0.9400995810826619, 'max_eval_throttle': 0.9421895742416382, 'max_upward_speed': 0.0, 'max_downward_speed': 4.035549640655518, 'passed': False}
{"type":"train_update","update":2,"global_step":131072,"wall_s":24.16,"sps":5425.9,"loss":2071.151661,"loss_ema":1583.388758,"loss_plateau_delta":121.940726,"loss_plateau_count":0,"pg_loss":-0.001579,"v_loss":4142.233833,"value_clip_range":null,"explained_variance":0.001317,"entropy":-7.26516,"approx_kl":0.0062,"clipfrac":0.0527,"reward_mean":1.0909,"reward_std":31.4054,"reward_min":-380.5501,"reward_max":472.0077,"reward_scale":1.0,"throttle_mean":0.9154,"throttle_min":0.3984,"throttle_max":0.9962,"spawn_curriculum_enabled":true,"spawn_curriculum_mode":"staged","spawn_curriculum_progress":0.0,"spawn_xy_half_width_m":0.05,"spawn_stage_index":0,"spawn_num_stages":5,"stage_success_count":277,"stage_termination_count":807,"stage_success_fraction_before_advance":0.3232421875,"stage_success_fraction":0.3232,"stage_steps_in_stage":131072,"stage_advanced_this_update":false}
Current-stage deterministic evaluation: {'landed_fraction': 0.0, 'crashed_fraction': 0.0, 'timeout_fraction': 1.0, 'success_fraction': 0.0, 'mean_touchdown_speed': nan, 'max_touchdown_speed': nan, 'mean_pad_distance': nan, 'max_pad_distance': nan, 'mean_delta_v_proxy': 1.720225214958191, 'mean_eval_throttle': 0.9271501819292705, 'max_eval_throttle': 0.9284526109695435, 'max_upward_speed': 0.0364297553896904, 'max_downward_speed': 0.2215682864189148, 'passed': False}
step=131,072 reward_mean=1.091 kl=0.00620 clipfrac=0.053 eval={'landed_fraction': 0.0, 'crashed_fraction': 0.0, 'timeout_fraction': 1.0, 'success_fraction': 0.0, 'mean_touchdown_speed': nan, 'max_touchdown_speed': nan, 'mean_pad_distance': nan, 'max_pad_distance': nan, 'mean_delta_v_proxy': 1.6243971586227417, 'mean_eval_throttle': 0.9507088114817938, 'max_eval_throttle': 0.9535771608352661, 'max_upward_speed': 0.0, 'max_downward_speed': 3.932745933532715, 'passed': False}
Training complete in 31.3s, steps=131,072
Final eval: {'landed_fraction': 0.0, 'crashed_fraction': 0.0, 'timeout_fraction': 1.0, 'success_fraction': 0.0, 'mean_touchdown_speed': nan, 'max_touchdown_speed': nan, 'mean_pad_distance': nan, 'max_pad_distance': nan, 'mean_delta_v_proxy': 1.6243971586227417, 'mean_eval_throttle': 0.9507088114817938, 'max_eval_throttle': 0.9535771608352661, 'max_upward_speed': 0.0, 'max_downward_speed': 3.932745933532715, 'passed': False}
Run directory: C:\Transformer-rl-retro-propulsion\simulation\isaac\runs\ppo_throughput_512\ppo_landing_seed0_20260911_111144
Closing TVC environment...
Closing Isaac Sim...
Isaac Sim fast shutdown requested.
