PPO training starting: task=landing, total_steps=250000, bc_steps=0, headless=False
Loading user config located at: 'c:/transformer-rl-retro-propulsion/env_isaaclab/lib/site-packages/isaacsim/kit/data/Kit/Isaac-Sim/5.1/user.config.json'
[Info] [carb] Logging to file: c:/transformer-rl-retro-propulsion/env_isaaclab/lib/site-packages/isaacsim/kit/logs/Kit/Isaac-Sim/5.1/kit_20260712_024744.log
[0.205s] Failed to solve some dependencies locally, syncing with extension registry...
[0.225s] [ext: omni.kit.async_engine-0.0.3] startup
[0.239s] [ext: omni.client.lib-1.1.0] startup
[0.262s] [ext: omni.kit.registry.nucleus-0.0.0] startup
[2.277s] Pulling extension: `omni.kit.pip_archive-0.0.0` from the registry.
[2.438s] Extension: `omni.kit.pip_archive-0.0.0` was installed.
[2.439s] Pulling extension: `isaacsim.asset.importer.urdf-2.4.31` from the registry.
[3.655s] Extension: `isaacsim.asset.importer.urdf-2.4.31` was installed.
[3.691s] [ext: omni.metrics.core-0.0.3] startup
[3.693s] [ext: omni.blobkey-1.1.2] startup
[3.695s] [ext: omni.stats-1.0.1] startup
[4.323s] [ext: omni.datastore-0.0.0] startup
[4.326s] [ext: omni.client-1.3.0] startup
[4.331s] [ext: omni.ujitso.default-1.0.0] startup
[4.336s] [ext: omni.hsscclient-1.1.2] startup
[4.353s] [ext: omni.gpu_foundation.shadercache.vulkan-1.0.0] startup
[4.359s] [ext: omni.assets.plugins-0.0.0] startup
[4.365s] [ext: omni.gpu_foundation-0.0.0] startup
[4.404s] [ext: carb.windowing.plugins-1.0.0] startup
2026-07-12T07:47:49Z [4,799ms] [Warning] [carb.windowing-glfw.gamepad] Joystick with unknown remapping detected (will be ignored):  Saitek Pro Flight Rudder Pedals [03000000a30600006307000000000000]
2026-07-12T07:47:49Z [4,800ms] [Warning] [carb.windowing-glfw.gamepad] Joystick with unknown remapping detected (will be ignored):  3Dconnexion KMJ Emulator [03000000efbe00006d04000000000000]
2026-07-12T07:47:49Z [4,800ms] [Warning] [carb.windowing-glfw.gamepad] Joystick with unknown remapping detected (will be ignored):  Joystick - HOTAS Warthog [030000004f0400000204000000000000]
[4.941s] [ext: omni.kit.renderer.init-0.0.0] startup
[4.944s] [ext: omni.kit.pipapi-0.0.0] startup
[4.947s] [ext: omni.materialx.libs-1.0.7] startup
[5.016s] [ext: omni.kit.pip_archive-0.0.0] startup
[5.017s] [ext: omni.kit.loop-isaac-1.3.7] startup
[5.020s] [ext: omni.kit.test-2.0.1] startup
[5.181s] [ext: omni.kit.telemetry-0.5.2] startup
[5.204s] [ext: omni.usd.config-1.0.6] startup
[5.227s] [ext: omni.gpucompute.plugins-0.0.0] startup
[5.231s] [ext: omni.usd.libs-1.0.1] startup
[5.371s] [ext: omni.mdl-56.0.3] startup
[5.622s] [ext: omni.iray.libs-0.0.0] startup
[5.650s] [ext: omni.mdl.neuraylib-0.2.12] startup
[5.656s] [ext: omni.kit.usd.mdl-1.1.5] startup

|---------------------------------------------------------------------------------------------|
| Driver Version: 596.49        | Graphics API: Vulkan
|=============================================================================================|
| GPU | Name                             | Active | LDA | GPU Memory | Vendor-ID | LUID       |
|     |                                  |        |     |            | Device-ID | UUID       |
|     |                                  |        |     |            | Bus-ID    |            |
|---------------------------------------------------------------------------------------------|
| 0   | NVIDIA GeForce RTX 5070          | Yes: 0 |     | 11943   MB | 10de      | 5f270100.. |
|     |                                  |        |     |            | 2f04      | 36fdc134.. |
|     |                                  |        |     |            | 1         |            |
|=============================================================================================|
| OS: Windows 11 Pro, Version: 10.0 (25H2), Build: 26200, Kernel: 10.0.26100.8737
| Processor: AMD Ryzen 9 9900X 12-Core Processor            
| Cores: 12 | Logical Cores: 24
|---------------------------------------------------------------------------------------------|
| Total Memory (MB): 32360 | Free Memory: 16239
| Total Page/Swap (MB): 42088 | Free Page/Swap: 14994
|---------------------------------------------------------------------------------------------|
[5.837s] [ext: omni.appwindow-1.1.10] startup
[5.875s] [ext: omni.kit.renderer.core-1.1.0] startup
[5.901s] [ext: omni.kit.renderer.capture-0.0.0] startup
[5.920s] [ext: omni.kit.renderer.imgui-2.0.5] startup
[5.972s] [ext: omni.ui-2.27.1] startup
[6.043s] [ext: omni.kit.mainwindow-1.0.3] startup
[6.054s] [ext: carb.audio-0.1.0] startup
[6.057s] [ext: omni.uiaudio-1.0.0] startup
[6.065s] [ext: omni.kit.uiapp-0.0.0] startup
[6.065s] [ext: omni.usd.schema.metrics.assembler-107.3.1] startup
[6.079s] [ext: omni.usd.schema.audio-0.0.0] startup
[6.094s] [ext: omni.usd.schema.physx-107.3.26] startup
[6.138s] [ext: omni.usd.schema.anim-0.0.0] startup
[6.184s] [ext: omni.usd_resolver-1.0.0] startup
[6.196s] [ext: omni.usd.core-1.5.3] startup
[6.198s] [ext: omni.usd.schema.omni_sensors-0.0.0] startup
[6.226s] [ext: omni.usd.schema.omnigraph-1.0.0] startup
[6.266s] [ext: omni.usd.schema.semantics-0.0.0] startup
[6.275s] [ext: isaacsim.robot.schema-3.6.0] startup
[6.339s] [ext: omni.usd.schema.omniscripting-1.0.0] startup
[6.360s] [ext: omni.usd.schema.render_settings.rtx-0.0.0] startup
[6.363s] [ext: omni.usd.schema.geospatial-0.0.0] startup
[6.385s] [ext: omni.kit.window.popup_dialog-2.0.24] startup
[6.398s] [ext: omni.graph.exec-0.9.6] startup
[6.400s] [ext: omni.kit.widget.nucleus_connector-2.0.1] startup
[6.407s] [ext: omni.kit.usd_undo-0.1.8] startup
[6.408s] [ext: omni.kit.exec.core-0.13.4] startup
[6.414s] [ext: omni.kit.actions.core-1.0.0] startup
[6.421s] [ext: omni.resourcemonitor-107.0.1] startup
[6.427s] [ext: omni.activity.core-1.0.3] startup
[6.431s] [ext: omni.timeline-1.0.14] startup
[6.435s] [ext: omni.kit.commands-1.4.10] startup
[6.445s] [ext: usdrt.scenegraph-7.6.1] startup
[6.515s] [ext: omni.kit.audiodeviceenum-1.0.2] startup
[6.519s] [ext: omni.hydra.usdrt_delegate-7.5.1] startup
[6.536s] [ext: omni.hydra.scene_delegate-0.3.4] startup
[6.548s] [ext: omni.usd-1.13.10] startup
[7.249s] [ext: omni.kit.asset_converter-5.0.17] startup
[7.321s] [ext: omni.usd.schema.omni_lens_distortion-0.0.0] startup
[7.323s] [ext: omni.kit.property.adapter.core-1.0.2] startup
[7.331s] [ext: omni.kit.helper.file_utils-0.1.9] startup
[7.335s] [ext: omni.kit.notification_manager-1.0.10] startup
[7.342s] [ext: omni.kit.clipboard-1.0.5] startup
[7.347s] [ext: omni.kit.property.adapter.usd-1.0.2] startup
[7.351s] [ext: omni.kit.menu.core-1.1.2] startup
[7.353s] [ext: omni.kit.widget.filebrowser-2.12.3] startup
[7.369s] [ext: omni.kit.widget.options_menu-1.1.6] startup
[7.383s] [ext: omni.kit.widget.path_field-2.0.11] startup
[7.387s] [ext: omni.kit.widget.context_menu-1.2.5] startup
[7.393s] [ext: omni.kit.usd.layers-2.2.11] startup
[7.403s] [ext: omni.ui.scene-1.11.5] startup
[7.429s] [ext: omni.kit.widget.options_button-1.0.3] startup
[7.433s] [ext: omni.kit.widget.browser_bar-2.0.10] startup
[7.437s] [ext: omni.kit.context_menu-1.8.6] startup
[7.443s] [ext: omni.inspect-1.0.2] startup
[7.454s] [ext: omni.kit.window.filepicker-2.13.4] startup
[7.510s] [ext: omni.kit.menu.utils-2.0.5] startup
[7.532s] [ext: omni.kit.stage_template.core-1.1.22] startup
[7.533s] [ext: omni.kit.window.content_browser_registry-0.0.6] startup
[7.535s] [ext: omni.kit.widget.filter-1.1.4] startup
[7.538s] [ext: omni.kit.hotkeys.core-1.3.10] startup
[7.539s] [ext: omni.kit.window.file_importer-1.1.18] startup
[7.551s] [ext: omni.kit.window.file_exporter-1.0.33] startup
[7.554s] [ext: omni.kit.widget.searchfield-1.1.8] startup
[7.559s] [ext: omni.kit.window.file-2.0.5] startup
[7.567s] [ext: omni.kit.window.drop_support-1.0.5] startup
[7.569s] [ext: omni.kit.widget.highlight_label-1.0.3] startup
[7.572s] [ext: omni.kit.window.content_browser-3.1.3] startup
[7.887s] [ext: omni.kit.widget.stage-3.1.4] startup
[7.930s] [ext: omni.kit.property.adapter.fabric-1.0.3] startup
[7.936s] [ext: omni.graph.core-2.184.5] startup
[7.961s] [ext: omni.kit.window.property-1.12.1] startup
[7.974s] [ext: omni.kit.widget.prompt-1.0.7] startup
[7.981s] [ext: isaacsim.core.deprecation_manager-0.2.7] startup
[7.982s] [ext: omni.kit.property.usd-4.5.12] startup
[8.014s] [ext: omni.kit.widget.layers-1.8.6] startup
[8.057s] [ext: omni.index.libs-380600.8087.0] startup
[8.057s] [ext: omni.volume-0.5.2] startup
[8.103s] [ext: omni.ujitso.client-0.0.0] startup
[8.106s] [ext: isaacsim.gui.property-1.1.3] startup
[8.113s] [ext: omni.kit.stagerecorder.core-107.0.3] startup
[8.126s] [ext: omni.index-1.0.1] startup
[8.132s] [ext: omni.hydra.rtx.shadercache.vulkan-1.0.0] startup
[8.135s] [ext: omni.kit.stagerecorder.ui-107.0.1] startup
[8.165s] [ext: omni.hydra.rtx-1.0.0] startup
[8.476s] [ext: omni.hydra.engine.stats-1.0.3] startup
[8.482s] [ext: omni.kit.material.library-2.0.7] startup
[8.498s] [ext: semantics.schema.editor-2.0.2] startup
2026-07-12T07:47:53Z [8,377ms] [Warning] [pxr.Semantics] pxr.Semantics is deprecated - please use Semantics instead
[8.529s] [ext: omni.kit.stagerecorder.bundle-105.0.2] startup
[8.529s] [ext: omni.kit.raycast.query-1.1.0] startup
[8.541s] [ext: omni.kit.viewport.legacy_gizmos-1.0.19] startup
[8.549s] [ext: omni.graph.image.core-0.6.1] startup
[8.558s] [ext: omni.convexdecomposition-107.3.26] startup
[8.565s] [ext: omni.kit.widget.searchable_combobox-1.0.6] startup
[8.570s] [ext: omni.kvdb-107.3.26] startup
[8.575s] [ext: omni.kit.viewport.scene_camera_model-1.0.6] startup
[8.586s] [ext: omni.kit.hydra_texture-1.4.6] startup
[8.599s] [ext: omni.kit.widget.settings-1.2.6] startup
[8.606s] [ext: omni.physx.foundation-107.3.26] startup
[8.625s] [ext: omni.localcache-107.3.26] startup
[8.631s] [ext: omni.kit.widget.viewport-107.1.3] startup
[8.649s] [ext: omni.kit.viewport.registry-104.0.6] startup
[8.651s] [ext: omni.graph.tools-1.79.2] startup
[8.767s] [ext: omni.kit.widget.text_editor-1.1.1] startup
[8.780s] [ext: omni.graph-1.141.2] startup
[8.916s] [ext: omni.usdphysics-107.3.26] startup
[8.921s] [ext: omni.graph.scriptnode-1.50.0] startup
[8.926s] [ext: omni.physx.cooking-107.3.26] startup
[8.938s] [ext: omni.graph.image.nodes-1.3.1] startup
[8.953s] [ext: omni.kit.window.preferences-1.8.0] startup
[8.981s] [ext: omni.kit.viewport.window-107.2.0] startup
[9.031s] [ext: omni.physics-107.3.26] startup
[9.040s] [ext: omni.physx-107.3.26] startup
[9.061s] [ext: omni.graph.action_core-1.1.7] startup
[9.081s] [ext: omni.kit.viewport.menubar.core-107.2.1] startup
[9.133s] [ext: omni.kit.viewport.utility-1.1.2] startup
[9.136s] [ext: omni.kit.numpy.common-0.1.3] startup
[9.141s] [ext: omni.physics.physx-107.3.26] startup
2026-07-12T07:47:53Z [9,002ms] [Warning] [carb] Acquiring non optional plugin interface which is not listed as dependency: [omni::physx::IPhysxBenchmarks v1.0] (plugin: <default plugin>), by client: omni.physics.physx.plugin. Add it to CARB_PLUGIN_IMPL_DEPS() macro of a client.
[9.145s] [ext: omni.graph.action_nodes-1.50.4] startup
[9.159s] [ext: omni.physics.stageupdate-107.3.26] startup
[9.168s] [ext: omni.syntheticdata-0.6.13] startup
[9.298s] [ext: omni.kit.window.console-1.1.4] startup
[9.321s] [ext: omni.videoencoding-0.1.2] startup
[9.336s] [ext: omni.graph.action-1.130.0] startup
[9.338s] [ext: omni.isaac.dynamic_control-2.0.7] startup
2026-07-12T07:47:53Z [9,206ms] [Warning] [omni.isaac.dynamic_control] omni.isaac.dynamic_control is deprecated as of Isaac Sim 4.5. No action is needed from end-users.
[9.349s] [ext: isaacsim.core.version-2.0.6] startup
[9.353s] [ext: omni.kit.manipulator.transform-107.0.0] startup
[9.372s] [ext: omni.kit.manipulator.selector-1.1.3] startup
[9.379s] [ext: omni.debugdraw-0.1.4] startup
[9.395s] [ext: omni.warp.core-1.8.2] startup
[9.593s] [ext: isaacsim.storage.native-1.5.1] startup
[9.599s] [ext: omni.kit.widget.toolbar-2.0.1] startup
[9.631s] [ext: omni.graph.nodes-1.170.10] startup
[9.746s] [ext: omni.kit.manipulator.tool.snap-1.5.13] startup
[9.768s] [ext: omni.kit.viewport.menubar.lighting-107.3.1] startup
[9.779s] [ext: omni.kit.viewport.manipulator.transform-107.0.4] startup
[9.788s] [ext: omni.kit.manipulator.viewport-107.0.1] startup
[9.795s] [ext: omni.kit.primitive.mesh-1.0.17] startup
[9.804s] [ext: omni.kit.manipulator.prim.core-107.0.8] startup
[9.832s] [ext: omni.fabric.commands-1.1.6] startup
[9.846s] [ext: omni.kit.viewport.actions-107.0.2] startup
[9.856s] [ext: omni.kit.manipulator.prim.usd-107.0.3] startup
[9.862s] [ext: omni.kit.manipulator.prim.fabric-107.0.4] startup
[9.869s] [ext: omni.kit.viewport.menubar.display-107.0.3] startup
[9.876s] [ext: omni.kit.manipulator.selection-106.0.1] startup
[9.883s] [ext: omni.kit.manipulator.prim-107.0.0] startup
[9.883s] [ext: isaaclab-0.54.3] startup
[10.594s] [ext: isaaclab_contrib-0.0.2] startup
[10.596s] [ext: omni.usdphysics.ui-107.3.26] startup
[10.644s] [ext: omni.physx.commands-107.3.26] startup
[10.653s] [ext: omni.kit.widget.graph-2.0.0] startup
[10.675s] [ext: omni.usd.metrics.assembler-107.3.1] startup
[10.686s] [ext: omni.physx.ui-107.3.26] startup
[10.758s] [ext: omni.kit.graph.delegate.default-1.2.3] startup
[10.763s] [ext: omni.physics.tensors-107.3.26] startup
[10.774s] [ext: omni.usd.metrics.assembler.physics-107.3.26] startup
[10.779s] [ext: omni.graph.ui_nodes-1.50.5] startup
[10.798s] [ext: omni.kit.graph.editor.core-1.5.3] startup
[10.812s] [ext: isaacsim.core.utils-3.5.1] startup
[10.820s] [ext: omni.physx.tensors-107.3.26] startup
[10.825s] [ext: omni.kit.graph.usd.commands-1.3.1] startup
[10.828s] [ext: omni.kit.widget.material_preview-1.0.16] startup
[10.836s] [ext: isaacsim.core.simulation_manager-1.4.4] startup
[13.279s] [ext: omni.kit.stage_templates-2.0.0] startup
[13.287s] [ext: omni.kit.window.material_graph-1.9.1] startup
[13.316s] [ext: omni.warp-1.8.2] startup
[13.333s] [ext: isaacsim.core.prims-0.6.1] startup
[13.372s] [ext: isaacsim.core.experimental.utils-0.3.0] startup
[13.382s] [ext: isaacsim.test.docstring-1.1.0] startup
[13.392s] [ext: omni.replicator.core-1.12.27] startup
2026-07-12T07:47:58Z [13,513ms] [Warning] [omni.graph.core.plugin] Found duplicate of category 'Replicator' - was 'Annotators', adding 'Fabric Reader'
2026-07-12T07:47:58Z [13,513ms] [Warning] [omni.graph.core.plugin] Category 'Replicator' not accepted on node type 'omni.replicator.core.FabricReader' in extension 'omni.replicator.core'
2026-07-12T07:47:58Z [13,517ms] [Warning] [omni.replicator.core.scripts.extension] No material configuration file, adding configuration to material settings directly.
[13.664s] [ext: isaacsim.core.api-4.8.0] startup
[13.703s] [ext: isaacsim.core.experimental.prims-0.8.1] startup
[13.773s] [ext: isaacsim.core.nodes-3.4.3] startup
[13.801s] [ext: isaacsim.robot.surface_gripper-3.3.1] startup
[13.825s] [ext: omni.kit.property.material-1.11.9] startup
[13.875s] [ext: isaacsim.robot.manipulators-3.3.6] startup
[13.896s] [ext: omni.kit.property.physx-107.3.26] startup
[14.334s] [ext: omni.physx.demos-107.3.26] startup
[14.674s] [ext: omni.asset_validator.core-1.1.6] startup
[14.797s] [ext: omni.ui_query-1.1.8] startup
[14.802s] [ext: omni.physx.vehicle-107.3.26] startup
[14.874s] [ext: omni.physx.asset_validator-107.3.26] startup
[14.903s] [ext: omni.kit.ui_test-1.3.7] startup
[14.913s] [ext: omni.physx.camera-107.3.26] startup
[14.943s] [ext: omni.kit.window.toolbar-2.0.0] startup
[14.952s] [ext: omni.physx.cct-107.3.26] startup
[14.978s] [ext: omni.physx.graph-107.3.26] startup
[15.023s] [ext: omni.physx.supportui-107.3.26] startup
[15.070s] [ext: omni.physx.telemetry-107.3.26] startup
[15.080s] [ext: semantics.schema.property-2.0.1] startup
[15.110s] [ext: isaacsim.app.about-2.0.11] startup
[15.164s] [ext: omni.anim.curve.core-1.3.1] startup
[15.251s] [ext: omni.physx.bundle-107.3.26] startup
[15.253s] [ext: omni.kit.menu.create-2.0.1] startup
[15.260s] [ext: omni.kit.widget.stage_icons-1.0.8] startup
[15.265s] [ext: omni.kit.window.extensions-1.4.27] startup
[15.289s] [ext: omni.graph.visualization.nodes-2.1.3] startup
[15.312s] [ext: omni.kit.viewport.menubar.settings-107.0.3] startup
[15.330s] [ext: omni.kit.window.stage-2.6.1] startup
[15.344s] [ext: isaacsim.core.cloner-1.4.10] startup
[15.353s] [ext: isaacsim.gui.components-1.2.1] startup
[15.367s] [ext: isaacsim.robot.wheeled_robots-4.0.24] startup
[15.407s] [ext: omni.kit.ui.actions-1.0.5] startup
[15.417s] [ext: omni.kit.scripting-107.3.2] startup
[15.439s] [ext: isaacsim.util.debug_draw-3.1.0] startup
[15.462s] [ext: isaacsim.core.throttling-2.2.2] startup
[15.474s] [ext: omni.usd.metrics.assembler.ui-107.3.1] startup
[15.497s] [ext: omni.kit.window.script_editor-2.0.1] startup
[15.512s] [ext: isaacsim.replicator.behavior-1.1.16] startup
[15.517s] [ext: isaacsim.sensors.physx-2.3.2] startup
[15.543s] [ext: omni.kit.window.status_bar-0.1.9] startup
[15.554s] [ext: omni.hydra.scene_api-0.1.2] startup
[15.569s] [ext: omni.kit.property.camera-1.0.10] startup
[15.575s] [ext: omni.kit.property.render-1.2.1] startup
[15.581s] [ext: omni.kit.property.transform-1.5.13] startup
[15.592s] [ext: omni.kit.property.light-1.0.12] startup
[15.600s] [ext: omni.kit.property.geometry-2.0.4] startup
[15.614s] [ext: omni.kit.property.audio-1.0.16] startup
[15.620s] [ext: omni.kit.usd.collect-2.4.5] startup
[15.631s] [ext: omni.kit.widget.zoombar-1.0.6] startup
[15.636s] [ext: omni.kit.property.bundle-1.4.1] startup
[15.642s] [ext: omni.kit.usdz_export-1.0.9] startup
[15.650s] [ext: omni.kit.browser.core-2.3.13] startup
[15.669s] [ext: omni.sensors.nv.common-3.0.0] startup
[15.877s] [ext: omni.kit.tool.collect-2.2.18] startup
[15.887s] [ext: omni.kit.menu.stage-1.2.7] startup
[15.893s] [ext: omni.kit.browser.folder.core-1.10.9] startup
[15.917s] [ext: omni.sensors.nv.materials-2.0.0] startup
[15.972s] [ext: omni.sensors.nv.wpm-3.0.0] startup
[15.993s] [ext: omni.sensors.net-1.0.0] startup
[16.037s] [ext: isaacsim.simulation_app-2.12.2] startup
[16.039s] [ext: isaacsim.asset.browser-1.3.23] startup
[16.768s] [ext: omni.replicator.replicator_yaml-2.0.11] startup
[16.800s] [ext: omni.sensors.nv.radar-3.0.0] startup
[16.890s] [ext: omni.sensors.nv.lidar-3.0.0] startup
[16.930s] [ext: omni.sensors.nv.ids-2.0.0] startup
[16.948s] [ext: omni.kit.tool.asset_importer-4.3.2] startup
[16.969s] [ext: isaacsim.sensors.physics-0.4.3] startup
[16.996s] [ext: isaacsim.sensors.camera-1.3.6] startup
[17.014s] [ext: isaacsim.sensors.rtx-15.8.4] startup
[17.053s] [ext: isaacsim.asset.importer.mjcf-2.5.13] startup
[17.117s] [ext: omni.kit.viewport.menubar.render-107.0.10] startup
[17.131s] [ext: isaacsim.robot.policy.examples-4.1.11] startup
[17.136s] [ext: omni.ocio-0.1.1] startup
[17.146s] [ext: omni.kit.selection-0.1.6] startup
[17.151s] [ext: omni.rtx.window.settings-0.6.19] startup
[17.172s] [ext: isaacsim.examples.browser-0.2.1] startup
[17.185s] [ext: isaacsim.asset.importer.urdf-2.4.31] startup
[17.409s] [ext: omni.kit.manipulator.camera-106.0.4] startup
[17.438s] [ext: omni.kit.viewport.menubar.camera-107.0.6] startup
[17.458s] [ext: isaacsim.gui.menu-2.4.4] startup
[17.480s] [ext: omni.rtx.settings.core-0.6.5] startup
[17.495s] [ext: isaaclab_assets-0.2.4] startup
[17.916s] [ext: isaaclab_tasks-0.11.14] startup
[18.333s] [ext: isaaclab_rl-0.5.0] startup
[18.334s] [ext: isaaclab_mimic-1.0.16] startup
[18.335s] [ext: omni.kit.menu.common-2.0.1] startup
[18.341s] [ext: isaaclab.python-2.3.2] startup
[18.348s] Simulation App Starting
2026-07-12T07:48:03Z [18,975ms] [Warning] [omni.fabric.plugin] Warning: attribute viewPickingId not found for bucket id 9

[19.249s] app ready
