PPO training starting: task=landing, total_steps=5000000, bc_steps=0, headless=True
[Info] [carb] Logging to file: c:/transformer-rl-retro-propulsion/env_isaaclab/lib/site-packages/isaacsim/kit/logs/Kit/Isaac-Sim Python/5.1/kit_20260426_214844.log
[0.394s] [ext: omni.kit.async_engine-0.0.3] startup
[0.596s] [ext: omni.metrics.core-0.0.3] startup
[0.599s] [ext: omni.client.lib-1.1.0] startup
[0.726s] [ext: omni.blobkey-1.1.2] startup
[0.730s] [ext: omni.stats-1.0.1] startup
[0.742s] [ext: omni.datastore-0.0.0] startup
[0.749s] [ext: omni.client-1.3.0] startup
[0.869s] [ext: omni.ujitso.default-1.0.0] startup
[0.880s] [ext: omni.hsscclient-1.1.2] startup
[0.908s] [ext: omni.gpu_foundation.shadercache.vulkan-1.0.0] startup
[0.915s] [ext: omni.assets.plugins-0.0.0] startup
[0.929s] [ext: omni.gpu_foundation-0.0.0] startup
[1.052s] [ext: carb.windowing.plugins-1.0.0] startup
2026-04-27T02:48:46Z [1,771ms] [Warning] [carb.windowing-glfw.gamepad] Joystick with unknown remapping detected (will be ignored):  Saitek Pro Flight Rudder Pedals [03000000a30600006307000000000000]
2026-04-27T02:48:46Z [1,771ms] [Warning] [carb.windowing-glfw.gamepad] Joystick with unknown remapping detected (will be ignored):  3Dconnexion KMJ Emulator [03000000efbe00006d04000000000000]
2026-04-27T02:48:46Z [1,771ms] [Warning] [carb.windowing-glfw.gamepad] Joystick with unknown remapping detected (will be ignored):  Joystick - HOTAS Warthog [030000004f0400000204000000000000]
[2.070s] [ext: omni.kit.renderer.init-0.0.0] startup
[2.075s] [ext: omni.materialx.libs-1.0.7] startup
[2.138s] [ext: omni.usd.config-1.0.6] startup
[2.171s] [ext: omni.gpucompute.plugins-0.0.0] startup
[2.184s] [ext: omni.usd.libs-1.0.1] startup
[2.865s] [ext: omni.mdl-56.0.3] startup
[3.262s] [ext: omni.iray.libs-0.0.0] startup
[3.477s] [ext: omni.mdl.neuraylib-0.2.12] startup
[3.501s] [ext: omni.kit.usd.mdl-1.1.5] startup

|---------------------------------------------------------------------------------------------|
| Driver Version: 580.88        | Graphics API: Vulkan
|=============================================================================================|
| GPU | Name                             | Active | LDA | GPU Memory | Vendor-ID | LUID       |
|     |                                  |        |     |            | Device-ID | UUID       |
|     |                                  |        |     |            | Bus-ID    |            |
|---------------------------------------------------------------------------------------------|
| 0   | NVIDIA GeForce RTX 5070          | Yes: 0 |     | 11855   MB | 10de      | b42b0100.. |
|     |                                  |        |     |            | 2f04      | 36fdc134.. |
|     |                                  |        |     |            | 1         |            |
|=============================================================================================|
| OS: Windows 11 Pro, Version: 10.0 (25H2), Build: 26200, Kernel: 10.0.26100.8246
| Processor: AMD Ryzen 9 9900X 12-Core Processor            
| Cores: 12 | Logical Cores: 24
|---------------------------------------------------------------------------------------------|
| Total Memory (MB): 32360 | Free Memory: 15724
| Total Page/Swap (MB): 49981 | Free Page/Swap: 11222
|---------------------------------------------------------------------------------------------|
[4.117s] [ext: omni.kit.pipapi-0.0.0] startup
[4.120s] [ext: omni.kit.loop-isaac-1.3.7] startup
[4.126s] [ext: omni.kit.test-2.0.1] startup
[4.296s] [ext: omni.kit.telemetry-0.5.2] startup
[4.379s] [ext: omni.appwindow-1.1.10] startup
[4.391s] [ext: omni.kit.renderer.core-1.1.0] startup
[4.407s] [ext: omni.kit.renderer.capture-0.0.0] startup
[4.421s] [ext: omni.kit.renderer.imgui-2.0.5] startup
[4.462s] [ext: omni.ui-2.27.1] startup
[4.504s] [ext: omni.kit.mainwindow-1.0.3] startup
[4.510s] [ext: carb.audio-0.1.0] startup
[4.516s] [ext: omni.uiaudio-1.0.0] startup
[4.525s] [ext: omni.kit.uiapp-0.0.0] startup
[4.525s] [ext: omni.usd.schema.metrics.assembler-107.3.1] startup
[4.550s] [ext: omni.anim.navigation.schema-107.3.3] startup
[4.570s] [ext: omni.usd.schema.anim-0.0.0] startup
[4.690s] [ext: omni.usd.schema.audio-0.0.0] startup
[4.709s] [ext: omni.usd.schema.omniscripting-1.0.0] startup
[4.739s] [ext: omni.usd.schema.physx-107.3.26] startup
[4.866s] [ext: omni.usd_resolver-1.0.0] startup
[4.894s] [ext: omni.usd.core-1.5.3] startup
[4.902s] [ext: omni.usd.schema.omni_sensors-0.0.0] startup
[4.983s] [ext: omni.usd.schema.omnigraph-1.0.0] startup
[5.018s] [ext: omni.usd.schema.semantics-0.0.0] startup
[5.037s] [ext: omni.usd.schema.geospatial-0.0.0] startup
[5.061s] [ext: omni.kit.window.popup_dialog-2.0.24] startup
[5.076s] [ext: omni.activity.core-1.0.3] startup
[5.084s] [ext: omni.kit.widget.nucleus_connector-2.0.1] startup
[5.092s] [ext: omni.kit.usd_undo-0.1.8] startup
[5.094s] [ext: omni.graph.exec-0.9.6] startup
[5.098s] [ext: omni.kit.actions.core-1.0.0] startup
[5.112s] [ext: usdrt.scenegraph-7.6.1] startup
[5.310s] [ext: omni.resourcemonitor-107.0.1] startup
[5.321s] [ext: omni.kit.exec.core-0.13.4] startup
[5.334s] [ext: omni.timeline-1.0.14] startup
[5.344s] [ext: omni.kit.commands-1.4.10] startup
[5.363s] [ext: omni.kit.audiodeviceenum-1.0.2] startup
[5.374s] [ext: omni.hydra.usdrt_delegate-7.5.1] startup
[5.406s] [ext: omni.hydra.scene_delegate-0.3.4] startup
[5.417s] [ext: omni.usd-1.13.10] startup
[6.975s] [ext: omni.inspect-1.0.2] startup
[6.987s] [ext: omni.kit.notification_manager-1.0.10] startup
[6.994s] [ext: omni.graph.core-2.184.5] startup
[7.011s] [ext: isaacsim.core.deprecation_manager-0.2.7] startup
[7.013s] [ext: omni.anim.graph.schema-107.3.3] startup
[7.046s] [ext: omni.usd.schema.flow-107.1.1] startup
[7.048s] [ext: omni.usd.schema.isaac-3.0.5] startup
[7.048s] [ext: omni.usd.schema.omni_lens_distortion-0.0.0] startup
[7.050s] [ext: isaacsim.robot.schema-3.6.0] startup
[7.098s] [ext: omni.kit.asset_converter-5.0.17] startup
[7.152s] [ext: omni.usd.schema.render_settings.rtx-0.0.0] startup
[7.155s] [ext: omni.kit.helper.file_utils-0.1.9] startup
[7.159s] [ext: omni.kit.menu.core-1.1.2] startup
[7.161s] [ext: omni.kit.widget.path_field-2.0.11] startup
[7.165s] [ext: omni.kit.widget.filebrowser-2.12.3] startup
[7.184s] [ext: omni.kit.widget.context_menu-1.2.5] startup
[7.188s] [ext: omni.kit.widget.browser_bar-2.0.10] startup
[7.191s] [ext: omni.kit.clipboard-1.0.5] startup
[7.195s] [ext: omni.kit.widget.options_menu-1.1.6] startup
[7.207s] [ext: omni.ui.scene-1.11.5] startup
[7.223s] [ext: omni.kit.widget.options_button-1.0.3] startup
[7.226s] [ext: omni.kit.usd.layers-2.2.11] startup
[7.253s] [ext: omni.kit.window.filepicker-2.13.4] startup
[7.306s] [ext: omni.kit.widget.filter-1.1.4] startup
[7.308s] [ext: omni.kit.hotkeys.core-1.3.10] startup
[7.319s] [ext: omni.kit.context_menu-1.8.6] startup
[7.324s] [ext: omni.kit.property.adapter.core-1.0.2] startup
[7.332s] [ext: omni.kit.window.file_exporter-1.0.33] startup
[7.342s] [ext: omni.kit.widget.searchfield-1.1.8] startup
[7.347s] [ext: omni.kit.numpy.common-0.1.3] startup
[7.351s] [ext: omni.kit.widget.stage-3.1.4] startup
[7.399s] [ext: omni.kit.property.adapter.usd-1.0.2] startup
[7.402s] [ext: omni.kit.property.adapter.fabric-1.0.3] startup
[7.407s] [ext: isaacsim.core.version-2.0.6] startup
[7.409s] [ext: omni.kit.window.file_importer-1.1.18] startup
[7.411s] [ext: omni.kit.stage_template.core-1.1.22] startup
[7.413s] [ext: omni.kit.menu.utils-2.0.5] startup
[7.422s] [ext: omni.kit.window.file-2.0.5] startup
[7.433s] [ext: omni.kit.window.drop_support-1.0.5] startup
[7.434s] [ext: omni.kit.widget.highlight_label-1.0.3] startup
[7.437s] [ext: omni.kit.window.content_browser_registry-0.0.6] startup
[7.440s] [ext: omni.kit.widget.graph-2.0.0] startup
[7.457s] [ext: omni.kit.window.property-1.12.1] startup
[7.547s] [ext: omni.kit.window.content_browser-3.1.3] startup
[7.572s] [ext: omni.kit.graph.delegate.default-1.2.3] startup
[7.574s] [ext: omni.kit.property.usd-4.5.12] startup
[7.600s] [ext: omni.convexdecomposition-107.3.26] startup
[7.613s] [ext: omni.kit.graph.editor.core-1.5.3] startup
[7.622s] [ext: omni.kit.material.library-2.0.7] startup
[7.640s] [ext: omni.kvdb-107.3.26] startup
[7.650s] [ext: omni.usdphysics-107.3.26] startup
[7.657s] [ext: omni.physx.foundation-107.3.26] startup
[7.673s] [ext: omni.localcache-107.3.26] startup
[7.681s] [ext: omni.kit.graph.usd.commands-1.3.1] startup
[7.683s] [ext: omni.physx.cooking-107.3.26] startup
[7.699s] [ext: omni.physics-107.3.26] startup
[7.715s] [ext: omni.physx-107.3.26] startup
[7.761s] [ext: omni.physics.stageupdate-107.3.26] startup
[7.770s] [ext: omni.physics.physx-107.3.26] startup
2026-04-27T02:48:51Z [7,475ms] [Warning] [carb] Acquiring non optional plugin interface which is not listed as dependency: [omni::physx::IPhysxBenchmarks v1.0] (plugin: <default plugin>), by client: omni.physics.physx.plugin. Add it to CARB_PLUGIN_IMPL_DEPS() macro of a client.
[7.775s] [ext: omni.index.libs-380600.8087.0] startup
[7.775s] [ext: omni.index-1.0.1] startup
[7.779s] [ext: omni.volume-0.5.2] startup
[7.810s] [ext: omni.ujitso.client-0.0.0] startup
[7.813s] [ext: omni.hydra.rtx.shadercache.vulkan-1.0.0] startup
[7.818s] [ext: omni.kit.widget.searchable_combobox-1.0.6] startup
[7.821s] [ext: omni.hydra.rtx-1.0.0] startup
[8.040s] [ext: omni.kit.widget.settings-1.2.6] startup
[8.045s] [ext: omni.kit.hydra_texture-1.4.6] startup
[8.053s] [ext: omni.graph.tools-1.79.2] startup
[8.131s] [ext: omni.kit.window.preferences-1.8.0] startup
[8.151s] [ext: omni.kit.widget.material_preview-1.0.16] startup
[8.157s] [ext: omni.graph-1.141.2] startup
[8.258s] [ext: omni.kit.window.material_graph-1.9.1] startup
[8.285s] [ext: omni.isaac.dynamic_control-2.0.7] startup
2026-04-27T02:48:52Z [8,005ms] [Warning] [omni.isaac.dynamic_control] omni.isaac.dynamic_control is deprecated as of Isaac Sim 4.5. No action is needed from end-users.
[8.305s] [ext: isaacsim.storage.native-1.5.1] startup
[8.312s] [ext: omni.graph.scriptnode-1.50.0] startup
[8.315s] [ext: omni.hydra.engine.stats-1.0.3] startup
[8.323s] [ext: omni.kit.viewport.legacy_gizmos-1.0.19] startup
[8.328s] [ext: omni.kit.raycast.query-1.1.0] startup
[8.343s] [ext: omni.graph.action_core-1.1.7] startup
[8.373s] [ext: omni.kit.viewport.scene_camera_model-1.0.6] startup
[8.380s] [ext: omni.graph.image.core-0.6.1] startup
[8.384s] [ext: omni.kit.widget.viewport-107.1.3] startup
[8.403s] [ext: omni.kit.viewport.registry-104.0.6] startup
[8.405s] [ext: omni.usd.metrics.assembler-107.3.1] startup
[8.422s] [ext: omni.kit.viewport.window-107.2.0] startup
[8.457s] [ext: omni.kit.viewport.menubar.core-107.2.1] startup
[8.498s] [ext: omni.graph.image.nodes-1.3.1] startup
[8.506s] [ext: omni.usd.metrics.assembler.physics-107.3.26] startup
[8.512s] [ext: omni.warp.core-1.8.2] startup
[8.672s] [ext: omni.kit.viewport.utility-1.1.2] startup
[8.675s] [ext: omni.physics.tensors-107.3.26] startup
[8.691s] [ext: omni.syntheticdata-0.6.13] startup
[8.758s] [ext: isaacsim.test.docstring-1.1.0] startup
[8.774s] [ext: isaacsim.core.utils-3.5.1] startup
[8.790s] [ext: omni.physx.tensors-107.3.26] startup
[8.798s] [ext: omni.graph.nodes-1.170.10] startup
[8.902s] [ext: omni.graph.action_nodes-1.50.4] startup
[8.915s] [ext: omni.kit.primitive.mesh-1.0.17] startup
[8.933s] [ext: isaacsim.core.simulation_manager-1.4.4] startup
[14.018s] [ext: omni.graph.ui_nodes-1.50.5] startup
[14.034s] [ext: omni.graph.action-1.130.0] startup
[14.037s] [ext: omni.kit.stage_templates-2.0.0] startup
[14.049s] [ext: isaacsim.core.prims-0.6.1] startup
[14.105s] [ext: omni.warp-1.8.2] startup
[14.122s] [ext: omni.videoencoding-0.1.2] startup
[14.139s] [ext: isaacsim.core.api-4.8.0] startup
[14.214s] [ext: isaacsim.core.experimental.utils-0.3.0] startup
[14.228s] [ext: omni.replicator.core-1.12.27] startup
2026-04-27T02:48:58Z [13,993ms] [Warning] [pxr.Semantics] pxr.Semantics is deprecated - please use Semantics instead
2026-04-27T02:48:58Z [14,489ms] [Warning] [omni.graph.core.plugin] Found duplicate of category 'Replicator' - was 'Annotators', adding 'Fabric Reader'
2026-04-27T02:48:58Z [14,489ms] [Warning] [omni.graph.core.plugin] Category 'Replicator' not accepted on node type 'omni.replicator.core.FabricReader' in extension 'omni.replicator.core'
2026-04-27T02:48:58Z [14,493ms] [Warning] [omni.replicator.core.scripts.extension] No material configuration file, adding configuration to material settings directly.
[14.796s] [ext: isaacsim.core.experimental.prims-0.8.1] startup
[14.870s] [ext: omni.kit.window.extensions-1.4.27] startup
[14.897s] [ext: isaacsim.core.experimental.objects-0.4.0] startup
[14.923s] [ext: omni.ui_query-1.1.8] startup
[14.929s] [ext: omni.kit.manipulator.viewport-107.0.1] startup
[14.934s] [ext: isaacsim.robot.surface_gripper-3.3.1] startup
[14.949s] [ext: omni.kit.ui_test-1.3.7] startup
[14.962s] [ext: omni.graph.visualization.nodes-2.1.3] startup
[15.002s] [ext: isaacsim.robot_motion.lula-4.0.8] startup
[15.068s] [ext: isaacsim.core.nodes-3.4.3] startup
[15.107s] [ext: isaacsim.gui.components-1.2.1] startup
[15.129s] [ext: isaacsim.robot_motion.motion_generation-8.0.26] startup
[15.166s] [ext: isaacsim.robot.manipulators-3.3.6] startup
[15.179s] [ext: isaacsim.core.experimental.materials-0.4.0] startup
[15.205s] [ext: isaacsim.robot.manipulators.examples-1.1.2] startup
[15.210s] [ext: isaacsim.cortex.framework-1.0.12] startup
[15.218s] [ext: isaacsim.cortex.behaviors-2.0.14] startup
[15.220s] [ext: omni.isaac.cortex.sample_behaviors-2.0.5] startup
2026-04-27T02:48:59Z [14,925ms] [Warning] [omni.isaac.cortex] omni.isaac.cortex has been deprecated in favor of isaacsim.cortex.framework. Please update your code accordingly.
2026-04-27T02:48:59Z [14,927ms] [Warning] [omni.isaac.cortex.sample_behaviors] omni.isaac.cortex.sample_behaviors has been deprecated in favor of isaacsim.cortex.behaviors. Please update your code accordingly.
[15.231s] [ext: omni.kit.widget.zoombar-1.0.6] startup
[15.237s] [ext: isaacsim.gui.content_browser-0.1.11] startup
[15.252s] [ext: omni.kit.browser.core-2.3.13] startup
[15.284s] [ext: omni.kit.widget.stage_icons-1.0.8] startup
[15.293s] [ext: omni.kit.widget.prompt-1.0.7] startup
[15.306s] [ext: omni.kit.usd.collect-2.4.5] startup
[15.325s] [ext: omni.kit.browser.folder.core-1.10.9] startup
[15.367s] [ext: omni.kit.window.stage-2.6.1] startup
[15.383s] [ext: omni.kit.usdz_export-1.0.9] startup
[15.394s] [ext: omni.kit.tool.collect-2.2.18] startup
[15.433s] [ext: omni.kit.menu.stage-1.2.7] startup
[15.439s] [ext: omni.kit.tool.asset_importer-4.3.2] startup
[15.466s] [ext: isaacsim.robot.wheeled_robots-4.0.24] startup
[15.542s] [ext: isaacsim.examples.browser-0.2.1] startup
[15.577s] [ext: isaacsim.asset.importer.urdf-2.4.30] startup
[16.119s] [ext: omni.isaac.wheeled_robots-3.0.7] startup
2026-04-27T02:49:00Z [15,824ms] [Warning] [omni.isaac.wheeled_robots] omni.isaac.wheeled_robots has been deprecated in favor of isaacsim.robot.wheeled_robots. Please update your code accordingly.
2026-04-27T02:49:00Z [15,825ms] [Warning] [omni.isaac.wheeled_robots.controllers] omni.isaac.wheeled_robots has been deprecated in favor of isaacsim.robot.wheeled_robots. Please update your code accordingly.
2026-04-27T02:49:00Z [15,827ms] [Warning] [omni.isaac.wheeled_robots.controllers.ackermann_controller] omni.isaac.wheeled_robots has been deprecated in favor of isaacsim.robot.wheeled_robots. Please update your code accordingly.
2026-04-27T02:49:00Z [15,832ms] [Warning] [omni.isaac.wheeled_robots.controllers.differential_controller] omni.isaac.wheeled_robots has been deprecated in favor of isaacsim.robot.wheeled_robots. Please update your code accordingly.
2026-04-27T02:49:00Z [15,836ms] [Warning] [omni.isaac.wheeled_robots.controllers.holonomic_controller] omni.isaac.wheeled_robots has been deprecated in favor of isaacsim.robot.wheeled_robots. Please update your code accordingly.
2026-04-27T02:49:00Z [15,837ms] [Warning] [omni.isaac.wheeled_robots.controllers.quintic_path_planner] omni.isaac.wheeled_robots has been deprecated in favor of isaacsim.robot.wheeled_robots. Please update your code accordingly.
2026-04-27T02:49:00Z [15,838ms] [Warning] [omni.isaac.wheeled_robots.controllers.stanley_control] omni.isaac.wheeled_robots has been deprecated in favor of isaacsim.robot.wheeled_robots. Please update your code accordingly.
2026-04-27T02:49:00Z [15,839ms] [Warning] [omni.isaac.wheeled_robots.controllers.wheel_base_pose_controller] omni.isaac.wheeled_robots has been deprecated in favor of isaacsim.robot.wheeled_robots. Please update your code accordingly.
2026-04-27T02:49:00Z [15,840ms] [Warning] [omni.isaac.wheeled_robots.impl] omni.isaac.wheeled_robots has been deprecated in favor of isaacsim.robot.wheeled_robots. Please update your code accordingly.
2026-04-27T02:49:00Z [15,841ms] [Warning] [omni.isaac.wheeled_robots.robots] omni.isaac.wheeled_robots has been deprecated in favor of isaacsim.robot.wheeled_robots. Please update your code accordingly.
2026-04-27T02:49:00Z [15,842ms] [Warning] [omni.isaac.wheeled_robots.robots.holonomic_robot_usd_setup] omni.isaac.wheeled_robots has been deprecated in favor of isaacsim.robot.wheeled_robots. Please update your code accordingly.
2026-04-27T02:49:00Z [15,842ms] [Warning] [omni.isaac.wheeled_robots.robots.wheeled_robot] omni.isaac.wheeled_robots has been deprecated in favor of isaacsim.robot.wheeled_robots. Please update your code accordingly.
[16.142s] [ext: isaacsim.simulation_app-2.12.2] startup
[16.145s] [ext: omni.isaac.franka-1.0.7] startup
2026-04-27T02:49:00Z [15,848ms] [Warning] [omni.isaac.franka] omni.isaac.franka has been deprecated in favor of isaacsim.robot.manipulators.examples.franka. Please update your code accordingly.
2026-04-27T02:49:00Z [15,849ms] [Warning] [omni.isaac.franka.franka] omni.isaac.franka has been deprecated in favor of isaacsim.robot.manipulators.examples.franka. Please update your code accordingly.
2026-04-27T02:49:00Z [15,878ms] [Warning] [omni.isaac.franka.kinematics_solver] omni.isaac.franka has been deprecated in favor of isaacsim.robot.manipulators.examples.franka. Please update your code accordingly.
[16.177s] [ext: omni.isaac.kit-2.0.6] startup
2026-04-27T02:49:00Z [15,881ms] [Warning] [omni.isaac.kit] omni.isaac.kit has been deprecated in favor of isaacsim.simulation_app. Please update your code accordingly.
[16.180s] [ext: omni.kit.selection-0.1.6] startup
[16.185s] [ext: omni.isaac.lula-4.0.6] startup
2026-04-27T02:49:00Z [15,887ms] [Warning] [omni.isaac.lula] omni.isaac.lula has been deprecated in favor of isaacsim.robot_motion.lula. Please update your code accordingly.
[16.187s] [ext: isaacsim.robot_motion.lula_test_widget-1.0.12] startup
[16.193s] [ext: isaacsim.asset.browser-1.3.23] startup
[16.917s] [ext: omni.kit.viewport.actions-107.0.2] startup
[16.928s] [ext: isaacsim.gui.menu-2.4.4] startup
[16.950s] [ext: omni.isaac.manipulators-3.0.7] startup
2026-04-27T02:49:01Z [16,654ms] [Warning] [omni.isaac.manipulators] omni.isaac.manipulators has been deprecated in favor of isaacsim.robot.manipulators. Please update your code accordingly.
2026-04-27T02:49:01Z [16,655ms] [Warning] [omni.isaac.manipulators.controllers] omni.isaac.manipulators has been deprecated in favor of isaacsim.robot.manipulators. Please update your code accordingly.
2026-04-27T02:49:01Z [16,658ms] [Warning] [omni.isaac.manipulators.controllers.pick_place_controller] omni.isaac.manipulators has been deprecated in favor of isaacsim.robot.manipulators. Please update your code accordingly.
2026-04-27T02:49:01Z [16,661ms] [Warning] [omni.isaac.manipulators.controllers.stacking_controller] omni.isaac.manipulators has been deprecated in favor of isaacsim.robot.manipulators. Please update your code accordingly.
2026-04-27T02:49:01Z [16,662ms] [Warning] [omni.isaac.manipulators.grippers] omni.isaac.manipulators has been deprecated in favor of isaacsim.robot.manipulators. Please update your code accordingly.
2026-04-27T02:49:01Z [16,663ms] [Warning] [omni.isaac.manipulators.grippers.gripper] omni.isaac.manipulators has been deprecated in favor of isaacsim.robot.manipulators. Please update your code accordingly.
2026-04-27T02:49:01Z [16,664ms] [Warning] [omni.isaac.manipulators.grippers.parallel_gripper] omni.isaac.manipulators has been deprecated in favor of isaacsim.robot.manipulators. Please update your code accordingly.
2026-04-27T02:49:01Z [16,664ms] [Warning] [omni.isaac.manipulators.grippers.surface_gripper] omni.isaac.manipulators has been deprecated in favor of isaacsim.robot.manipulators. Please update your code accordingly.
2026-04-27T02:49:01Z [16,666ms] [Warning] [omni.isaac.manipulators.manipulators] omni.isaac.manipulators has been deprecated in favor of isaacsim.robot.manipulators. Please update your code accordingly.
2026-04-27T02:49:01Z [16,667ms] [Warning] [omni.isaac.manipulators.manipulators.single_manipulator] omni.isaac.manipulators has been deprecated in favor of isaacsim.robot.manipulators. Please update your code accordingly.
[16.966s] [ext: omni.isaac.lula_test_widget-1.0.6] startup
2026-04-27T02:49:01Z [16,671ms] [Warning] [omni.isaac.lula_test_widget] omni.isaac.lula_test_widget has been deprecated in favor of isaacsim.robot_motion.lula_test_widget. Please update your code accordingly.
[16.970s] [ext: omni.isaac.asset_browser-1.0.6] startup
2026-04-27T02:49:01Z [16,674ms] [Warning] [omni.isaac.asset_browser] omni.isaac.asset_browser has been deprecated in favor of isaacsim.asset.browser. Please update your code accordingly.
[16.976s] [ext: omni.kit.viewport.menubar.display-107.0.3] startup
[16.985s] [ext: omni.isaac.menu-1.0.6] startup
2026-04-27T02:49:01Z [16,687ms] [Warning] [omni.isaac.menu] omni.isaac.menu has been deprecated in favor of isaacsim.gui.menu. Please update your code accordingly.
[16.987s] [ext: omni.isaac.motion_generation-8.0.7] startup
2026-04-27T02:49:01Z [16,691ms] [Warning] [omni.isaac.motion_generation] omni.isaac.motion_generation has been deprecated in favor of isaacsim.robot_motion.motion_generation. Please update your code accordingly.
2026-04-27T02:49:01Z [16,694ms] [Warning] [omni.isaac.motion_generation.articulation_kinematics_solver] omni.isaac.motion_generation has been deprecated in favor of isaacsim.robot_motion.motion_generation. Please update your code accordingly.
2026-04-27T02:49:01Z [16,695ms] [Warning] [omni.isaac.motion_generation.articulation_motion_policy] omni.isaac.motion_generation has been deprecated in favor of isaacsim.robot_motion.motion_generation. Please update your code accordingly.
2026-04-27T02:49:01Z [16,696ms] [Warning] [omni.isaac.motion_generation.articulation_trajectory] omni.isaac.motion_generation has been deprecated in favor of isaacsim.robot_motion.motion_generation. Please update your code accordingly.
2026-04-27T02:49:01Z [16,697ms] [Warning] [omni.isaac.motion_generation.kinematics_interface] omni.isaac.motion_generation has been deprecated in favor of isaacsim.robot_motion.motion_generation. Please update your code accordingly.
2026-04-27T02:49:01Z [16,698ms] [Warning] [omni.isaac.motion_generation.lula] omni.isaac.motion_generation has been deprecated in favor of isaacsim.robot_motion.motion_generation. Please update your code accordingly.
2026-04-27T02:49:01Z [16,699ms] [Warning] [omni.isaac.motion_generation.lula.kinematics] omni.isaac.motion_generation has been deprecated in favor of isaacsim.robot_motion.motion_generation. Please update your code accordingly.
2026-04-27T02:49:01Z [16,700ms] [Warning] [omni.isaac.motion_generation.lula.motion_policies] omni.isaac.motion_generation has been deprecated in favor of isaacsim.robot_motion.motion_generation. Please update your code accordingly.
2026-04-27T02:49:01Z [16,701ms] [Warning] [omni.isaac.motion_generation.lula.path_planners] omni.isaac.motion_generation has been deprecated in favor of isaacsim.robot_motion.motion_generation. Please update your code accordingly.
2026-04-27T02:49:01Z [16,702ms] [Warning] [omni.isaac.motion_generation.lula.trajectory_generator] omni.isaac.motion_generation has been deprecated in favor of isaacsim.robot_motion.motion_generation. Please update your code accordingly.
2026-04-27T02:49:01Z [16,703ms] [Warning] [omni.isaac.motion_generation.motion_policy_controller] omni.isaac.motion_generation has been deprecated in favor of isaacsim.robot_motion.motion_generation. Please update your code accordingly.
2026-04-27T02:49:01Z [16,704ms] [Warning] [omni.isaac.motion_generation.motion_policy_interface] omni.isaac.motion_generation has been deprecated in favor of isaacsim.robot_motion.motion_generation. Please update your code accordingly.
2026-04-27T02:49:01Z [16,705ms] [Warning] [omni.isaac.motion_generation.path_planner_visualizer] omni.isaac.motion_generation has been deprecated in favor of isaacsim.robot_motion.motion_generation. Please update your code accordingly.
2026-04-27T02:49:01Z [16,706ms] [Warning] [omni.isaac.motion_generation.path_planning_interface] omni.isaac.motion_generation has been deprecated in favor of isaacsim.robot_motion.motion_generation. Please update your code accordingly.
2026-04-27T02:49:01Z [16,707ms] [Warning] [omni.isaac.motion_generation.trajectory] omni.isaac.motion_generation has been deprecated in favor of isaacsim.robot_motion.motion_generation. Please update your code accordingly.
2026-04-27T02:49:01Z [16,708ms] [Warning] [omni.isaac.motion_generation.world_interface] omni.isaac.motion_generation has been deprecated in favor of isaacsim.robot_motion.motion_generation. Please update your code accordingly.
[17.008s] [ext: omni.isaac.assets_check-0.3.13] startup
2026-04-27T02:49:01Z [16,712ms] [Warning] [omni.isaac.assets_check] omni.isaac.assets_check has been deprecated in favor of isaacsim.asset.browser. Please update your code accordingly.
[17.011s] [ext: isaacsim.gui.sensors.icon-2.0.3] startup
[17.077s] [ext: isaacsim.asset.importer.mjcf-2.5.13] startup
[17.103s] [ext: omni.sensors.nv.common-3.0.0] startup
[17.286s] [ext: isaacsim.sensors.physics-0.4.3] startup
[17.309s] [ext: omni.sensors.net-1.0.0] startup
[17.351s] [ext: omni.isaac.nucleus-1.0.6] startup
2026-04-27T02:49:01Z [17,055ms] [Warning] [omni.isaac.nucleus] omni.isaac.nucleus has been deprecated in favor of isaacsim.storage.native. Please update your code accordingly.
2026-04-27T02:49:01Z [17,055ms] [Warning] [omni.isaac.nucleus.nucleus] omni.isaac.nucleus.nucleus has been deprecated in favor of isaacsim.storage.native. Please update your code accordingly.
2026-04-27T02:49:01Z [17,056ms] [Warning] [omni.ext._impl._internal] Found class `Extension` derived from `omni.ext.IExt` in module: 'omni.isaac.nucleus', but it was imported from other extension: 'c:/transformer-rl-retro-propulsion/env_isaaclab/lib/site-packages/isaacsim/exts/isaacsim.storage.native/isaacsim/storage/native/impl/extension.py', which is not a subpath to: 'c:\transformer-rl-retro-propulsion\env_isaaclab\lib\site-packages\isaacsim\extsdeprecated\omni.isaac.nucleus'. Do not import `IExt` derived class from other extension in your public namespace.
[17.355s] [ext: omni.sensors.nv.materials-2.0.0] startup
[17.395s] [ext: isaacsim.robot.policy.examples-4.1.11] startup
[17.400s] [ext: omni.sensors.nv.wpm-3.0.0] startup
[17.421s] [ext: omni.sensors.nv.lidar-3.0.0] startup
[17.492s] [ext: isaacsim.util.debug_draw-3.1.0] startup
[17.508s] [ext: omni.sensors.nv.radar-3.0.0] startup
[17.544s] [ext: omni.sensors.nv.ids-2.0.0] startup
[17.557s] [ext: isaacsim.core.cloner-1.4.10] startup
[17.567s] [ext: isaacsim.sensors.physx-2.3.2] startup
[17.587s] [ext: isaacsim.sensors.rtx-15.8.4] startup
[17.618s] [ext: isaacsim.sensors.camera-1.3.6] startup
[17.636s] [ext: omni.isaac.quadruped-3.0.7] startup
2026-04-27T02:49:01Z [17,340ms] [Warning] [omni.isaac.quadruped] omni.isaac.quadruped has been deprecated in favor of isaacsim.robot.policy.examples. Please update your code accordingly.
[17.640s] [ext: omni.isaac.cloner-1.0.7] startup
2026-04-27T02:49:01Z [17,344ms] [Warning] [omni.isaac.cloner] omni.isaac.cloner has been deprecated in favor of isaacsim.core.cloner. Please update your code accordingly.
[17.647s] [ext: omni.isaac.range_sensor-4.0.6] startup
2026-04-27T02:49:01Z [17,351ms] [Warning] [omni.isaac.range_sensor] omni.isaac.range_sensor has been deprecated in favor of isaacsim.sensors.physx. Please update your code accordingly.
2026-04-27T02:49:01Z [17,352ms] [Warning] [omni.isaac.range_sensor.commands] omni.isaac.range_sensor.commands has been deprecated in favor of isaacsim.sensors.physx.commands. Please update your code accordingly.
[17.652s] [ext: omni.isaac.sensor-13.0.7] startup
2026-04-27T02:49:01Z [17,355ms] [Warning] [omni.isaac.sensor] omni.isaac.sensor has been deprecated in favor of isaacsim.sensors.camera, isaacsim.sensors.physics, isaacsim.sensors.physx, and isaacsim.sensors.rtx. Please update your code accordingly.
2026-04-27T02:49:01Z [17,357ms] [Warning] [omni.isaac.sensor.camera] omni.isaac.sensor.camera has been deprecated in favor of isaacsim.sensors.camera.camera. Please update your code accordingly.
2026-04-27T02:49:01Z [17,358ms] [Warning] [omni.isaac.sensor.camera_view] omni.isaac.sensor.camera_view has been deprecated in favor of isaacsim.sensors.camera.camera_view. Please update your code accordingly.
2026-04-27T02:49:01Z [17,359ms] [Warning] [omni.isaac.sensor.commands] omni.isaac.sensor.commands has been deprecated in favor of isaacsim.sensors.physics.commands, isaacsim.sensors.physx.commands, and isaacsim.sensors.rtx.commands. Please update your code accordingly.
2026-04-27T02:49:01Z [17,359ms] [Warning] [omni.isaac.sensor.contact_sensor] omni.isaac.sensor.contact_sensor has been deprecated in favor of isaacsim.sensors.physics.contact_sensor. Please update your code accordingly.
2026-04-27T02:49:01Z [17,360ms] [Warning] [omni.isaac.sensor.imu_sensor] omni.isaac.sensor.imu_sensor has been deprecated in favor of isaacsim.sensors.physics.imu_sensor. Please update your code accordingly.
2026-04-27T02:49:01Z [17,361ms] [Warning] [omni.isaac.sensor.lidar_rtx] omni.isaac.sensor.lidar_rtx has been deprecated in favor of isaacsim.sensors.rtx.lidar_rtx. Please update your code accordingly.
2026-04-27T02:49:01Z [17,362ms] [Warning] [omni.isaac.sensor.rotating_lidar_physX] omni.isaac.sensor.imu_sensor has been deprecated in favor of isaacsim.sensors.physix.rotating_lidar_physX. Please update your code accordingly.
2026-04-27T02:49:01Z [17,364ms] [Warning] [omni.isaac.sensor.scripts.samples.contact_sensor] omni.isaac.sensor.scripts.samples.contact_sensor has been deprecated in favor of isaacsim.sensors.physics.scripts.samples.contact_sensor. Please update your code accordingly.
2026-04-27T02:49:01Z [17,365ms] [Warning] [omni.isaac.sensor.scripts.samples.imu_sensor] omni.isaac.sensor.scripts.samples.imu_sensor has been deprecated in favor of isaacsim.sensors.physics.scripts.samples.imu_sensor. Please update your code accordingly.
2026-04-27T02:49:01Z [17,366ms] [Warning] [omni.isaac.sensor.scripts.samples.lightbeam_sensor] omni.isaac.sensor.scripts.samples.lightbeam_sensor has been deprecated in favor of isaacsim.sensors.physx.scripts.samples.lightbeam_sensor. Please update your code accordingly.
[17.665s] [ext: omni.kit.menu.create-2.0.1] startup
[17.679s] [ext: omni.kit.widget.toolbar-2.0.1] startup
[17.706s] [ext: omni.kit.manipulator.transform-107.0.0] startup
[17.720s] [ext: omni.isaac.core-4.0.7] startup
2026-04-27T02:49:01Z [17,424ms] [Warning] [omni.isaac.core.physics_context.physics_context] omni.isaac.core.physics_context.physics_context has been deprecated in favor of isaacsim.core.api.physics_context.physics_context. Please update your code accordingly.
2026-04-27T02:49:01Z [17,425ms] [Warning] [omni.isaac.core.simulation_context.simulation_context] omni.isaac.core.simulation_context.simulation_context has been deprecated in favor of isaacsim.core.api.simulation_context.simulation_context. Please update your code accordingly.
2026-04-27T02:49:01Z [17,426ms] [Warning] [omni.isaac.core.world.world] omni.isaac.core.world.world has been deprecated in favor of isaacsim.core.api.world.world. Please update your code accordingly.
2026-04-27T02:49:01Z [17,426ms] [Warning] [omni.isaac.core] omni.isaac.core has been deprecated in favor of isaacsim.core.api. Please update your code accordingly.
[17.726s] [ext: omni.kit.scripting-107.3.2] startup
[17.743s] [ext: omni.kit.manipulator.tool.snap-1.5.13] startup
[17.762s] [ext: omni.kit.manipulator.selector-1.1.3] startup
[17.769s] [ext: isaacsim.app.about-2.0.11] startup
[17.796s] [ext: isaacsim.replicator.behavior-1.1.16] startup
[17.798s] [ext: omni.kit.viewport.manipulator.transform-107.0.4] startup
[17.805s] [ext: omni.isaac.window.about-2.0.7] startup
2026-04-27T02:49:01Z [17,513ms] [Warning] [omni.isaac.window.about] omni.isaac.window.about has been deprecated in favor of isaacsim.app.about. Please update your code accordingly.
2026-04-27T02:49:01Z [17,514ms] [Warning] [omni.isaac.window.about.about] omni.isaac.window.about.about has been deprecated in favor of isaacsim.app.about.about. Please update your code accordingly.
[17.814s] [ext: omni.fabric.commands-1.1.6] startup
[17.826s] [ext: omni.kit.manipulator.prim.core-107.0.8] startup
[17.850s] [ext: omni.kit.property.audio-1.0.16] startup
[17.855s] [ext: omni.kit.property.camera-1.0.10] startup
[17.859s] [ext: omni.kit.property.geometry-2.0.4] startup
[17.870s] [ext: omni.hydra.scene_api-0.1.2] startup
[17.884s] [ext: omni.kit.property.light-1.0.12] startup
[17.912s] [ext: omni.kit.manipulator.prim.fabric-107.0.4] startup
[17.919s] [ext: omni.kit.manipulator.prim.usd-107.0.3] startup
[17.924s] [ext: omni.kit.property.material-1.11.9] startup
[17.951s] [ext: omni.kit.property.render-1.2.1] startup
[17.956s] [ext: omni.kit.property.transform-1.5.13] startup
[17.968s] [ext: isaacsim.gui.property-1.1.3] startup
[17.975s] [ext: omni.kit.manipulator.camera-106.0.4] startup
[17.989s] [ext: omni.kit.manipulator.prim-107.0.0] startup
[17.990s] [ext: omni.isaac.surface_gripper-2.0.6] startup
2026-04-27T02:49:02Z [17,692ms] [Warning] [omni.isaac.surface_gripper] omni.isaac.surface_gripper has been deprecated in favor of isaacsim.robot.surface_gripper. Please update your code accordingly.
2026-04-27T02:49:02Z [17,692ms] [Warning] [omni.ext._impl._internal] Found class `Extension` derived from `omni.ext.IExt` in module: 'omni.isaac.surface_gripper', but it was imported from other extension: 'c:/transformer-rl-retro-propulsion/env_isaaclab/lib/site-packages/isaacsim/exts/isaacsim.robot.surface_gripper/isaacsim/robot/surface_gripper/impl/extension.py', which is not a subpath to: 'c:\transformer-rl-retro-propulsion\env_isaaclab\lib\site-packages\isaacsim\extsdeprecated\omni.isaac.surface_gripper'. Do not import `IExt` derived class from other extension in your public namespace.
[17.992s] [ext: omni.kit.manipulator.selection-106.0.1] startup
[18.001s] [ext: omni.kit.property.bundle-1.4.1] startup
[18.006s] [ext: omni.kit.property.isaac-1.0.6] startup
2026-04-27T02:49:02Z [17,709ms] [Warning] [omni.kit.property.isaac] omni.kit.property.isaac has been deprecated in favor of isaacsim.gui.property. Please update your code accordingly.
2026-04-27T02:49:02Z [17,709ms] [Warning] [omni.kit.property.isaac.widgets] omni.kit.property.isaac.widgets has been deprecated in favor of isaacsim.gui.property.widgets. Please update your code accordingly.
[18.009s] [ext: omni.isaac.universal_robots-1.0.6] startup
2026-04-27T02:49:02Z [17,711ms] [Warning] [omni.isaac.universal_robots] omni.isaac.universal_robots has been deprecated in favor of isaacsim.robot.manipulators.examples.universal_robots. Please update your code accordingly.
2026-04-27T02:49:02Z [17,712ms] [Warning] [omni.isaac.universal_robots.kinematics_solver] omni.isaac.franka has been deprecated in favor of isaacsim.robot.manipulators.examples.universal_robots. Please update your code accordingly.
2026-04-27T02:49:02Z [17,717ms] [Warning] [omni.isaac.universal_robots.ur10] omni.isaac.franka has been deprecated in favor of isaacsim.robot.manipulators.examples.universal_robots. Please update your code accordingly.
[18.017s] [ext: omni.isaac.core_nodes-2.0.6] startup
2026-04-27T02:49:02Z [17,723ms] [Warning] [omni.isaac.core_nodes] omni.isaac.core_nodes has been deprecated in favor of isaacsim.core.nodes. Please update your code accordingly.
[18.023s] [ext: omni.kit.viewport.menubar.camera-107.0.6] startup
[18.044s] [ext: omni.kit.viewport.menubar.lighting-107.3.1] startup
[18.051s] [ext: isaacsim.replicator.writers-1.0.17] startup
[18.109s] [ext: omni.kit.viewport.menubar.render-107.0.10] startup
[18.121s] [ext: omni.kit.viewport.menubar.settings-107.0.3] startup
[18.139s] [ext: omni.kit.window.console-1.1.4] startup
[18.159s] [ext: isaacsim.replicator.domain_randomization-1.0.16] startup
[18.169s] [ext: isaacsim.replicator.examples-1.3.6] startup
[18.175s] [ext: omni.ocio-0.1.1] startup
[18.187s] [ext: omni.rtx.window.settings-0.6.19] startup
[18.207s] [ext: omni.kit.window.status_bar-0.1.9] startup
[18.219s] [ext: omni.kit.window.toolbar-2.0.0] startup
[18.231s] [ext: omni.replicator.isaac-2.0.8] startup
2026-04-27T02:49:02Z [17,934ms] [Warning] [omni.replicator.isaac] omni.replicator.isaac has been deprecated in favor of isaacsim.replicator.domain_randomization, isaacsim.replicator.examples, isaacsim.replicator.writers. Please update your code accordingly.
[18.236s] [ext: omni.replicator.replicator_yaml-2.0.11] startup
[18.287s] [ext: omni.rtx.settings.core-0.6.5] startup
[18.301s] [ext: omni.usd.metrics.assembler.ui-107.3.1] startup
[18.320s] [ext: omni.isaac.utils-2.0.6] startup
[18.325s] [ext: semantics.schema.editor-2.0.2] startup
[18.334s] [ext: omni.kit.ui.actions-1.0.5] startup
[18.339s] [ext: semantics.schema.property-2.0.1] startup
[18.346s] [ext: omni.isaac.version-2.0.7] startup
2026-04-27T02:49:02Z [18,049ms] [Warning] [omni.isaac.version] omni.isaac.version has been deprecated in favor of isaacsim.core.version. Please update your code accordingly.
[18.349s] [ext: omni.isaac.cortex-1.0.5] startup
[18.351s] [ext: omni.anim.curve.core-1.3.1] startup
[18.386s] [ext: isaacsim.core.throttling-2.2.2] startup
[18.397s] [ext: omni.kit.menu.common-2.0.1] startup
[18.402s] [ext: isaacsim.exp.base-5.1.0] startup
[18.403s] [ext: isaacsim.exp.base.python-5.1.0] startup
[18.409s] Simulation App Starting
2026-04-27T02:49:03Z [19,242ms] [Warning] [omni.fabric.plugin] Warning: attribute overrideClipRange not found for bucket id 9

[19.562s] app ready
Starting kit application with the following args:  ['C:\\Transformer-rl-retro-propulsion\\env_isaaclab\\Lib\\site-packages\\isaacsim\\exts\\isaacsim.simulation_app\\isaacsim\\simulation_app\\simulation_app.py', 'C:\\Transformer-rl-retro-propulsion\\env_isaaclab\\Lib\\site-packages\\isaacsim\\apps/isaacsim.exp.base.python.kit', '--/app/tokens/exe-path=C:\\Transformer-rl-retro-propulsion\\env_isaaclab\\Lib\\site-packages\\isaacsim\\kit', '--/persistent/app/viewport/displayOptions=3094', '--/rtx/materialDb/syncLoads=True', '--/rtx/hydra/materialSyncLoads=True', '--/omni.kit.plugin/syncUsdLoads=True', '--/app/renderer/resolution/width=1280', '--/app/renderer/resolution/height=720', '--/app/window/width=1440', '--/app/window/height=900', '--/renderer/multiGpu/enabled=True', '--/app/fastShutdown=True', '--/app/installSignalHandlers=0', '--ext-folder', 'C:\\Transformer-rl-retro-propulsion\\env_isaaclab\\Lib\\site-packages\\isaacsim/exts', '--ext-folder', 'C:\\Transformer-rl-retro-propulsion\\env_isaaclab\\Lib\\site-packages\\isaacsim/apps', '--/physics/cudaDevice=0', '--/plugins/carb.tasking.plugin/threadCount=24', '--/plugins/omni.tbb.globalcontrol/maxThreadCount=24', '--portable', '--no-window', '--/app/window/hideUi=1']
Passing the following args to the base kit application:  ['--task', 'landing', '--total-steps', '5000000', '--eval-interval', '250000', '--save-interval', '250000', '--max-wall-time', '7200', '--headless']
Warp 1.8.2 initialized:
   CUDA Toolkit 12.8, Driver 13.0
   Devices:
     "cpu"      : "AMD64 Family 26 Model 68 Stepping 0, AuthenticAMD"
     "cuda:0"   : "NVIDIA GeForce RTX 5070" (12 GiB, sm_120, mempool enabled)
   Kernel cache:
     C:\Users\tngzj\AppData\Local\NVIDIA\warp\Cache\1.8.2
Warp DeprecationWarning: The `warp.sim` module is deprecated and will be removed in v1.10. Please transition to using the forthcoming Newton library instead.

[36m===================================================================================================================[0m
[36m[1m[INFO][IsaacLab]: Logging to file: C:\Users\tngzj\AppData\Local\Temp\isaaclab\logs\isaaclab_2026-04-26_21-49-07.log[0m
[36m===================================================================================================================[0m

Spawn curriculum enabled: xy_half_width starts at 0.50 m and anneals to 2.00 m by step 4,000,000. Eval uses the final full spawn range.
PPO policy observation uses body-FRD position error for obs[0:3]; environment observations and PID/guidance adapters remain unchanged.
{"type":"train_update","update":1,"global_step":16384,"wall_s":8.02,"sps":2043.0,"loss":1786.560677,"loss_ema":1786.560677,"loss_plateau_delta":null,"loss_plateau_count":0,"pg_loss":-0.001076,"v_loss":3573.104416,"entropy":-1.907344,"approx_kl":0.003898,"clipfrac":0.0623,"reward_mean":-4.213,"reward_std":23.2918,"reward_min":-205.2763,"reward_max":425.9075,"reward_scale":1.0,"throttle_mean":0.7581,"throttle_min":0.136,"throttle_max":0.9825,"spawn_curriculum_enabled":true,"spawn_curriculum_progress":0.0,"spawn_xy_half_width_m":0.5}
step=16,384 reward_mean=-4.213 kl=0.00390 clipfrac=0.062 eval={'landed_fraction': 1.0, 'crashed_fraction': 1.0, 'mean_touchdown_speed': 0.013406051322817802, 'max_touchdown_speed': 0.5394662618637085, 'mean_pad_distance': 1.9551429748535156, 'max_pad_distance': 5.050609111785889, 'mean_delta_v_proxy': 15.65592098236084, 'mean_eval_throttle': 0.780879930059115, 'max_eval_throttle': 0.7973843812942505, 'max_upward_speed': 1.3688513040542603, 'max_downward_speed': 9.306425094604492, 'passed': False}
{"type":"train_update","update":2,"global_step":32768,"wall_s":67.91,"sps":482.5,"loss":1695.884018,"loss_ema":1768.425345,"loss_plateau_delta":18.135332,"loss_plateau_count":0,"pg_loss":-0.002002,"v_loss":3391.752953,"entropy":-1.90848,"approx_kl":0.005345,"clipfrac":0.0363,"reward_mean":-4.0771,"reward_std":22.6689,"reward_min":-206.1878,"reward_max":430.8332,"reward_scale":1.0,"throttle_mean":0.7607,"throttle_min":0.1483,"throttle_max":0.984,"spawn_curriculum_enabled":true,"spawn_curriculum_progress":0.0041,"spawn_xy_half_width_m":0.506}
{"type":"train_update","update":3,"global_step":49152,"wall_s":75.22,"sps":653.5,"loss":2197.688553,"loss_ema":1854.277986,"loss_plateau_delta":85.852642,"loss_plateau_count":0,"pg_loss":-0.001828,"v_loss":4395.36171,"entropy":-1.907717,"approx_kl":0.004925,"clipfrac":0.037,"reward_mean":-5.2011,"reward_std":27.1634,"reward_min":-205.1456,"reward_max":434.0539,"reward_scale":1.0,"throttle_mean":0.7623,"throttle_min":0.1386,"throttle_max":0.9893,"spawn_curriculum_enabled":true,"spawn_curriculum_progress":0.0082,"spawn_xy_half_width_m":0.512}
{"type":"train_update","update":4,"global_step":65536,"wall_s":83.35,"sps":786.3,"loss":2096.437397,"loss_ema":1902.709869,"loss_plateau_delta":48.431882,"loss_plateau_count":0,"pg_loss":-0.002517,"v_loss":4192.860718,"entropy":-1.906702,"approx_kl":0.005664,"clipfrac":0.0459,"reward_mean":-4.7495,"reward_std":26.8058,"reward_min":-205.9798,"reward_max":450.7415,"reward_scale":1.0,"throttle_mean":0.7645,"throttle_min":0.1929,"throttle_max":0.9876,"spawn_curriculum_enabled":true,"spawn_curriculum_progress":0.0123,"spawn_xy_half_width_m":0.518}
{"type":"train_update","update":5,"global_step":81920,"wall_s":90.82,"sps":902.0,"loss":2015.418869,"loss_ema":1925.251669,"loss_plateau_delta":22.5418,"loss_plateau_count":0,"pg_loss":-0.001826,"v_loss":4030.822334,"entropy":-1.906506,"approx_kl":0.004986,"clipfrac":0.0273,"reward_mean":-4.8112,"reward_std":26.1611,"reward_min":-205.3083,"reward_max":421.2563,"reward_scale":1.0,"throttle_mean":0.769,"throttle_min":0.1983,"throttle_max":0.9861,"spawn_curriculum_enabled":true,"spawn_curriculum_progress":0.0164,"spawn_xy_half_width_m":0.525}
{"type":"train_update","update":6,"global_step":98304,"wall_s":98.11,"sps":1002.0,"loss":2031.297581,"loss_ema":1946.460851,"loss_plateau_delta":21.209182,"loss_plateau_count":0,"pg_loss":-0.001628,"v_loss":4062.57933,"entropy":-1.909873,"approx_kl":0.003973,"clipfrac":0.017,"reward_mean":-4.5189,"reward_std":27.0226,"reward_min":-205.3957,"reward_max":452.6063,"reward_scale":1.0,"throttle_mean":0.7651,"throttle_min":0.149,"throttle_max":0.9896,"spawn_curriculum_enabled":true,"spawn_curriculum_progress":0.0205,"spawn_xy_half_width_m":0.531}
{"type":"train_update","update":7,"global_step":114688,"wall_s":106.35,"sps":1078.4,"loss":2097.848808,"loss_ema":1976.738443,"loss_plateau_delta":30.277591,"loss_plateau_count":0,"pg_loss":-0.002199,"v_loss":4195.68293,"entropy":-1.910791,"approx_kl":0.00487,"clipfrac":0.0289,"reward_mean":-4.9763,"reward_std":27.0179,"reward_min":-205.2339,"reward_max":426.0012,"reward_scale":1.0,"throttle_mean":0.7642,"throttle_min":0.213,"throttle_max":0.9795,"spawn_curriculum_enabled":true,"spawn_curriculum_progress":0.0246,"spawn_xy_half_width_m":0.537}
{"type":"train_update","update":8,"global_step":131072,"wall_s":113.8,"sps":1151.8,"loss":2024.551411,"loss_ema":1986.301036,"loss_plateau_delta":9.562594,"loss_plateau_count":0,"pg_loss":-0.001866,"v_loss":4049.087502,"entropy":-1.907086,"approx_kl":0.004859,"clipfrac":0.0308,"reward_mean":-4.5692,"reward_std":26.8292,"reward_min":-206.6605,"reward_max":444.65,"reward_scale":1.0,"throttle_mean":0.7672,"throttle_min":0.161,"throttle_max":0.9882,"spawn_curriculum_enabled":true,"spawn_curriculum_progress":0.0287,"spawn_xy_half_width_m":0.543}
{"type":"train_update","update":9,"global_step":147456,"wall_s":120.94,"sps":1219.2,"loss":1966.612751,"loss_ema":1982.363379,"loss_plateau_delta":3.937657,"loss_plateau_count":0,"pg_loss":-0.001657,"v_loss":3933.209747,"entropy":-1.90799,"approx_kl":0.00531,"clipfrac":0.0303,"reward_mean":-4.6021,"reward_std":26.2777,"reward_min":-205.0902,"reward_max":435.7174,"reward_scale":1.0,"throttle_mean":0.7662,"throttle_min":0.1741,"throttle_max":0.983,"spawn_curriculum_enabled":true,"spawn_curriculum_progress":0.0328,"spawn_xy_half_width_m":0.549}
{"type":"train_update","update":10,"global_step":163840,"wall_s":129.04,"sps":1269.7,"loss":1916.770935,"loss_ema":1969.24489,"loss_plateau_delta":13.118489,"loss_plateau_count":0,"pg_loss":-0.002313,"v_loss":3833.527412,"entropy":-1.909154,"approx_kl":0.004903,"clipfrac":0.0233,"reward_mean":-4.5161,"reward_std":25.7864,"reward_min":-205.5723,"reward_max":443.5719,"reward_scale":1.0,"throttle_mean":0.7634,"throttle_min":0.165,"throttle_max":0.988,"spawn_curriculum_enabled":true,"spawn_curriculum_progress":0.0369,"spawn_xy_half_width_m":0.555}
{"type":"train_update","update":11,"global_step":180224,"wall_s":135.8,"sps":1327.1,"loss":2009.625816,"loss_ema":1977.321076,"loss_plateau_delta":8.076185,"loss_plateau_count":0,"pg_loss":-0.002625,"v_loss":4019.237785,"entropy":-1.910981,"approx_kl":0.003636,"clipfrac":0.0356,"reward_mean":-4.4903,"reward_std":26.5864,"reward_min":-205.5607,"reward_max":454.7761,"reward_scale":1.0,"throttle_mean":0.7671,"throttle_min":0.1206,"throttle_max":0.9878,"spawn_curriculum_enabled":true,"spawn_curriculum_progress":0.041,"spawn_xy_half_width_m":0.561}
{"type":"train_update","update":12,"global_step":196608,"wall_s":142.83,"sps":1376.5,"loss":1931.429661,"loss_ema":1968.142793,"loss_plateau_delta":9.178283,"loss_plateau_count":0,"pg_loss":-0.001529,"v_loss":3862.843254,"entropy":-1.913243,"approx_kl":0.00427,"clipfrac":0.0231,"reward_mean":-4.4375,"reward_std":26.4668,"reward_min":-205.3987,"reward_max":459.4272,"reward_scale":1.0,"throttle_mean":0.7661,"throttle_min":0.18,"throttle_max":0.987,"spawn_curriculum_enabled":true,"spawn_curriculum_progress":0.0451,"spawn_xy_half_width_m":0.568}
{"type":"train_update","update":13,"global_step":212992,"wall_s":150.52,"sps":1415.0,"loss":1910.796143,"loss_ema":1956.673463,"loss_plateau_delta":11.46933,"loss_plateau_count":0,"pg_loss":-0.002197,"v_loss":3821.577515,"entropy":-1.915241,"approx_kl":0.005476,"clipfrac":0.0311,"reward_mean":-4.4155,"reward_std":26.221,"reward_min":-205.2839,"reward_max":438.3882,"reward_scale":1.0,"throttle_mean":0.7643,"throttle_min":0.1501,"throttle_max":0.9847,"spawn_curriculum_enabled":true,"spawn_curriculum_progress":0.0492,"spawn_xy_half_width_m":0.574}
{"type":"train_update","update":14,"global_step":229376,"wall_s":157.59,"sps":1455.5,"loss":1707.327095,"loss_ema":1906.804189,"loss_plateau_delta":49.869274,"loss_plateau_count":0,"pg_loss":-0.001283,"v_loss":3414.637558,"entropy":-1.91906,"approx_kl":0.003718,"clipfrac":0.0612,"reward_mean":-4.2759,"reward_std":24.5623,"reward_min":-205.1919,"reward_max":432.3473,"reward_scale":1.0,"throttle_mean":0.7642,"throttle_min":0.1608,"throttle_max":0.9812,"spawn_curriculum_enabled":true,"spawn_curriculum_progress":0.0532,"spawn_xy_half_width_m":0.58}
{"type":"train_update","update":15,"global_step":245760,"wall_s":164.24,"sps":1496.3,"loss":1975.687572,"loss_ema":1920.580866,"loss_plateau_delta":13.776677,"loss_plateau_count":0,"pg_loss":-0.002137,"v_loss":3951.360245,"entropy":-1.916099,"approx_kl":0.003861,"clipfrac":0.0318,"reward_mean":-4.5949,"reward_std":26.6388,"reward_min":-205.3455,"reward_max":446.2419,"reward_scale":1.0,"throttle_mean":0.7741,"throttle_min":0.1674,"throttle_max":0.9879,"spawn_curriculum_enabled":true,"spawn_curriculum_progress":0.0573,"spawn_xy_half_width_m":0.586}
{"type":"train_update","update":16,"global_step":262144,"wall_s":171.2,"sps":1531.2,"loss":1944.470253,"loss_ema":1925.358743,"loss_plateau_delta":4.777877,"loss_plateau_count":0,"pg_loss":-0.00261,"v_loss":3888.926605,"entropy":-1.912062,"approx_kl":0.004522,"clipfrac":0.0281,"reward_mean":-4.3264,"reward_std":26.6252,"reward_min":-205.4031,"reward_max":439.0056,"reward_scale":1.0,"throttle_mean":0.7737,"throttle_min":0.1758,"throttle_max":0.9844,"spawn_curriculum_enabled":true,"spawn_curriculum_progress":0.0614,"spawn_xy_half_width_m":0.592}
step=262,144 reward_mean=-4.326 kl=0.00452 clipfrac=0.028 eval={'landed_fraction': 1.0, 'crashed_fraction': 1.0, 'mean_touchdown_speed': 0.04590670391917229, 'max_touchdown_speed': 0.5619913339614868, 'mean_pad_distance': 2.2654099464416504, 'max_pad_distance': 5.345653533935547, 'mean_delta_v_proxy': 16.47989273071289, 'mean_eval_throttle': 0.7994409634669621, 'max_eval_throttle': 0.8307417631149292, 'max_upward_speed': 1.5326995849609375, 'max_downward_speed': 8.891050338745117, 'passed': False}
{"type":"train_update","update":17,"global_step":278528,"wall_s":228.33,"sps":1219.9,"loss":1515.933872,"loss_ema":1843.473769,"loss_plateau_delta":81.884974,"loss_plateau_count":0,"pg_loss":-0.001246,"v_loss":3031.851151,"entropy":-1.907772,"approx_kl":0.004769,"clipfrac":0.0213,"reward_mean":-3.856,"reward_std":21.9303,"reward_min":-205.4166,"reward_max":446.116,"reward_scale":1.0,"throttle_mean":0.7785,"throttle_min":0.1686,"throttle_max":0.9861,"spawn_curriculum_enabled":true,"spawn_curriculum_progress":0.0655,"spawn_xy_half_width_m":0.598}
{"type":"train_update","update":18,"global_step":294912,"wall_s":235.17,"sps":1254.0,"loss":1846.858067,"loss_ema":1844.150629,"loss_plateau_delta":0.67686,"loss_plateau_count":0,"pg_loss":-0.001358,"v_loss":3693.699806,"entropy":-1.903299,"approx_kl":0.005218,"clipfrac":0.0228,"reward_mean":-4.3693,"reward_std":25.7986,"reward_min":-205.4517,"reward_max":434.5806,"reward_scale":1.0,"throttle_mean":0.7745,"throttle_min":0.1573,"throttle_max":0.9852,"spawn_curriculum_enabled":true,"spawn_curriculum_progress":0.0696,"spawn_xy_half_width_m":0.604}
{"type":"train_update","update":19,"global_step":311296,"wall_s":242.41,"sps":1284.2,"loss":1902.957542,"loss_ema":1855.912011,"loss_plateau_delta":11.761383,"loss_plateau_count":0,"pg_loss":-0.002241,"v_loss":3805.900528,"entropy":-1.901395,"approx_kl":0.004478,"clipfrac":0.0375,"reward_mean":-4.7753,"reward_std":25.871,"reward_min":-205.7801,"reward_max":441.1464,"reward_scale":1.0,"throttle_mean":0.7785,"throttle_min":0.1798,"throttle_max":0.9866,"spawn_curriculum_enabled":true,"spawn_curriculum_progress":0.0737,"spawn_xy_half_width_m":0.611}
{"type":"train_update","update":20,"global_step":327680,"wall_s":249.69,"sps":1312.4,"loss":1760.084064,"loss_ema":1836.746422,"loss_plateau_delta":19.165589,"loss_plateau_count":0,"pg_loss":-0.002145,"v_loss":3520.153389,"entropy":-1.901811,"approx_kl":0.004491,"clipfrac":0.0417,"reward_mean":-4.1906,"reward_std":25.2501,"reward_min":-205.0849,"reward_max":433.9434,"reward_scale":1.0,"throttle_mean":0.7829,"throttle_min":0.1858,"throttle_max":0.9885,"spawn_curriculum_enabled":true,"spawn_curriculum_progress":0.0778,"spawn_xy_half_width_m":0.617}
{"type":"train_update","update":21,"global_step":344064,"wall_s":256.68,"sps":1340.4,"loss":1818.73774,"loss_ema":1833.144685,"loss_plateau_delta":3.601736,"loss_plateau_count":0,"pg_loss":-0.00172,"v_loss":3637.459961,"entropy":-1.895423,"approx_kl":0.005124,"clipfrac":0.0361,"reward_mean":-4.0145,"reward_std":26.336,"reward_min":-204.7611,"reward_max":446.2421,"reward_scale":1.0,"throttle_mean":0.7801,"throttle_min":0.1868,"throttle_max":0.9849,"spawn_curriculum_enabled":true,"spawn_curriculum_progress":0.0819,"spawn_xy_half_width_m":0.623}
{"type":"train_update","update":22,"global_step":360448,"wall_s":263.16,"sps":1369.7,"loss":1631.715256,"loss_ema":1792.8588,"loss_plateau_delta":40.285886,"loss_plateau_count":0,"pg_loss":-0.001393,"v_loss":3263.414375,"entropy":-1.892392,"approx_kl":0.004133,"clipfrac":0.031,"reward_mean":-4.0443,"reward_std":24.665,"reward_min":-204.8832,"reward_max":467.3045,"reward_scale":1.0,"throttle_mean":0.7862,"throttle_min":0.1763,"throttle_max":0.9895,"spawn_curriculum_enabled":true,"spawn_curriculum_progress":0.086,"spawn_xy_half_width_m":0.629}
{"type":"train_update","update":23,"global_step":376832,"wall_s":271.3,"sps":1389.0,"loss":1676.127377,"loss_ema":1769.512515,"loss_plateau_delta":23.346285,"loss_plateau_count":0,"pg_loss":-0.001403,"v_loss":3352.238632,"entropy":-1.892414,"approx_kl":0.006601,"clipfrac":0.0499,"reward_mean":-4.3608,"reward_std":24.9092,"reward_min":-205.3247,"reward_max":423.6267,"reward_scale":1.0,"throttle_mean":0.7876,"throttle_min":0.1612,"throttle_max":0.9892,"spawn_curriculum_enabled":true,"spawn_curriculum_progress":0.0901,"spawn_xy_half_width_m":0.635}
{"type":"train_update","update":24,"global_step":393216,"wall_s":278.05,"sps":1414.2,"loss":1724.350227,"loss_ema":1760.480057,"loss_plateau_delta":9.032458,"loss_plateau_count":0,"pg_loss":-0.001516,"v_loss":3448.684555,"entropy":-1.892705,"approx_kl":0.00454,"clipfrac":0.0321,"reward_mean":-4.1329,"reward_std":25.1946,"reward_min":-205.4579,"reward_max":462.6149,"reward_scale":1.0,"throttle_mean":0.7943,"throttle_min":0.1917,"throttle_max":0.9912,"spawn_curriculum_enabled":true,"spawn_curriculum_progress":0.0942,"spawn_xy_half_width_m":0.641}
{"type":"train_update","update":25,"global_step":409600,"wall_s":284.44,"sps":1440.0,"loss":1702.1474,"loss_ema":1748.813526,"loss_plateau_delta":11.666532,"loss_plateau_count":0,"pg_loss":-0.001048,"v_loss":3404.278008,"entropy":-1.890169,"approx_kl":0.00578,"clipfrac":0.0398,"reward_mean":-4.3808,"reward_std":24.8745,"reward_min":-205.4629,"reward_max":448.9036,"reward_scale":1.0,"throttle_mean":0.7864,"throttle_min":0.1516,"throttle_max":0.9916,"spawn_curriculum_enabled":true,"spawn_curriculum_progress":0.0983,"spawn_xy_half_width_m":0.647}
{"type":"train_update","update":26,"global_step":425984,"wall_s":292.81,"sps":1454.8,"loss":1750.362453,"loss_ema":1749.123311,"loss_plateau_delta":0.309786,"loss_plateau_count":0,"pg_loss":-0.001919,"v_loss":3500.709869,"entropy":-1.88571,"approx_kl":0.004257,"clipfrac":0.0349,"reward_mean":-4.3834,"reward_std":25.4509,"reward_min":-205.6434,"reward_max":440.2257,"reward_scale":1.0,"throttle_mean":0.7817,"throttle_min":0.2041,"throttle_max":0.9842,"spawn_curriculum_enabled":true,"spawn_curriculum_progress":0.1024,"spawn_xy_half_width_m":0.654}
{"type":"train_update","update":27,"global_step":442368,"wall_s":299.53,"sps":1476.9,"loss":1574.688839,"loss_ema":1714.236417,"loss_plateau_delta":34.886894,"loss_plateau_count":0,"pg_loss":-0.00206,"v_loss":3149.362953,"entropy":-1.885071,"approx_kl":0.003617,"clipfrac":0.0227,"reward_mean":-4.2395,"reward_std":24.0519,"reward_min":-205.3572,"reward_max":447.4482,"reward_scale":1.0,"throttle_mean":0.785,"throttle_min":0.1717,"throttle_max":0.9877,"spawn_curriculum_enabled":true,"spawn_curriculum_progress":0.1065,"spawn_xy_half_width_m":0.66}
{"type":"train_update","update":28,"global_step":458752,"wall_s":306.38,"sps":1497.3,"loss":1761.612785,"loss_ema":1723.711691,"loss_plateau_delta":9.475274,"loss_plateau_count":0,"pg_loss":-0.00168,"v_loss":3523.210075,"entropy":-1.885924,"approx_kl":0.004235,"clipfrac":0.0281,"reward_mean":-4.2822,"reward_std":25.8604,"reward_min":-205.3827,"reward_max":457.4423,"reward_scale":1.0,"throttle_mean":0.7824,"throttle_min":0.1764,"throttle_max":0.9857,"spawn_curriculum_enabled":true,"spawn_curriculum_progress":0.1106,"spawn_xy_half_width_m":0.666}
{"type":"train_update","update":29,"global_step":475136,"wall_s":313.93,"sps":1513.5,"loss":1646.033909,"loss_ema":1708.176134,"loss_plateau_delta":15.535556,"loss_plateau_count":0,"pg_loss":0.000974,"v_loss":3292.047012,"entropy":-1.886573,"approx_kl":0.017097,"clipfrac":0.0908,"reward_mean":-4.1455,"reward_std":25.0068,"reward_min":-204.9931,"reward_max":433.643,"reward_scale":1.0,"throttle_mean":0.7839,"throttle_min":0.1256,"throttle_max":0.9861,"spawn_curriculum_enabled":true,"spawn_curriculum_progress":0.1147,"spawn_xy_half_width_m":0.672}
{"type":"train_update","update":30,"global_step":491520,"wall_s":321.14,"sps":1530.5,"loss":1807.77816,"loss_ema":1728.096539,"loss_plateau_delta":19.920405,"loss_plateau_count":0,"pg_loss":0.004095,"v_loss":3615.529289,"entropy":-1.883454,"approx_kl":0.016451,"clipfrac":0.1881,"reward_mean":-4.2578,"reward_std":26.3806,"reward_min":-205.8844,"reward_max":432.455,"reward_scale":1.0,"throttle_mean":0.7814,"throttle_min":0.2081,"throttle_max":0.9846,"spawn_curriculum_enabled":true,"spawn_curriculum_progress":0.1188,"spawn_xy_half_width_m":0.678}
{"type":"train_update","update":31,"global_step":507904,"wall_s":328.13,"sps":1547.9,"loss":1575.870216,"loss_ema":1697.651275,"loss_plateau_delta":30.445265,"loss_plateau_count":0,"pg_loss":0.001951,"v_loss":3151.717743,"entropy":-1.879265,"approx_kl":0.005453,"clipfrac":0.1268,"reward_mean":-4.3396,"reward_std":24.2437,"reward_min":-205.1337,"reward_max":419.3399,"reward_scale":1.0,"throttle_mean":0.7805,"throttle_min":0.1472,"throttle_max":0.9882,"spawn_curriculum_enabled":true,"spawn_curriculum_progress":0.1229,"spawn_xy_half_width_m":0.684}
step=507,904 reward_mean=-4.340 kl=0.00545 clipfrac=0.127 eval={'landed_fraction': 1.0, 'crashed_fraction': 1.0, 'mean_touchdown_speed': 0.04409610480070114, 'max_touchdown_speed': 0.4488012194633484, 'mean_pad_distance': 2.3092823028564453, 'max_pad_distance': 4.569481372833252, 'mean_delta_v_proxy': 16.840330123901367, 'mean_eval_throttle': 0.8065873587793774, 'max_eval_throttle': 0.8692700266838074, 'max_upward_speed': 1.869932770729065, 'max_downward_speed': 9.505169868469238, 'passed': False}
{"type":"train_update","update":32,"global_step":524288,"wall_s":385.8,"sps":1359.0,"loss":1359.470459,"loss_ema":1630.015112,"loss_plateau_delta":67.636163,"loss_plateau_count":0,"pg_loss":5.5e-05,"v_loss":2718.922012,"entropy":-1.880965,"approx_kl":0.00555,"clipfrac":0.071,"reward_mean":-3.6291,"reward_std":21.4748,"reward_min":-205.7514,"reward_max":433.9522,"reward_scale":1.0,"throttle_mean":0.7814,"throttle_min":0.1356,"throttle_max":0.9878,"spawn_curriculum_enabled":true,"spawn_curriculum_progress":0.127,"spawn_xy_half_width_m":0.69}
{"type":"train_update","update":33,"global_step":540672,"wall_s":392.76,"sps":1376.6,"loss":1666.408485,"loss_ema":1637.293786,"loss_plateau_delta":7.278675,"loss_plateau_count":0,"pg_loss":-0.001454,"v_loss":3332.800995,"entropy":-1.887507,"approx_kl":0.004363,"clipfrac":0.0438,"reward_mean":-4.2626,"reward_std":24.8476,"reward_min":-205.1129,"reward_max":453.6766,"reward_scale":1.0,"throttle_mean":0.7769,"throttle_min":0.1643,"throttle_max":0.9879,"spawn_curriculum_enabled":true,"spawn_curriculum_progress":0.1311,"spawn_xy_half_width_m":0.697}
{"type":"train_update","update":34,"global_step":557056,"wall_s":399.55,"sps":1394.2,"loss":1662.354832,"loss_ema":1642.305995,"loss_plateau_delta":5.012209,"loss_plateau_count":0,"pg_loss":-0.001475,"v_loss":3324.693733,"entropy":-1.88763,"approx_kl":0.003161,"clipfrac":0.0349,"reward_mean":-4.0797,"reward_std":25.4863,"reward_min":-205.4329,"reward_max":458.314,"reward_scale":1.0,"throttle_mean":0.7749,"throttle_min":0.1779,"throttle_max":0.9897,"spawn_curriculum_enabled":true,"spawn_curriculum_progress":0.1352,"spawn_xy_half_width_m":0.703}
{"type":"train_update","update":35,"global_step":573440,"wall_s":406.84,"sps":1409.5,"loss":1609.863724,"loss_ema":1635.817541,"loss_plateau_delta":6.488454,"loss_plateau_count":0,"pg_loss":-0.001056,"v_loss":3219.710655,"entropy":-1.88897,"approx_kl":0.005815,"clipfrac":0.037,"reward_mean":-3.9126,"reward_std":25.3145,"reward_min":-205.0912,"reward_max":455.0908,"reward_scale":1.0,"throttle_mean":0.7766,"throttle_min":0.1676,"throttle_max":0.983,"spawn_curriculum_enabled":true,"spawn_curriculum_progress":0.1393,"spawn_xy_half_width_m":0.709}
{"type":"train_update","update":36,"global_step":589824,"wall_s":414.31,"sps":1423.6,"loss":1847.898899,"loss_ema":1678.233813,"loss_plateau_delta":42.416272,"loss_plateau_count":0,"pg_loss":-0.001173,"v_loss":3695.781219,"entropy":-1.892146,"approx_kl":0.00504,"clipfrac":0.0377,"reward_mean":-4.0443,"reward_std":27.2462,"reward_min":-205.3686,"reward_max":444.7204,"reward_scale":1.0,"throttle_mean":0.7801,"throttle_min":0.1638,"throttle_max":0.9887,"spawn_curriculum_enabled":true,"spawn_curriculum_progress":0.1434,"spawn_xy_half_width_m":0.715}
{"type":"train_update","update":37,"global_step":606208,"wall_s":421.12,"sps":1439.5,"loss":1576.712646,"loss_ema":1657.929579,"loss_plateau_delta":20.304233,"loss_plateau_count":0,"pg_loss":-0.00155,"v_loss":3153.40947,"entropy":-1.893548,"approx_kl":0.003613,"clipfrac":0.023,"reward_mean":-3.9808,"reward_std":24.8245,"reward_min":-205.2667,"reward_max":446.6805,"reward_scale":1.0,"throttle_mean":0.784,"throttle_min":0.1871,"throttle_max":0.9902,"spawn_curriculum_enabled":true,"spawn_curriculum_progress":0.1475,"spawn_xy_half_width_m":0.721}
{"type":"train_update","update":38,"global_step":622592,"wall_s":427.5,"sps":1456.4,"loss":1625.722401,"loss_ema":1651.488144,"loss_plateau_delta":6.441436,"loss_plateau_count":0,"pg_loss":-0.001545,"v_loss":3251.42894,"entropy":-1.8962,"approx_kl":0.010468,"clipfrac":0.0767,"reward_mean":-4.1064,"reward_std":25.3033,"reward_min":-205.2445,"reward_max":451.8077,"reward_scale":1.0,"throttle_mean":0.7819,"throttle_min":0.1715,"throttle_max":0.9871,"spawn_curriculum_enabled":true,"spawn_curriculum_progress":0.1516,"spawn_xy_half_width_m":0.727}
{"type":"train_update","update":39,"global_step":638976,"wall_s":435.68,"sps":1466.6,"loss":1631.02206,"loss_ema":1647.394927,"loss_plateau_delta":4.093217,"loss_plateau_count":0,"pg_loss":-0.001753,"v_loss":3262.028694,"entropy":-1.895159,"approx_kl":0.003197,"clipfrac":0.0269,"reward_mean":-3.9944,"reward_std":25.3387,"reward_min":-205.0315,"reward_max":460.0665,"reward_scale":1.0,"throttle_mean":0.7857,"throttle_min":0.1602,"throttle_max":0.9903,"spawn_curriculum_enabled":true,"spawn_curriculum_progress":0.1556,"spawn_xy_half_width_m":0.733}
{"type":"train_update","update":40,"global_step":655360,"wall_s":442.52,"sps":1481.0,"loss":1615.140987,"loss_ema":1640.944139,"loss_plateau_delta":6.450788,"loss_plateau_count":0,"pg_loss":-0.001258,"v_loss":3230.265556,"entropy":-1.895927,"approx_kl":0.004519,"clipfrac":0.029,"reward_mean":-4.1427,"reward_std":25.4438,"reward_min":-204.9762,"reward_max":435.0502,"reward_scale":1.0,"throttle_mean":0.7871,"throttle_min":0.1186,"throttle_max":0.9891,"spawn_curriculum_enabled":true,"spawn_curriculum_progress":0.1597,"spawn_xy_half_width_m":0.74}
{"type":"train_update","update":41,"global_step":671744,"wall_s":449.25,"sps":1495.3,"loss":1473.202606,"loss_ema":1607.395833,"loss_plateau_delta":33.548307,"loss_plateau_count":0,"pg_loss":0.000135,"v_loss":2946.385986,"entropy":-1.895326,"approx_kl":0.003521,"clipfrac":0.0752,"reward_mean":-4.0248,"reward_std":24.095,"reward_min":-205.0183,"reward_max":422.4184,"reward_scale":1.0,"throttle_mean":0.7866,"throttle_min":0.2055,"throttle_max":0.986,"spawn_curriculum_enabled":true,"spawn_curriculum_progress":0.1638,"spawn_xy_half_width_m":0.746}
{"type":"train_update","update":42,"global_step":688128,"wall_s":456.57,"sps":1507.2,"loss":1542.534088,"loss_ema":1594.423484,"loss_plateau_delta":12.972349,"loss_plateau_count":0,"pg_loss":-0.00089,"v_loss":3085.050995,"entropy":-1.895981,"approx_kl":0.004796,"clipfrac":0.0433,"reward_mean":-3.9658,"reward_std":24.7811,"reward_min":-205.1658,"reward_max":453.6233,"reward_scale":1.0,"throttle_mean":0.787,"throttle_min":0.1607,"throttle_max":0.9893,"spawn_curriculum_enabled":true,"spawn_curriculum_progress":0.1679,"spawn_xy_half_width_m":0.752}
{"type":"train_update","update":43,"global_step":704512,"wall_s":463.17,"sps":1521.1,"loss":1543.970734,"loss_ema":1584.332934,"loss_plateau_delta":10.09055,"loss_plateau_count":0,"pg_loss":-0.001717,"v_loss":3087.925926,"entropy":-1.897103,"approx_kl":0.004059,"clipfrac":0.0343,"reward_mean":-3.9816,"reward_std":24.632,"reward_min":-205.6615,"reward_max":416.8517,"reward_scale":1.0,"throttle_mean":0.7884,"throttle_min":0.2167,"throttle_max":0.9866,"spawn_curriculum_enabled":true,"spawn_curriculum_progress":0.172,"spawn_xy_half_width_m":0.758}
{"type":"train_update","update":44,"global_step":720896,"wall_s":470.04,"sps":1533.7,"loss":1578.721066,"loss_ema":1583.21056,"loss_plateau_delta":1.122374,"loss_plateau_count":0,"pg_loss":-0.00149,"v_loss":3157.426132,"entropy":-1.896805,"approx_kl":0.005559,"clipfrac":0.0258,"reward_mean":-4.2042,"reward_std":25.3531,"reward_min":-205.4521,"reward_max":444.2326,"reward_scale":1.0,"throttle_mean":0.787,"throttle_min":0.1742,"throttle_max":0.9885,"spawn_curriculum_enabled":true,"spawn_curriculum_progress":0.1761,"spawn_xy_half_width_m":0.764}
{"type":"train_update","update":45,"global_step":737280,"wall_s":477.29,"sps":1544.7,"loss":1541.697781,"loss_ema":1574.908004,"loss_plateau_delta":8.302556,"loss_plateau_count":0,"pg_loss":-0.001471,"v_loss":3083.379509,"entropy":-1.89738,"approx_kl":0.003101,"clipfrac":0.0232,"reward_mean":-4.0458,"reward_std":24.7841,"reward_min":-205.2952,"reward_max":431.212,"reward_scale":1.0,"throttle_mean":0.7887,"throttle_min":0.1464,"throttle_max":0.9878,"spawn_curriculum_enabled":true,"spawn_curriculum_progress":0.1802,"spawn_xy_half_width_m":0.77}
{"type":"train_update","update":46,"global_step":753664,"wall_s":484.07,"sps":1556.9,"loss":1364.084282,"loss_ema":1532.74326,"loss_plateau_delta":42.164744,"loss_plateau_count":0,"pg_loss":-0.000761,"v_loss":2728.151146,"entropy":-1.896274,"approx_kl":0.004811,"clipfrac":0.0458,"reward_mean":-3.9677,"reward_std":23.3541,"reward_min":-204.8995,"reward_max":408.494,"reward_scale":1.0,"throttle_mean":0.7892,"throttle_min":0.1519,"throttle_max":0.9878,"spawn_curriculum_enabled":true,"spawn_curriculum_progress":0.1843,"spawn_xy_half_width_m":0.776}
step=753,664 reward_mean=-3.968 kl=0.00481 clipfrac=0.046 eval={'landed_fraction': 1.0, 'crashed_fraction': 1.0, 'mean_touchdown_speed': 0.028053274378180504, 'max_touchdown_speed': 0.47052258253097534, 'mean_pad_distance': 2.208815097808838, 'max_pad_distance': 5.01801872253418, 'mean_delta_v_proxy': 17.124008178710938, 'mean_eval_throttle': 0.8132319539123112, 'max_eval_throttle': 0.8928055763244629, 'max_upward_speed': 2.0465707778930664, 'max_downward_speed': 9.445402145385742, 'passed': False}
{"type":"train_update","update":47,"global_step":770048,"wall_s":539.56,"sps":1427.2,"loss":1255.26683,"loss_ema":1477.247974,"loss_plateau_delta":55.495286,"loss_plateau_count":0,"pg_loss":-0.001996,"v_loss":2510.5187,"entropy":-1.896023,"approx_kl":0.005057,"clipfrac":0.0436,"reward_mean":-3.4982,"reward_std":21.3202,"reward_min":-204.4164,"reward_max":451.8162,"reward_scale":1.0,"throttle_mean":0.7886,"throttle_min":0.1564,"throttle_max":0.9886,"spawn_curriculum_enabled":true,"spawn_curriculum_progress":0.1884,"spawn_xy_half_width_m":0.783}
{"type":"train_update","update":48,"global_step":786432,"wall_s":546.85,"sps":1438.1,"loss":1560.100883,"loss_ema":1493.818556,"loss_plateau_delta":16.570582,"loss_plateau_count":0,"pg_loss":-0.001281,"v_loss":3120.185379,"entropy":-1.894735,"approx_kl":0.003092,"clipfrac":0.0318,"reward_mean":-3.8902,"reward_std":24.9329,"reward_min":-205.1253,"reward_max":425.0921,"reward_scale":1.0,"throttle_mean":0.786,"throttle_min":0.1693,"throttle_max":0.9911,"spawn_curriculum_enabled":true,"spawn_curriculum_progress":0.1925,"spawn_xy_half_width_m":0.789}
{"type":"train_update","update":49,"global_step":802816,"wall_s":553.78,"sps":1449.7,"loss":1484.753769,"loss_ema":1492.005598,"loss_plateau_delta":1.812957,"loss_plateau_count":0,"pg_loss":-0.001185,"v_loss":2969.490974,"entropy":-1.892332,"approx_kl":0.004794,"clipfrac":0.0266,"reward_mean":-3.5997,"reward_std":24.7099,"reward_min":-205.313,"reward_max":440.4579,"reward_scale":1.0,"throttle_mean":0.7866,"throttle_min":0.1893,"throttle_max":0.9904,"spawn_curriculum_enabled":true,"spawn_curriculum_progress":0.1966,"spawn_xy_half_width_m":0.795}
{"type":"train_update","update":50,"global_step":819200,"wall_s":560.47,"sps":1461.6,"loss":1566.478832,"loss_ema":1506.900245,"loss_plateau_delta":14.894647,"loss_plateau_count":0,"pg_loss":-0.001001,"v_loss":3132.94075,"entropy":-1.891873,"approx_kl":0.002514,"clipfrac":0.0191,"reward_mean":-3.9939,"reward_std":25.4491,"reward_min":-205.1199,"reward_max":432.5801,"reward_scale":1.0,"throttle_mean":0.7842,"throttle_min":0.1887,"throttle_max":0.9878,"spawn_curriculum_enabled":true,"spawn_curriculum_progress":0.2007,"spawn_xy_half_width_m":0.801}
{"type":"train_update","update":51,"global_step":835584,"wall_s":567.72,"sps":1471.8,"loss":1577.825188,"loss_ema":1521.085234,"loss_plateau_delta":14.184989,"loss_plateau_count":0,"pg_loss":-0.000821,"v_loss":3155.633125,"entropy":-1.890312,"approx_kl":0.005484,"clipfrac":0.0382,"reward_mean":-4.0847,"reward_std":25.2705,"reward_min":-204.9859,"reward_max":452.2049,"reward_scale":1.0,"throttle_mean":0.7824,"throttle_min":0.1866,"throttle_max":0.985,"spawn_curriculum_enabled":true,"spawn_curriculum_progress":0.2048,"spawn_xy_half_width_m":0.807}
{"type":"train_update","update":52,"global_step":851968,"wall_s":574.42,"sps":1483.2,"loss":1559.983246,"loss_ema":1528.864836,"loss_plateau_delta":7.779602,"loss_plateau_count":0,"pg_loss":0.008641,"v_loss":3119.930359,"entropy":-1.886169,"approx_kl":0.013986,"clipfrac":0.1985,"reward_mean":-4.176,"reward_std":25.3831,"reward_min":-205.3357,"reward_max":434.3042,"reward_scale":1.0,"throttle_mean":0.7881,"throttle_min":0.1367,"throttle_max":0.9911,"spawn_curriculum_enabled":true,"spawn_curriculum_progress":0.2089,"spawn_xy_half_width_m":0.813}
{"type":"train_update","update":53,"global_step":868352,"wall_s":581.05,"sps":1494.5,"loss":1596.327564,"loss_ema":1542.357382,"loss_plateau_delta":13.492546,"loss_plateau_count":0,"pg_loss":0.002763,"v_loss":3192.630783,"entropy":-1.880506,"approx_kl":0.007262,"clipfrac":0.1469,"reward_mean":-3.9233,"reward_std":25.7009,"reward_min":-205.2437,"reward_max":444.0121,"reward_scale":1.0,"throttle_mean":0.7778,"throttle_min":0.1711,"throttle_max":0.9852,"spawn_curriculum_enabled":true,"spawn_curriculum_progress":0.213,"spawn_xy_half_width_m":0.819}
{"type":"train_update","update":54,"global_step":884736,"wall_s":589.23,"sps":1501.5,"loss":1564.518715,"loss_ema":1546.789648,"loss_plateau_delta":4.432267,"loss_plateau_count":0,"pg_loss":-0.000954,"v_loss":3129.020515,"entropy":-1.880318,"approx_kl":0.004392,"clipfrac":0.0199,"reward_mean":-4.125,"reward_std":25.7465,"reward_min":-205.455,"reward_max":452.6692,"reward_scale":1.0,"throttle_mean":0.7758,"throttle_min":0.1312,"throttle_max":0.9873,"spawn_curriculum_enabled":true,"spawn_curriculum_progress":0.2171,"spawn_xy_half_width_m":0.826}
{"type":"train_update","update":55,"global_step":901120,"wall_s":596.26,"sps":1511.3,"loss":1555.589123,"loss_ema":1548.549543,"loss_plateau_delta":1.759895,"loss_plateau_count":0,"pg_loss":-0.001452,"v_loss":3111.162315,"entropy":-1.882764,"approx_kl":0.003903,"clipfrac":0.0262,"reward_mean":-4.2696,"reward_std":25.2235,"reward_min":-205.3286,"reward_max":416.7299,"reward_scale":1.0,"throttle_mean":0.7757,"throttle_min":0.1562,"throttle_max":0.9863,"spawn_curriculum_enabled":true,"spawn_curriculum_progress":0.2212,"spawn_xy_half_width_m":0.832}
{"type":"train_update","update":56,"global_step":917504,"wall_s":603.04,"sps":1521.5,"loss":1576.97208,"loss_ema":1554.234051,"loss_plateau_delta":5.684507,"loss_plateau_count":0,"pg_loss":-0.002353,"v_loss":3153.930046,"entropy":-1.881597,"approx_kl":0.003889,"clipfrac":0.0316,"reward_mean":-4.2067,"reward_std":25.7087,"reward_min":-205.2421,"reward_max":426.5518,"reward_scale":1.0,"throttle_mean":0.7756,"throttle_min":0.1278,"throttle_max":0.9865,"spawn_curriculum_enabled":true,"spawn_curriculum_progress":0.2253,"spawn_xy_half_width_m":0.838}
{"type":"train_update","update":57,"global_step":933888,"wall_s":610.42,"sps":1529.9,"loss":1604.866978,"loss_ema":1564.360636,"loss_plateau_delta":10.126585,"loss_plateau_count":0,"pg_loss":-0.00182,"v_loss":3209.718773,"entropy":-1.883879,"approx_kl":0.004263,"clipfrac":0.0222,"reward_mean":-4.3739,"reward_std":25.9724,"reward_min":-205.5871,"reward_max":446.2458,"reward_scale":1.0,"throttle_mean":0.7708,"throttle_min":0.1656,"throttle_max":0.9884,"spawn_curriculum_enabled":true,"spawn_curriculum_progress":0.2294,"spawn_xy_half_width_m":0.844}
{"type":"train_update","update":58,"global_step":950272,"wall_s":617.76,"sps":1538.3,"loss":1582.950607,"loss_ema":1568.07863,"loss_plateau_delta":3.717994,"loss_plateau_count":0,"pg_loss":-0.001321,"v_loss":3165.885002,"entropy":-1.884519,"approx_kl":0.003963,"clipfrac":0.0198,"reward_mean":-4.4326,"reward_std":25.9352,"reward_min":-205.2148,"reward_max":449.4165,"reward_scale":1.0,"throttle_mean":0.7721,"throttle_min":0.1545,"throttle_max":0.9814,"spawn_curriculum_enabled":true,"spawn_curriculum_progress":0.2335,"spawn_xy_half_width_m":0.85}
{"type":"train_update","update":59,"global_step":966656,"wall_s":624.57,"sps":1547.7,"loss":1598.139671,"loss_ema":1574.090839,"loss_plateau_delta":6.012208,"loss_plateau_count":0,"pg_loss":-0.001173,"v_loss":3196.262848,"entropy":-1.883816,"approx_kl":0.005287,"clipfrac":0.0299,"reward_mean":-3.8825,"reward_std":26.5166,"reward_min":-205.8306,"reward_max":445.5468,"reward_scale":1.0,"throttle_mean":0.7696,"throttle_min":0.1476,"throttle_max":0.9884,"spawn_curriculum_enabled":true,"spawn_curriculum_progress":0.2376,"spawn_xy_half_width_m":0.856}
{"type":"train_update","update":60,"global_step":983040,"wall_s":631.42,"sps":1556.9,"loss":1442.780823,"loss_ema":1547.828835,"loss_plateau_delta":26.262003,"loss_plateau_count":0,"pg_loss":-0.001673,"v_loss":2885.546158,"entropy":-1.884236,"approx_kl":0.004719,"clipfrac":0.0196,"reward_mean":-3.9281,"reward_std":24.6729,"reward_min":-205.0997,"reward_max":448.7413,"reward_scale":1.0,"throttle_mean":0.7696,"throttle_min":0.143,"throttle_max":0.9912,"spawn_curriculum_enabled":true,"spawn_curriculum_progress":0.2417,"spawn_xy_half_width_m":0.862}
{"type":"train_update","update":61,"global_step":999424,"wall_s":639.59,"sps":1562.6,"loss":1627.296101,"loss_ema":1563.722288,"loss_plateau_delta":15.893453,"loss_plateau_count":0,"pg_loss":-0.002247,"v_loss":3254.577858,"entropy":-1.883694,"approx_kl":0.003158,"clipfrac":0.019,"reward_mean":-4.0171,"reward_std":26.5231,"reward_min":-205.3832,"reward_max":456.0087,"reward_scale":1.0,"throttle_mean":0.7708,"throttle_min":0.161,"throttle_max":0.9916,"spawn_curriculum_enabled":true,"spawn_curriculum_progress":0.2458,"spawn_xy_half_width_m":0.869}
{"type":"train_update","update":62,"global_step":1015808,"wall_s":646.56,"sps":1571.1,"loss":1542.755566,"loss_ema":1559.528944,"loss_plateau_delta":4.193345,"loss_plateau_count":0,"pg_loss":-0.001574,"v_loss":3085.495438,"entropy":-1.884221,"approx_kl":0.007326,"clipfrac":0.0355,"reward_mean":-4.168,"reward_std":25.8196,"reward_min":-205.4406,"reward_max":454.2131,"reward_scale":1.0,"throttle_mean":0.7717,"throttle_min":0.1951,"throttle_max":0.9902,"spawn_curriculum_enabled":true,"spawn_curriculum_progress":0.2499,"spawn_xy_half_width_m":0.875}
step=1,015,808 reward_mean=-4.168 kl=0.00733 clipfrac=0.035 eval={'landed_fraction': 1.0, 'crashed_fraction': 1.0, 'mean_touchdown_speed': 0.03322555124759674, 'max_touchdown_speed': 0.4447275996208191, 'mean_pad_distance': 2.0014638900756836, 'max_pad_distance': 4.608990669250488, 'mean_delta_v_proxy': 16.652530670166016, 'mean_eval_throttle': 0.8021412407689624, 'max_eval_throttle': 0.8745195269584656, 'max_upward_speed': 1.7255476713180542, 'max_downward_speed': 9.305252075195312, 'passed': False}
{"type":"train_update","update":63,"global_step":1032192,"wall_s":704.13,"sps":1465.9,"loss":1216.118622,"loss_ema":1490.846879,"loss_plateau_delta":68.682064,"loss_plateau_count":0,"pg_loss":-0.001842,"v_loss":2432.222076,"entropy":-1.885138,"approx_kl":0.00404,"clipfrac":0.0307,"reward_mean":-3.299,"reward_std":21.8449,"reward_min":-205.1178,"reward_max":441.3435,"reward_scale":1.0,"throttle_mean":0.7794,"throttle_min":0.1567,"throttle_max":0.9898,"spawn_curriculum_enabled":true,"spawn_curriculum_progress":0.254,"spawn_xy_half_width_m":0.881}
{"type":"train_update","update":64,"global_step":1048576,"wall_s":711.15,"sps":1474.5,"loss":1512.081074,"loss_ema":1495.093718,"loss_plateau_delta":4.246839,"loss_plateau_count":0,"pg_loss":-0.001799,"v_loss":3024.146889,"entropy":-1.884872,"approx_kl":0.004751,"clipfrac":0.0335,"reward_mean":-3.7029,"reward_std":25.5325,"reward_min":-205.5866,"reward_max":435.2532,"reward_scale":1.0,"throttle_mean":0.7759,"throttle_min":0.1599,"throttle_max":0.984,"spawn_curriculum_enabled":true,"spawn_curriculum_progress":0.258,"spawn_xy_half_width_m":0.887}
{"type":"train_update","update":65,"global_step":1064960,"wall_s":718.41,"sps":1482.4,"loss":1463.674229,"loss_ema":1488.80982,"loss_plateau_delta":6.283898,"loss_plateau_count":0,"pg_loss":-0.001934,"v_loss":2927.33345,"entropy":-1.886188,"approx_kl":0.004034,"clipfrac":0.0317,"reward_mean":-3.9522,"reward_std":25.2078,"reward_min":-205.3923,"reward_max":440.5628,"reward_scale":1.0,"throttle_mean":0.7761,"throttle_min":0.1593,"throttle_max":0.9877,"spawn_curriculum_enabled":true,"spawn_curriculum_progress":0.2621,"spawn_xy_half_width_m":0.893}
{"type":"train_update","update":66,"global_step":1081344,"wall_s":725.79,"sps":1489.9,"loss":1343.819717,"loss_ema":1459.8118,"loss_plateau_delta":28.998021,"loss_plateau_count":0,"pg_loss":-0.00213,"v_loss":2687.624832,"entropy":-1.887649,"approx_kl":0.005899,"clipfrac":0.0492,"reward_mean":-3.947,"reward_std":24.4642,"reward_min":-205.4951,"reward_max":439.3442,"reward_scale":1.0,"throttle_mean":0.7769,"throttle_min":0.1663,"throttle_max":0.9924,"spawn_curriculum_enabled":true,"spawn_curriculum_progress":0.2662,"spawn_xy_half_width_m":0.899}
{"type":"train_update","update":67,"global_step":1097728,"wall_s":733.16,"sps":1497.3,"loss":1426.925552,"loss_ema":1453.23455,"loss_plateau_delta":6.577249,"loss_plateau_count":0,"pg_loss":-0.001069,"v_loss":2853.834396,"entropy":-1.884431,"approx_kl":0.005452,"clipfrac":0.0406,"reward_mean":-4.0716,"reward_std":24.7682,"reward_min":-205.3421,"reward_max":448.4893,"reward_scale":1.0,"throttle_mean":0.7815,"throttle_min":0.2028,"throttle_max":0.9858,"spawn_curriculum_enabled":true,"spawn_curriculum_progress":0.2703,"spawn_xy_half_width_m":0.906}
{"type":"train_update","update":68,"global_step":1114112,"wall_s":740.44,"sps":1504.7,"loss":1515.79353,"loss_ema":1465.746346,"loss_plateau_delta":12.511796,"loss_plateau_count":0,"pg_loss":-0.001122,"v_loss":3031.570473,"entropy":-1.882799,"approx_kl":0.00376,"clipfrac":0.0396,"reward_mean":-3.9004,"reward_std":26.0153,"reward_min":-205.2577,"reward_max":447.5319,"reward_scale":1.0,"throttle_mean":0.7825,"throttle_min":0.1703,"throttle_max":0.988,"spawn_curriculum_enabled":true,"spawn_curriculum_progress":0.2744,"spawn_xy_half_width_m":0.912}
{"type":"train_update","update":69,"global_step":1130496,"wall_s":747.33,"sps":1512.7,"loss":1392.817581,"loss_ema":1451.160593,"loss_plateau_delta":14.585753,"loss_plateau_count":0,"pg_loss":-0.000881,"v_loss":2785.618111,"entropy":-1.882663,"approx_kl":0.003442,"clipfrac":0.0363,"reward_mean":-3.8603,"reward_std":24.7964,"reward_min":-205.2289,"reward_max":464.321,"reward_scale":1.0,"throttle_mean":0.7826,"throttle_min":0.1701,"throttle_max":0.9864,"spawn_curriculum_enabled":true,"spawn_curriculum_progress":0.2785,"spawn_xy_half_width_m":0.918}
{"type":"train_update","update":70,"global_step":1146880,"wall_s":755.2,"sps":1518.6,"loss":1353.441696,"loss_ema":1431.616814,"loss_plateau_delta":19.543779,"loss_plateau_count":0,"pg_loss":0.002454,"v_loss":2706.859657,"entropy":-1.881472,"approx_kl":0.00392,"clipfrac":0.1284,"reward_mean":-4.2169,"reward_std":24.1389,"reward_min":-205.8111,"reward_max":451.6306,"reward_scale":1.0,"throttle_mean":0.7777,"throttle_min":0.2112,"throttle_max":0.984,"spawn_curriculum_enabled":true,"spawn_curriculum_progress":0.2826,"spawn_xy_half_width_m":0.924}
{"type":"train_update","update":71,"global_step":1163264,"wall_s":762.1,"sps":1526.4,"loss":1389.289944,"loss_ema":1423.15144,"loss_plateau_delta":8.465374,"loss_plateau_count":0,"pg_loss":0.004722,"v_loss":2778.551628,"entropy":-1.880815,"approx_kl":0.018286,"clipfrac":0.1742,"reward_mean":-4.0484,"reward_std":24.8129,"reward_min":-205.1841,"reward_max":452.563,"reward_scale":1.0,"throttle_mean":0.7762,"throttle_min":0.1654,"throttle_max":0.9885,"spawn_curriculum_enabled":true,"spawn_curriculum_progress":0.2867,"spawn_xy_half_width_m":0.93}
{"type":"train_update","update":72,"global_step":1179648,"wall_s":768.69,"sps":1534.6,"loss":1404.602779,"loss_ema":1419.441708,"loss_plateau_delta":3.709732,"loss_plateau_count":0,"pg_loss":-0.001966,"v_loss":2809.190681,"entropy":-1.880334,"approx_kl":0.003543,"clipfrac":0.0207,"reward_mean":-3.7802,"reward_std":25.3457,"reward_min":-205.451,"reward_max":448.4477,"reward_scale":1.0,"throttle_mean":0.7763,"throttle_min":0.1906,"throttle_max":0.9883,"spawn_curriculum_enabled":true,"spawn_curriculum_progress":0.2908,"spawn_xy_half_width_m":0.936}
{"type":"train_update","update":73,"global_step":1196032,"wall_s":777.05,"sps":1539.2,"loss":1355.148922,"loss_ema":1406.583151,"loss_plateau_delta":12.858557,"loss_plateau_count":0,"pg_loss":-0.001441,"v_loss":2710.281952,"entropy":-1.87654,"approx_kl":0.00444,"clipfrac":0.0178,"reward_mean":-3.8994,"reward_std":24.7051,"reward_min":-205.4313,"reward_max":424.0507,"reward_scale":1.0,"throttle_mean":0.7738,"throttle_min":0.1541,"throttle_max":0.988,"spawn_curriculum_enabled":true,"spawn_curriculum_progress":0.2949,"spawn_xy_half_width_m":0.942}
{"type":"train_update","update":74,"global_step":1212416,"wall_s":783.83,"sps":1546.8,"loss":1561.869205,"loss_ema":1437.640362,"loss_plateau_delta":31.057211,"loss_plateau_count":0,"pg_loss":-0.00139,"v_loss":3123.722435,"entropy":-1.874104,"approx_kl":0.005557,"clipfrac":0.0293,"reward_mean":-4.1306,"reward_std":26.5985,"reward_min":-205.6015,"reward_max":464.4915,"reward_scale":1.0,"throttle_mean":0.7712,"throttle_min":0.1183,"throttle_max":0.9879,"spawn_curriculum_enabled":true,"spawn_curriculum_progress":0.299,"spawn_xy_half_width_m":0.949}
{"type":"train_update","update":75,"global_step":1228800,"wall_s":790.54,"sps":1554.4,"loss":1213.631611,"loss_ema":1392.838611,"loss_plateau_delta":44.80175,"loss_plateau_count":0,"pg_loss":-0.001394,"v_loss":2427.247269,"entropy":-1.873819,"approx_kl":0.004848,"clipfrac":0.0243,"reward_mean":-3.3414,"reward_std":23.5789,"reward_min":-205.233,"reward_max":431.2562,"reward_scale":1.0,"throttle_mean":0.769,"throttle_min":0.1381,"throttle_max":0.9897,"spawn_curriculum_enabled":true,"spawn_curriculum_progress":0.3031,"spawn_xy_half_width_m":0.955}
{"type":"train_update","update":76,"global_step":1245184,"wall_s":798.46,"sps":1559.5,"loss":1420.444958,"loss_ema":1398.359881,"loss_plateau_delta":5.521269,"loss_plateau_count":0,"pg_loss":-0.001628,"v_loss":2840.87442,"entropy":-1.872889,"approx_kl":0.004257,"clipfrac":0.0406,"reward_mean":-4.0238,"reward_std":25.4398,"reward_min":-205.4213,"reward_max":449.8231,"reward_scale":1.0,"throttle_mean":0.7732,"throttle_min":0.1267,"throttle_max":0.9865,"spawn_curriculum_enabled":true,"spawn_curriculum_progress":0.3072,"spawn_xy_half_width_m":0.961}
{"type":"train_update","update":77,"global_step":1261568,"wall_s":805.33,"sps":1566.5,"loss":1485.261208,"loss_ema":1415.740146,"loss_plateau_delta":17.380265,"loss_plateau_count":0,"pg_loss":-0.001074,"v_loss":2970.505859,"entropy":-1.870359,"approx_kl":0.003722,"clipfrac":0.0239,"reward_mean":-4.0439,"reward_std":26.2914,"reward_min":-204.8543,"reward_max":423.1879,"reward_scale":1.0,"throttle_mean":0.7786,"throttle_min":0.1318,"throttle_max":0.9887,"spawn_curriculum_enabled":true,"spawn_curriculum_progress":0.3113,"spawn_xy_half_width_m":0.967}
