PPO training starting: task=landing, total_steps=250000, bc_steps=2000, headless=False
[Info] [carb] Logging to file: c:/transformer-rl-retro-propulsion/env_isaaclab/lib/site-packages/isaacsim/kit/logs/Kit/Isaac-Sim Python/5.1/kit_20260426_123954.log
[0.361s] [ext: omni.kit.async_engine-0.0.3] startup
[0.610s] [ext: omni.metrics.core-0.0.3] startup
[0.613s] [ext: omni.client.lib-1.1.0] startup
[0.730s] [ext: omni.blobkey-1.1.2] startup
[0.733s] [ext: omni.stats-1.0.1] startup
[0.744s] [ext: omni.datastore-0.0.0] startup
[0.751s] [ext: omni.client-1.3.0] startup
[0.866s] [ext: omni.ujitso.default-1.0.0] startup
[0.878s] [ext: omni.hsscclient-1.1.2] startup
[0.905s] [ext: omni.gpu_foundation.shadercache.vulkan-1.0.0] startup
[0.913s] [ext: omni.assets.plugins-0.0.0] startup
[0.929s] [ext: omni.gpu_foundation-0.0.0] startup
[1.063s] [ext: carb.windowing.plugins-1.0.0] startup
2026-04-26T17:39:56Z [1,667ms] [Warning] [carb.windowing-glfw.gamepad] Joystick with unknown remapping detected (will be ignored):  Saitek Pro Flight Rudder Pedals [03000000a30600006307000000000000]
2026-04-26T17:39:56Z [1,667ms] [Warning] [carb.windowing-glfw.gamepad] Joystick with unknown remapping detected (will be ignored):  3Dconnexion KMJ Emulator [03000000efbe00006d04000000000000]
2026-04-26T17:39:56Z [1,667ms] [Warning] [carb.windowing-glfw.gamepad] Joystick with unknown remapping detected (will be ignored):  Joystick - HOTAS Warthog [030000004f0400000204000000000000]
[1.933s] [ext: omni.kit.renderer.init-0.0.0] startup
[1.938s] [ext: omni.materialx.libs-1.0.7] startup
[2.010s] [ext: omni.usd.config-1.0.6] startup
[2.054s] [ext: omni.gpucompute.plugins-0.0.0] startup
[2.123s] [ext: omni.usd.libs-1.0.1] startup
[2.854s] [ext: omni.mdl-56.0.3] startup
[3.155s] [ext: omni.iray.libs-0.0.0] startup
[3.395s] [ext: omni.mdl.neuraylib-0.2.12] startup
[3.417s] [ext: omni.kit.usd.mdl-1.1.5] startup

|---------------------------------------------------------------------------------------------|
| Driver Version: 580.88        | Graphics API: Vulkan
|=============================================================================================|
| GPU | Name                             | Active | LDA | GPU Memory | Vendor-ID | LUID       |
|     |                                  |        |     |            | Device-ID | UUID       |
|     |                                  |        |     |            | Bus-ID    |            |
|---------------------------------------------------------------------------------------------|
| 0   | NVIDIA GeForce RTX 5070          | Yes: 0 |     | 11855   MB | 10de      | b42b0100.. |
|     |                                  |        |     |            | 2f04      | 36fdc134.. |
|     |                                  |        |     |            | 1         |            |
|=============================================================================================|
| OS: Windows 11 Pro, Version: 10.0 (25H2), Build: 26200, Kernel: 10.0.26100.8246
| Processor: AMD Ryzen 9 9900X 12-Core Processor            
| Cores: 12 | Logical Cores: 24
|---------------------------------------------------------------------------------------------|
| Total Memory (MB): 32360 | Free Memory: 20973
| Total Page/Swap (MB): 40011 | Free Page/Swap: 8997
|---------------------------------------------------------------------------------------------|
[3.940s] [ext: omni.kit.pipapi-0.0.0] startup
[3.942s] [ext: omni.kit.loop-isaac-1.3.7] startup
[3.947s] [ext: omni.kit.test-2.0.1] startup
[4.102s] [ext: omni.kit.telemetry-0.5.2] startup
[4.136s] [ext: omni.appwindow-1.1.10] startup
[4.163s] [ext: omni.kit.renderer.core-1.1.0] startup
[4.178s] [ext: omni.kit.renderer.capture-0.0.0] startup
[4.192s] [ext: omni.kit.renderer.imgui-2.0.5] startup
[4.232s] [ext: omni.ui-2.27.1] startup
[4.272s] [ext: omni.kit.mainwindow-1.0.3] startup
[4.275s] [ext: carb.audio-0.1.0] startup
[4.283s] [ext: omni.uiaudio-1.0.0] startup
[4.293s] [ext: omni.kit.uiapp-0.0.0] startup
[4.293s] [ext: omni.usd.schema.metrics.assembler-107.3.1] startup
[4.312s] [ext: omni.anim.navigation.schema-107.3.3] startup
[4.330s] [ext: omni.usd.schema.anim-0.0.0] startup
[4.441s] [ext: omni.usd.schema.audio-0.0.0] startup
[4.458s] [ext: omni.usd.schema.omniscripting-1.0.0] startup
[4.480s] [ext: omni.usd.schema.physx-107.3.26] startup
[4.597s] [ext: omni.usd_resolver-1.0.0] startup
[4.626s] [ext: omni.usd.core-1.5.3] startup
[4.635s] [ext: omni.usd.schema.omni_sensors-0.0.0] startup
[4.711s] [ext: omni.usd.schema.omnigraph-1.0.0] startup
[4.745s] [ext: omni.usd.schema.semantics-0.0.0] startup
[4.764s] [ext: omni.usd.schema.geospatial-0.0.0] startup
[4.786s] [ext: omni.kit.window.popup_dialog-2.0.24] startup
[4.799s] [ext: omni.activity.core-1.0.3] startup
[4.806s] [ext: omni.kit.widget.nucleus_connector-2.0.1] startup
[4.814s] [ext: omni.kit.usd_undo-0.1.8] startup
[4.815s] [ext: omni.graph.exec-0.9.6] startup
[4.819s] [ext: omni.kit.actions.core-1.0.0] startup
[4.834s] [ext: usdrt.scenegraph-7.6.1] startup
[5.026s] [ext: omni.resourcemonitor-107.0.1] startup
[5.037s] [ext: omni.kit.exec.core-0.13.4] startup
[5.049s] [ext: omni.timeline-1.0.14] startup
[5.062s] [ext: omni.kit.commands-1.4.10] startup
[5.082s] [ext: omni.kit.audiodeviceenum-1.0.2] startup
[5.093s] [ext: omni.hydra.usdrt_delegate-7.5.1] startup
[5.124s] [ext: omni.hydra.scene_delegate-0.3.4] startup
[5.136s] [ext: omni.usd-1.13.10] startup
[6.339s] [ext: omni.inspect-1.0.2] startup
[6.350s] [ext: omni.kit.notification_manager-1.0.10] startup
[6.355s] [ext: omni.graph.core-2.184.5] startup
[6.374s] [ext: isaacsim.core.deprecation_manager-0.2.7] startup
[6.376s] [ext: omni.anim.graph.schema-107.3.3] startup
[6.409s] [ext: omni.usd.schema.flow-107.1.1] startup
[6.411s] [ext: omni.usd.schema.isaac-3.0.5] startup
[6.411s] [ext: omni.usd.schema.omni_lens_distortion-0.0.0] startup
[6.413s] [ext: isaacsim.robot.schema-3.6.0] startup
[6.461s] [ext: omni.kit.asset_converter-5.0.17] startup
[6.516s] [ext: omni.usd.schema.render_settings.rtx-0.0.0] startup
[6.519s] [ext: omni.kit.helper.file_utils-0.1.9] startup
[6.523s] [ext: omni.kit.menu.core-1.1.2] startup
[6.525s] [ext: omni.kit.widget.path_field-2.0.11] startup
[6.528s] [ext: omni.kit.widget.filebrowser-2.12.3] startup
[6.546s] [ext: omni.kit.widget.context_menu-1.2.5] startup
[6.550s] [ext: omni.kit.widget.browser_bar-2.0.10] startup
[6.553s] [ext: omni.kit.clipboard-1.0.5] startup
[6.556s] [ext: omni.kit.widget.options_menu-1.1.6] startup
[6.567s] [ext: omni.ui.scene-1.11.5] startup
[6.584s] [ext: omni.kit.widget.options_button-1.0.3] startup
[6.586s] [ext: omni.kit.usd.layers-2.2.11] startup
[6.614s] [ext: omni.kit.window.filepicker-2.13.4] startup
[6.664s] [ext: omni.kit.widget.filter-1.1.4] startup
[6.666s] [ext: omni.kit.hotkeys.core-1.3.10] startup
[6.676s] [ext: omni.kit.context_menu-1.8.6] startup
[6.681s] [ext: omni.kit.property.adapter.core-1.0.2] startup
[6.688s] [ext: omni.kit.window.file_exporter-1.0.33] startup
[6.699s] [ext: omni.kit.widget.searchfield-1.1.8] startup
[6.703s] [ext: omni.kit.numpy.common-0.1.3] startup
[6.708s] [ext: omni.kit.widget.stage-3.1.4] startup
[6.750s] [ext: omni.kit.property.adapter.usd-1.0.2] startup
[6.753s] [ext: omni.kit.property.adapter.fabric-1.0.3] startup
[6.757s] [ext: isaacsim.core.version-2.0.6] startup
[6.759s] [ext: omni.kit.window.file_importer-1.1.18] startup
[6.761s] [ext: omni.kit.stage_template.core-1.1.22] startup
[6.763s] [ext: omni.kit.menu.utils-2.0.5] startup
[6.771s] [ext: omni.kit.window.file-2.0.5] startup
[6.781s] [ext: omni.kit.window.drop_support-1.0.5] startup
[6.782s] [ext: omni.kit.widget.highlight_label-1.0.3] startup
[6.785s] [ext: omni.kit.window.content_browser_registry-0.0.6] startup
[6.787s] [ext: omni.kit.widget.graph-2.0.0] startup
[6.803s] [ext: omni.kit.window.property-1.12.1] startup
[7.190s] [ext: omni.kit.window.content_browser-3.1.3] startup
[7.215s] [ext: omni.kit.graph.delegate.default-1.2.3] startup
[7.217s] [ext: omni.kit.property.usd-4.5.12] startup
[7.242s] [ext: omni.convexdecomposition-107.3.26] startup
[7.255s] [ext: omni.kit.graph.editor.core-1.5.3] startup
[7.264s] [ext: omni.kit.material.library-2.0.7] startup
[7.279s] [ext: omni.kvdb-107.3.26] startup
[7.290s] [ext: omni.usdphysics-107.3.26] startup
[7.296s] [ext: omni.physx.foundation-107.3.26] startup
[7.314s] [ext: omni.localcache-107.3.26] startup
[7.323s] [ext: omni.kit.graph.usd.commands-1.3.1] startup
[7.325s] [ext: omni.physx.cooking-107.3.26] startup
[7.344s] [ext: omni.physics-107.3.26] startup
[7.359s] [ext: omni.physx-107.3.26] startup
[7.400s] [ext: omni.physics.stageupdate-107.3.26] startup
[7.410s] [ext: omni.physics.physx-107.3.26] startup
2026-04-26T17:40:01Z [7,148ms] [Warning] [carb] Acquiring non optional plugin interface which is not listed as dependency: [omni::physx::IPhysxBenchmarks v1.0] (plugin: <default plugin>), by client: omni.physics.physx.plugin. Add it to CARB_PLUGIN_IMPL_DEPS() macro of a client.
[7.414s] [ext: omni.index.libs-380600.8087.0] startup
[7.414s] [ext: omni.index-1.0.1] startup
[7.418s] [ext: omni.volume-0.5.2] startup
[7.452s] [ext: omni.ujitso.client-0.0.0] startup
[7.455s] [ext: omni.hydra.rtx.shadercache.vulkan-1.0.0] startup
[7.459s] [ext: omni.kit.widget.searchable_combobox-1.0.6] startup
[7.463s] [ext: omni.hydra.rtx-1.0.0] startup
[7.704s] [ext: omni.kit.widget.settings-1.2.6] startup
[7.709s] [ext: omni.kit.hydra_texture-1.4.6] startup
[7.718s] [ext: omni.graph.tools-1.79.2] startup
[7.792s] [ext: omni.kit.window.preferences-1.8.0] startup
[7.811s] [ext: omni.kit.widget.material_preview-1.0.16] startup
[7.816s] [ext: omni.graph-1.141.2] startup
[7.915s] [ext: omni.kit.window.material_graph-1.9.1] startup
[7.939s] [ext: omni.isaac.dynamic_control-2.0.7] startup
2026-04-26T17:40:02Z [7,693ms] [Warning] [omni.isaac.dynamic_control] omni.isaac.dynamic_control is deprecated as of Isaac Sim 4.5. No action is needed from end-users.
[7.961s] [ext: isaacsim.storage.native-1.5.1] startup
[7.966s] [ext: omni.graph.scriptnode-1.50.0] startup
[7.970s] [ext: omni.hydra.engine.stats-1.0.3] startup
[7.977s] [ext: omni.kit.viewport.legacy_gizmos-1.0.19] startup
[7.983s] [ext: omni.kit.raycast.query-1.1.0] startup
[7.997s] [ext: omni.graph.action_core-1.1.7] startup
[8.026s] [ext: omni.kit.viewport.scene_camera_model-1.0.6] startup
[8.034s] [ext: omni.graph.image.core-0.6.1] startup
[8.039s] [ext: omni.kit.widget.viewport-107.1.3] startup
[8.056s] [ext: omni.kit.viewport.registry-104.0.6] startup
[8.058s] [ext: omni.usd.metrics.assembler-107.3.1] startup
[8.074s] [ext: omni.kit.viewport.window-107.2.0] startup
[8.104s] [ext: omni.kit.viewport.menubar.core-107.2.1] startup
[8.142s] [ext: omni.graph.image.nodes-1.3.1] startup
[8.150s] [ext: omni.usd.metrics.assembler.physics-107.3.26] startup
[8.155s] [ext: omni.warp.core-1.8.2] startup
[8.300s] [ext: omni.kit.viewport.utility-1.1.2] startup
[8.302s] [ext: omni.physics.tensors-107.3.26] startup
[8.319s] [ext: omni.syntheticdata-0.6.13] startup
[8.378s] [ext: isaacsim.test.docstring-1.1.0] startup
[8.392s] [ext: isaacsim.core.utils-3.5.1] startup
[8.405s] [ext: omni.physx.tensors-107.3.26] startup
[8.415s] [ext: omni.graph.nodes-1.170.10] startup
[8.519s] [ext: omni.graph.action_nodes-1.50.4] startup
[8.533s] [ext: omni.kit.primitive.mesh-1.0.17] startup
[8.549s] [ext: isaacsim.core.simulation_manager-1.4.4] startup
[13.306s] [ext: omni.graph.ui_nodes-1.50.5] startup
[13.322s] [ext: omni.graph.action-1.130.0] startup
[13.324s] [ext: omni.kit.stage_templates-2.0.0] startup
[13.337s] [ext: isaacsim.core.prims-0.6.1] startup
[13.383s] [ext: omni.warp-1.8.2] startup
[13.397s] [ext: omni.videoencoding-0.1.2] startup
[13.413s] [ext: isaacsim.core.api-4.8.0] startup
[13.476s] [ext: isaacsim.core.experimental.utils-0.3.0] startup
[13.490s] [ext: omni.replicator.core-1.12.27] startup
2026-04-26T17:40:08Z [13,280ms] [Warning] [pxr.Semantics] pxr.Semantics is deprecated - please use Semantics instead
2026-04-26T17:40:08Z [13,756ms] [Warning] [omni.graph.core.plugin] Found duplicate of category 'Replicator' - was 'Annotators', adding 'Fabric Reader'
2026-04-26T17:40:08Z [13,756ms] [Warning] [omni.graph.core.plugin] Category 'Replicator' not accepted on node type 'omni.replicator.core.FabricReader' in extension 'omni.replicator.core'
2026-04-26T17:40:08Z [13,759ms] [Warning] [omni.replicator.core.scripts.extension] No material configuration file, adding configuration to material settings directly.
[14.029s] [ext: isaacsim.core.experimental.prims-0.8.1] startup
[14.096s] [ext: omni.kit.window.extensions-1.4.27] startup
[14.121s] [ext: isaacsim.core.experimental.objects-0.4.0] startup
[14.144s] [ext: omni.ui_query-1.1.8] startup
[14.148s] [ext: omni.kit.manipulator.viewport-107.0.1] startup
[14.153s] [ext: isaacsim.robot.surface_gripper-3.3.1] startup
[14.165s] [ext: omni.kit.ui_test-1.3.7] startup
[14.176s] [ext: omni.graph.visualization.nodes-2.1.3] startup
[14.209s] [ext: isaacsim.robot_motion.lula-4.0.8] startup
[14.274s] [ext: isaacsim.core.nodes-3.4.3] startup
[14.302s] [ext: isaacsim.gui.components-1.2.1] startup
[14.320s] [ext: isaacsim.robot_motion.motion_generation-8.0.26] startup
[14.355s] [ext: isaacsim.robot.manipulators-3.3.6] startup
[14.368s] [ext: isaacsim.core.experimental.materials-0.4.0] startup
[14.393s] [ext: isaacsim.robot.manipulators.examples-1.1.2] startup
[14.396s] [ext: isaacsim.cortex.framework-1.0.12] startup
[14.404s] [ext: isaacsim.cortex.behaviors-2.0.14] startup
[14.406s] [ext: omni.isaac.cortex.sample_behaviors-2.0.5] startup
2026-04-26T17:40:08Z [14,143ms] [Warning] [omni.isaac.cortex] omni.isaac.cortex has been deprecated in favor of isaacsim.cortex.framework. Please update your code accordingly.
2026-04-26T17:40:08Z [14,144ms] [Warning] [omni.isaac.cortex.sample_behaviors] omni.isaac.cortex.sample_behaviors has been deprecated in favor of isaacsim.cortex.behaviors. Please update your code accordingly.
[14.414s] [ext: omni.kit.widget.zoombar-1.0.6] startup
[14.420s] [ext: isaacsim.gui.content_browser-0.1.11] startup
[14.436s] [ext: omni.kit.browser.core-2.3.13] startup
[14.462s] [ext: omni.kit.widget.stage_icons-1.0.8] startup
[14.474s] [ext: omni.kit.widget.prompt-1.0.7] startup
[14.486s] [ext: omni.kit.usd.collect-2.4.5] startup
[14.495s] [ext: omni.kit.browser.folder.core-1.10.9] startup
[14.528s] [ext: omni.kit.window.stage-2.6.1] startup
[14.544s] [ext: omni.kit.usdz_export-1.0.9] startup
[14.551s] [ext: omni.kit.tool.collect-2.2.18] startup
[14.590s] [ext: omni.kit.menu.stage-1.2.7] startup
[14.596s] [ext: omni.kit.tool.asset_importer-4.3.2] startup
[14.629s] [ext: isaacsim.robot.wheeled_robots-4.0.24] startup
[14.709s] [ext: isaacsim.examples.browser-0.2.1] startup
[14.744s] [ext: isaacsim.asset.importer.urdf-2.4.30] startup
[15.246s] [ext: omni.isaac.wheeled_robots-3.0.7] startup
2026-04-26T17:40:09Z [14,982ms] [Warning] [omni.isaac.wheeled_robots] omni.isaac.wheeled_robots has been deprecated in favor of isaacsim.robot.wheeled_robots. Please update your code accordingly.
2026-04-26T17:40:09Z [14,983ms] [Warning] [omni.isaac.wheeled_robots.controllers] omni.isaac.wheeled_robots has been deprecated in favor of isaacsim.robot.wheeled_robots. Please update your code accordingly.
2026-04-26T17:40:09Z [14,984ms] [Warning] [omni.isaac.wheeled_robots.controllers.ackermann_controller] omni.isaac.wheeled_robots has been deprecated in favor of isaacsim.robot.wheeled_robots. Please update your code accordingly.
2026-04-26T17:40:09Z [14,987ms] [Warning] [omni.isaac.wheeled_robots.controllers.differential_controller] omni.isaac.wheeled_robots has been deprecated in favor of isaacsim.robot.wheeled_robots. Please update your code accordingly.
2026-04-26T17:40:09Z [14,989ms] [Warning] [omni.isaac.wheeled_robots.controllers.holonomic_controller] omni.isaac.wheeled_robots has been deprecated in favor of isaacsim.robot.wheeled_robots. Please update your code accordingly.
2026-04-26T17:40:09Z [14,992ms] [Warning] [omni.isaac.wheeled_robots.controllers.quintic_path_planner] omni.isaac.wheeled_robots has been deprecated in favor of isaacsim.robot.wheeled_robots. Please update your code accordingly.
2026-04-26T17:40:09Z [14,993ms] [Warning] [omni.isaac.wheeled_robots.controllers.stanley_control] omni.isaac.wheeled_robots has been deprecated in favor of isaacsim.robot.wheeled_robots. Please update your code accordingly.
2026-04-26T17:40:09Z [14,993ms] [Warning] [omni.isaac.wheeled_robots.controllers.wheel_base_pose_controller] omni.isaac.wheeled_robots has been deprecated in favor of isaacsim.robot.wheeled_robots. Please update your code accordingly.
2026-04-26T17:40:09Z [14,994ms] [Warning] [omni.isaac.wheeled_robots.impl] omni.isaac.wheeled_robots has been deprecated in favor of isaacsim.robot.wheeled_robots. Please update your code accordingly.
2026-04-26T17:40:09Z [14,995ms] [Warning] [omni.isaac.wheeled_robots.robots] omni.isaac.wheeled_robots has been deprecated in favor of isaacsim.robot.wheeled_robots. Please update your code accordingly.
2026-04-26T17:40:09Z [14,995ms] [Warning] [omni.isaac.wheeled_robots.robots.holonomic_robot_usd_setup] omni.isaac.wheeled_robots has been deprecated in favor of isaacsim.robot.wheeled_robots. Please update your code accordingly.
2026-04-26T17:40:09Z [14,996ms] [Warning] [omni.isaac.wheeled_robots.robots.wheeled_robot] omni.isaac.wheeled_robots has been deprecated in favor of isaacsim.robot.wheeled_robots. Please update your code accordingly.
[15.262s] [ext: isaacsim.simulation_app-2.12.2] startup
[15.264s] [ext: omni.isaac.franka-1.0.7] startup
2026-04-26T17:40:09Z [15,000ms] [Warning] [omni.isaac.franka] omni.isaac.franka has been deprecated in favor of isaacsim.robot.manipulators.examples.franka. Please update your code accordingly.
2026-04-26T17:40:09Z [15,000ms] [Warning] [omni.isaac.franka.franka] omni.isaac.franka has been deprecated in favor of isaacsim.robot.manipulators.examples.franka. Please update your code accordingly.
2026-04-26T17:40:09Z [15,022ms] [Warning] [omni.isaac.franka.kinematics_solver] omni.isaac.franka has been deprecated in favor of isaacsim.robot.manipulators.examples.franka. Please update your code accordingly.
[15.288s] [ext: omni.isaac.kit-2.0.6] startup
2026-04-26T17:40:09Z [15,025ms] [Warning] [omni.isaac.kit] omni.isaac.kit has been deprecated in favor of isaacsim.simulation_app. Please update your code accordingly.
[15.291s] [ext: omni.kit.selection-0.1.6] startup
[15.294s] [ext: omni.isaac.lula-4.0.6] startup
2026-04-26T17:40:09Z [15,029ms] [Warning] [omni.isaac.lula] omni.isaac.lula has been deprecated in favor of isaacsim.robot_motion.lula. Please update your code accordingly.
[15.296s] [ext: isaacsim.robot_motion.lula_test_widget-1.0.12] startup
[15.301s] [ext: isaacsim.asset.browser-1.3.23] startup
[15.947s] [ext: omni.kit.viewport.actions-107.0.2] startup
[15.954s] [ext: isaacsim.gui.menu-2.4.4] startup
[15.972s] [ext: omni.isaac.manipulators-3.0.7] startup
2026-04-26T17:40:10Z [15,709ms] [Warning] [omni.isaac.manipulators] omni.isaac.manipulators has been deprecated in favor of isaacsim.robot.manipulators. Please update your code accordingly.
2026-04-26T17:40:10Z [15,710ms] [Warning] [omni.isaac.manipulators.controllers] omni.isaac.manipulators has been deprecated in favor of isaacsim.robot.manipulators. Please update your code accordingly.
2026-04-26T17:40:10Z [15,711ms] [Warning] [omni.isaac.manipulators.controllers.pick_place_controller] omni.isaac.manipulators has been deprecated in favor of isaacsim.robot.manipulators. Please update your code accordingly.
2026-04-26T17:40:10Z [15,714ms] [Warning] [omni.isaac.manipulators.controllers.stacking_controller] omni.isaac.manipulators has been deprecated in favor of isaacsim.robot.manipulators. Please update your code accordingly.
2026-04-26T17:40:10Z [15,715ms] [Warning] [omni.isaac.manipulators.grippers] omni.isaac.manipulators has been deprecated in favor of isaacsim.robot.manipulators. Please update your code accordingly.
2026-04-26T17:40:10Z [15,715ms] [Warning] [omni.isaac.manipulators.grippers.gripper] omni.isaac.manipulators has been deprecated in favor of isaacsim.robot.manipulators. Please update your code accordingly.
2026-04-26T17:40:10Z [15,716ms] [Warning] [omni.isaac.manipulators.grippers.parallel_gripper] omni.isaac.manipulators has been deprecated in favor of isaacsim.robot.manipulators. Please update your code accordingly.
2026-04-26T17:40:10Z [15,717ms] [Warning] [omni.isaac.manipulators.grippers.surface_gripper] omni.isaac.manipulators has been deprecated in favor of isaacsim.robot.manipulators. Please update your code accordingly.
2026-04-26T17:40:10Z [15,718ms] [Warning] [omni.isaac.manipulators.manipulators] omni.isaac.manipulators has been deprecated in favor of isaacsim.robot.manipulators. Please update your code accordingly.
2026-04-26T17:40:10Z [15,718ms] [Warning] [omni.isaac.manipulators.manipulators.single_manipulator] omni.isaac.manipulators has been deprecated in favor of isaacsim.robot.manipulators. Please update your code accordingly.
[15.985s] [ext: omni.isaac.lula_test_widget-1.0.6] startup
2026-04-26T17:40:10Z [15,722ms] [Warning] [omni.isaac.lula_test_widget] omni.isaac.lula_test_widget has been deprecated in favor of isaacsim.robot_motion.lula_test_widget. Please update your code accordingly.
[15.988s] [ext: omni.isaac.asset_browser-1.0.6] startup
2026-04-26T17:40:10Z [15,724ms] [Warning] [omni.isaac.asset_browser] omni.isaac.asset_browser has been deprecated in favor of isaacsim.asset.browser. Please update your code accordingly.
[15.992s] [ext: omni.kit.viewport.menubar.display-107.0.3] startup
[15.998s] [ext: omni.isaac.menu-1.0.6] startup
2026-04-26T17:40:10Z [15,733ms] [Warning] [omni.isaac.menu] omni.isaac.menu has been deprecated in favor of isaacsim.gui.menu. Please update your code accordingly.
[15.999s] [ext: omni.isaac.motion_generation-8.0.7] startup
2026-04-26T17:40:10Z [15,737ms] [Warning] [omni.isaac.motion_generation] omni.isaac.motion_generation has been deprecated in favor of isaacsim.robot_motion.motion_generation. Please update your code accordingly.
2026-04-26T17:40:10Z [15,738ms] [Warning] [omni.isaac.motion_generation.articulation_kinematics_solver] omni.isaac.motion_generation has been deprecated in favor of isaacsim.robot_motion.motion_generation. Please update your code accordingly.
2026-04-26T17:40:10Z [15,739ms] [Warning] [omni.isaac.motion_generation.articulation_motion_policy] omni.isaac.motion_generation has been deprecated in favor of isaacsim.robot_motion.motion_generation. Please update your code accordingly.
2026-04-26T17:40:10Z [15,740ms] [Warning] [omni.isaac.motion_generation.articulation_trajectory] omni.isaac.motion_generation has been deprecated in favor of isaacsim.robot_motion.motion_generation. Please update your code accordingly.
2026-04-26T17:40:10Z [15,740ms] [Warning] [omni.isaac.motion_generation.kinematics_interface] omni.isaac.motion_generation has been deprecated in favor of isaacsim.robot_motion.motion_generation. Please update your code accordingly.
2026-04-26T17:40:10Z [15,741ms] [Warning] [omni.isaac.motion_generation.lula] omni.isaac.motion_generation has been deprecated in favor of isaacsim.robot_motion.motion_generation. Please update your code accordingly.
2026-04-26T17:40:10Z [15,742ms] [Warning] [omni.isaac.motion_generation.lula.kinematics] omni.isaac.motion_generation has been deprecated in favor of isaacsim.robot_motion.motion_generation. Please update your code accordingly.
2026-04-26T17:40:10Z [15,743ms] [Warning] [omni.isaac.motion_generation.lula.motion_policies] omni.isaac.motion_generation has been deprecated in favor of isaacsim.robot_motion.motion_generation. Please update your code accordingly.
2026-04-26T17:40:10Z [15,743ms] [Warning] [omni.isaac.motion_generation.lula.path_planners] omni.isaac.motion_generation has been deprecated in favor of isaacsim.robot_motion.motion_generation. Please update your code accordingly.
2026-04-26T17:40:10Z [15,744ms] [Warning] [omni.isaac.motion_generation.lula.trajectory_generator] omni.isaac.motion_generation has been deprecated in favor of isaacsim.robot_motion.motion_generation. Please update your code accordingly.
2026-04-26T17:40:10Z [15,745ms] [Warning] [omni.isaac.motion_generation.motion_policy_controller] omni.isaac.motion_generation has been deprecated in favor of isaacsim.robot_motion.motion_generation. Please update your code accordingly.
2026-04-26T17:40:10Z [15,746ms] [Warning] [omni.isaac.motion_generation.motion_policy_interface] omni.isaac.motion_generation has been deprecated in favor of isaacsim.robot_motion.motion_generation. Please update your code accordingly.
2026-04-26T17:40:10Z [15,746ms] [Warning] [omni.isaac.motion_generation.path_planner_visualizer] omni.isaac.motion_generation has been deprecated in favor of isaacsim.robot_motion.motion_generation. Please update your code accordingly.
2026-04-26T17:40:10Z [15,747ms] [Warning] [omni.isaac.motion_generation.path_planning_interface] omni.isaac.motion_generation has been deprecated in favor of isaacsim.robot_motion.motion_generation. Please update your code accordingly.
2026-04-26T17:40:10Z [15,747ms] [Warning] [omni.isaac.motion_generation.trajectory] omni.isaac.motion_generation has been deprecated in favor of isaacsim.robot_motion.motion_generation. Please update your code accordingly.
2026-04-26T17:40:10Z [15,748ms] [Warning] [omni.isaac.motion_generation.world_interface] omni.isaac.motion_generation has been deprecated in favor of isaacsim.robot_motion.motion_generation. Please update your code accordingly.
[16.015s] [ext: omni.isaac.assets_check-0.3.13] startup
2026-04-26T17:40:10Z [15,752ms] [Warning] [omni.isaac.assets_check] omni.isaac.assets_check has been deprecated in favor of isaacsim.asset.browser. Please update your code accordingly.
[16.018s] [ext: isaacsim.gui.sensors.icon-2.0.3] startup
[16.070s] [ext: isaacsim.asset.importer.mjcf-2.5.13] startup
[16.093s] [ext: omni.sensors.nv.common-3.0.0] startup
[16.270s] [ext: isaacsim.sensors.physics-0.4.3] startup
[16.288s] [ext: omni.sensors.net-1.0.0] startup
[16.327s] [ext: omni.isaac.nucleus-1.0.6] startup
2026-04-26T17:40:10Z [16,063ms] [Warning] [omni.isaac.nucleus] omni.isaac.nucleus has been deprecated in favor of isaacsim.storage.native. Please update your code accordingly.
2026-04-26T17:40:10Z [16,065ms] [Warning] [omni.isaac.nucleus.nucleus] omni.isaac.nucleus.nucleus has been deprecated in favor of isaacsim.storage.native. Please update your code accordingly.
2026-04-26T17:40:10Z [16,065ms] [Warning] [omni.ext._impl._internal] Found class `Extension` derived from `omni.ext.IExt` in module: 'omni.isaac.nucleus', but it was imported from other extension: 'c:/transformer-rl-retro-propulsion/env_isaaclab/lib/site-packages/isaacsim/exts/isaacsim.storage.native/isaacsim/storage/native/impl/extension.py', which is not a subpath to: 'c:\transformer-rl-retro-propulsion\env_isaaclab\lib\site-packages\isaacsim\extsdeprecated\omni.isaac.nucleus'. Do not import `IExt` derived class from other extension in your public namespace.
[16.331s] [ext: omni.sensors.nv.materials-2.0.0] startup
[16.368s] [ext: isaacsim.robot.policy.examples-4.1.11] startup
[16.372s] [ext: omni.sensors.nv.wpm-3.0.0] startup
[16.391s] [ext: omni.sensors.nv.lidar-3.0.0] startup
[16.451s] [ext: isaacsim.util.debug_draw-3.1.0] startup
[16.466s] [ext: omni.sensors.nv.radar-3.0.0] startup
[16.499s] [ext: omni.sensors.nv.ids-2.0.0] startup
[16.511s] [ext: isaacsim.core.cloner-1.4.10] startup
[16.520s] [ext: isaacsim.sensors.physx-2.3.2] startup
[16.539s] [ext: isaacsim.sensors.rtx-15.8.4] startup
[16.568s] [ext: isaacsim.sensors.camera-1.3.6] startup
[16.582s] [ext: omni.isaac.quadruped-3.0.7] startup
2026-04-26T17:40:11Z [16,319ms] [Warning] [omni.isaac.quadruped] omni.isaac.quadruped has been deprecated in favor of isaacsim.robot.policy.examples. Please update your code accordingly.
[16.586s] [ext: omni.isaac.cloner-1.0.7] startup
2026-04-26T17:40:11Z [16,322ms] [Warning] [omni.isaac.cloner] omni.isaac.cloner has been deprecated in favor of isaacsim.core.cloner. Please update your code accordingly.
[16.592s] [ext: omni.isaac.range_sensor-4.0.6] startup
2026-04-26T17:40:11Z [16,328ms] [Warning] [omni.isaac.range_sensor] omni.isaac.range_sensor has been deprecated in favor of isaacsim.sensors.physx. Please update your code accordingly.
2026-04-26T17:40:11Z [16,329ms] [Warning] [omni.isaac.range_sensor.commands] omni.isaac.range_sensor.commands has been deprecated in favor of isaacsim.sensors.physx.commands. Please update your code accordingly.
[16.596s] [ext: omni.isaac.sensor-13.0.7] startup
2026-04-26T17:40:11Z [16,332ms] [Warning] [omni.isaac.sensor] omni.isaac.sensor has been deprecated in favor of isaacsim.sensors.camera, isaacsim.sensors.physics, isaacsim.sensors.physx, and isaacsim.sensors.rtx. Please update your code accordingly.
2026-04-26T17:40:11Z [16,334ms] [Warning] [omni.isaac.sensor.camera] omni.isaac.sensor.camera has been deprecated in favor of isaacsim.sensors.camera.camera. Please update your code accordingly.
2026-04-26T17:40:11Z [16,334ms] [Warning] [omni.isaac.sensor.camera_view] omni.isaac.sensor.camera_view has been deprecated in favor of isaacsim.sensors.camera.camera_view. Please update your code accordingly.
2026-04-26T17:40:11Z [16,335ms] [Warning] [omni.isaac.sensor.commands] omni.isaac.sensor.commands has been deprecated in favor of isaacsim.sensors.physics.commands, isaacsim.sensors.physx.commands, and isaacsim.sensors.rtx.commands. Please update your code accordingly.
2026-04-26T17:40:11Z [16,336ms] [Warning] [omni.isaac.sensor.contact_sensor] omni.isaac.sensor.contact_sensor has been deprecated in favor of isaacsim.sensors.physics.contact_sensor. Please update your code accordingly.
2026-04-26T17:40:11Z [16,336ms] [Warning] [omni.isaac.sensor.imu_sensor] omni.isaac.sensor.imu_sensor has been deprecated in favor of isaacsim.sensors.physics.imu_sensor. Please update your code accordingly.
2026-04-26T17:40:11Z [16,337ms] [Warning] [omni.isaac.sensor.lidar_rtx] omni.isaac.sensor.lidar_rtx has been deprecated in favor of isaacsim.sensors.rtx.lidar_rtx. Please update your code accordingly.
2026-04-26T17:40:11Z [16,337ms] [Warning] [omni.isaac.sensor.rotating_lidar_physX] omni.isaac.sensor.imu_sensor has been deprecated in favor of isaacsim.sensors.physix.rotating_lidar_physX. Please update your code accordingly.
2026-04-26T17:40:11Z [16,339ms] [Warning] [omni.isaac.sensor.scripts.samples.contact_sensor] omni.isaac.sensor.scripts.samples.contact_sensor has been deprecated in favor of isaacsim.sensors.physics.scripts.samples.contact_sensor. Please update your code accordingly.
2026-04-26T17:40:11Z [16,340ms] [Warning] [omni.isaac.sensor.scripts.samples.imu_sensor] omni.isaac.sensor.scripts.samples.imu_sensor has been deprecated in favor of isaacsim.sensors.physics.scripts.samples.imu_sensor. Please update your code accordingly.
2026-04-26T17:40:11Z [16,341ms] [Warning] [omni.isaac.sensor.scripts.samples.lightbeam_sensor] omni.isaac.sensor.scripts.samples.lightbeam_sensor has been deprecated in favor of isaacsim.sensors.physx.scripts.samples.lightbeam_sensor. Please update your code accordingly.
[16.607s] [ext: omni.kit.menu.create-2.0.1] startup
[16.619s] [ext: omni.kit.widget.toolbar-2.0.1] startup
[16.643s] [ext: omni.kit.manipulator.transform-107.0.0] startup
[16.657s] [ext: omni.isaac.core-4.0.7] startup
2026-04-26T17:40:11Z [16,394ms] [Warning] [omni.isaac.core.physics_context.physics_context] omni.isaac.core.physics_context.physics_context has been deprecated in favor of isaacsim.core.api.physics_context.physics_context. Please update your code accordingly.
2026-04-26T17:40:11Z [16,395ms] [Warning] [omni.isaac.core.simulation_context.simulation_context] omni.isaac.core.simulation_context.simulation_context has been deprecated in favor of isaacsim.core.api.simulation_context.simulation_context. Please update your code accordingly.
2026-04-26T17:40:11Z [16,396ms] [Warning] [omni.isaac.core.world.world] omni.isaac.core.world.world has been deprecated in favor of isaacsim.core.api.world.world. Please update your code accordingly.
2026-04-26T17:40:11Z [16,396ms] [Warning] [omni.isaac.core] omni.isaac.core has been deprecated in favor of isaacsim.core.api. Please update your code accordingly.
[16.662s] [ext: omni.kit.scripting-107.3.2] startup
[16.677s] [ext: omni.kit.manipulator.tool.snap-1.5.13] startup
[16.692s] [ext: omni.kit.manipulator.selector-1.1.3] startup
[16.697s] [ext: isaacsim.app.about-2.0.11] startup
[16.722s] [ext: isaacsim.replicator.behavior-1.1.16] startup
[16.725s] [ext: omni.kit.viewport.manipulator.transform-107.0.4] startup
[16.730s] [ext: omni.isaac.window.about-2.0.7] startup
2026-04-26T17:40:11Z [16,471ms] [Warning] [omni.isaac.window.about] omni.isaac.window.about has been deprecated in favor of isaacsim.app.about. Please update your code accordingly.
2026-04-26T17:40:11Z [16,471ms] [Warning] [omni.isaac.window.about.about] omni.isaac.window.about.about has been deprecated in favor of isaacsim.app.about.about. Please update your code accordingly.
[16.738s] [ext: omni.fabric.commands-1.1.6] startup
[16.748s] [ext: omni.kit.manipulator.prim.core-107.0.8] startup
[16.769s] [ext: omni.kit.property.audio-1.0.16] startup
[16.773s] [ext: omni.kit.property.camera-1.0.10] startup
[16.777s] [ext: omni.kit.property.geometry-2.0.4] startup
[16.785s] [ext: omni.hydra.scene_api-0.1.2] startup
[16.799s] [ext: omni.kit.property.light-1.0.12] startup
[16.823s] [ext: omni.kit.manipulator.prim.fabric-107.0.4] startup
[16.829s] [ext: omni.kit.manipulator.prim.usd-107.0.3] startup
[16.833s] [ext: omni.kit.property.material-1.11.9] startup
[16.855s] [ext: omni.kit.property.render-1.2.1] startup
[16.859s] [ext: omni.kit.property.transform-1.5.13] startup
[16.868s] [ext: isaacsim.gui.property-1.1.3] startup
[16.876s] [ext: omni.kit.manipulator.camera-106.0.4] startup
[16.887s] [ext: omni.kit.manipulator.prim-107.0.0] startup
[16.887s] [ext: omni.isaac.surface_gripper-2.0.6] startup
2026-04-26T17:40:11Z [16,622ms] [Warning] [omni.isaac.surface_gripper] omni.isaac.surface_gripper has been deprecated in favor of isaacsim.robot.surface_gripper. Please update your code accordingly.
2026-04-26T17:40:11Z [16,623ms] [Warning] [omni.ext._impl._internal] Found class `Extension` derived from `omni.ext.IExt` in module: 'omni.isaac.surface_gripper', but it was imported from other extension: 'c:/transformer-rl-retro-propulsion/env_isaaclab/lib/site-packages/isaacsim/exts/isaacsim.robot.surface_gripper/isaacsim/robot/surface_gripper/impl/extension.py', which is not a subpath to: 'c:\transformer-rl-retro-propulsion\env_isaaclab\lib\site-packages\isaacsim\extsdeprecated\omni.isaac.surface_gripper'. Do not import `IExt` derived class from other extension in your public namespace.
[16.889s] [ext: omni.kit.manipulator.selection-106.0.1] startup
[16.896s] [ext: omni.kit.property.bundle-1.4.1] startup
[16.901s] [ext: omni.kit.property.isaac-1.0.6] startup
2026-04-26T17:40:11Z [16,637ms] [Warning] [omni.kit.property.isaac] omni.kit.property.isaac has been deprecated in favor of isaacsim.gui.property. Please update your code accordingly.
2026-04-26T17:40:11Z [16,637ms] [Warning] [omni.kit.property.isaac.widgets] omni.kit.property.isaac.widgets has been deprecated in favor of isaacsim.gui.property.widgets. Please update your code accordingly.
[16.904s] [ext: omni.isaac.universal_robots-1.0.6] startup
2026-04-26T17:40:11Z [16,639ms] [Warning] [omni.isaac.universal_robots] omni.isaac.universal_robots has been deprecated in favor of isaacsim.robot.manipulators.examples.universal_robots. Please update your code accordingly.
2026-04-26T17:40:11Z [16,640ms] [Warning] [omni.isaac.universal_robots.kinematics_solver] omni.isaac.franka has been deprecated in favor of isaacsim.robot.manipulators.examples.universal_robots. Please update your code accordingly.
2026-04-26T17:40:11Z [16,644ms] [Warning] [omni.isaac.universal_robots.ur10] omni.isaac.franka has been deprecated in favor of isaacsim.robot.manipulators.examples.universal_robots. Please update your code accordingly.
[16.910s] [ext: omni.isaac.core_nodes-2.0.6] startup
2026-04-26T17:40:11Z [16,649ms] [Warning] [omni.isaac.core_nodes] omni.isaac.core_nodes has been deprecated in favor of isaacsim.core.nodes. Please update your code accordingly.
[16.915s] [ext: omni.kit.viewport.menubar.camera-107.0.6] startup
[16.931s] [ext: omni.kit.viewport.menubar.lighting-107.3.1] startup
[16.937s] [ext: isaacsim.replicator.writers-1.0.17] startup
[16.981s] [ext: omni.kit.viewport.menubar.render-107.0.10] startup
[16.990s] [ext: omni.kit.viewport.menubar.settings-107.0.3] startup
[17.003s] [ext: omni.kit.window.console-1.1.4] startup
[17.018s] [ext: isaacsim.replicator.domain_randomization-1.0.16] startup
[17.026s] [ext: isaacsim.replicator.examples-1.3.6] startup
[17.031s] [ext: omni.ocio-0.1.1] startup
[17.042s] [ext: omni.rtx.window.settings-0.6.19] startup
[17.058s] [ext: omni.kit.window.status_bar-0.1.9] startup
[17.068s] [ext: omni.kit.window.toolbar-2.0.0] startup
[17.077s] [ext: omni.replicator.isaac-2.0.8] startup
2026-04-26T17:40:11Z [16,813ms] [Warning] [omni.replicator.isaac] omni.replicator.isaac has been deprecated in favor of isaacsim.replicator.domain_randomization, isaacsim.replicator.examples, isaacsim.replicator.writers. Please update your code accordingly.
[17.080s] [ext: omni.replicator.replicator_yaml-2.0.11] startup
[17.119s] [ext: omni.rtx.settings.core-0.6.5] startup
[17.131s] [ext: omni.usd.metrics.assembler.ui-107.3.1] startup
[17.146s] [ext: omni.isaac.utils-2.0.6] startup
[17.150s] [ext: semantics.schema.editor-2.0.2] startup
[17.158s] [ext: omni.kit.ui.actions-1.0.5] startup
[17.162s] [ext: semantics.schema.property-2.0.1] startup
[17.167s] [ext: omni.isaac.version-2.0.7] startup
2026-04-26T17:40:11Z [16,903ms] [Warning] [omni.isaac.version] omni.isaac.version has been deprecated in favor of isaacsim.core.version. Please update your code accordingly.
[17.169s] [ext: omni.isaac.cortex-1.0.5] startup
[17.170s] [ext: omni.anim.curve.core-1.3.1] startup
[17.200s] [ext: isaacsim.core.throttling-2.2.2] startup
[17.208s] [ext: omni.kit.menu.common-2.0.1] startup
[17.213s] [ext: isaacsim.exp.base-5.1.0] startup
[17.214s] [ext: isaacsim.exp.base.python-5.1.0] startup
[17.217s] Simulation App Starting
2026-04-26T17:40:12Z [18,170ms] [Warning] [omni.fabric.plugin] Warning: attribute overrideClipRange not found for bucket id 9

[18.522s] app ready
Starting kit application with the following args:  ['C:\\Transformer-rl-retro-propulsion\\env_isaaclab\\Lib\\site-packages\\isaacsim\\exts\\isaacsim.simulation_app\\isaacsim\\simulation_app\\simulation_app.py', 'C:\\Transformer-rl-retro-propulsion\\env_isaaclab\\Lib\\site-packages\\isaacsim\\apps/isaacsim.exp.base.python.kit', '--/app/tokens/exe-path=C:\\Transformer-rl-retro-propulsion\\env_isaaclab\\Lib\\site-packages\\isaacsim\\kit', '--/persistent/app/viewport/displayOptions=3094', '--/rtx/materialDb/syncLoads=True', '--/rtx/hydra/materialSyncLoads=True', '--/omni.kit.plugin/syncUsdLoads=True', '--/app/renderer/resolution/width=1280', '--/app/renderer/resolution/height=720', '--/app/window/width=1440', '--/app/window/height=900', '--/renderer/multiGpu/enabled=True', '--/app/fastShutdown=True', '--/app/installSignalHandlers=0', '--ext-folder', 'C:\\Transformer-rl-retro-propulsion\\env_isaaclab\\Lib\\site-packages\\isaacsim/exts', '--ext-folder', 'C:\\Transformer-rl-retro-propulsion\\env_isaaclab\\Lib\\site-packages\\isaacsim/apps', '--/physics/cudaDevice=0', '--/plugins/carb.tasking.plugin/threadCount=24', '--/plugins/omni.tbb.globalcontrol/maxThreadCount=24', '--portable']
Passing the following args to the base kit application:  ['--task', 'landing', '--no-headless', '--total-steps', '250000', '--eval-interval', '25000', '--save-interval', '25000', '--max-wall-time', '7200']
Warp 1.8.2 initialized:
   CUDA Toolkit 12.8, Driver 13.0
   Devices:
     "cpu"      : "AMD64 Family 26 Model 68 Stepping 0, AuthenticAMD"
     "cuda:0"   : "NVIDIA GeForce RTX 5070" (12 GiB, sm_120, mempool enabled)
   Kernel cache:
     C:\Users\tngzj\AppData\Local\NVIDIA\warp\Cache\1.8.2
Warp DeprecationWarning: The `warp.sim` module is deprecated and will be removed in v1.10. Please transition to using the forthcoming Newton library instead.

[36m===================================================================================================================[0m
[36m[1m[INFO][IsaacLab]: Logging to file: C:\Users\tngzj\AppData\Local\Temp\isaaclab\logs\isaaclab_2026-04-26_12-40-17.log[0m
[36m===================================================================================================================[0m

Residual-PID PPO enabled: policy outputs bounded residuals around the stable PID baseline
{"type":"train_update","update":1,"global_step":16384,"wall_s":10.63,"sps":1541.0,"loss":4757.375305,"pg_loss":0.051277,"v_loss":9514.647827,"entropy":2.094611,"approx_kl":0.058802,"clipfrac":0.0253,"reward_mean":-8.5433}
step=16,384 reward_mean=-8.543 kl=0.05880 clipfrac=0.025 eval={'landed_fraction': 1.0, 'crashed_fraction': 0.0, 'mean_touchdown_speed': 0.011249963194131851, 'max_touchdown_speed': 0.1829262524843216, 'mean_pad_distance': 1.4117684364318848, 'max_pad_distance': 8.636067390441895, 'mean_delta_v_proxy': 9.505117416381836, 'passed': False}
{"type":"train_update","update":2,"global_step":32768,"wall_s":62.77,"sps":522.1,"loss":4914.608215,"pg_loss":0.068135,"v_loss":9829.079956,"entropy":2.094415,"approx_kl":0.097892,"clipfrac":0.0273,"reward_mean":-8.2937}
step=32,768 reward_mean=-8.294 kl=0.09789 clipfrac=0.027 eval={'landed_fraction': 1.0, 'crashed_fraction': 0.0, 'mean_touchdown_speed': 0.009975990280508995, 'max_touchdown_speed': 0.09233446419239044, 'mean_pad_distance': 1.1455628871917725, 'max_pad_distance': 6.2227630615234375, 'mean_delta_v_proxy': 9.778741836547852, 'passed': False}
{"type":"train_update","update":3,"global_step":49152,"wall_s":114.93,"sps":427.7,"loss":5450.552856,"pg_loss":0.026367,"v_loss":10901.052979,"entropy":2.094234,"approx_kl":0.064081,"clipfrac":0.0253,"reward_mean":-7.9985}
{"type":"train_update","update":4,"global_step":65536,"wall_s":121.43,"sps":539.7,"loss":8849.890381,"pg_loss":0.104505,"v_loss":17699.571777,"entropy":2.094074,"approx_kl":0.044366,"clipfrac":0.0268,"reward_mean":-2.3769}
step=65,536 reward_mean=-2.377 kl=0.04437 clipfrac=0.027 eval={'landed_fraction': 1.0, 'crashed_fraction': 0.0, 'mean_touchdown_speed': 0.014329022727906704, 'max_touchdown_speed': 0.12668490409851074, 'mean_pad_distance': 1.1305432319641113, 'max_pad_distance': 5.860635757446289, 'mean_delta_v_proxy': 9.153790473937988, 'passed': False}
