PPO training starting: task=landing, total_steps=5000000, bc_steps=0, headless=True
[Info] [carb] Logging to file: c:/transformer-rl-retro-propulsion/env_isaaclab/lib/site-packages/isaacsim/kit/logs/Kit/Isaac-Sim Python/5.1/kit_20260426_203958.log
[0.339s] [ext: omni.kit.async_engine-0.0.3] startup
[0.524s] [ext: omni.metrics.core-0.0.3] startup
[0.526s] [ext: omni.client.lib-1.1.0] startup
[0.551s] [ext: omni.blobkey-1.1.2] startup
[0.553s] [ext: omni.stats-1.0.1] startup
[0.556s] [ext: omni.datastore-0.0.0] startup
[0.560s] [ext: omni.client-1.3.0] startup
[0.637s] [ext: omni.ujitso.default-1.0.0] startup
[0.643s] [ext: omni.hsscclient-1.1.2] startup
[0.661s] [ext: omni.gpu_foundation.shadercache.vulkan-1.0.0] startup
[0.666s] [ext: omni.assets.plugins-0.0.0] startup
[0.672s] [ext: omni.gpu_foundation-0.0.0] startup
[0.712s] [ext: carb.windowing.plugins-1.0.0] startup
2026-04-27T01:40:00Z [1,405ms] [Warning] [carb.windowing-glfw.gamepad] Joystick with unknown remapping detected (will be ignored):  Saitek Pro Flight Rudder Pedals [03000000a30600006307000000000000]
2026-04-27T01:40:00Z [1,405ms] [Warning] [carb.windowing-glfw.gamepad] Joystick with unknown remapping detected (will be ignored):  3Dconnexion KMJ Emulator [03000000efbe00006d04000000000000]
2026-04-27T01:40:00Z [1,406ms] [Warning] [carb.windowing-glfw.gamepad] Joystick with unknown remapping detected (will be ignored):  Joystick - HOTAS Warthog [030000004f0400000204000000000000]
[1.661s] [ext: omni.kit.renderer.init-0.0.0] startup
[1.664s] [ext: omni.materialx.libs-1.0.7] startup
[1.685s] [ext: omni.usd.config-1.0.6] startup
[1.721s] [ext: omni.gpucompute.plugins-0.0.0] startup
[1.741s] [ext: omni.usd.libs-1.0.1] startup
[1.892s] [ext: omni.mdl-56.0.3] startup
[1.994s] [ext: omni.iray.libs-0.0.0] startup
[2.027s] [ext: omni.mdl.neuraylib-0.2.12] startup
[2.040s] [ext: omni.kit.usd.mdl-1.1.5] startup
[2.215s] [ext: omni.kit.pipapi-0.0.0] startup
[2.217s] [ext: omni.kit.loop-isaac-1.3.7] startup
[2.221s] [ext: omni.kit.test-2.0.1] startup
[2.317s] [ext: omni.kit.telemetry-0.5.2] startup
[2.373s] [ext: omni.appwindow-1.1.10] startup
[2.379s] [ext: omni.kit.renderer.core-1.1.0] startup
[2.418s] [ext: omni.kit.renderer.capture-0.0.0] startup
[2.427s] [ext: omni.kit.renderer.imgui-2.0.5] startup
[2.451s] [ext: omni.ui-2.27.1] startup
[2.467s] [ext: omni.kit.mainwindow-1.0.3] startup
[2.470s] [ext: carb.audio-0.1.0] startup
[2.473s] [ext: omni.uiaudio-1.0.0] startup
[2.479s] [ext: omni.kit.uiapp-0.0.0] startup
[2.479s] [ext: omni.usd.schema.metrics.assembler-107.3.1] startup
[2.496s] [ext: omni.anim.navigation.schema-107.3.3] startup
[2.512s] [ext: omni.usd.schema.anim-0.0.0] startup
[2.564s] [ext: omni.usd.schema.audio-0.0.0] startup
[2.575s] [ext: omni.usd.schema.omniscripting-1.0.0] startup
[2.588s] [ext: omni.usd.schema.physx-107.3.26] startup
[2.624s] [ext: omni.usd_resolver-1.0.0] startup
[2.635s] [ext: omni.usd.core-1.5.3] startup
[2.637s] [ext: omni.usd.schema.omni_sensors-0.0.0] startup
[2.666s] [ext: omni.usd.schema.omnigraph-1.0.0] startup
[2.680s] [ext: omni.usd.schema.semantics-0.0.0] startup
[2.689s] [ext: omni.usd.schema.geospatial-0.0.0] startup
[2.702s] [ext: omni.kit.window.popup_dialog-2.0.24] startup
[2.713s] [ext: omni.activity.core-1.0.3] startup
[2.723s] [ext: omni.kit.widget.nucleus_connector-2.0.1] startup
[2.730s] [ext: omni.kit.usd_undo-0.1.8] startup
[2.732s] [ext: omni.graph.exec-0.9.6] startup
[2.735s] [ext: omni.kit.actions.core-1.0.0] startup
[2.745s] [ext: usdrt.scenegraph-7.6.1] startup
[2.853s] [ext: omni.resourcemonitor-107.0.1] startup
[2.860s] [ext: omni.kit.exec.core-0.13.4] startup
[2.867s] [ext: omni.timeline-1.0.14] startup
[2.872s] [ext: omni.kit.commands-1.4.10] startup
[2.885s] [ext: omni.kit.audiodeviceenum-1.0.2] startup
[2.891s] [ext: omni.hydra.usdrt_delegate-7.5.1] startup
[2.911s] [ext: omni.hydra.scene_delegate-0.3.4] startup
[2.916s] [ext: omni.usd-1.13.10] startup

|---------------------------------------------------------------------------------------------|
| Driver Version: 580.88        | Graphics API: Vulkan
|=============================================================================================|
| GPU | Name                             | Active | LDA | GPU Memory | Vendor-ID | LUID       |
|     |                                  |        |     |            | Device-ID | UUID       |
|     |                                  |        |     |            | Bus-ID    |            |
|---------------------------------------------------------------------------------------------|
| 0   | NVIDIA GeForce RTX 5070          | Yes: 0 |     | 11855   MB | 10de      | b42b0100.. |
|     |                                  |        |     |            | 2f04      | 36fdc134.. |
|     |                                  |        |     |            | 1         |            |
|=============================================================================================|
| OS: Windows 11 Pro, Version: 10.0 (25H2), Build: 26200, Kernel: 10.0.26100.8246
| Processor: AMD Ryzen 9 9900X 12-Core Processor            
| Cores: 12 | Logical Cores: 24
|---------------------------------------------------------------------------------------------|
| Total Memory (MB): 32360 | Free Memory: 15268
| Total Page/Swap (MB): 43390 | Free Page/Swap: 5630
|---------------------------------------------------------------------------------------------|
[4.342s] [ext: omni.inspect-1.0.2] startup
[4.348s] [ext: omni.kit.notification_manager-1.0.10] startup
[4.352s] [ext: omni.graph.core-2.184.5] startup
[4.357s] [ext: isaacsim.core.deprecation_manager-0.2.7] startup
[4.359s] [ext: omni.anim.graph.schema-107.3.3] startup
[4.373s] [ext: omni.usd.schema.flow-107.1.1] startup
[4.375s] [ext: omni.usd.schema.isaac-3.0.5] startup
[4.375s] [ext: omni.usd.schema.omni_lens_distortion-0.0.0] startup
[4.376s] [ext: isaacsim.robot.schema-3.6.0] startup
[4.403s] [ext: omni.kit.asset_converter-5.0.17] startup
[4.416s] [ext: omni.usd.schema.render_settings.rtx-0.0.0] startup
[4.418s] [ext: omni.kit.helper.file_utils-0.1.9] startup
[4.421s] [ext: omni.kit.menu.core-1.1.2] startup
[4.422s] [ext: omni.kit.widget.path_field-2.0.11] startup
[4.424s] [ext: omni.kit.widget.filebrowser-2.12.3] startup
[4.438s] [ext: omni.kit.widget.context_menu-1.2.5] startup
[4.440s] [ext: omni.kit.widget.browser_bar-2.0.10] startup
[4.443s] [ext: omni.kit.clipboard-1.0.5] startup
[4.446s] [ext: omni.kit.widget.options_menu-1.1.6] startup
[4.453s] [ext: omni.ui.scene-1.11.5] startup
[4.460s] [ext: omni.kit.widget.options_button-1.0.3] startup
[4.462s] [ext: omni.kit.usd.layers-2.2.11] startup
[4.475s] [ext: omni.kit.window.filepicker-2.13.4] startup
[4.511s] [ext: omni.kit.widget.filter-1.1.4] startup
[4.513s] [ext: omni.kit.hotkeys.core-1.3.10] startup
[4.521s] [ext: omni.kit.context_menu-1.8.6] startup
[4.526s] [ext: omni.kit.property.adapter.core-1.0.2] startup
[4.534s] [ext: omni.kit.window.file_exporter-1.0.33] startup
[4.541s] [ext: omni.kit.widget.searchfield-1.1.8] startup
[4.543s] [ext: omni.kit.numpy.common-0.1.3] startup
[4.546s] [ext: omni.kit.widget.stage-3.1.4] startup
[4.576s] [ext: omni.kit.property.adapter.usd-1.0.2] startup
[4.579s] [ext: omni.kit.property.adapter.fabric-1.0.3] startup
[4.582s] [ext: isaacsim.core.version-2.0.6] startup
[4.584s] [ext: omni.kit.window.file_importer-1.1.18] startup
[4.586s] [ext: omni.kit.stage_template.core-1.1.22] startup
[4.588s] [ext: omni.kit.menu.utils-2.0.5] startup
[4.595s] [ext: omni.kit.window.file-2.0.5] startup
[4.601s] [ext: omni.kit.window.drop_support-1.0.5] startup
[4.602s] [ext: omni.kit.widget.highlight_label-1.0.3] startup
[4.604s] [ext: omni.kit.window.content_browser_registry-0.0.6] startup
[4.605s] [ext: omni.kit.widget.graph-2.0.0] startup
[4.615s] [ext: omni.kit.window.property-1.12.1] startup
[4.689s] [ext: omni.kit.window.content_browser-3.1.3] startup
[4.706s] [ext: omni.kit.graph.delegate.default-1.2.3] startup
[4.708s] [ext: omni.kit.property.usd-4.5.12] startup
[4.728s] [ext: omni.convexdecomposition-107.3.26] startup
[4.734s] [ext: omni.kit.graph.editor.core-1.5.3] startup
[4.740s] [ext: omni.kit.material.library-2.0.7] startup
[4.749s] [ext: omni.kvdb-107.3.26] startup
[4.755s] [ext: omni.usdphysics-107.3.26] startup
[4.760s] [ext: omni.physx.foundation-107.3.26] startup
[4.776s] [ext: omni.localcache-107.3.26] startup
[4.782s] [ext: omni.kit.graph.usd.commands-1.3.1] startup
[4.783s] [ext: omni.physx.cooking-107.3.26] startup
[4.789s] [ext: omni.physics-107.3.26] startup
[4.796s] [ext: omni.physx-107.3.26] startup
[4.814s] [ext: omni.physics.stageupdate-107.3.26] startup
[4.821s] [ext: omni.physics.physx-107.3.26] startup
2026-04-27T01:40:03Z [4,568ms] [Warning] [carb] Acquiring non optional plugin interface which is not listed as dependency: [omni::physx::IPhysxBenchmarks v1.0] (plugin: <default plugin>), by client: omni.physics.physx.plugin. Add it to CARB_PLUGIN_IMPL_DEPS() macro of a client.
[4.824s] [ext: omni.index.libs-380600.8087.0] startup
[4.824s] [ext: omni.index-1.0.1] startup
[4.827s] [ext: omni.volume-0.5.2] startup
[4.836s] [ext: omni.ujitso.client-0.0.0] startup
[4.838s] [ext: omni.hydra.rtx.shadercache.vulkan-1.0.0] startup
[4.842s] [ext: omni.kit.widget.searchable_combobox-1.0.6] startup
[4.844s] [ext: omni.hydra.rtx-1.0.0] startup
[4.905s] [ext: omni.kit.widget.settings-1.2.6] startup
[4.909s] [ext: omni.kit.hydra_texture-1.4.6] startup
[4.915s] [ext: omni.graph.tools-1.79.2] startup
[4.963s] [ext: omni.kit.window.preferences-1.8.0] startup
[4.976s] [ext: omni.kit.widget.material_preview-1.0.16] startup
[4.980s] [ext: omni.graph-1.141.2] startup
[5.037s] [ext: omni.kit.window.material_graph-1.9.1] startup
[5.054s] [ext: omni.isaac.dynamic_control-2.0.7] startup
2026-04-27T01:40:03Z [4,807ms] [Warning] [omni.isaac.dynamic_control] omni.isaac.dynamic_control is deprecated as of Isaac Sim 4.5. No action is needed from end-users.
[5.064s] [ext: isaacsim.storage.native-1.5.1] startup
[5.069s] [ext: omni.graph.scriptnode-1.50.0] startup
[5.072s] [ext: omni.hydra.engine.stats-1.0.3] startup
[5.080s] [ext: omni.kit.viewport.legacy_gizmos-1.0.19] startup
[5.084s] [ext: omni.kit.raycast.query-1.1.0] startup
[5.093s] [ext: omni.graph.action_core-1.1.7] startup
[5.105s] [ext: omni.kit.viewport.scene_camera_model-1.0.6] startup
[5.109s] [ext: omni.graph.image.core-0.6.1] startup
[5.112s] [ext: omni.kit.widget.viewport-107.1.3] startup
[5.126s] [ext: omni.kit.viewport.registry-104.0.6] startup
[5.129s] [ext: omni.usd.metrics.assembler-107.3.1] startup
[5.138s] [ext: omni.kit.viewport.window-107.2.0] startup
[5.163s] [ext: omni.kit.viewport.menubar.core-107.2.1] startup
[5.202s] [ext: omni.graph.image.nodes-1.3.1] startup
[5.207s] [ext: omni.usd.metrics.assembler.physics-107.3.26] startup
[5.211s] [ext: omni.warp.core-1.8.2] startup
[5.391s] [ext: omni.kit.viewport.utility-1.1.2] startup
[5.393s] [ext: omni.physics.tensors-107.3.26] startup
[5.406s] [ext: omni.syntheticdata-0.6.13] startup
[5.446s] [ext: isaacsim.test.docstring-1.1.0] startup
[5.460s] [ext: isaacsim.core.utils-3.5.1] startup
[5.474s] [ext: omni.physx.tensors-107.3.26] startup
[5.480s] [ext: omni.graph.nodes-1.170.10] startup
[5.498s] [ext: omni.graph.action_nodes-1.50.4] startup
[5.505s] [ext: omni.kit.primitive.mesh-1.0.17] startup
[5.519s] [ext: isaacsim.core.simulation_manager-1.4.4] startup
[8.179s] [ext: omni.graph.ui_nodes-1.50.5] startup
[8.187s] [ext: omni.graph.action-1.130.0] startup
[8.188s] [ext: omni.kit.stage_templates-2.0.0] startup
[8.196s] [ext: isaacsim.core.prims-0.6.1] startup
[8.232s] [ext: omni.warp-1.8.2] startup
[8.242s] [ext: omni.videoencoding-0.1.2] startup
[8.252s] [ext: isaacsim.core.api-4.8.0] startup
[8.300s] [ext: isaacsim.core.experimental.utils-0.3.0] startup
[8.312s] [ext: omni.replicator.core-1.12.27] startup
2026-04-27T01:40:06Z [8,086ms] [Warning] [pxr.Semantics] pxr.Semantics is deprecated - please use Semantics instead
2026-04-27T01:40:06Z [8,241ms] [Warning] [omni.graph.core.plugin] Found duplicate of category 'Replicator' - was 'Annotators', adding 'Fabric Reader'
2026-04-27T01:40:06Z [8,241ms] [Warning] [omni.graph.core.plugin] Category 'Replicator' not accepted on node type 'omni.replicator.core.FabricReader' in extension 'omni.replicator.core'
2026-04-27T01:40:06Z [8,243ms] [Warning] [omni.replicator.core.scripts.extension] No material configuration file, adding configuration to material settings directly.
[8.503s] [ext: isaacsim.core.experimental.prims-0.8.1] startup
[8.567s] [ext: omni.kit.window.extensions-1.4.27] startup
[8.585s] [ext: isaacsim.core.experimental.objects-0.4.0] startup
[8.600s] [ext: omni.ui_query-1.1.8] startup
[8.605s] [ext: omni.kit.manipulator.viewport-107.0.1] startup
[8.609s] [ext: isaacsim.robot.surface_gripper-3.3.1] startup
[8.621s] [ext: omni.kit.ui_test-1.3.7] startup
[8.628s] [ext: omni.graph.visualization.nodes-2.1.3] startup
[8.651s] [ext: isaacsim.robot_motion.lula-4.0.8] startup
[8.677s] [ext: isaacsim.core.nodes-3.4.3] startup
[8.707s] [ext: isaacsim.gui.components-1.2.1] startup
[8.733s] [ext: isaacsim.robot_motion.motion_generation-8.0.26] startup
[8.763s] [ext: isaacsim.robot.manipulators-3.3.6] startup
[8.779s] [ext: isaacsim.core.experimental.materials-0.4.0] startup
[8.798s] [ext: isaacsim.robot.manipulators.examples-1.1.2] startup
[8.804s] [ext: isaacsim.cortex.framework-1.0.12] startup
[8.811s] [ext: isaacsim.cortex.behaviors-2.0.14] startup
[8.814s] [ext: omni.isaac.cortex.sample_behaviors-2.0.5] startup
2026-04-27T01:40:07Z [8,562ms] [Warning] [omni.isaac.cortex] omni.isaac.cortex has been deprecated in favor of isaacsim.cortex.framework. Please update your code accordingly.
2026-04-27T01:40:07Z [8,563ms] [Warning] [omni.isaac.cortex.sample_behaviors] omni.isaac.cortex.sample_behaviors has been deprecated in favor of isaacsim.cortex.behaviors. Please update your code accordingly.
[8.823s] [ext: omni.kit.widget.zoombar-1.0.6] startup
[8.838s] [ext: isaacsim.gui.content_browser-0.1.11] startup
[8.853s] [ext: omni.kit.browser.core-2.3.13] startup
[8.872s] [ext: omni.kit.widget.stage_icons-1.0.8] startup
[8.876s] [ext: omni.kit.widget.prompt-1.0.7] startup
[8.882s] [ext: omni.kit.usd.collect-2.4.5] startup
[8.890s] [ext: omni.kit.browser.folder.core-1.10.9] startup
[8.910s] [ext: omni.kit.window.stage-2.6.1] startup
[8.921s] [ext: omni.kit.usdz_export-1.0.9] startup
[8.930s] [ext: omni.kit.tool.collect-2.2.18] startup
[8.940s] [ext: omni.kit.menu.stage-1.2.7] startup
[8.945s] [ext: omni.kit.tool.asset_importer-4.3.2] startup
[8.962s] [ext: isaacsim.robot.wheeled_robots-4.0.24] startup
[9.007s] [ext: isaacsim.examples.browser-0.2.1] startup
[9.021s] [ext: isaacsim.asset.importer.urdf-2.4.30] startup
[9.539s] [ext: omni.isaac.wheeled_robots-3.0.7] startup
2026-04-27T01:40:07Z [9,287ms] [Warning] [omni.isaac.wheeled_robots] omni.isaac.wheeled_robots has been deprecated in favor of isaacsim.robot.wheeled_robots. Please update your code accordingly.
2026-04-27T01:40:07Z [9,287ms] [Warning] [omni.isaac.wheeled_robots.controllers] omni.isaac.wheeled_robots has been deprecated in favor of isaacsim.robot.wheeled_robots. Please update your code accordingly.
2026-04-27T01:40:07Z [9,288ms] [Warning] [omni.isaac.wheeled_robots.controllers.ackermann_controller] omni.isaac.wheeled_robots has been deprecated in favor of isaacsim.robot.wheeled_robots. Please update your code accordingly.
2026-04-27T01:40:07Z [9,288ms] [Warning] [omni.isaac.wheeled_robots.controllers.differential_controller] omni.isaac.wheeled_robots has been deprecated in favor of isaacsim.robot.wheeled_robots. Please update your code accordingly.
2026-04-27T01:40:07Z [9,290ms] [Warning] [omni.isaac.wheeled_robots.controllers.holonomic_controller] omni.isaac.wheeled_robots has been deprecated in favor of isaacsim.robot.wheeled_robots. Please update your code accordingly.
2026-04-27T01:40:07Z [9,292ms] [Warning] [omni.isaac.wheeled_robots.controllers.quintic_path_planner] omni.isaac.wheeled_robots has been deprecated in favor of isaacsim.robot.wheeled_robots. Please update your code accordingly.
2026-04-27T01:40:07Z [9,294ms] [Warning] [omni.isaac.wheeled_robots.controllers.stanley_control] omni.isaac.wheeled_robots has been deprecated in favor of isaacsim.robot.wheeled_robots. Please update your code accordingly.
2026-04-27T01:40:07Z [9,296ms] [Warning] [omni.isaac.wheeled_robots.controllers.wheel_base_pose_controller] omni.isaac.wheeled_robots has been deprecated in favor of isaacsim.robot.wheeled_robots. Please update your code accordingly.
2026-04-27T01:40:07Z [9,297ms] [Warning] [omni.isaac.wheeled_robots.impl] omni.isaac.wheeled_robots has been deprecated in favor of isaacsim.robot.wheeled_robots. Please update your code accordingly.
2026-04-27T01:40:07Z [9,298ms] [Warning] [omni.isaac.wheeled_robots.robots] omni.isaac.wheeled_robots has been deprecated in favor of isaacsim.robot.wheeled_robots. Please update your code accordingly.
2026-04-27T01:40:07Z [9,298ms] [Warning] [omni.isaac.wheeled_robots.robots.holonomic_robot_usd_setup] omni.isaac.wheeled_robots has been deprecated in favor of isaacsim.robot.wheeled_robots. Please update your code accordingly.
2026-04-27T01:40:07Z [9,299ms] [Warning] [omni.isaac.wheeled_robots.robots.wheeled_robot] omni.isaac.wheeled_robots has been deprecated in favor of isaacsim.robot.wheeled_robots. Please update your code accordingly.
[9.554s] [ext: isaacsim.simulation_app-2.12.2] startup
[9.557s] [ext: omni.isaac.franka-1.0.7] startup
2026-04-27T01:40:07Z [9,302ms] [Warning] [omni.isaac.franka] omni.isaac.franka has been deprecated in favor of isaacsim.robot.manipulators.examples.franka. Please update your code accordingly.
2026-04-27T01:40:07Z [9,303ms] [Warning] [omni.isaac.franka.franka] omni.isaac.franka has been deprecated in favor of isaacsim.robot.manipulators.examples.franka. Please update your code accordingly.
2026-04-27T01:40:07Z [9,322ms] [Warning] [omni.isaac.franka.kinematics_solver] omni.isaac.franka has been deprecated in favor of isaacsim.robot.manipulators.examples.franka. Please update your code accordingly.
[9.578s] [ext: omni.isaac.kit-2.0.6] startup
2026-04-27T01:40:07Z [9,325ms] [Warning] [omni.isaac.kit] omni.isaac.kit has been deprecated in favor of isaacsim.simulation_app. Please update your code accordingly.
[9.580s] [ext: omni.kit.selection-0.1.6] startup
[9.583s] [ext: omni.isaac.lula-4.0.6] startup
2026-04-27T01:40:07Z [9,329ms] [Warning] [omni.isaac.lula] omni.isaac.lula has been deprecated in favor of isaacsim.robot_motion.lula. Please update your code accordingly.
[9.585s] [ext: isaacsim.robot_motion.lula_test_widget-1.0.12] startup
[9.589s] [ext: isaacsim.asset.browser-1.3.23] startup
[10.231s] [ext: omni.kit.viewport.actions-107.0.2] startup
[10.238s] [ext: isaacsim.gui.menu-2.4.4] startup
[10.252s] [ext: omni.isaac.manipulators-3.0.7] startup
2026-04-27T01:40:08Z [9,999ms] [Warning] [omni.isaac.manipulators] omni.isaac.manipulators has been deprecated in favor of isaacsim.robot.manipulators. Please update your code accordingly.
2026-04-27T01:40:08Z [9,999ms] [Warning] [omni.isaac.manipulators.controllers] omni.isaac.manipulators has been deprecated in favor of isaacsim.robot.manipulators. Please update your code accordingly.
2026-04-27T01:40:08Z [10,000ms] [Warning] [omni.isaac.manipulators.controllers.pick_place_controller] omni.isaac.manipulators has been deprecated in favor of isaacsim.robot.manipulators. Please update your code accordingly.
2026-04-27T01:40:08Z [10,003ms] [Warning] [omni.isaac.manipulators.controllers.stacking_controller] omni.isaac.manipulators has been deprecated in favor of isaacsim.robot.manipulators. Please update your code accordingly.
2026-04-27T01:40:08Z [10,004ms] [Warning] [omni.isaac.manipulators.grippers] omni.isaac.manipulators has been deprecated in favor of isaacsim.robot.manipulators. Please update your code accordingly.
2026-04-27T01:40:08Z [10,004ms] [Warning] [omni.isaac.manipulators.grippers.gripper] omni.isaac.manipulators has been deprecated in favor of isaacsim.robot.manipulators. Please update your code accordingly.
2026-04-27T01:40:08Z [10,005ms] [Warning] [omni.isaac.manipulators.grippers.parallel_gripper] omni.isaac.manipulators has been deprecated in favor of isaacsim.robot.manipulators. Please update your code accordingly.
2026-04-27T01:40:08Z [10,005ms] [Warning] [omni.isaac.manipulators.grippers.surface_gripper] omni.isaac.manipulators has been deprecated in favor of isaacsim.robot.manipulators. Please update your code accordingly.
2026-04-27T01:40:08Z [10,006ms] [Warning] [omni.isaac.manipulators.manipulators] omni.isaac.manipulators has been deprecated in favor of isaacsim.robot.manipulators. Please update your code accordingly.
2026-04-27T01:40:08Z [10,007ms] [Warning] [omni.isaac.manipulators.manipulators.single_manipulator] omni.isaac.manipulators has been deprecated in favor of isaacsim.robot.manipulators. Please update your code accordingly.
[10.263s] [ext: omni.isaac.lula_test_widget-1.0.6] startup
2026-04-27T01:40:08Z [10,010ms] [Warning] [omni.isaac.lula_test_widget] omni.isaac.lula_test_widget has been deprecated in favor of isaacsim.robot_motion.lula_test_widget. Please update your code accordingly.
[10.266s] [ext: omni.isaac.asset_browser-1.0.6] startup
2026-04-27T01:40:08Z [10,013ms] [Warning] [omni.isaac.asset_browser] omni.isaac.asset_browser has been deprecated in favor of isaacsim.asset.browser. Please update your code accordingly.
[10.269s] [ext: omni.kit.viewport.menubar.display-107.0.3] startup
[10.276s] [ext: omni.isaac.menu-1.0.6] startup
2026-04-27T01:40:08Z [10,022ms] [Warning] [omni.isaac.menu] omni.isaac.menu has been deprecated in favor of isaacsim.gui.menu. Please update your code accordingly.
[10.277s] [ext: omni.isaac.motion_generation-8.0.7] startup
2026-04-27T01:40:08Z [10,024ms] [Warning] [omni.isaac.motion_generation] omni.isaac.motion_generation has been deprecated in favor of isaacsim.robot_motion.motion_generation. Please update your code accordingly.
2026-04-27T01:40:08Z [10,026ms] [Warning] [omni.isaac.motion_generation.articulation_kinematics_solver] omni.isaac.motion_generation has been deprecated in favor of isaacsim.robot_motion.motion_generation. Please update your code accordingly.
2026-04-27T01:40:08Z [10,027ms] [Warning] [omni.isaac.motion_generation.articulation_motion_policy] omni.isaac.motion_generation has been deprecated in favor of isaacsim.robot_motion.motion_generation. Please update your code accordingly.
2026-04-27T01:40:08Z [10,027ms] [Warning] [omni.isaac.motion_generation.articulation_trajectory] omni.isaac.motion_generation has been deprecated in favor of isaacsim.robot_motion.motion_generation. Please update your code accordingly.
2026-04-27T01:40:08Z [10,028ms] [Warning] [omni.isaac.motion_generation.kinematics_interface] omni.isaac.motion_generation has been deprecated in favor of isaacsim.robot_motion.motion_generation. Please update your code accordingly.
2026-04-27T01:40:08Z [10,028ms] [Warning] [omni.isaac.motion_generation.lula] omni.isaac.motion_generation has been deprecated in favor of isaacsim.robot_motion.motion_generation. Please update your code accordingly.
2026-04-27T01:40:08Z [10,029ms] [Warning] [omni.isaac.motion_generation.lula.kinematics] omni.isaac.motion_generation has been deprecated in favor of isaacsim.robot_motion.motion_generation. Please update your code accordingly.
2026-04-27T01:40:08Z [10,029ms] [Warning] [omni.isaac.motion_generation.lula.motion_policies] omni.isaac.motion_generation has been deprecated in favor of isaacsim.robot_motion.motion_generation. Please update your code accordingly.
2026-04-27T01:40:08Z [10,030ms] [Warning] [omni.isaac.motion_generation.lula.path_planners] omni.isaac.motion_generation has been deprecated in favor of isaacsim.robot_motion.motion_generation. Please update your code accordingly.
2026-04-27T01:40:08Z [10,030ms] [Warning] [omni.isaac.motion_generation.lula.trajectory_generator] omni.isaac.motion_generation has been deprecated in favor of isaacsim.robot_motion.motion_generation. Please update your code accordingly.
2026-04-27T01:40:08Z [10,031ms] [Warning] [omni.isaac.motion_generation.motion_policy_controller] omni.isaac.motion_generation has been deprecated in favor of isaacsim.robot_motion.motion_generation. Please update your code accordingly.
2026-04-27T01:40:08Z [10,031ms] [Warning] [omni.isaac.motion_generation.motion_policy_interface] omni.isaac.motion_generation has been deprecated in favor of isaacsim.robot_motion.motion_generation. Please update your code accordingly.
2026-04-27T01:40:08Z [10,032ms] [Warning] [omni.isaac.motion_generation.path_planner_visualizer] omni.isaac.motion_generation has been deprecated in favor of isaacsim.robot_motion.motion_generation. Please update your code accordingly.
2026-04-27T01:40:08Z [10,033ms] [Warning] [omni.isaac.motion_generation.path_planning_interface] omni.isaac.motion_generation has been deprecated in favor of isaacsim.robot_motion.motion_generation. Please update your code accordingly.
2026-04-27T01:40:08Z [10,033ms] [Warning] [omni.isaac.motion_generation.trajectory] omni.isaac.motion_generation has been deprecated in favor of isaacsim.robot_motion.motion_generation. Please update your code accordingly.
2026-04-27T01:40:08Z [10,034ms] [Warning] [omni.isaac.motion_generation.world_interface] omni.isaac.motion_generation has been deprecated in favor of isaacsim.robot_motion.motion_generation. Please update your code accordingly.
[10.290s] [ext: omni.isaac.assets_check-0.3.13] startup
2026-04-27T01:40:08Z [10,037ms] [Warning] [omni.isaac.assets_check] omni.isaac.assets_check has been deprecated in favor of isaacsim.asset.browser. Please update your code accordingly.
[10.292s] [ext: isaacsim.gui.sensors.icon-2.0.3] startup
[10.328s] [ext: isaacsim.asset.importer.mjcf-2.5.13] startup
[10.341s] [ext: omni.sensors.nv.common-3.0.0] startup
[10.372s] [ext: isaacsim.sensors.physics-0.4.3] startup
[10.382s] [ext: omni.sensors.net-1.0.0] startup
[10.407s] [ext: omni.isaac.nucleus-1.0.6] startup
2026-04-27T01:40:08Z [10,154ms] [Warning] [omni.isaac.nucleus] omni.isaac.nucleus has been deprecated in favor of isaacsim.storage.native. Please update your code accordingly.
2026-04-27T01:40:08Z [10,154ms] [Warning] [omni.isaac.nucleus.nucleus] omni.isaac.nucleus.nucleus has been deprecated in favor of isaacsim.storage.native. Please update your code accordingly.
2026-04-27T01:40:08Z [10,155ms] [Warning] [omni.ext._impl._internal] Found class `Extension` derived from `omni.ext.IExt` in module: 'omni.isaac.nucleus', but it was imported from other extension: 'c:/transformer-rl-retro-propulsion/env_isaaclab/lib/site-packages/isaacsim/exts/isaacsim.storage.native/isaacsim/storage/native/impl/extension.py', which is not a subpath to: 'c:\transformer-rl-retro-propulsion\env_isaaclab\lib\site-packages\isaacsim\extsdeprecated\omni.isaac.nucleus'. Do not import `IExt` derived class from other extension in your public namespace.
[10.410s] [ext: omni.sensors.nv.materials-2.0.0] startup
[10.434s] [ext: isaacsim.robot.policy.examples-4.1.11] startup
[10.437s] [ext: omni.sensors.nv.wpm-3.0.0] startup
[10.446s] [ext: omni.sensors.nv.lidar-3.0.0] startup
[10.465s] [ext: isaacsim.util.debug_draw-3.1.0] startup
[10.473s] [ext: omni.sensors.nv.radar-3.0.0] startup
[10.495s] [ext: omni.sensors.nv.ids-2.0.0] startup
[10.501s] [ext: isaacsim.core.cloner-1.4.10] startup
[10.507s] [ext: isaacsim.sensors.physx-2.3.2] startup
[10.515s] [ext: isaacsim.sensors.rtx-15.8.4] startup
[10.528s] [ext: isaacsim.sensors.camera-1.3.6] startup
[10.542s] [ext: omni.isaac.quadruped-3.0.7] startup
2026-04-27T01:40:08Z [10,289ms] [Warning] [omni.isaac.quadruped] omni.isaac.quadruped has been deprecated in favor of isaacsim.robot.policy.examples. Please update your code accordingly.
[10.546s] [ext: omni.isaac.cloner-1.0.7] startup
2026-04-27T01:40:08Z [10,293ms] [Warning] [omni.isaac.cloner] omni.isaac.cloner has been deprecated in favor of isaacsim.core.cloner. Please update your code accordingly.
[10.550s] [ext: omni.isaac.range_sensor-4.0.6] startup
2026-04-27T01:40:08Z [10,300ms] [Warning] [omni.isaac.range_sensor] omni.isaac.range_sensor has been deprecated in favor of isaacsim.sensors.physx. Please update your code accordingly.
2026-04-27T01:40:08Z [10,301ms] [Warning] [omni.isaac.range_sensor.commands] omni.isaac.range_sensor.commands has been deprecated in favor of isaacsim.sensors.physx.commands. Please update your code accordingly.
[10.557s] [ext: omni.isaac.sensor-13.0.7] startup
2026-04-27T01:40:08Z [10,304ms] [Warning] [omni.isaac.sensor] omni.isaac.sensor has been deprecated in favor of isaacsim.sensors.camera, isaacsim.sensors.physics, isaacsim.sensors.physx, and isaacsim.sensors.rtx. Please update your code accordingly.
2026-04-27T01:40:08Z [10,306ms] [Warning] [omni.isaac.sensor.camera] omni.isaac.sensor.camera has been deprecated in favor of isaacsim.sensors.camera.camera. Please update your code accordingly.
2026-04-27T01:40:08Z [10,306ms] [Warning] [omni.isaac.sensor.camera_view] omni.isaac.sensor.camera_view has been deprecated in favor of isaacsim.sensors.camera.camera_view. Please update your code accordingly.
2026-04-27T01:40:08Z [10,307ms] [Warning] [omni.isaac.sensor.commands] omni.isaac.sensor.commands has been deprecated in favor of isaacsim.sensors.physics.commands, isaacsim.sensors.physx.commands, and isaacsim.sensors.rtx.commands. Please update your code accordingly.
2026-04-27T01:40:08Z [10,307ms] [Warning] [omni.isaac.sensor.contact_sensor] omni.isaac.sensor.contact_sensor has been deprecated in favor of isaacsim.sensors.physics.contact_sensor. Please update your code accordingly.
2026-04-27T01:40:08Z [10,307ms] [Warning] [omni.isaac.sensor.imu_sensor] omni.isaac.sensor.imu_sensor has been deprecated in favor of isaacsim.sensors.physics.imu_sensor. Please update your code accordingly.
2026-04-27T01:40:08Z [10,308ms] [Warning] [omni.isaac.sensor.lidar_rtx] omni.isaac.sensor.lidar_rtx has been deprecated in favor of isaacsim.sensors.rtx.lidar_rtx. Please update your code accordingly.
2026-04-27T01:40:08Z [10,308ms] [Warning] [omni.isaac.sensor.rotating_lidar_physX] omni.isaac.sensor.imu_sensor has been deprecated in favor of isaacsim.sensors.physix.rotating_lidar_physX. Please update your code accordingly.
2026-04-27T01:40:08Z [10,311ms] [Warning] [omni.isaac.sensor.scripts.samples.contact_sensor] omni.isaac.sensor.scripts.samples.contact_sensor has been deprecated in favor of isaacsim.sensors.physics.scripts.samples.contact_sensor. Please update your code accordingly.
2026-04-27T01:40:08Z [10,311ms] [Warning] [omni.isaac.sensor.scripts.samples.imu_sensor] omni.isaac.sensor.scripts.samples.imu_sensor has been deprecated in favor of isaacsim.sensors.physics.scripts.samples.imu_sensor. Please update your code accordingly.
2026-04-27T01:40:08Z [10,311ms] [Warning] [omni.isaac.sensor.scripts.samples.lightbeam_sensor] omni.isaac.sensor.scripts.samples.lightbeam_sensor has been deprecated in favor of isaacsim.sensors.physx.scripts.samples.lightbeam_sensor. Please update your code accordingly.
[10.567s] [ext: omni.kit.menu.create-2.0.1] startup
[10.572s] [ext: omni.kit.widget.toolbar-2.0.1] startup
[10.593s] [ext: omni.kit.manipulator.transform-107.0.0] startup
[10.601s] [ext: omni.isaac.core-4.0.7] startup
2026-04-27T01:40:08Z [10,348ms] [Warning] [omni.isaac.core.physics_context.physics_context] omni.isaac.core.physics_context.physics_context has been deprecated in favor of isaacsim.core.api.physics_context.physics_context. Please update your code accordingly.
2026-04-27T01:40:08Z [10,349ms] [Warning] [omni.isaac.core.simulation_context.simulation_context] omni.isaac.core.simulation_context.simulation_context has been deprecated in favor of isaacsim.core.api.simulation_context.simulation_context. Please update your code accordingly.
2026-04-27T01:40:08Z [10,350ms] [Warning] [omni.isaac.core.world.world] omni.isaac.core.world.world has been deprecated in favor of isaacsim.core.api.world.world. Please update your code accordingly.
2026-04-27T01:40:08Z [10,350ms] [Warning] [omni.isaac.core] omni.isaac.core has been deprecated in favor of isaacsim.core.api. Please update your code accordingly.
[10.606s] [ext: omni.kit.scripting-107.3.2] startup
[10.616s] [ext: omni.kit.manipulator.tool.snap-1.5.13] startup
[10.627s] [ext: omni.kit.manipulator.selector-1.1.3] startup
[10.630s] [ext: isaacsim.app.about-2.0.11] startup
[10.638s] [ext: isaacsim.replicator.behavior-1.1.16] startup
[10.640s] [ext: omni.kit.viewport.manipulator.transform-107.0.4] startup
[10.645s] [ext: omni.isaac.window.about-2.0.7] startup
2026-04-27T01:40:09Z [10,397ms] [Warning] [omni.isaac.window.about] omni.isaac.window.about has been deprecated in favor of isaacsim.app.about. Please update your code accordingly.
2026-04-27T01:40:09Z [10,398ms] [Warning] [omni.isaac.window.about.about] omni.isaac.window.about.about has been deprecated in favor of isaacsim.app.about.about. Please update your code accordingly.
[10.654s] [ext: omni.fabric.commands-1.1.6] startup
[10.660s] [ext: omni.kit.manipulator.prim.core-107.0.8] startup
[10.672s] [ext: omni.kit.property.audio-1.0.16] startup
[10.676s] [ext: omni.kit.property.camera-1.0.10] startup
[10.678s] [ext: omni.kit.property.geometry-2.0.4] startup
[10.683s] [ext: omni.hydra.scene_api-0.1.2] startup
[10.689s] [ext: omni.kit.property.light-1.0.12] startup
[10.707s] [ext: omni.kit.manipulator.prim.fabric-107.0.4] startup
[10.712s] [ext: omni.kit.manipulator.prim.usd-107.0.3] startup
[10.716s] [ext: omni.kit.property.material-1.11.9] startup
[10.731s] [ext: omni.kit.property.render-1.2.1] startup
[10.735s] [ext: omni.kit.property.transform-1.5.13] startup
[10.744s] [ext: isaacsim.gui.property-1.1.3] startup
[10.749s] [ext: omni.kit.manipulator.camera-106.0.4] startup
[10.757s] [ext: omni.kit.manipulator.prim-107.0.0] startup
[10.758s] [ext: omni.isaac.surface_gripper-2.0.6] startup
2026-04-27T01:40:09Z [10,503ms] [Warning] [omni.isaac.surface_gripper] omni.isaac.surface_gripper has been deprecated in favor of isaacsim.robot.surface_gripper. Please update your code accordingly.
2026-04-27T01:40:09Z [10,503ms] [Warning] [omni.ext._impl._internal] Found class `Extension` derived from `omni.ext.IExt` in module: 'omni.isaac.surface_gripper', but it was imported from other extension: 'c:/transformer-rl-retro-propulsion/env_isaaclab/lib/site-packages/isaacsim/exts/isaacsim.robot.surface_gripper/isaacsim/robot/surface_gripper/impl/extension.py', which is not a subpath to: 'c:\transformer-rl-retro-propulsion\env_isaaclab\lib\site-packages\isaacsim\extsdeprecated\omni.isaac.surface_gripper'. Do not import `IExt` derived class from other extension in your public namespace.
[10.759s] [ext: omni.kit.manipulator.selection-106.0.1] startup
[10.764s] [ext: omni.kit.property.bundle-1.4.1] startup
[10.767s] [ext: omni.kit.property.isaac-1.0.6] startup
2026-04-27T01:40:09Z [10,513ms] [Warning] [omni.kit.property.isaac] omni.kit.property.isaac has been deprecated in favor of isaacsim.gui.property. Please update your code accordingly.
2026-04-27T01:40:09Z [10,513ms] [Warning] [omni.kit.property.isaac.widgets] omni.kit.property.isaac.widgets has been deprecated in favor of isaacsim.gui.property.widgets. Please update your code accordingly.
[10.769s] [ext: omni.isaac.universal_robots-1.0.6] startup
2026-04-27T01:40:09Z [10,515ms] [Warning] [omni.isaac.universal_robots] omni.isaac.universal_robots has been deprecated in favor of isaacsim.robot.manipulators.examples.universal_robots. Please update your code accordingly.
2026-04-27T01:40:09Z [10,516ms] [Warning] [omni.isaac.universal_robots.kinematics_solver] omni.isaac.franka has been deprecated in favor of isaacsim.robot.manipulators.examples.universal_robots. Please update your code accordingly.
2026-04-27T01:40:09Z [10,518ms] [Warning] [omni.isaac.universal_robots.ur10] omni.isaac.franka has been deprecated in favor of isaacsim.robot.manipulators.examples.universal_robots. Please update your code accordingly.
[10.773s] [ext: omni.isaac.core_nodes-2.0.6] startup
2026-04-27T01:40:09Z [10,523ms] [Warning] [omni.isaac.core_nodes] omni.isaac.core_nodes has been deprecated in favor of isaacsim.core.nodes. Please update your code accordingly.
[10.778s] [ext: omni.kit.viewport.menubar.camera-107.0.6] startup
[10.791s] [ext: omni.kit.viewport.menubar.lighting-107.3.1] startup
[10.796s] [ext: isaacsim.replicator.writers-1.0.17] startup
[10.830s] [ext: omni.kit.viewport.menubar.render-107.0.10] startup
[10.839s] [ext: omni.kit.viewport.menubar.settings-107.0.3] startup
[10.850s] [ext: omni.kit.window.console-1.1.4] startup
[10.862s] [ext: isaacsim.replicator.domain_randomization-1.0.16] startup
[10.871s] [ext: isaacsim.replicator.examples-1.3.6] startup
[10.875s] [ext: omni.ocio-0.1.1] startup
[10.883s] [ext: omni.rtx.window.settings-0.6.19] startup
[10.898s] [ext: omni.kit.window.status_bar-0.1.9] startup
[10.911s] [ext: omni.kit.window.toolbar-2.0.0] startup
[10.917s] [ext: omni.replicator.isaac-2.0.8] startup
2026-04-27T01:40:09Z [10,664ms] [Warning] [omni.replicator.isaac] omni.replicator.isaac has been deprecated in favor of isaacsim.replicator.domain_randomization, isaacsim.replicator.examples, isaacsim.replicator.writers. Please update your code accordingly.
[10.921s] [ext: omni.replicator.replicator_yaml-2.0.11] startup
[10.961s] [ext: omni.rtx.settings.core-0.6.5] startup
[10.970s] [ext: omni.usd.metrics.assembler.ui-107.3.1] startup
[10.985s] [ext: omni.isaac.utils-2.0.6] startup
[10.989s] [ext: semantics.schema.editor-2.0.2] startup
[10.999s] [ext: omni.kit.ui.actions-1.0.5] startup
[11.003s] [ext: semantics.schema.property-2.0.1] startup
[11.006s] [ext: omni.isaac.version-2.0.7] startup
2026-04-27T01:40:09Z [10,752ms] [Warning] [omni.isaac.version] omni.isaac.version has been deprecated in favor of isaacsim.core.version. Please update your code accordingly.
[11.008s] [ext: omni.isaac.cortex-1.0.5] startup
[11.010s] [ext: omni.anim.curve.core-1.3.1] startup
[11.027s] [ext: isaacsim.core.throttling-2.2.2] startup
[11.033s] [ext: omni.kit.menu.common-2.0.1] startup
[11.037s] [ext: isaacsim.exp.base-5.1.0] startup
[11.038s] [ext: isaacsim.exp.base.python-5.1.0] startup
[11.042s] Simulation App Starting
2026-04-27T01:40:09Z [10,997ms] [Warning] [omni.fabric.plugin] Warning: attribute overrideClipRange not found for bucket id 9

2026-04-27T01:40:09Z [11,006ms] [Warning] [usdrt.population.plugin] [UsdNoticeHandler] Unhandled attribute type VtArray<std::string> (prim attribute: omni:rtx:material:db:flattener:transmittance_color)
2026-04-27T01:40:09Z [11,007ms] [Warning] [usdrt.population.plugin] [UsdNoticeHandler] Unhandled attribute type VtArray<std::string> (prim attribute: omni:rtx:material:db:flattener:ior_constant)
2026-04-27T01:40:09Z [11,007ms] [Warning] [usdrt.population.plugin] [UsdNoticeHandler] Unhandled attribute type VtArray<std::string> (prim attribute: omni:rtx:material:db:flattener:reflection_roughness_constant)
[11.274s] app ready
Starting kit application with the following args:  ['C:\\Transformer-rl-retro-propulsion\\env_isaaclab\\Lib\\site-packages\\isaacsim\\exts\\isaacsim.simulation_app\\isaacsim\\simulation_app\\simulation_app.py', 'C:\\Transformer-rl-retro-propulsion\\env_isaaclab\\Lib\\site-packages\\isaacsim\\apps/isaacsim.exp.base.python.kit', '--/app/tokens/exe-path=C:\\Transformer-rl-retro-propulsion\\env_isaaclab\\Lib\\site-packages\\isaacsim\\kit', '--/persistent/app/viewport/displayOptions=3094', '--/rtx/materialDb/syncLoads=True', '--/rtx/hydra/materialSyncLoads=True', '--/omni.kit.plugin/syncUsdLoads=True', '--/app/renderer/resolution/width=1280', '--/app/renderer/resolution/height=720', '--/app/window/width=1440', '--/app/window/height=900', '--/renderer/multiGpu/enabled=True', '--/app/fastShutdown=True', '--/app/installSignalHandlers=0', '--ext-folder', 'C:\\Transformer-rl-retro-propulsion\\env_isaaclab\\Lib\\site-packages\\isaacsim/exts', '--ext-folder', 'C:\\Transformer-rl-retro-propulsion\\env_isaaclab\\Lib\\site-packages\\isaacsim/apps', '--/physics/cudaDevice=0', '--/plugins/carb.tasking.plugin/threadCount=24', '--/plugins/omni.tbb.globalcontrol/maxThreadCount=24', '--portable', '--no-window', '--/app/window/hideUi=1']
Passing the following args to the base kit application:  ['--task', 'landing', '--total-steps', '5000000', '--eval-interval', '250000', '--save-interval', '250000', '--max-wall-time', '7200', '--headless']
Warp 1.8.2 initialized:
   CUDA Toolkit 12.8, Driver 13.0
   Devices:
     "cpu"      : "AMD64 Family 26 Model 68 Stepping 0, AuthenticAMD"
     "cuda:0"   : "NVIDIA GeForce RTX 5070" (12 GiB, sm_120, mempool enabled)
   Kernel cache:
     C:\Users\tngzj\AppData\Local\NVIDIA\warp\Cache\1.8.2
Warp DeprecationWarning: The `warp.sim` module is deprecated and will be removed in v1.10. Please transition to using the forthcoming Newton library instead.

[36m===================================================================================================================[0m
[36m[1m[INFO][IsaacLab]: Logging to file: C:\Users\tngzj\AppData\Local\Temp\isaaclab\logs\isaaclab_2026-04-26_20-40-12.log[0m
[36m===================================================================================================================[0m

Spawn curriculum enabled: xy_half_width starts at 0.50 m and anneals to 2.00 m by step 3,000,000. Eval uses the final full spawn range.
{"type":"train_update","update":1,"global_step":16384,"wall_s":8.27,"sps":1980.4,"loss":2336.265152,"loss_ema":2336.265152,"loss_plateau_delta":null,"loss_plateau_count":0,"pg_loss":-0.000635,"v_loss":4672.512527,"entropy":-1.904147,"approx_kl":0.003535,"clipfrac":0.0886,"reward_mean":-2.9417,"reward_std":30.2734,"reward_min":-203.9372,"reward_max":426.1756,"reward_scale":1.0,"throttle_mean":0.7581,"throttle_min":0.136,"throttle_max":0.9825,"spawn_curriculum_enabled":true,"spawn_curriculum_progress":0.0,"spawn_xy_half_width_m":0.5}
step=16,384 reward_mean=-2.942 kl=0.00354 clipfrac=0.089 eval={'landed_fraction': 1.0, 'crashed_fraction': 1.0, 'mean_touchdown_speed': 0.020389165729284286, 'max_touchdown_speed': 0.49730199575424194, 'mean_pad_distance': 2.0250673294067383, 'max_pad_distance': 4.328433990478516, 'mean_delta_v_proxy': 15.530351638793945, 'mean_eval_throttle': 0.778285898897383, 'max_eval_throttle': 0.794799268245697, 'max_upward_speed': 1.6951464414596558, 'max_downward_speed': 9.351197242736816, 'passed': False}
{"type":"train_update","update":2,"global_step":32768,"wall_s":67.05,"sps":488.7,"loss":2363.046631,"loss_ema":2341.621448,"loss_plateau_delta":5.356296,"loss_plateau_count":0,"pg_loss":-0.001486,"v_loss":4726.077164,"entropy":-1.904908,"approx_kl":0.004549,"clipfrac":0.0275,"reward_mean":-2.7484,"reward_std":30.6103,"reward_min":-203.9763,"reward_max":412.1215,"reward_scale":1.0,"throttle_mean":0.7591,"throttle_min":0.1418,"throttle_max":0.9829,"spawn_curriculum_enabled":true,"spawn_curriculum_progress":0.0055,"spawn_xy_half_width_m":0.508}
{"type":"train_update","update":3,"global_step":49152,"wall_s":74.52,"sps":659.6,"loss":3037.321159,"loss_ema":2480.76139,"loss_plateau_delta":139.139942,"loss_plateau_count":0,"pg_loss":-0.001906,"v_loss":6074.62706,"entropy":-1.905068,"approx_kl":0.006313,"clipfrac":0.0303,"reward_mean":-3.6354,"reward_std":35.5825,"reward_min":-203.8606,"reward_max":447.6958,"reward_scale":1.0,"throttle_mean":0.7573,"throttle_min":0.1653,"throttle_max":0.9841,"spawn_curriculum_enabled":true,"spawn_curriculum_progress":0.0109,"spawn_xy_half_width_m":0.516}
{"type":"train_update","update":4,"global_step":65536,"wall_s":81.53,"sps":803.8,"loss":3038.784668,"loss_ema":2592.366046,"loss_plateau_delta":111.604656,"loss_plateau_count":0,"pg_loss":-0.001783,"v_loss":6077.553925,"entropy":-1.905306,"approx_kl":0.003589,"clipfrac":0.0315,"reward_mean":-2.899,"reward_std":36.3678,"reward_min":-204.9566,"reward_max":463.4708,"reward_scale":1.0,"throttle_mean":0.7591,"throttle_min":0.1674,"throttle_max":0.9875,"spawn_curriculum_enabled":true,"spawn_curriculum_progress":0.0164,"spawn_xy_half_width_m":0.525}
{"type":"train_update","update":5,"global_step":81920,"wall_s":89.37,"sps":916.6,"loss":3028.403412,"loss_ema":2679.573519,"loss_plateau_delta":87.207473,"loss_plateau_count":0,"pg_loss":-0.001693,"v_loss":6056.791153,"entropy":-1.904013,"approx_kl":0.003077,"clipfrac":0.0177,"reward_mean":-3.0141,"reward_std":36.3464,"reward_min":-203.8038,"reward_max":433.602,"reward_scale":1.0,"throttle_mean":0.7618,"throttle_min":0.1932,"throttle_max":0.9828,"spawn_curriculum_enabled":true,"spawn_curriculum_progress":0.0218,"spawn_xy_half_width_m":0.533}
{"type":"train_update","update":6,"global_step":98304,"wall_s":96.65,"sps":1017.1,"loss":2989.310303,"loss_ema":2741.520876,"loss_plateau_delta":61.947357,"loss_plateau_count":0,"pg_loss":-0.001789,"v_loss":5978.605225,"entropy":-1.901282,"approx_kl":0.004139,"clipfrac":0.0351,"reward_mean":-2.5429,"reward_std":36.5365,"reward_min":-204.2117,"reward_max":460.8575,"reward_scale":1.0,"throttle_mean":0.7557,"throttle_min":0.1413,"throttle_max":0.9808,"spawn_curriculum_enabled":true,"spawn_curriculum_progress":0.0273,"spawn_xy_half_width_m":0.541}
{"type":"train_update","update":7,"global_step":114688,"wall_s":103.74,"sps":1105.6,"loss":3025.547699,"loss_ema":2798.32624,"loss_plateau_delta":56.805365,"loss_plateau_count":0,"pg_loss":-0.001528,"v_loss":6051.079483,"entropy":-1.892775,"approx_kl":0.002771,"clipfrac":0.048,"reward_mean":-2.4444,"reward_std":36.9316,"reward_min":-205.2035,"reward_max":406.7948,"reward_scale":1.0,"throttle_mean":0.7615,"throttle_min":0.1928,"throttle_max":0.9841,"spawn_curriculum_enabled":true,"spawn_curriculum_progress":0.0328,"spawn_xy_half_width_m":0.549}
{"type":"train_update","update":8,"global_step":131072,"wall_s":111.67,"sps":1173.7,"loss":3019.436539,"loss_ema":2842.5483,"loss_plateau_delta":44.22206,"loss_plateau_count":0,"pg_loss":-0.001762,"v_loss":6038.857758,"entropy":-1.886476,"approx_kl":0.002844,"clipfrac":0.0282,"reward_mean":-2.7593,"reward_std":36.4368,"reward_min":-204.0431,"reward_max":458.3078,"reward_scale":1.0,"throttle_mean":0.7639,"throttle_min":0.1925,"throttle_max":0.9886,"spawn_curriculum_enabled":true,"spawn_curriculum_progress":0.0382,"spawn_xy_half_width_m":0.557}
{"type":"train_update","update":9,"global_step":147456,"wall_s":119.27,"sps":1236.3,"loss":2946.542473,"loss_ema":2863.347135,"loss_plateau_delta":20.798835,"loss_plateau_count":0,"pg_loss":-0.001008,"v_loss":5893.068161,"entropy":-1.881912,"approx_kl":0.004342,"clipfrac":0.0257,"reward_mean":-2.4258,"reward_std":36.235,"reward_min":-203.7119,"reward_max":468.05,"reward_scale":1.0,"throttle_mean":0.7638,"throttle_min":0.1329,"throttle_max":0.9844,"spawn_curriculum_enabled":true,"spawn_curriculum_progress":0.0437,"spawn_xy_half_width_m":0.566}
{"type":"train_update","update":10,"global_step":163840,"wall_s":126.6,"sps":1294.1,"loss":2859.477676,"loss_ema":2862.573243,"loss_plateau_delta":0.773892,"loss_plateau_count":0,"pg_loss":-0.002028,"v_loss":5718.940567,"entropy":-1.882897,"approx_kl":0.003836,"clipfrac":0.025,"reward_mean":-3.1181,"reward_std":35.5314,"reward_min":-206.1342,"reward_max":442.0649,"reward_scale":1.0,"throttle_mean":0.7708,"throttle_min":0.1808,"throttle_max":0.9863,"spawn_curriculum_enabled":true,"spawn_curriculum_progress":0.0492,"spawn_xy_half_width_m":0.574}
{"type":"train_update","update":11,"global_step":180224,"wall_s":134.63,"sps":1338.6,"loss":2942.316223,"loss_ema":2878.521839,"loss_plateau_delta":15.948596,"loss_plateau_count":0,"pg_loss":-0.001774,"v_loss":5884.617203,"entropy":-1.881085,"approx_kl":0.004461,"clipfrac":0.0277,"reward_mean":-2.6572,"reward_std":36.2248,"reward_min":-203.6782,"reward_max":426.4508,"reward_scale":1.0,"throttle_mean":0.7673,"throttle_min":0.2041,"throttle_max":0.9849,"spawn_curriculum_enabled":true,"spawn_curriculum_progress":0.0546,"spawn_xy_half_width_m":0.582}
{"type":"train_update","update":12,"global_step":196608,"wall_s":142.32,"sps":1381.5,"loss":2897.19371,"loss_ema":2882.256213,"loss_plateau_delta":3.734374,"loss_plateau_count":0,"pg_loss":-0.001752,"v_loss":5794.372147,"entropy":-1.879286,"approx_kl":0.005595,"clipfrac":0.027,"reward_mean":-2.3192,"reward_std":36.4741,"reward_min":-203.983,"reward_max":422.7399,"reward_scale":1.0,"throttle_mean":0.7674,"throttle_min":0.1838,"throttle_max":0.9875,"spawn_curriculum_enabled":true,"spawn_curriculum_progress":0.0601,"spawn_xy_half_width_m":0.59}
{"type":"train_update","update":13,"global_step":212992,"wall_s":149.12,"sps":1428.3,"loss":2858.539749,"loss_ema":2877.51292,"loss_plateau_delta":4.743293,"loss_plateau_count":0,"pg_loss":-0.001706,"v_loss":5717.064133,"entropy":-1.873836,"approx_kl":0.003388,"clipfrac":0.0429,"reward_mean":-2.148,"reward_std":36.2432,"reward_min":-203.9902,"reward_max":410.0637,"reward_scale":1.0,"throttle_mean":0.7682,"throttle_min":0.1956,"throttle_max":0.987,"spawn_curriculum_enabled":true,"spawn_curriculum_progress":0.0655,"spawn_xy_half_width_m":0.598}
{"type":"train_update","update":14,"global_step":229376,"wall_s":157.02,"sps":1460.8,"loss":2908.407913,"loss_ema":2883.691919,"loss_plateau_delta":6.178999,"loss_plateau_count":0,"pg_loss":-0.002059,"v_loss":5816.801163,"entropy":-1.874027,"approx_kl":0.003106,"clipfrac":0.0264,"reward_mean":-1.9936,"reward_std":36.8882,"reward_min":-204.0837,"reward_max":444.0479,"reward_scale":1.0,"throttle_mean":0.7701,"throttle_min":0.1914,"throttle_max":0.9844,"spawn_curriculum_enabled":true,"spawn_curriculum_progress":0.071,"spawn_xy_half_width_m":0.606}
{"type":"train_update","update":15,"global_step":245760,"wall_s":163.68,"sps":1501.4,"loss":2862.198959,"loss_ema":2879.393327,"loss_plateau_delta":4.298592,"loss_plateau_count":0,"pg_loss":-0.000936,"v_loss":5724.381027,"entropy":-1.87432,"approx_kl":0.003085,"clipfrac":0.0549,"reward_mean":-2.8327,"reward_std":36.116,"reward_min":-204.0104,"reward_max":452.7849,"reward_scale":1.0,"throttle_mean":0.7688,"throttle_min":0.1009,"throttle_max":0.9891,"spawn_curriculum_enabled":true,"spawn_curriculum_progress":0.0765,"spawn_xy_half_width_m":0.615}
{"type":"train_update","update":16,"global_step":262144,"wall_s":169.96,"sps":1542.4,"loss":2949.190155,"loss_ema":2893.352693,"loss_plateau_delta":13.959366,"loss_plateau_count":0,"pg_loss":-0.00136,"v_loss":5898.364288,"entropy":-1.87079,"approx_kl":0.004872,"clipfrac":0.0494,"reward_mean":-2.347,"reward_std":36.5451,"reward_min":-204.1653,"reward_max":469.7523,"reward_scale":1.0,"throttle_mean":0.7713,"throttle_min":0.1297,"throttle_max":0.9924,"spawn_curriculum_enabled":true,"spawn_curriculum_progress":0.0819,"spawn_xy_half_width_m":0.623}
step=262,144 reward_mean=-2.347 kl=0.00487 clipfrac=0.049 eval={'landed_fraction': 1.0, 'crashed_fraction': 1.0, 'mean_touchdown_speed': 0.02000156044960022, 'max_touchdown_speed': 0.4526920020580292, 'mean_pad_distance': 2.1748523712158203, 'max_pad_distance': 4.606722354888916, 'mean_delta_v_proxy': 16.593414306640625, 'mean_eval_throttle': 0.7989718882905112, 'max_eval_throttle': 0.8560773134231567, 'max_upward_speed': 1.3926715850830078, 'max_downward_speed': 9.178389549255371, 'passed': False}
{"type":"train_update","update":17,"global_step":278528,"wall_s":229.36,"sps":1214.4,"loss":2334.751549,"loss_ema":2781.632464,"loss_plateau_delta":111.720229,"loss_plateau_count":0,"pg_loss":-0.002104,"v_loss":4669.488617,"entropy":-1.86536,"approx_kl":0.006672,"clipfrac":0.0486,"reward_mean":-2.4054,"reward_std":31.1665,"reward_min":-203.7261,"reward_max":433.8513,"reward_scale":1.0,"throttle_mean":0.778,"throttle_min":0.1092,"throttle_max":0.9865,"spawn_curriculum_enabled":true,"spawn_curriculum_progress":0.0874,"spawn_xy_half_width_m":0.631}
{"type":"train_update","update":18,"global_step":294912,"wall_s":236.29,"sps":1248.1,"loss":2692.753555,"loss_ema":2763.856682,"loss_plateau_delta":17.775782,"loss_plateau_count":0,"pg_loss":-0.001344,"v_loss":5385.491135,"entropy":-1.863452,"approx_kl":0.007489,"clipfrac":0.0562,"reward_mean":-2.84,"reward_std":34.1455,"reward_min":-203.8909,"reward_max":422.5916,"reward_scale":1.0,"throttle_mean":0.7782,"throttle_min":0.1608,"throttle_max":0.9892,"spawn_curriculum_enabled":true,"spawn_curriculum_progress":0.0928,"spawn_xy_half_width_m":0.639}
{"type":"train_update","update":19,"global_step":311296,"wall_s":243.67,"sps":1277.5,"loss":2870.459206,"loss_ema":2785.177187,"loss_plateau_delta":21.320505,"loss_plateau_count":0,"pg_loss":-0.001391,"v_loss":5740.902557,"entropy":-1.862772,"approx_kl":0.004757,"clipfrac":0.047,"reward_mean":-2.4801,"reward_std":36.2247,"reward_min":-204.9836,"reward_max":434.3296,"reward_scale":1.0,"throttle_mean":0.7764,"throttle_min":0.1401,"throttle_max":0.9875,"spawn_curriculum_enabled":true,"spawn_curriculum_progress":0.0983,"spawn_xy_half_width_m":0.647}
{"type":"train_update","update":20,"global_step":327680,"wall_s":250.86,"sps":1306.2,"loss":2736.536018,"loss_ema":2775.448953,"loss_plateau_delta":9.728234,"loss_plateau_count":0,"pg_loss":-0.001488,"v_loss":5473.056381,"entropy":-1.857941,"approx_kl":0.007634,"clipfrac":0.0467,"reward_mean":-2.2534,"reward_std":35.3473,"reward_min":-203.9841,"reward_max":441.8376,"reward_scale":1.0,"throttle_mean":0.7763,"throttle_min":0.1848,"throttle_max":0.9864,"spawn_curriculum_enabled":true,"spawn_curriculum_progress":0.1038,"spawn_xy_half_width_m":0.656}
{"type":"train_update","update":21,"global_step":344064,"wall_s":258.33,"sps":1331.9,"loss":2901.123489,"loss_ema":2800.58386,"loss_plateau_delta":25.134907,"loss_plateau_count":0,"pg_loss":-0.002223,"v_loss":5802.232849,"entropy":-1.855789,"approx_kl":0.00378,"clipfrac":0.0289,"reward_mean":-1.9268,"reward_std":37.2059,"reward_min":-203.9482,"reward_max":454.2411,"reward_scale":1.0,"throttle_mean":0.7843,"throttle_min":0.1452,"throttle_max":0.9893,"spawn_curriculum_enabled":true,"spawn_curriculum_progress":0.1092,"spawn_xy_half_width_m":0.664}
{"type":"train_update","update":22,"global_step":360448,"wall_s":266.04,"sps":1354.8,"loss":2723.277245,"loss_ema":2785.122537,"loss_plateau_delta":15.461323,"loss_plateau_count":0,"pg_loss":-0.001676,"v_loss":5446.539246,"entropy":-1.861536,"approx_kl":0.00482,"clipfrac":0.0442,"reward_mean":-2.017,"reward_std":35.5465,"reward_min":-203.6823,"reward_max":427.4778,"reward_scale":1.0,"throttle_mean":0.7842,"throttle_min":0.1454,"throttle_max":0.9882,"spawn_curriculum_enabled":true,"spawn_curriculum_progress":0.1147,"spawn_xy_half_width_m":0.672}
{"type":"train_update","update":23,"global_step":376832,"wall_s":273.4,"sps":1378.3,"loss":2929.024361,"loss_ema":2813.902902,"loss_plateau_delta":28.780365,"loss_plateau_count":0,"pg_loss":-0.002042,"v_loss":5858.034164,"entropy":-1.862241,"approx_kl":0.005005,"clipfrac":0.0241,"reward_mean":-2.002,"reward_std":37.0329,"reward_min":-204.0482,"reward_max":457.3424,"reward_scale":1.0,"throttle_mean":0.7845,"throttle_min":0.1507,"throttle_max":0.9921,"spawn_curriculum_enabled":true,"spawn_curriculum_progress":0.1201,"spawn_xy_half_width_m":0.68}
{"type":"train_update","update":24,"global_step":393216,"wall_s":280.58,"sps":1401.4,"loss":2701.663162,"loss_ema":2791.454954,"loss_plateau_delta":22.447948,"loss_plateau_count":0,"pg_loss":-0.001428,"v_loss":5403.310608,"entropy":-1.858875,"approx_kl":0.004504,"clipfrac":0.0311,"reward_mean":-2.6643,"reward_std":34.8746,"reward_min":-204.0006,"reward_max":461.2628,"reward_scale":1.0,"throttle_mean":0.7834,"throttle_min":0.1732,"throttle_max":0.9934,"spawn_curriculum_enabled":true,"spawn_curriculum_progress":0.1256,"spawn_xy_half_width_m":0.688}
{"type":"train_update","update":25,"global_step":409600,"wall_s":287.82,"sps":1423.1,"loss":2759.895775,"loss_ema":2785.143118,"loss_plateau_delta":6.311836,"loss_plateau_count":0,"pg_loss":-0.000535,"v_loss":5519.774063,"entropy":-1.859763,"approx_kl":0.005986,"clipfrac":0.0622,"reward_mean":-2.7313,"reward_std":35.3143,"reward_min":-204.2983,"reward_max":425.2028,"reward_scale":1.0,"throttle_mean":0.7904,"throttle_min":0.2232,"throttle_max":0.9884,"spawn_curriculum_enabled":true,"spawn_curriculum_progress":0.1311,"spawn_xy_half_width_m":0.697}
{"type":"train_update","update":26,"global_step":425984,"wall_s":295.42,"sps":1441.9,"loss":2655.64785,"loss_ema":2759.244065,"loss_plateau_delta":25.899054,"loss_plateau_count":0,"pg_loss":-0.002179,"v_loss":5311.281433,"entropy":-1.861965,"approx_kl":0.004339,"clipfrac":0.029,"reward_mean":-2.7255,"reward_std":34.7484,"reward_min":-204.4787,"reward_max":436.8082,"reward_scale":1.0,"throttle_mean":0.7881,"throttle_min":0.1745,"throttle_max":0.9898,"spawn_curriculum_enabled":true,"spawn_curriculum_progress":0.1365,"spawn_xy_half_width_m":0.705}
{"type":"train_update","update":27,"global_step":442368,"wall_s":302.48,"sps":1462.5,"loss":2612.643814,"loss_ema":2729.924014,"loss_plateau_delta":29.32005,"loss_plateau_count":0,"pg_loss":-0.002171,"v_loss":5225.273361,"entropy":-1.858157,"approx_kl":0.005576,"clipfrac":0.0226,"reward_mean":-2.6155,"reward_std":34.7238,"reward_min":-204.4454,"reward_max":418.6025,"reward_scale":1.0,"throttle_mean":0.7875,"throttle_min":0.1417,"throttle_max":0.9938,"spawn_curriculum_enabled":true,"spawn_curriculum_progress":0.142,"spawn_xy_half_width_m":0.713}
{"type":"train_update","update":28,"global_step":458752,"wall_s":309.29,"sps":1483.3,"loss":2740.222862,"loss_ema":2731.983784,"loss_plateau_delta":2.05977,"loss_plateau_count":0,"pg_loss":-0.002278,"v_loss":5480.431671,"entropy":-1.860501,"approx_kl":0.005765,"clipfrac":0.0226,"reward_mean":-2.6867,"reward_std":35.4423,"reward_min":-204.086,"reward_max":440.2922,"reward_scale":1.0,"throttle_mean":0.7902,"throttle_min":0.1627,"throttle_max":0.9888,"spawn_curriculum_enabled":true,"spawn_curriculum_progress":0.1475,"spawn_xy_half_width_m":0.721}
{"type":"train_update","update":29,"global_step":475136,"wall_s":317.43,"sps":1496.8,"loss":2709.212105,"loss_ema":2727.429448,"loss_plateau_delta":4.554336,"loss_plateau_count":0,"pg_loss":-0.00148,"v_loss":5418.408554,"entropy":-1.861182,"approx_kl":0.002449,"clipfrac":0.0229,"reward_mean":-2.7142,"reward_std":35.0592,"reward_min":-204.1744,"reward_max":423.7044,"reward_scale":1.0,"throttle_mean":0.7888,"throttle_min":0.1604,"throttle_max":0.9866,"spawn_curriculum_enabled":true,"spawn_curriculum_progress":0.1529,"spawn_xy_half_width_m":0.729}
{"type":"train_update","update":30,"global_step":491520,"wall_s":324.3,"sps":1515.6,"loss":2816.334167,"loss_ema":2745.210392,"loss_plateau_delta":17.780944,"loss_plateau_count":0,"pg_loss":-0.001697,"v_loss":5632.653107,"entropy":-1.860469,"approx_kl":0.005776,"clipfrac":0.0338,"reward_mean":-2.2483,"reward_std":36.1497,"reward_min":-204.2816,"reward_max":432.479,"reward_scale":1.0,"throttle_mean":0.7841,"throttle_min":0.169,"throttle_max":0.9892,"spawn_curriculum_enabled":true,"spawn_curriculum_progress":0.1584,"spawn_xy_half_width_m":0.738}
{"type":"train_update","update":31,"global_step":507904,"wall_s":330.94,"sps":1534.7,"loss":2718.599457,"loss_ema":2739.888205,"loss_plateau_delta":5.322187,"loss_plateau_count":0,"pg_loss":-0.001577,"v_loss":5437.183456,"entropy":-1.859324,"approx_kl":0.005047,"clipfrac":0.0276,"reward_mean":-2.5264,"reward_std":35.4816,"reward_min":-203.9077,"reward_max":433.807,"reward_scale":1.0,"throttle_mean":0.7904,"throttle_min":0.1676,"throttle_max":0.9939,"spawn_curriculum_enabled":true,"spawn_curriculum_progress":0.1638,"spawn_xy_half_width_m":0.746}
step=507,904 reward_mean=-2.526 kl=0.00505 clipfrac=0.028 eval={'landed_fraction': 1.0, 'crashed_fraction': 1.0, 'mean_touchdown_speed': 0.022002894431352615, 'max_touchdown_speed': 0.41804540157318115, 'mean_pad_distance': 2.43879771232605, 'max_pad_distance': 5.952785015106201, 'mean_delta_v_proxy': 17.694074630737305, 'mean_eval_throttle': 0.8196526276403003, 'max_eval_throttle': 0.8774414658546448, 'max_upward_speed': 1.417852759361267, 'max_downward_speed': 8.661495208740234, 'passed': False}
{"type":"train_update","update":32,"global_step":524288,"wall_s":388.34,"sps":1350.1,"loss":2302.847908,"loss_ema":2652.480146,"loss_plateau_delta":87.408059,"loss_plateau_count":0,"pg_loss":-0.000238,"v_loss":4605.677673,"entropy":-1.857608,"approx_kl":0.006422,"clipfrac":0.0834,"reward_mean":-1.5415,"reward_std":32.0329,"reward_min":-204.263,"reward_max":451.7207,"reward_scale":1.0,"throttle_mean":0.7996,"throttle_min":0.162,"throttle_max":0.992,"spawn_curriculum_enabled":true,"spawn_curriculum_progress":0.1693,"spawn_xy_half_width_m":0.754}
{"type":"train_update","update":33,"global_step":540672,"wall_s":395.33,"sps":1367.7,"loss":2627.371872,"loss_ema":2647.458491,"loss_plateau_delta":5.021655,"loss_plateau_count":0,"pg_loss":-0.001058,"v_loss":5254.727249,"entropy":-1.862291,"approx_kl":0.002864,"clipfrac":0.031,"reward_mean":-2.8384,"reward_std":34.2556,"reward_min":-204.4079,"reward_max":423.8031,"reward_scale":1.0,"throttle_mean":0.7941,"throttle_min":0.1101,"throttle_max":0.991,"spawn_curriculum_enabled":true,"spawn_curriculum_progress":0.1748,"spawn_xy_half_width_m":0.762}
{"type":"train_update","update":34,"global_step":557056,"wall_s":401.99,"sps":1385.7,"loss":2597.235115,"loss_ema":2637.413816,"loss_plateau_delta":10.044675,"loss_plateau_count":0,"pg_loss":-0.000528,"v_loss":5194.452637,"entropy":-1.86862,"approx_kl":0.00532,"clipfrac":0.052,"reward_mean":-2.2443,"reward_std":34.7405,"reward_min":-204.2192,"reward_max":428.6714,"reward_scale":1.0,"throttle_mean":0.7926,"throttle_min":0.1223,"throttle_max":0.9884,"spawn_curriculum_enabled":true,"spawn_curriculum_progress":0.1802,"spawn_xy_half_width_m":0.77}
{"type":"train_update","update":35,"global_step":573440,"wall_s":409.86,"sps":1399.1,"loss":2627.344536,"loss_ema":2635.39996,"loss_plateau_delta":2.013856,"loss_plateau_count":0,"pg_loss":-0.000701,"v_loss":5254.671768,"entropy":-1.870997,"approx_kl":0.008014,"clipfrac":0.0695,"reward_mean":-2.5082,"reward_std":34.8935,"reward_min":-203.9876,"reward_max":445.6504,"reward_scale":1.0,"throttle_mean":0.7943,"throttle_min":0.1244,"throttle_max":0.9913,"spawn_curriculum_enabled":true,"spawn_curriculum_progress":0.1857,"spawn_xy_half_width_m":0.779}
{"type":"train_update","update":36,"global_step":589824,"wall_s":416.55,"sps":1416.0,"loss":2538.928581,"loss_ema":2616.105684,"loss_plateau_delta":19.294276,"loss_plateau_count":0,"pg_loss":-0.00193,"v_loss":5077.842331,"entropy":-1.869982,"approx_kl":0.004757,"clipfrac":0.0517,"reward_mean":-2.789,"reward_std":33.9835,"reward_min":-203.9443,"reward_max":442.9338,"reward_scale":1.0,"throttle_mean":0.7964,"throttle_min":0.1743,"throttle_max":0.9892,"spawn_curriculum_enabled":true,"spawn_curriculum_progress":0.1911,"spawn_xy_half_width_m":0.787}
{"type":"train_update","update":37,"global_step":606208,"wall_s":423.23,"sps":1432.3,"loss":2614.252083,"loss_ema":2615.734964,"loss_plateau_delta":0.37072,"loss_plateau_count":0,"pg_loss":-0.001838,"v_loss":5228.489166,"entropy":-1.87014,"approx_kl":0.004496,"clipfrac":0.0407,"reward_mean":-2.2555,"reward_std":34.9784,"reward_min":-203.8914,"reward_max":456.2731,"reward_scale":1.0,"throttle_mean":0.7927,"throttle_min":0.1397,"throttle_max":0.9917,"spawn_curriculum_enabled":true,"spawn_curriculum_progress":0.1966,"spawn_xy_half_width_m":0.795}
{"type":"train_update","update":38,"global_step":622592,"wall_s":431.41,"sps":1443.2,"loss":2631.566414,"loss_ema":2618.901254,"loss_plateau_delta":3.16629,"loss_plateau_count":0,"pg_loss":-0.001753,"v_loss":5263.117645,"entropy":-1.869516,"approx_kl":0.00513,"clipfrac":0.0427,"reward_mean":-2.3513,"reward_std":35.2262,"reward_min":-207.0297,"reward_max":451.0273,"reward_scale":1.0,"throttle_mean":0.7961,"throttle_min":0.1271,"throttle_max":0.9875,"spawn_curriculum_enabled":true,"spawn_curriculum_progress":0.2021,"spawn_xy_half_width_m":0.803}
{"type":"train_update","update":39,"global_step":638976,"wall_s":438.36,"sps":1457.6,"loss":2490.870132,"loss_ema":2593.29503,"loss_plateau_delta":25.606224,"loss_plateau_count":0,"pg_loss":-0.002322,"v_loss":4981.726181,"entropy":-1.874782,"approx_kl":0.003374,"clipfrac":0.0217,"reward_mean":-3.1543,"reward_std":33.3603,"reward_min":-205.3878,"reward_max":437.2754,"reward_scale":1.0,"throttle_mean":0.7971,"throttle_min":0.1592,"throttle_max":0.9885,"spawn_curriculum_enabled":true,"spawn_curriculum_progress":0.2075,"spawn_xy_half_width_m":0.811}
{"type":"train_update","update":40,"global_step":655360,"wall_s":446.54,"sps":1467.6,"loss":2661.059929,"loss_ema":2606.848009,"loss_plateau_delta":13.55298,"loss_plateau_count":0,"pg_loss":-0.001997,"v_loss":5322.105103,"entropy":-1.877605,"approx_kl":0.005004,"clipfrac":0.0401,"reward_mean":-2.2597,"reward_std":35.4797,"reward_min":-204.7194,"reward_max":468.7909,"reward_scale":1.0,"throttle_mean":0.7969,"throttle_min":0.1765,"throttle_max":0.9933,"spawn_curriculum_enabled":true,"spawn_curriculum_progress":0.213,"spawn_xy_half_width_m":0.819}
{"type":"train_update","update":41,"global_step":671744,"wall_s":454.81,"sps":1477.0,"loss":2614.514977,"loss_ema":2608.381403,"loss_plateau_delta":1.533393,"loss_plateau_count":0,"pg_loss":-0.00151,"v_loss":5229.014236,"entropy":-1.877142,"approx_kl":0.007488,"clipfrac":0.0424,"reward_mean":-2.3093,"reward_std":35.016,"reward_min":-204.2281,"reward_max":469.5581,"reward_scale":1.0,"throttle_mean":0.7986,"throttle_min":0.1897,"throttle_max":0.9945,"spawn_curriculum_enabled":true,"spawn_curriculum_progress":0.2185,"spawn_xy_half_width_m":0.828}
{"type":"train_update","update":42,"global_step":688128,"wall_s":462.63,"sps":1487.4,"loss":2587.905792,"loss_ema":2604.286281,"loss_plateau_delta":4.095122,"loss_plateau_count":0,"pg_loss":-0.002167,"v_loss":5175.79715,"entropy":-1.87974,"approx_kl":0.006278,"clipfrac":0.057,"reward_mean":-2.1125,"reward_std":35.1079,"reward_min":-204.856,"reward_max":462.2791,"reward_scale":1.0,"throttle_mean":0.798,"throttle_min":0.1259,"throttle_max":0.9905,"spawn_curriculum_enabled":true,"spawn_curriculum_progress":0.2239,"spawn_xy_half_width_m":0.836}
{"type":"train_update","update":43,"global_step":704512,"wall_s":469.86,"sps":1499.4,"loss":2610.30349,"loss_ema":2605.489723,"loss_plateau_delta":1.203442,"loss_plateau_count":0,"pg_loss":-0.002018,"v_loss":5220.592163,"entropy":-1.881308,"approx_kl":0.005245,"clipfrac":0.0294,"reward_mean":-2.7436,"reward_std":34.6483,"reward_min":-205.1057,"reward_max":447.6567,"reward_scale":1.0,"throttle_mean":0.799,"throttle_min":0.1604,"throttle_max":0.9928,"spawn_curriculum_enabled":true,"spawn_curriculum_progress":0.2294,"spawn_xy_half_width_m":0.844}
{"type":"train_update","update":44,"global_step":720896,"wall_s":478.04,"sps":1508.0,"loss":2458.919197,"loss_ema":2576.175617,"loss_plateau_delta":29.314105,"loss_plateau_count":0,"pg_loss":-0.002269,"v_loss":4917.824142,"entropy":-1.877984,"approx_kl":0.006502,"clipfrac":0.0543,"reward_mean":-2.3261,"reward_std":34.068,"reward_min":-204.7294,"reward_max":468.5156,"reward_scale":1.0,"throttle_mean":0.8021,"throttle_min":0.1816,"throttle_max":0.9914,"spawn_curriculum_enabled":true,"spawn_curriculum_progress":0.2348,"spawn_xy_half_width_m":0.852}
{"type":"train_update","update":45,"global_step":737280,"wall_s":485.98,"sps":1517.1,"loss":2514.403755,"loss_ema":2563.821245,"loss_plateau_delta":12.354372,"loss_plateau_count":0,"pg_loss":-0.002492,"v_loss":5028.793701,"entropy":-1.878418,"approx_kl":0.003222,"clipfrac":0.0294,"reward_mean":-2.2783,"reward_std":34.4758,"reward_min":-203.8084,"reward_max":407.4255,"reward_scale":1.0,"throttle_mean":0.8025,"throttle_min":0.1534,"throttle_max":0.9928,"spawn_curriculum_enabled":true,"spawn_curriculum_progress":0.2403,"spawn_xy_half_width_m":0.86}
