PPO training starting: task=landing, total_steps=5000000, bc_steps=0, headless=False
[Info] [carb] Logging to file: c:/transformer-rl-retro-propulsion/env_isaaclab/lib/site-packages/isaacsim/kit/logs/Kit/Isaac-Sim Python/5.1/kit_20260426_182334.log
[0.419s] [ext: omni.kit.async_engine-0.0.3] startup
[0.861s] [ext: omni.metrics.core-0.0.3] startup
[0.864s] [ext: omni.client.lib-1.1.0] startup
[0.991s] [ext: omni.blobkey-1.1.2] startup
[0.994s] [ext: omni.stats-1.0.1] startup
[1.004s] [ext: omni.datastore-0.0.0] startup
[1.011s] [ext: omni.client-1.3.0] startup
[1.187s] [ext: omni.ujitso.default-1.0.0] startup
[1.199s] [ext: omni.hsscclient-1.1.2] startup
[1.228s] [ext: omni.gpu_foundation.shadercache.vulkan-1.0.0] startup
[1.236s] [ext: omni.assets.plugins-0.0.0] startup
[1.252s] [ext: omni.gpu_foundation-0.0.0] startup
[1.393s] [ext: carb.windowing.plugins-1.0.0] startup
2026-04-26T23:23:37Z [2,075ms] [Warning] [carb.windowing-glfw.gamepad] Joystick with unknown remapping detected (will be ignored):  Saitek Pro Flight Rudder Pedals [03000000a30600006307000000000000]
2026-04-26T23:23:37Z [2,076ms] [Warning] [carb.windowing-glfw.gamepad] Joystick with unknown remapping detected (will be ignored):  3Dconnexion KMJ Emulator [03000000efbe00006d04000000000000]
2026-04-26T23:23:37Z [2,076ms] [Warning] [carb.windowing-glfw.gamepad] Joystick with unknown remapping detected (will be ignored):  Joystick - HOTAS Warthog [030000004f0400000204000000000000]
[2.375s] [ext: omni.kit.renderer.init-0.0.0] startup
[2.380s] [ext: omni.materialx.libs-1.0.7] startup
[2.457s] [ext: omni.usd.config-1.0.6] startup
[2.503s] [ext: omni.gpucompute.plugins-0.0.0] startup
[2.558s] [ext: omni.usd.libs-1.0.1] startup
[3.226s] [ext: omni.mdl-56.0.3] startup
[3.642s] [ext: omni.iray.libs-0.0.0] startup
[3.887s] [ext: omni.mdl.neuraylib-0.2.12] startup
[3.911s] [ext: omni.kit.usd.mdl-1.1.5] startup
[4.400s] [ext: omni.kit.pipapi-0.0.0] startup
[4.403s] [ext: omni.kit.loop-isaac-1.3.7] startup
[4.410s] [ext: omni.kit.test-2.0.1] startup

|---------------------------------------------------------------------------------------------|
| Driver Version: 580.88        | Graphics API: Vulkan
|=============================================================================================|
| GPU | Name                             | Active | LDA | GPU Memory | Vendor-ID | LUID       |
|     |                                  |        |     |            | Device-ID | UUID       |
|     |                                  |        |     |            | Bus-ID    |            |
|---------------------------------------------------------------------------------------------|
| 0   | NVIDIA GeForce RTX 5070          | Yes: 0 |     | 11855   MB | 10de      | b42b0100.. |
|     |                                  |        |     |            | 2f04      | 36fdc134.. |
|     |                                  |        |     |            | 1         |            |
|=============================================================================================|
| OS: Windows 11 Pro, Version: 10.0 (25H2), Build: 26200, Kernel: 10.0.26100.8246
| Processor: AMD Ryzen 9 9900X 12-Core Processor            
| Cores: 12 | Logical Cores: 24
|---------------------------------------------------------------------------------------------|
| Total Memory (MB): 32360 | Free Memory: 20314
| Total Page/Swap (MB): 41265 | Free Page/Swap: 7021
|---------------------------------------------------------------------------------------------|
[4.587s] [ext: omni.kit.telemetry-0.5.2] startup
[4.633s] [ext: omni.appwindow-1.1.10] startup
[4.662s] [ext: omni.kit.renderer.core-1.1.0] startup
[4.678s] [ext: omni.kit.renderer.capture-0.0.0] startup
[4.691s] [ext: omni.kit.renderer.imgui-2.0.5] startup
[4.736s] [ext: omni.ui-2.27.1] startup
[4.775s] [ext: omni.kit.mainwindow-1.0.3] startup
[4.778s] [ext: carb.audio-0.1.0] startup
[4.786s] [ext: omni.uiaudio-1.0.0] startup
[4.795s] [ext: omni.kit.uiapp-0.0.0] startup
[4.795s] [ext: omni.usd.schema.metrics.assembler-107.3.1] startup
[4.816s] [ext: omni.anim.navigation.schema-107.3.3] startup
[4.836s] [ext: omni.usd.schema.anim-0.0.0] startup
[4.951s] [ext: omni.usd.schema.audio-0.0.0] startup
[4.969s] [ext: omni.usd.schema.omniscripting-1.0.0] startup
[4.994s] [ext: omni.usd.schema.physx-107.3.26] startup
[5.107s] [ext: omni.usd_resolver-1.0.0] startup
[5.135s] [ext: omni.usd.core-1.5.3] startup
[5.141s] [ext: omni.usd.schema.omni_sensors-0.0.0] startup
[5.214s] [ext: omni.usd.schema.omnigraph-1.0.0] startup
[5.248s] [ext: omni.usd.schema.semantics-0.0.0] startup
[5.266s] [ext: omni.usd.schema.geospatial-0.0.0] startup
[5.288s] [ext: omni.kit.window.popup_dialog-2.0.24] startup
[5.302s] [ext: omni.activity.core-1.0.3] startup
[5.310s] [ext: omni.kit.widget.nucleus_connector-2.0.1] startup
[5.319s] [ext: omni.kit.usd_undo-0.1.8] startup
[5.320s] [ext: omni.graph.exec-0.9.6] startup
[5.324s] [ext: omni.kit.actions.core-1.0.0] startup
[5.339s] [ext: usdrt.scenegraph-7.6.1] startup
[5.510s] [ext: omni.resourcemonitor-107.0.1] startup
[5.520s] [ext: omni.kit.exec.core-0.13.4] startup
[5.531s] [ext: omni.timeline-1.0.14] startup
[5.542s] [ext: omni.kit.commands-1.4.10] startup
[5.561s] [ext: omni.kit.audiodeviceenum-1.0.2] startup
[5.571s] [ext: omni.hydra.usdrt_delegate-7.5.1] startup
[5.604s] [ext: omni.hydra.scene_delegate-0.3.4] startup
[5.615s] [ext: omni.usd-1.13.10] startup
[6.779s] [ext: omni.inspect-1.0.2] startup
[6.791s] [ext: omni.kit.notification_manager-1.0.10] startup
[6.798s] [ext: omni.graph.core-2.184.5] startup
[6.815s] [ext: isaacsim.core.deprecation_manager-0.2.7] startup
[6.818s] [ext: omni.anim.graph.schema-107.3.3] startup
[6.853s] [ext: omni.usd.schema.flow-107.1.1] startup
[6.855s] [ext: omni.usd.schema.isaac-3.0.5] startup
[6.855s] [ext: omni.usd.schema.omni_lens_distortion-0.0.0] startup
[6.858s] [ext: isaacsim.robot.schema-3.6.0] startup
[6.906s] [ext: omni.kit.asset_converter-5.0.17] startup
[6.964s] [ext: omni.usd.schema.render_settings.rtx-0.0.0] startup
[6.968s] [ext: omni.kit.helper.file_utils-0.1.9] startup
[6.972s] [ext: omni.kit.menu.core-1.1.2] startup
[6.974s] [ext: omni.kit.widget.path_field-2.0.11] startup
[6.977s] [ext: omni.kit.widget.filebrowser-2.12.3] startup
[6.997s] [ext: omni.kit.widget.context_menu-1.2.5] startup
[7.001s] [ext: omni.kit.widget.browser_bar-2.0.10] startup
[7.004s] [ext: omni.kit.clipboard-1.0.5] startup
[7.008s] [ext: omni.kit.widget.options_menu-1.1.6] startup
[7.020s] [ext: omni.ui.scene-1.11.5] startup
[7.032s] [ext: omni.kit.widget.options_button-1.0.3] startup
[7.034s] [ext: omni.kit.usd.layers-2.2.11] startup
[7.060s] [ext: omni.kit.window.filepicker-2.13.4] startup
[7.115s] [ext: omni.kit.widget.filter-1.1.4] startup
[7.117s] [ext: omni.kit.hotkeys.core-1.3.10] startup
[7.128s] [ext: omni.kit.context_menu-1.8.6] startup
[7.134s] [ext: omni.kit.property.adapter.core-1.0.2] startup
[7.142s] [ext: omni.kit.window.file_exporter-1.0.33] startup
[7.154s] [ext: omni.kit.widget.searchfield-1.1.8] startup
[7.159s] [ext: omni.kit.numpy.common-0.1.3] startup
[7.164s] [ext: omni.kit.widget.stage-3.1.4] startup
[7.211s] [ext: omni.kit.property.adapter.usd-1.0.2] startup
[7.216s] [ext: omni.kit.property.adapter.fabric-1.0.3] startup
[7.221s] [ext: isaacsim.core.version-2.0.6] startup
[7.223s] [ext: omni.kit.window.file_importer-1.1.18] startup
[7.226s] [ext: omni.kit.stage_template.core-1.1.22] startup
[7.228s] [ext: omni.kit.menu.utils-2.0.5] startup
[7.237s] [ext: omni.kit.window.file-2.0.5] startup
[7.247s] [ext: omni.kit.window.drop_support-1.0.5] startup
[7.249s] [ext: omni.kit.widget.highlight_label-1.0.3] startup
[7.252s] [ext: omni.kit.window.content_browser_registry-0.0.6] startup
[7.254s] [ext: omni.kit.widget.graph-2.0.0] startup
[7.271s] [ext: omni.kit.window.property-1.12.1] startup
[7.595s] [ext: omni.kit.window.content_browser-3.1.3] startup
[7.619s] [ext: omni.kit.graph.delegate.default-1.2.3] startup
[7.622s] [ext: omni.kit.property.usd-4.5.12] startup
[7.652s] [ext: omni.convexdecomposition-107.3.26] startup
[7.666s] [ext: omni.kit.graph.editor.core-1.5.3] startup
[7.676s] [ext: omni.kit.material.library-2.0.7] startup
[7.694s] [ext: omni.kvdb-107.3.26] startup
[7.706s] [ext: omni.usdphysics-107.3.26] startup
[7.712s] [ext: omni.physx.foundation-107.3.26] startup
[7.731s] [ext: omni.localcache-107.3.26] startup
[7.741s] [ext: omni.kit.graph.usd.commands-1.3.1] startup
[7.744s] [ext: omni.physx.cooking-107.3.26] startup
[7.764s] [ext: omni.physics-107.3.26] startup
[7.782s] [ext: omni.physx-107.3.26] startup
[7.830s] [ext: omni.physics.stageupdate-107.3.26] startup
[7.841s] [ext: omni.physics.physx-107.3.26] startup
2026-04-26T23:23:42Z [7,547ms] [Warning] [carb] Acquiring non optional plugin interface which is not listed as dependency: [omni::physx::IPhysxBenchmarks v1.0] (plugin: <default plugin>), by client: omni.physics.physx.plugin. Add it to CARB_PLUGIN_IMPL_DEPS() macro of a client.
[7.846s] [ext: omni.index.libs-380600.8087.0] startup
[7.846s] [ext: omni.index-1.0.1] startup
[7.851s] [ext: omni.volume-0.5.2] startup
[7.886s] [ext: omni.ujitso.client-0.0.0] startup
[7.889s] [ext: omni.hydra.rtx.shadercache.vulkan-1.0.0] startup
[7.893s] [ext: omni.kit.widget.searchable_combobox-1.0.6] startup
[7.897s] [ext: omni.hydra.rtx-1.0.0] startup
[8.157s] [ext: omni.kit.widget.settings-1.2.6] startup
[8.163s] [ext: omni.kit.hydra_texture-1.4.6] startup
[8.172s] [ext: omni.graph.tools-1.79.2] startup
[8.256s] [ext: omni.kit.window.preferences-1.8.0] startup
[8.285s] [ext: omni.kit.widget.material_preview-1.0.16] startup
[8.292s] [ext: omni.graph-1.141.2] startup
[8.419s] [ext: omni.kit.window.material_graph-1.9.1] startup
[8.444s] [ext: omni.isaac.dynamic_control-2.0.7] startup
2026-04-26T23:23:43Z [8,167ms] [Warning] [omni.isaac.dynamic_control] omni.isaac.dynamic_control is deprecated as of Isaac Sim 4.5. No action is needed from end-users.
[8.468s] [ext: isaacsim.storage.native-1.5.1] startup
[8.474s] [ext: omni.graph.scriptnode-1.50.0] startup
[8.478s] [ext: omni.hydra.engine.stats-1.0.3] startup
[8.486s] [ext: omni.kit.viewport.legacy_gizmos-1.0.19] startup
[8.492s] [ext: omni.kit.raycast.query-1.1.0] startup
[8.509s] [ext: omni.graph.action_core-1.1.7] startup
[8.534s] [ext: omni.kit.viewport.scene_camera_model-1.0.6] startup
[8.542s] [ext: omni.graph.image.core-0.6.1] startup
[8.547s] [ext: omni.kit.widget.viewport-107.1.3] startup
[8.566s] [ext: omni.kit.viewport.registry-104.0.6] startup
[8.568s] [ext: omni.usd.metrics.assembler-107.3.1] startup
[8.587s] [ext: omni.kit.viewport.window-107.2.0] startup
[8.620s] [ext: omni.kit.viewport.menubar.core-107.2.1] startup
[8.665s] [ext: omni.graph.image.nodes-1.3.1] startup
[8.674s] [ext: omni.usd.metrics.assembler.physics-107.3.26] startup
[8.679s] [ext: omni.warp.core-1.8.2] startup
[8.833s] [ext: omni.kit.viewport.utility-1.1.2] startup
[8.836s] [ext: omni.physics.tensors-107.3.26] startup
[8.853s] [ext: omni.syntheticdata-0.6.13] startup
[8.922s] [ext: isaacsim.test.docstring-1.1.0] startup
[8.938s] [ext: isaacsim.core.utils-3.5.1] startup
[8.953s] [ext: omni.physx.tensors-107.3.26] startup
[8.962s] [ext: omni.graph.nodes-1.170.10] startup
[9.076s] [ext: omni.graph.action_nodes-1.50.4] startup
[9.089s] [ext: omni.kit.primitive.mesh-1.0.17] startup
[9.107s] [ext: isaacsim.core.simulation_manager-1.4.4] startup
[13.900s] [ext: omni.graph.ui_nodes-1.50.5] startup
[13.917s] [ext: omni.graph.action-1.130.0] startup
[13.919s] [ext: omni.kit.stage_templates-2.0.0] startup
[13.928s] [ext: isaacsim.core.prims-0.6.1] startup
[13.972s] [ext: omni.warp-1.8.2] startup
[13.987s] [ext: omni.videoencoding-0.1.2] startup
[14.000s] [ext: isaacsim.core.api-4.8.0] startup
[14.063s] [ext: isaacsim.core.experimental.utils-0.3.0] startup
[14.075s] [ext: omni.replicator.core-1.12.27] startup
2026-04-26T23:23:48Z [13,827ms] [Warning] [pxr.Semantics] pxr.Semantics is deprecated - please use Semantics instead
2026-04-26T23:23:49Z [14,327ms] [Warning] [omni.graph.core.plugin] Found duplicate of category 'Replicator' - was 'Annotators', adding 'Fabric Reader'
2026-04-26T23:23:49Z [14,327ms] [Warning] [omni.graph.core.plugin] Category 'Replicator' not accepted on node type 'omni.replicator.core.FabricReader' in extension 'omni.replicator.core'
2026-04-26T23:23:49Z [14,330ms] [Warning] [omni.replicator.core.scripts.extension] No material configuration file, adding configuration to material settings directly.
[14.633s] [ext: isaacsim.core.experimental.prims-0.8.1] startup
[14.695s] [ext: omni.kit.window.extensions-1.4.27] startup
[14.721s] [ext: isaacsim.core.experimental.objects-0.4.0] startup
[14.743s] [ext: omni.ui_query-1.1.8] startup
[14.747s] [ext: omni.kit.manipulator.viewport-107.0.1] startup
[14.752s] [ext: isaacsim.robot.surface_gripper-3.3.1] startup
[14.768s] [ext: omni.kit.ui_test-1.3.7] startup
[14.779s] [ext: omni.graph.visualization.nodes-2.1.3] startup
[14.814s] [ext: isaacsim.robot_motion.lula-4.0.8] startup
[14.876s] [ext: isaacsim.core.nodes-3.4.3] startup
[14.910s] [ext: isaacsim.gui.components-1.2.1] startup
[14.932s] [ext: isaacsim.robot_motion.motion_generation-8.0.26] startup
[14.961s] [ext: isaacsim.robot.manipulators-3.3.6] startup
[14.973s] [ext: isaacsim.core.experimental.materials-0.4.0] startup
[14.995s] [ext: isaacsim.robot.manipulators.examples-1.1.2] startup
[15.000s] [ext: isaacsim.cortex.framework-1.0.12] startup
[15.011s] [ext: isaacsim.cortex.behaviors-2.0.14] startup
[15.013s] [ext: omni.isaac.cortex.sample_behaviors-2.0.5] startup
2026-04-26T23:23:49Z [14,718ms] [Warning] [omni.isaac.cortex] omni.isaac.cortex has been deprecated in favor of isaacsim.cortex.framework. Please update your code accordingly.
2026-04-26T23:23:49Z [14,720ms] [Warning] [omni.isaac.cortex.sample_behaviors] omni.isaac.cortex.sample_behaviors has been deprecated in favor of isaacsim.cortex.behaviors. Please update your code accordingly.
[15.021s] [ext: omni.kit.widget.zoombar-1.0.6] startup
[15.031s] [ext: isaacsim.gui.content_browser-0.1.11] startup
[15.050s] [ext: omni.kit.browser.core-2.3.13] startup
[15.085s] [ext: omni.kit.widget.stage_icons-1.0.8] startup
[15.092s] [ext: omni.kit.widget.prompt-1.0.7] startup
[15.098s] [ext: omni.kit.usd.collect-2.4.5] startup
[15.107s] [ext: omni.kit.browser.folder.core-1.10.9] startup
[15.169s] [ext: omni.kit.window.stage-2.6.1] startup
[15.179s] [ext: omni.kit.usdz_export-1.0.9] startup
[15.187s] [ext: omni.kit.tool.collect-2.2.18] startup
[15.203s] [ext: omni.kit.menu.stage-1.2.7] startup
[15.218s] [ext: omni.kit.tool.asset_importer-4.3.2] startup
[15.267s] [ext: isaacsim.robot.wheeled_robots-4.0.24] startup
[15.320s] [ext: isaacsim.examples.browser-0.2.1] startup
[15.356s] [ext: isaacsim.asset.importer.urdf-2.4.30] startup
[15.722s] [ext: omni.isaac.wheeled_robots-3.0.7] startup
2026-04-26T23:23:50Z [15,426ms] [Warning] [omni.isaac.wheeled_robots] omni.isaac.wheeled_robots has been deprecated in favor of isaacsim.robot.wheeled_robots. Please update your code accordingly.
2026-04-26T23:23:50Z [15,426ms] [Warning] [omni.isaac.wheeled_robots.controllers] omni.isaac.wheeled_robots has been deprecated in favor of isaacsim.robot.wheeled_robots. Please update your code accordingly.
2026-04-26T23:23:50Z [15,429ms] [Warning] [omni.isaac.wheeled_robots.controllers.ackermann_controller] omni.isaac.wheeled_robots has been deprecated in favor of isaacsim.robot.wheeled_robots. Please update your code accordingly.
2026-04-26T23:23:50Z [15,432ms] [Warning] [omni.isaac.wheeled_robots.controllers.differential_controller] omni.isaac.wheeled_robots has been deprecated in favor of isaacsim.robot.wheeled_robots. Please update your code accordingly.
2026-04-26T23:23:50Z [15,433ms] [Warning] [omni.isaac.wheeled_robots.controllers.holonomic_controller] omni.isaac.wheeled_robots has been deprecated in favor of isaacsim.robot.wheeled_robots. Please update your code accordingly.
2026-04-26T23:23:50Z [15,434ms] [Warning] [omni.isaac.wheeled_robots.controllers.quintic_path_planner] omni.isaac.wheeled_robots has been deprecated in favor of isaacsim.robot.wheeled_robots. Please update your code accordingly.
2026-04-26T23:23:50Z [15,434ms] [Warning] [omni.isaac.wheeled_robots.controllers.stanley_control] omni.isaac.wheeled_robots has been deprecated in favor of isaacsim.robot.wheeled_robots. Please update your code accordingly.
2026-04-26T23:23:50Z [15,435ms] [Warning] [omni.isaac.wheeled_robots.controllers.wheel_base_pose_controller] omni.isaac.wheeled_robots has been deprecated in favor of isaacsim.robot.wheeled_robots. Please update your code accordingly.
2026-04-26T23:23:50Z [15,435ms] [Warning] [omni.isaac.wheeled_robots.impl] omni.isaac.wheeled_robots has been deprecated in favor of isaacsim.robot.wheeled_robots. Please update your code accordingly.
2026-04-26T23:23:50Z [15,436ms] [Warning] [omni.isaac.wheeled_robots.robots] omni.isaac.wheeled_robots has been deprecated in favor of isaacsim.robot.wheeled_robots. Please update your code accordingly.
2026-04-26T23:23:50Z [15,437ms] [Warning] [omni.isaac.wheeled_robots.robots.holonomic_robot_usd_setup] omni.isaac.wheeled_robots has been deprecated in favor of isaacsim.robot.wheeled_robots. Please update your code accordingly.
2026-04-26T23:23:50Z [15,437ms] [Warning] [omni.isaac.wheeled_robots.robots.wheeled_robot] omni.isaac.wheeled_robots has been deprecated in favor of isaacsim.robot.wheeled_robots. Please update your code accordingly.
[15.737s] [ext: isaacsim.simulation_app-2.12.2] startup
[15.739s] [ext: omni.isaac.franka-1.0.7] startup
2026-04-26T23:23:50Z [15,441ms] [Warning] [omni.isaac.franka] omni.isaac.franka has been deprecated in favor of isaacsim.robot.manipulators.examples.franka. Please update your code accordingly.
2026-04-26T23:23:50Z [15,442ms] [Warning] [omni.isaac.franka.franka] omni.isaac.franka has been deprecated in favor of isaacsim.robot.manipulators.examples.franka. Please update your code accordingly.
2026-04-26T23:23:50Z [15,463ms] [Warning] [omni.isaac.franka.kinematics_solver] omni.isaac.franka has been deprecated in favor of isaacsim.robot.manipulators.examples.franka. Please update your code accordingly.
[15.762s] [ext: omni.isaac.kit-2.0.6] startup
2026-04-26T23:23:50Z [15,466ms] [Warning] [omni.isaac.kit] omni.isaac.kit has been deprecated in favor of isaacsim.simulation_app. Please update your code accordingly.
[15.765s] [ext: omni.kit.selection-0.1.6] startup
[15.768s] [ext: omni.isaac.lula-4.0.6] startup
2026-04-26T23:23:50Z [15,471ms] [Warning] [omni.isaac.lula] omni.isaac.lula has been deprecated in favor of isaacsim.robot_motion.lula. Please update your code accordingly.
[15.771s] [ext: isaacsim.robot_motion.lula_test_widget-1.0.12] startup
[15.776s] [ext: isaacsim.asset.browser-1.3.23] startup
[16.386s] [ext: omni.kit.viewport.actions-107.0.2] startup
[16.394s] [ext: isaacsim.gui.menu-2.4.4] startup
[16.414s] [ext: omni.isaac.manipulators-3.0.7] startup
2026-04-26T23:23:51Z [16,117ms] [Warning] [omni.isaac.manipulators] omni.isaac.manipulators has been deprecated in favor of isaacsim.robot.manipulators. Please update your code accordingly.
2026-04-26T23:23:51Z [16,118ms] [Warning] [omni.isaac.manipulators.controllers] omni.isaac.manipulators has been deprecated in favor of isaacsim.robot.manipulators. Please update your code accordingly.
2026-04-26T23:23:51Z [16,120ms] [Warning] [omni.isaac.manipulators.controllers.pick_place_controller] omni.isaac.manipulators has been deprecated in favor of isaacsim.robot.manipulators. Please update your code accordingly.
2026-04-26T23:23:51Z [16,123ms] [Warning] [omni.isaac.manipulators.controllers.stacking_controller] omni.isaac.manipulators has been deprecated in favor of isaacsim.robot.manipulators. Please update your code accordingly.
2026-04-26T23:23:51Z [16,124ms] [Warning] [omni.isaac.manipulators.grippers] omni.isaac.manipulators has been deprecated in favor of isaacsim.robot.manipulators. Please update your code accordingly.
2026-04-26T23:23:51Z [16,124ms] [Warning] [omni.isaac.manipulators.grippers.gripper] omni.isaac.manipulators has been deprecated in favor of isaacsim.robot.manipulators. Please update your code accordingly.
2026-04-26T23:23:51Z [16,125ms] [Warning] [omni.isaac.manipulators.grippers.parallel_gripper] omni.isaac.manipulators has been deprecated in favor of isaacsim.robot.manipulators. Please update your code accordingly.
2026-04-26T23:23:51Z [16,126ms] [Warning] [omni.isaac.manipulators.grippers.surface_gripper] omni.isaac.manipulators has been deprecated in favor of isaacsim.robot.manipulators. Please update your code accordingly.
2026-04-26T23:23:51Z [16,126ms] [Warning] [omni.isaac.manipulators.manipulators] omni.isaac.manipulators has been deprecated in favor of isaacsim.robot.manipulators. Please update your code accordingly.
2026-04-26T23:23:51Z [16,127ms] [Warning] [omni.isaac.manipulators.manipulators.single_manipulator] omni.isaac.manipulators has been deprecated in favor of isaacsim.robot.manipulators. Please update your code accordingly.
[16.427s] [ext: omni.isaac.lula_test_widget-1.0.6] startup
2026-04-26T23:23:51Z [16,130ms] [Warning] [omni.isaac.lula_test_widget] omni.isaac.lula_test_widget has been deprecated in favor of isaacsim.robot_motion.lula_test_widget. Please update your code accordingly.
[16.429s] [ext: omni.isaac.asset_browser-1.0.6] startup
2026-04-26T23:23:51Z [16,133ms] [Warning] [omni.isaac.asset_browser] omni.isaac.asset_browser has been deprecated in favor of isaacsim.asset.browser. Please update your code accordingly.
[16.434s] [ext: omni.kit.viewport.menubar.display-107.0.3] startup
[16.439s] [ext: omni.isaac.menu-1.0.6] startup
2026-04-26T23:23:51Z [16,142ms] [Warning] [omni.isaac.menu] omni.isaac.menu has been deprecated in favor of isaacsim.gui.menu. Please update your code accordingly.
[16.441s] [ext: omni.isaac.motion_generation-8.0.7] startup
2026-04-26T23:23:51Z [16,146ms] [Warning] [omni.isaac.motion_generation] omni.isaac.motion_generation has been deprecated in favor of isaacsim.robot_motion.motion_generation. Please update your code accordingly.
2026-04-26T23:23:51Z [16,147ms] [Warning] [omni.isaac.motion_generation.articulation_kinematics_solver] omni.isaac.motion_generation has been deprecated in favor of isaacsim.robot_motion.motion_generation. Please update your code accordingly.
2026-04-26T23:23:51Z [16,148ms] [Warning] [omni.isaac.motion_generation.articulation_motion_policy] omni.isaac.motion_generation has been deprecated in favor of isaacsim.robot_motion.motion_generation. Please update your code accordingly.
2026-04-26T23:23:51Z [16,148ms] [Warning] [omni.isaac.motion_generation.articulation_trajectory] omni.isaac.motion_generation has been deprecated in favor of isaacsim.robot_motion.motion_generation. Please update your code accordingly.
2026-04-26T23:23:51Z [16,149ms] [Warning] [omni.isaac.motion_generation.kinematics_interface] omni.isaac.motion_generation has been deprecated in favor of isaacsim.robot_motion.motion_generation. Please update your code accordingly.
2026-04-26T23:23:51Z [16,150ms] [Warning] [omni.isaac.motion_generation.lula] omni.isaac.motion_generation has been deprecated in favor of isaacsim.robot_motion.motion_generation. Please update your code accordingly.
2026-04-26T23:23:51Z [16,150ms] [Warning] [omni.isaac.motion_generation.lula.kinematics] omni.isaac.motion_generation has been deprecated in favor of isaacsim.robot_motion.motion_generation. Please update your code accordingly.
2026-04-26T23:23:51Z [16,151ms] [Warning] [omni.isaac.motion_generation.lula.motion_policies] omni.isaac.motion_generation has been deprecated in favor of isaacsim.robot_motion.motion_generation. Please update your code accordingly.
2026-04-26T23:23:51Z [16,152ms] [Warning] [omni.isaac.motion_generation.lula.path_planners] omni.isaac.motion_generation has been deprecated in favor of isaacsim.robot_motion.motion_generation. Please update your code accordingly.
2026-04-26T23:23:51Z [16,152ms] [Warning] [omni.isaac.motion_generation.lula.trajectory_generator] omni.isaac.motion_generation has been deprecated in favor of isaacsim.robot_motion.motion_generation. Please update your code accordingly.
2026-04-26T23:23:51Z [16,153ms] [Warning] [omni.isaac.motion_generation.motion_policy_controller] omni.isaac.motion_generation has been deprecated in favor of isaacsim.robot_motion.motion_generation. Please update your code accordingly.
2026-04-26T23:23:51Z [16,154ms] [Warning] [omni.isaac.motion_generation.motion_policy_interface] omni.isaac.motion_generation has been deprecated in favor of isaacsim.robot_motion.motion_generation. Please update your code accordingly.
2026-04-26T23:23:51Z [16,154ms] [Warning] [omni.isaac.motion_generation.path_planner_visualizer] omni.isaac.motion_generation has been deprecated in favor of isaacsim.robot_motion.motion_generation. Please update your code accordingly.
2026-04-26T23:23:51Z [16,155ms] [Warning] [omni.isaac.motion_generation.path_planning_interface] omni.isaac.motion_generation has been deprecated in favor of isaacsim.robot_motion.motion_generation. Please update your code accordingly.
2026-04-26T23:23:51Z [16,156ms] [Warning] [omni.isaac.motion_generation.trajectory] omni.isaac.motion_generation has been deprecated in favor of isaacsim.robot_motion.motion_generation. Please update your code accordingly.
2026-04-26T23:23:51Z [16,156ms] [Warning] [omni.isaac.motion_generation.world_interface] omni.isaac.motion_generation has been deprecated in favor of isaacsim.robot_motion.motion_generation. Please update your code accordingly.
[16.456s] [ext: omni.isaac.assets_check-0.3.13] startup
2026-04-26T23:23:51Z [16,159ms] [Warning] [omni.isaac.assets_check] omni.isaac.assets_check has been deprecated in favor of isaacsim.asset.browser. Please update your code accordingly.
[16.459s] [ext: isaacsim.gui.sensors.icon-2.0.3] startup
[16.510s] [ext: isaacsim.asset.importer.mjcf-2.5.13] startup
[16.530s] [ext: omni.sensors.nv.common-3.0.0] startup
[16.700s] [ext: isaacsim.sensors.physics-0.4.3] startup
[16.720s] [ext: omni.sensors.net-1.0.0] startup
[16.756s] [ext: omni.isaac.nucleus-1.0.6] startup
2026-04-26T23:23:51Z [16,459ms] [Warning] [omni.isaac.nucleus] omni.isaac.nucleus has been deprecated in favor of isaacsim.storage.native. Please update your code accordingly.
2026-04-26T23:23:51Z [16,460ms] [Warning] [omni.isaac.nucleus.nucleus] omni.isaac.nucleus.nucleus has been deprecated in favor of isaacsim.storage.native. Please update your code accordingly.
2026-04-26T23:23:51Z [16,460ms] [Warning] [omni.ext._impl._internal] Found class `Extension` derived from `omni.ext.IExt` in module: 'omni.isaac.nucleus', but it was imported from other extension: 'c:/transformer-rl-retro-propulsion/env_isaaclab/lib/site-packages/isaacsim/exts/isaacsim.storage.native/isaacsim/storage/native/impl/extension.py', which is not a subpath to: 'c:\transformer-rl-retro-propulsion\env_isaaclab\lib\site-packages\isaacsim\extsdeprecated\omni.isaac.nucleus'. Do not import `IExt` derived class from other extension in your public namespace.
[16.760s] [ext: omni.sensors.nv.materials-2.0.0] startup
[16.796s] [ext: isaacsim.robot.policy.examples-4.1.11] startup
[16.799s] [ext: omni.sensors.nv.wpm-3.0.0] startup
[16.819s] [ext: omni.sensors.nv.lidar-3.0.0] startup
[16.889s] [ext: isaacsim.util.debug_draw-3.1.0] startup
[16.903s] [ext: omni.sensors.nv.radar-3.0.0] startup
[16.937s] [ext: omni.sensors.nv.ids-2.0.0] startup
[16.948s] [ext: isaacsim.core.cloner-1.4.10] startup
[16.958s] [ext: isaacsim.sensors.physx-2.3.2] startup
[16.976s] [ext: isaacsim.sensors.rtx-15.8.4] startup
[17.004s] [ext: isaacsim.sensors.camera-1.3.6] startup
[17.019s] [ext: omni.isaac.quadruped-3.0.7] startup
2026-04-26T23:23:51Z [16,722ms] [Warning] [omni.isaac.quadruped] omni.isaac.quadruped has been deprecated in favor of isaacsim.robot.policy.examples. Please update your code accordingly.
[17.022s] [ext: omni.isaac.cloner-1.0.7] startup
2026-04-26T23:23:51Z [16,727ms] [Warning] [omni.isaac.cloner] omni.isaac.cloner has been deprecated in favor of isaacsim.core.cloner. Please update your code accordingly.
[17.027s] [ext: omni.isaac.range_sensor-4.0.6] startup
2026-04-26T23:23:51Z [16,731ms] [Warning] [omni.isaac.range_sensor] omni.isaac.range_sensor has been deprecated in favor of isaacsim.sensors.physx. Please update your code accordingly.
2026-04-26T23:23:51Z [16,731ms] [Warning] [omni.isaac.range_sensor.commands] omni.isaac.range_sensor.commands has been deprecated in favor of isaacsim.sensors.physx.commands. Please update your code accordingly.
[17.031s] [ext: omni.isaac.sensor-13.0.7] startup
2026-04-26T23:23:51Z [16,734ms] [Warning] [omni.isaac.sensor] omni.isaac.sensor has been deprecated in favor of isaacsim.sensors.camera, isaacsim.sensors.physics, isaacsim.sensors.physx, and isaacsim.sensors.rtx. Please update your code accordingly.
2026-04-26T23:23:51Z [16,735ms] [Warning] [omni.isaac.sensor.camera] omni.isaac.sensor.camera has been deprecated in favor of isaacsim.sensors.camera.camera. Please update your code accordingly.
2026-04-26T23:23:51Z [16,736ms] [Warning] [omni.isaac.sensor.camera_view] omni.isaac.sensor.camera_view has been deprecated in favor of isaacsim.sensors.camera.camera_view. Please update your code accordingly.
2026-04-26T23:23:51Z [16,736ms] [Warning] [omni.isaac.sensor.commands] omni.isaac.sensor.commands has been deprecated in favor of isaacsim.sensors.physics.commands, isaacsim.sensors.physx.commands, and isaacsim.sensors.rtx.commands. Please update your code accordingly.
2026-04-26T23:23:51Z [16,737ms] [Warning] [omni.isaac.sensor.contact_sensor] omni.isaac.sensor.contact_sensor has been deprecated in favor of isaacsim.sensors.physics.contact_sensor. Please update your code accordingly.
2026-04-26T23:23:51Z [16,738ms] [Warning] [omni.isaac.sensor.imu_sensor] omni.isaac.sensor.imu_sensor has been deprecated in favor of isaacsim.sensors.physics.imu_sensor. Please update your code accordingly.
2026-04-26T23:23:51Z [16,738ms] [Warning] [omni.isaac.sensor.lidar_rtx] omni.isaac.sensor.lidar_rtx has been deprecated in favor of isaacsim.sensors.rtx.lidar_rtx. Please update your code accordingly.
2026-04-26T23:23:51Z [16,739ms] [Warning] [omni.isaac.sensor.rotating_lidar_physX] omni.isaac.sensor.imu_sensor has been deprecated in favor of isaacsim.sensors.physix.rotating_lidar_physX. Please update your code accordingly.
2026-04-26T23:23:51Z [16,741ms] [Warning] [omni.isaac.sensor.scripts.samples.contact_sensor] omni.isaac.sensor.scripts.samples.contact_sensor has been deprecated in favor of isaacsim.sensors.physics.scripts.samples.contact_sensor. Please update your code accordingly.
2026-04-26T23:23:51Z [16,741ms] [Warning] [omni.isaac.sensor.scripts.samples.imu_sensor] omni.isaac.sensor.scripts.samples.imu_sensor has been deprecated in favor of isaacsim.sensors.physics.scripts.samples.imu_sensor. Please update your code accordingly.
2026-04-26T23:23:51Z [16,742ms] [Warning] [omni.isaac.sensor.scripts.samples.lightbeam_sensor] omni.isaac.sensor.scripts.samples.lightbeam_sensor has been deprecated in favor of isaacsim.sensors.physx.scripts.samples.lightbeam_sensor. Please update your code accordingly.
[17.042s] [ext: omni.kit.menu.create-2.0.1] startup
[17.052s] [ext: omni.kit.widget.toolbar-2.0.1] startup
[17.076s] [ext: omni.kit.manipulator.transform-107.0.0] startup
[17.089s] [ext: omni.isaac.core-4.0.7] startup
2026-04-26T23:23:51Z [16,792ms] [Warning] [omni.isaac.core.physics_context.physics_context] omni.isaac.core.physics_context.physics_context has been deprecated in favor of isaacsim.core.api.physics_context.physics_context. Please update your code accordingly.
2026-04-26T23:23:51Z [16,793ms] [Warning] [omni.isaac.core.simulation_context.simulation_context] omni.isaac.core.simulation_context.simulation_context has been deprecated in favor of isaacsim.core.api.simulation_context.simulation_context. Please update your code accordingly.
2026-04-26T23:23:51Z [16,794ms] [Warning] [omni.isaac.core.world.world] omni.isaac.core.world.world has been deprecated in favor of isaacsim.core.api.world.world. Please update your code accordingly.
2026-04-26T23:23:51Z [16,794ms] [Warning] [omni.isaac.core] omni.isaac.core has been deprecated in favor of isaacsim.core.api. Please update your code accordingly.
[17.094s] [ext: omni.kit.scripting-107.3.2] startup
[17.109s] [ext: omni.kit.manipulator.tool.snap-1.5.13] startup
[17.125s] [ext: omni.kit.manipulator.selector-1.1.3] startup
[17.130s] [ext: isaacsim.app.about-2.0.11] startup
[17.155s] [ext: isaacsim.replicator.behavior-1.1.16] startup
[17.158s] [ext: omni.kit.viewport.manipulator.transform-107.0.4] startup
[17.163s] [ext: omni.isaac.window.about-2.0.7] startup
2026-04-26T23:23:51Z [16,871ms] [Warning] [omni.isaac.window.about] omni.isaac.window.about has been deprecated in favor of isaacsim.app.about. Please update your code accordingly.
2026-04-26T23:23:51Z [16,872ms] [Warning] [omni.isaac.window.about.about] omni.isaac.window.about.about has been deprecated in favor of isaacsim.app.about.about. Please update your code accordingly.
[17.172s] [ext: omni.fabric.commands-1.1.6] startup
[17.182s] [ext: omni.kit.manipulator.prim.core-107.0.8] startup
[17.199s] [ext: omni.kit.property.audio-1.0.16] startup
[17.203s] [ext: omni.kit.property.camera-1.0.10] startup
[17.206s] [ext: omni.kit.property.geometry-2.0.4] startup
[17.215s] [ext: omni.hydra.scene_api-0.1.2] startup
[17.226s] [ext: omni.kit.property.light-1.0.12] startup
[17.246s] [ext: omni.kit.manipulator.prim.fabric-107.0.4] startup
[17.251s] [ext: omni.kit.manipulator.prim.usd-107.0.3] startup
[17.255s] [ext: omni.kit.property.material-1.11.9] startup
[17.280s] [ext: omni.kit.property.render-1.2.1] startup
[17.284s] [ext: omni.kit.property.transform-1.5.13] startup
[17.294s] [ext: isaacsim.gui.property-1.1.3] startup
[17.301s] [ext: omni.kit.manipulator.camera-106.0.4] startup
[17.312s] [ext: omni.kit.manipulator.prim-107.0.0] startup
[17.312s] [ext: omni.isaac.surface_gripper-2.0.6] startup
2026-04-26T23:23:51Z [17,014ms] [Warning] [omni.isaac.surface_gripper] omni.isaac.surface_gripper has been deprecated in favor of isaacsim.robot.surface_gripper. Please update your code accordingly.
2026-04-26T23:23:51Z [17,014ms] [Warning] [omni.ext._impl._internal] Found class `Extension` derived from `omni.ext.IExt` in module: 'omni.isaac.surface_gripper', but it was imported from other extension: 'c:/transformer-rl-retro-propulsion/env_isaaclab/lib/site-packages/isaacsim/exts/isaacsim.robot.surface_gripper/isaacsim/robot/surface_gripper/impl/extension.py', which is not a subpath to: 'c:\transformer-rl-retro-propulsion\env_isaaclab\lib\site-packages\isaacsim\extsdeprecated\omni.isaac.surface_gripper'. Do not import `IExt` derived class from other extension in your public namespace.
[17.314s] [ext: omni.kit.manipulator.selection-106.0.1] startup
[17.320s] [ext: omni.kit.property.bundle-1.4.1] startup
[17.324s] [ext: omni.kit.property.isaac-1.0.6] startup
2026-04-26T23:23:51Z [17,027ms] [Warning] [omni.kit.property.isaac] omni.kit.property.isaac has been deprecated in favor of isaacsim.gui.property. Please update your code accordingly.
2026-04-26T23:23:51Z [17,027ms] [Warning] [omni.kit.property.isaac.widgets] omni.kit.property.isaac.widgets has been deprecated in favor of isaacsim.gui.property.widgets. Please update your code accordingly.
[17.327s] [ext: omni.isaac.universal_robots-1.0.6] startup
2026-04-26T23:23:51Z [17,029ms] [Warning] [omni.isaac.universal_robots] omni.isaac.universal_robots has been deprecated in favor of isaacsim.robot.manipulators.examples.universal_robots. Please update your code accordingly.
2026-04-26T23:23:51Z [17,030ms] [Warning] [omni.isaac.universal_robots.kinematics_solver] omni.isaac.franka has been deprecated in favor of isaacsim.robot.manipulators.examples.universal_robots. Please update your code accordingly.
2026-04-26T23:23:51Z [17,034ms] [Warning] [omni.isaac.universal_robots.ur10] omni.isaac.franka has been deprecated in favor of isaacsim.robot.manipulators.examples.universal_robots. Please update your code accordingly.
[17.333s] [ext: omni.isaac.core_nodes-2.0.6] startup
2026-04-26T23:23:51Z [17,038ms] [Warning] [omni.isaac.core_nodes] omni.isaac.core_nodes has been deprecated in favor of isaacsim.core.nodes. Please update your code accordingly.
[17.338s] [ext: omni.kit.viewport.menubar.camera-107.0.6] startup
[17.355s] [ext: omni.kit.viewport.menubar.lighting-107.3.1] startup
[17.362s] [ext: isaacsim.replicator.writers-1.0.17] startup
[17.410s] [ext: omni.kit.viewport.menubar.render-107.0.10] startup
[17.424s] [ext: omni.kit.viewport.menubar.settings-107.0.3] startup
[17.440s] [ext: omni.kit.window.console-1.1.4] startup
[17.457s] [ext: isaacsim.replicator.domain_randomization-1.0.16] startup
[17.465s] [ext: isaacsim.replicator.examples-1.3.6] startup
[17.471s] [ext: omni.ocio-0.1.1] startup
[17.482s] [ext: omni.rtx.window.settings-0.6.19] startup
[17.501s] [ext: omni.kit.window.status_bar-0.1.9] startup
[17.511s] [ext: omni.kit.window.toolbar-2.0.0] startup
[17.523s] [ext: omni.replicator.isaac-2.0.8] startup
2026-04-26T23:23:52Z [17,225ms] [Warning] [omni.replicator.isaac] omni.replicator.isaac has been deprecated in favor of isaacsim.replicator.domain_randomization, isaacsim.replicator.examples, isaacsim.replicator.writers. Please update your code accordingly.
[17.526s] [ext: omni.replicator.replicator_yaml-2.0.11] startup
[17.566s] [ext: omni.rtx.settings.core-0.6.5] startup
[17.579s] [ext: omni.usd.metrics.assembler.ui-107.3.1] startup
[17.596s] [ext: omni.isaac.utils-2.0.6] startup
[17.601s] [ext: semantics.schema.editor-2.0.2] startup
[17.609s] [ext: omni.kit.ui.actions-1.0.5] startup
[17.614s] [ext: semantics.schema.property-2.0.1] startup
[17.619s] [ext: omni.isaac.version-2.0.7] startup
2026-04-26T23:23:52Z [17,321ms] [Warning] [omni.isaac.version] omni.isaac.version has been deprecated in favor of isaacsim.core.version. Please update your code accordingly.
[17.621s] [ext: omni.isaac.cortex-1.0.5] startup
[17.622s] [ext: omni.anim.curve.core-1.3.1] startup
[17.653s] [ext: isaacsim.core.throttling-2.2.2] startup
[17.662s] [ext: omni.kit.menu.common-2.0.1] startup
[17.666s] [ext: isaacsim.exp.base-5.1.0] startup
[17.666s] [ext: isaacsim.exp.base.python-5.1.0] startup
[17.670s] Simulation App Starting
2026-04-26T23:23:53Z [18,447ms] [Warning] [omni.fabric.plugin] Warning: attribute overrideClipRange not found for bucket id 9

[18.842s] app ready
Starting kit application with the following args:  ['C:\\Transformer-rl-retro-propulsion\\env_isaaclab\\Lib\\site-packages\\isaacsim\\exts\\isaacsim.simulation_app\\isaacsim\\simulation_app\\simulation_app.py', 'C:\\Transformer-rl-retro-propulsion\\env_isaaclab\\Lib\\site-packages\\isaacsim\\apps/isaacsim.exp.base.python.kit', '--/app/tokens/exe-path=C:\\Transformer-rl-retro-propulsion\\env_isaaclab\\Lib\\site-packages\\isaacsim\\kit', '--/persistent/app/viewport/displayOptions=3094', '--/rtx/materialDb/syncLoads=True', '--/rtx/hydra/materialSyncLoads=True', '--/omni.kit.plugin/syncUsdLoads=True', '--/app/renderer/resolution/width=1280', '--/app/renderer/resolution/height=720', '--/app/window/width=1440', '--/app/window/height=900', '--/renderer/multiGpu/enabled=True', '--/app/fastShutdown=True', '--/app/installSignalHandlers=0', '--ext-folder', 'C:\\Transformer-rl-retro-propulsion\\env_isaaclab\\Lib\\site-packages\\isaacsim/exts', '--ext-folder', 'C:\\Transformer-rl-retro-propulsion\\env_isaaclab\\Lib\\site-packages\\isaacsim/apps', '--/physics/cudaDevice=0', '--/plugins/carb.tasking.plugin/threadCount=24', '--/plugins/omni.tbb.globalcontrol/maxThreadCount=24', '--portable']
Passing the following args to the base kit application:  ['--task', 'landing', '--total-steps', '5000000', '--eval-interval', '250000', '--save-interval', '250000', '--eval-seconds', '30.0', '--max-wall-time', '7200', '--no-headless']
Warp 1.8.2 initialized:
   CUDA Toolkit 12.8, Driver 13.0
   Devices:
     "cpu"      : "AMD64 Family 26 Model 68 Stepping 0, AuthenticAMD"
     "cuda:0"   : "NVIDIA GeForce RTX 5070" (12 GiB, sm_120, mempool enabled)
   Kernel cache:
     C:\Users\tngzj\AppData\Local\NVIDIA\warp\Cache\1.8.2
Warp DeprecationWarning: The `warp.sim` module is deprecated and will be removed in v1.10. Please transition to using the forthcoming Newton library instead.

[36m===================================================================================================================[0m
[36m[1m[INFO][IsaacLab]: Logging to file: C:\Users\tngzj\AppData\Local\Temp\isaaclab\logs\isaaclab_2026-04-26_18-23-59.log[0m
[36m===================================================================================================================[0m

{"type":"train_update","update":1,"global_step":16384,"wall_s":7.88,"sps":2078.8,"loss":2082.504116,"loss_ema":2082.504116,"loss_plateau_delta":null,"loss_plateau_count":0,"pg_loss":-0.0004,"v_loss":4165.009048,"entropy":2.09478,"approx_kl":0.000461,"clipfrac":0.0,"reward_mean":-4.9666,"reward_std":25.9234,"reward_min":-206.4088,"reward_max":298.04,"reward_scale":1.0,"throttle_mean":0.7575,"throttle_min":0.1446,"throttle_max":0.9883}
step=16,384 reward_mean=-4.967 kl=0.00046 clipfrac=0.000 eval={'landed_fraction': 1.0, 'crashed_fraction': 1.0, 'mean_touchdown_speed': 0.010042066685855389, 'max_touchdown_speed': 0.18759383261203766, 'mean_pad_distance': 2.134152412414551, 'max_pad_distance': 5.196707725524902, 'mean_delta_v_proxy': 15.697810173034668, 'mean_eval_throttle': 0.7819299264748891, 'max_eval_throttle': 0.7827537655830383, 'max_upward_speed': 1.745050311088562, 'max_downward_speed': 9.209888458251953, 'passed': False}
{"type":"train_update","update":2,"global_step":32768,"wall_s":71.16,"sps":460.5,"loss":2103.129261,"loss_ema":2086.629145,"loss_plateau_delta":4.125029,"loss_plateau_count":0,"pg_loss":-1.6e-05,"v_loss":4206.25856,"entropy":2.09493,"approx_kl":0.00016,"clipfrac":0.0,"reward_mean":-4.6644,"reward_std":26.4946,"reward_min":-206.4945,"reward_max":318.6469,"reward_scale":1.0,"throttle_mean":0.7605,"throttle_min":0.1583,"throttle_max":0.9861}
{"type":"train_update","update":3,"global_step":49152,"wall_s":79.1,"sps":621.4,"loss":2755.98597,"loss_ema":2220.50051,"loss_plateau_delta":133.871365,"loss_plateau_count":0,"pg_loss":-5.7e-05,"v_loss":5511.972046,"entropy":2.094856,"approx_kl":8.9e-05,"clipfrac":0.0,"reward_mean":-6.3379,"reward_std":32.1927,"reward_min":-206.9069,"reward_max":328.418,"reward_scale":1.0,"throttle_mean":0.7576,"throttle_min":0.1674,"throttle_max":0.9873}
{"type":"train_update","update":4,"global_step":65536,"wall_s":86.57,"sps":757.0,"loss":2770.152023,"loss_ema":2330.430813,"loss_plateau_delta":109.930303,"loss_plateau_count":0,"pg_loss":-0.000123,"v_loss":5540.304306,"entropy":2.094867,"approx_kl":0.000105,"clipfrac":0.0,"reward_mean":-6.3516,"reward_std":31.9644,"reward_min":-207.9839,"reward_max":314.4492,"reward_scale":1.0,"throttle_mean":0.7601,"throttle_min":0.1908,"throttle_max":0.9882}
{"type":"train_update","update":5,"global_step":81920,"wall_s":94.07,"sps":870.9,"loss":2694.054024,"loss_ema":2403.155455,"loss_plateau_delta":72.724642,"loss_plateau_count":0,"pg_loss":-0.000101,"v_loss":5388.108215,"entropy":2.094885,"approx_kl":6.2e-05,"clipfrac":0.0,"reward_mean":-6.1201,"reward_std":31.3475,"reward_min":-207.4458,"reward_max":291.0858,"reward_scale":1.0,"throttle_mean":0.7613,"throttle_min":0.2108,"throttle_max":0.9826}
{"type":"train_update","update":6,"global_step":98304,"wall_s":102.37,"sps":960.3,"loss":2676.855331,"loss_ema":2457.89543,"loss_plateau_delta":54.739975,"loss_plateau_count":0,"pg_loss":-0.000245,"v_loss":5353.711151,"entropy":2.094938,"approx_kl":0.00016,"clipfrac":0.0,"reward_mean":-5.9463,"reward_std":31.8019,"reward_min":-207.4658,"reward_max":309.0358,"reward_scale":1.0,"throttle_mean":0.763,"throttle_min":0.1503,"throttle_max":0.9877}
{"type":"train_update","update":7,"global_step":114688,"wall_s":109.83,"sps":1044.3,"loss":2699.375305,"loss_ema":2506.191405,"loss_plateau_delta":48.295975,"loss_plateau_count":0,"pg_loss":-9.2e-05,"v_loss":5398.750809,"entropy":2.09494,"approx_kl":0.000129,"clipfrac":0.0,"reward_mean":-6.1954,"reward_std":31.5473,"reward_min":-207.2029,"reward_max":333.2996,"reward_scale":1.0,"throttle_mean":0.7623,"throttle_min":0.1741,"throttle_max":0.988}
{"type":"train_update","update":8,"global_step":131072,"wall_s":117.2,"sps":1118.4,"loss":2674.428413,"loss_ema":2539.838807,"loss_plateau_delta":33.647402,"loss_plateau_count":0,"pg_loss":-4.7e-05,"v_loss":5348.856903,"entropy":2.09501,"approx_kl":6e-05,"clipfrac":0.0,"reward_mean":-5.8393,"reward_std":31.9727,"reward_min":-206.737,"reward_max":305.4562,"reward_scale":1.0,"throttle_mean":0.7639,"throttle_min":0.1588,"throttle_max":0.9886}
{"type":"train_update","update":9,"global_step":147456,"wall_s":125.56,"sps":1174.4,"loss":2677.551514,"loss_ema":2567.381348,"loss_plateau_delta":27.542541,"loss_plateau_count":0,"pg_loss":-0.000103,"v_loss":5355.103195,"entropy":2.095135,"approx_kl":7.1e-05,"clipfrac":0.0,"reward_mean":-6.2814,"reward_std":31.2738,"reward_min":-206.9054,"reward_max":296.8358,"reward_scale":1.0,"throttle_mean":0.7632,"throttle_min":0.1659,"throttle_max":0.9842}
{"type":"train_update","update":10,"global_step":163840,"wall_s":132.75,"sps":1234.2,"loss":2662.057816,"loss_ema":2586.316642,"loss_plateau_delta":18.935293,"loss_plateau_count":0,"pg_loss":-7e-06,"v_loss":5324.115616,"entropy":2.095367,"approx_kl":9.9e-05,"clipfrac":0.0,"reward_mean":-6.1692,"reward_std":31.5365,"reward_min":-207.7546,"reward_max":308.3352,"reward_scale":1.0,"throttle_mean":0.7642,"throttle_min":0.1732,"throttle_max":0.9878}
{"type":"train_update","update":11,"global_step":180224,"wall_s":139.79,"sps":1289.3,"loss":2669.385963,"loss_ema":2602.930506,"loss_plateau_delta":16.613864,"loss_plateau_count":0,"pg_loss":-6.2e-05,"v_loss":5338.772018,"entropy":2.095413,"approx_kl":5.7e-05,"clipfrac":0.0,"reward_mean":-6.2401,"reward_std":31.5877,"reward_min":-207.9714,"reward_max":338.3241,"reward_scale":1.0,"throttle_mean":0.7644,"throttle_min":0.1892,"throttle_max":0.979}
{"type":"train_update","update":12,"global_step":196608,"wall_s":148.4,"sps":1324.9,"loss":2675.770988,"loss_ema":2617.498603,"loss_plateau_delta":14.568096,"loss_plateau_count":0,"pg_loss":-5.4e-05,"v_loss":5351.542053,"entropy":2.09543,"approx_kl":5e-05,"clipfrac":0.0,"reward_mean":-6.1741,"reward_std":31.601,"reward_min":-207.0042,"reward_max":344.0901,"reward_scale":1.0,"throttle_mean":0.7655,"throttle_min":0.1645,"throttle_max":0.9865}
{"type":"train_update","update":13,"global_step":212992,"wall_s":155.63,"sps":1368.6,"loss":2672.227081,"loss_ema":2628.444298,"loss_plateau_delta":10.945696,"loss_plateau_count":0,"pg_loss":-7.5e-05,"v_loss":5344.45433,"entropy":2.09538,"approx_kl":4.6e-05,"clipfrac":0.0,"reward_mean":-6.1114,"reward_std":31.9758,"reward_min":-206.3422,"reward_max":313.3369,"reward_scale":1.0,"throttle_mean":0.7647,"throttle_min":0.193,"throttle_max":0.9861}
{"type":"train_update","update":14,"global_step":229376,"wall_s":162.53,"sps":1411.3,"loss":2607.24823,"loss_ema":2624.205085,"loss_plateau_delta":4.239214,"loss_plateau_count":0,"pg_loss":-9.6e-05,"v_loss":5214.496643,"entropy":2.095448,"approx_kl":0.000106,"clipfrac":0.0,"reward_mean":-5.6635,"reward_std":31.4121,"reward_min":-206.4957,"reward_max":300.8976,"reward_scale":1.0,"throttle_mean":0.7665,"throttle_min":0.1917,"throttle_max":0.9838}
{"type":"train_update","update":15,"global_step":245760,"wall_s":171.38,"sps":1434.0,"loss":2556.57885,"loss_ema":2610.679838,"loss_plateau_delta":13.525247,"loss_plateau_count":0,"pg_loss":-6.4e-05,"v_loss":5113.157898,"entropy":2.095447,"approx_kl":5.9e-05,"clipfrac":0.0,"reward_mean":-5.8354,"reward_std":31.2525,"reward_min":-207.708,"reward_max":289.3028,"reward_scale":1.0,"throttle_mean":0.7679,"throttle_min":0.1044,"throttle_max":0.9851}
{"type":"train_update","update":16,"global_step":262144,"wall_s":178.54,"sps":1468.2,"loss":2587.526245,"loss_ema":2606.049119,"loss_plateau_delta":4.630719,"loss_plateau_count":0,"pg_loss":-1.5e-05,"v_loss":5175.052505,"entropy":2.095329,"approx_kl":2.6e-05,"clipfrac":0.0,"reward_mean":-5.9075,"reward_std":31.8183,"reward_min":-206.9342,"reward_max":327.2776,"reward_scale":1.0,"throttle_mean":0.7675,"throttle_min":0.1667,"throttle_max":0.9825}
step=262,144 reward_mean=-5.908 kl=0.00003 clipfrac=0.000 eval={'landed_fraction': 1.0, 'crashed_fraction': 1.0, 'mean_touchdown_speed': 0.023985829204320908, 'max_touchdown_speed': 0.45153993368148804, 'mean_pad_distance': 2.2417140007019043, 'max_pad_distance': 4.5424909591674805, 'mean_delta_v_proxy': 16.135677337646484, 'mean_eval_throttle': 0.7915615742736393, 'max_eval_throttle': 0.7946739196777344, 'max_upward_speed': 1.448600172996521, 'max_downward_speed': 8.973807334899902, 'passed': False}
{"type":"train_update","update":17,"global_step":278528,"wall_s":239.8,"sps":1161.5,"loss":2016.187603,"loss_ema":2488.076816,"loss_plateau_delta":117.972303,"loss_plateau_count":0,"pg_loss":-9.8e-05,"v_loss":4032.37542,"entropy":2.095316,"approx_kl":7.4e-05,"clipfrac":0.0,"reward_mean":-4.7876,"reward_std":26.1496,"reward_min":-207.4468,"reward_max":291.8543,"reward_scale":1.0,"throttle_mean":0.7674,"throttle_min":0.2247,"throttle_max":0.9782}
{"type":"train_update","update":18,"global_step":294912,"wall_s":247.22,"sps":1192.9,"loss":2640.71608,"loss_ema":2518.604669,"loss_plateau_delta":30.527853,"loss_plateau_count":0,"pg_loss":-1.6e-05,"v_loss":5281.432205,"entropy":2.095235,"approx_kl":3.4e-05,"clipfrac":0.0,"reward_mean":-6.2993,"reward_std":31.8637,"reward_min":-207.2524,"reward_max":309.8787,"reward_scale":1.0,"throttle_mean":0.7665,"throttle_min":0.1558,"throttle_max":0.9815}
{"type":"train_update","update":19,"global_step":311296,"wall_s":254.11,"sps":1225.0,"loss":2626.922813,"loss_ema":2540.268298,"loss_plateau_delta":21.663629,"loss_plateau_count":0,"pg_loss":-9.3e-05,"v_loss":5253.84581,"entropy":2.095241,"approx_kl":8.1e-05,"clipfrac":0.0,"reward_mean":-6.1214,"reward_std":31.6095,"reward_min":-206.7447,"reward_max":303.6573,"reward_scale":1.0,"throttle_mean":0.769,"throttle_min":0.116,"throttle_max":0.9838}
