PPO training starting: task=landing, total_steps=250000, bc_steps=2000, headless=False
[Info] [carb] Logging to file: c:/transformer-rl-retro-propulsion/env_isaaclab/lib/site-packages/isaacsim/kit/logs/Kit/Isaac-Sim Python/5.1/kit_20260426_123435.log
[0.356s] [ext: omni.kit.async_engine-0.0.3] startup
[0.748s] [ext: omni.metrics.core-0.0.3] startup
[0.751s] [ext: omni.client.lib-1.1.0] startup
[0.860s] [ext: omni.blobkey-1.1.2] startup
[0.863s] [ext: omni.stats-1.0.1] startup
[0.873s] [ext: omni.datastore-0.0.0] startup
[0.880s] [ext: omni.client-1.3.0] startup
[0.985s] [ext: omni.ujitso.default-1.0.0] startup
[0.996s] [ext: omni.hsscclient-1.1.2] startup
[1.023s] [ext: omni.gpu_foundation.shadercache.vulkan-1.0.0] startup
[1.030s] [ext: omni.assets.plugins-0.0.0] startup
[1.045s] [ext: omni.gpu_foundation-0.0.0] startup
[1.178s] [ext: carb.windowing.plugins-1.0.0] startup
2026-04-26T17:34:37Z [1,788ms] [Warning] [carb.windowing-glfw.gamepad] Joystick with unknown remapping detected (will be ignored):  Saitek Pro Flight Rudder Pedals [03000000a30600006307000000000000]
2026-04-26T17:34:37Z [1,788ms] [Warning] [carb.windowing-glfw.gamepad] Joystick with unknown remapping detected (will be ignored):  3Dconnexion KMJ Emulator [03000000efbe00006d04000000000000]
2026-04-26T17:34:37Z [1,788ms] [Warning] [carb.windowing-glfw.gamepad] Joystick with unknown remapping detected (will be ignored):  Joystick - HOTAS Warthog [030000004f0400000204000000000000]
[2.037s] [ext: omni.kit.renderer.init-0.0.0] startup
[2.041s] [ext: omni.materialx.libs-1.0.7] startup
[2.104s] [ext: omni.usd.config-1.0.6] startup
[2.221s] [ext: omni.gpucompute.plugins-0.0.0] startup
[2.278s] [ext: omni.usd.libs-1.0.1] startup
[2.968s] [ext: omni.mdl-56.0.3] startup
[3.333s] [ext: omni.iray.libs-0.0.0] startup
[3.639s] [ext: omni.mdl.neuraylib-0.2.12] startup
[3.662s] [ext: omni.kit.usd.mdl-1.1.5] startup

|---------------------------------------------------------------------------------------------|
| Driver Version: 580.88        | Graphics API: Vulkan
|=============================================================================================|
| GPU | Name                             | Active | LDA | GPU Memory | Vendor-ID | LUID       |
|     |                                  |        |     |            | Device-ID | UUID       |
|     |                                  |        |     |            | Bus-ID    |            |
|---------------------------------------------------------------------------------------------|
| 0   | NVIDIA GeForce RTX 5070          | Yes: 0 |     | 11855   MB | 10de      | b42b0100.. |
|     |                                  |        |     |            | 2f04      | 36fdc134.. |
|     |                                  |        |     |            | 1         |            |
|=============================================================================================|
| OS: Windows 11 Pro, Version: 10.0 (25H2), Build: 26200, Kernel: 10.0.26100.8246
| Processor: AMD Ryzen 9 9900X 12-Core Processor            
| Cores: 12 | Logical Cores: 24
|---------------------------------------------------------------------------------------------|
| Total Memory (MB): 32360 | Free Memory: 21037
| Total Page/Swap (MB): 40011 | Free Page/Swap: 8641
|---------------------------------------------------------------------------------------------|
[4.171s] [ext: omni.kit.pipapi-0.0.0] startup
[4.173s] [ext: omni.kit.loop-isaac-1.3.7] startup
[4.178s] [ext: omni.kit.test-2.0.1] startup
[4.342s] [ext: omni.kit.telemetry-0.5.2] startup
[4.373s] [ext: omni.appwindow-1.1.10] startup
[4.401s] [ext: omni.kit.renderer.core-1.1.0] startup
[4.415s] [ext: omni.kit.renderer.capture-0.0.0] startup
[4.428s] [ext: omni.kit.renderer.imgui-2.0.5] startup
[4.468s] [ext: omni.ui-2.27.1] startup
[4.505s] [ext: omni.kit.mainwindow-1.0.3] startup
[4.508s] [ext: carb.audio-0.1.0] startup
[4.516s] [ext: omni.uiaudio-1.0.0] startup
[4.524s] [ext: omni.kit.uiapp-0.0.0] startup
[4.524s] [ext: omni.usd.schema.metrics.assembler-107.3.1] startup
[4.541s] [ext: omni.anim.navigation.schema-107.3.3] startup
[4.561s] [ext: omni.usd.schema.anim-0.0.0] startup
[4.671s] [ext: omni.usd.schema.audio-0.0.0] startup
[4.688s] [ext: omni.usd.schema.omniscripting-1.0.0] startup
[4.712s] [ext: omni.usd.schema.physx-107.3.26] startup
[4.828s] [ext: omni.usd_resolver-1.0.0] startup
[4.854s] [ext: omni.usd.core-1.5.3] startup
[4.860s] [ext: omni.usd.schema.omni_sensors-0.0.0] startup
[4.937s] [ext: omni.usd.schema.omnigraph-1.0.0] startup
[4.971s] [ext: omni.usd.schema.semantics-0.0.0] startup
[4.989s] [ext: omni.usd.schema.geospatial-0.0.0] startup
[5.010s] [ext: omni.kit.window.popup_dialog-2.0.24] startup
[5.024s] [ext: omni.activity.core-1.0.3] startup
[5.032s] [ext: omni.kit.widget.nucleus_connector-2.0.1] startup
[5.040s] [ext: omni.kit.usd_undo-0.1.8] startup
[5.041s] [ext: omni.graph.exec-0.9.6] startup
[5.045s] [ext: omni.kit.actions.core-1.0.0] startup
[5.057s] [ext: usdrt.scenegraph-7.6.1] startup
[5.242s] [ext: omni.resourcemonitor-107.0.1] startup
[5.252s] [ext: omni.kit.exec.core-0.13.4] startup
[5.262s] [ext: omni.timeline-1.0.14] startup
[5.272s] [ext: omni.kit.commands-1.4.10] startup
[5.291s] [ext: omni.kit.audiodeviceenum-1.0.2] startup
[5.302s] [ext: omni.hydra.usdrt_delegate-7.5.1] startup
[5.335s] [ext: omni.hydra.scene_delegate-0.3.4] startup
[5.348s] [ext: omni.usd-1.13.10] startup
[6.571s] [ext: omni.inspect-1.0.2] startup
[6.580s] [ext: omni.kit.notification_manager-1.0.10] startup
[6.586s] [ext: omni.graph.core-2.184.5] startup
[6.600s] [ext: isaacsim.core.deprecation_manager-0.2.7] startup
[6.602s] [ext: omni.anim.graph.schema-107.3.3] startup
[6.639s] [ext: omni.usd.schema.flow-107.1.1] startup
[6.641s] [ext: omni.usd.schema.isaac-3.0.5] startup
[6.641s] [ext: omni.usd.schema.omni_lens_distortion-0.0.0] startup
[6.644s] [ext: isaacsim.robot.schema-3.6.0] startup
[6.695s] [ext: omni.kit.asset_converter-5.0.17] startup
[6.754s] [ext: omni.usd.schema.render_settings.rtx-0.0.0] startup
[6.757s] [ext: omni.kit.helper.file_utils-0.1.9] startup
[6.762s] [ext: omni.kit.menu.core-1.1.2] startup
[6.764s] [ext: omni.kit.widget.path_field-2.0.11] startup
[6.768s] [ext: omni.kit.widget.filebrowser-2.12.3] startup
[6.789s] [ext: omni.kit.widget.context_menu-1.2.5] startup
[6.793s] [ext: omni.kit.widget.browser_bar-2.0.10] startup
[6.797s] [ext: omni.kit.clipboard-1.0.5] startup
[6.801s] [ext: omni.kit.widget.options_menu-1.1.6] startup
[6.813s] [ext: omni.ui.scene-1.11.5] startup
[6.828s] [ext: omni.kit.widget.options_button-1.0.3] startup
[6.831s] [ext: omni.kit.usd.layers-2.2.11] startup
[6.859s] [ext: omni.kit.window.filepicker-2.13.4] startup
[6.914s] [ext: omni.kit.widget.filter-1.1.4] startup
[6.917s] [ext: omni.kit.hotkeys.core-1.3.10] startup
[6.929s] [ext: omni.kit.context_menu-1.8.6] startup
[6.935s] [ext: omni.kit.property.adapter.core-1.0.2] startup
[6.943s] [ext: omni.kit.window.file_exporter-1.0.33] startup
[6.954s] [ext: omni.kit.widget.searchfield-1.1.8] startup
[6.958s] [ext: omni.kit.numpy.common-0.1.3] startup
[6.962s] [ext: omni.kit.widget.stage-3.1.4] startup
[7.015s] [ext: omni.kit.property.adapter.usd-1.0.2] startup
[7.020s] [ext: omni.kit.property.adapter.fabric-1.0.3] startup
[7.026s] [ext: isaacsim.core.version-2.0.6] startup
[7.028s] [ext: omni.kit.window.file_importer-1.1.18] startup
[7.032s] [ext: omni.kit.stage_template.core-1.1.22] startup
[7.034s] [ext: omni.kit.menu.utils-2.0.5] startup
[7.046s] [ext: omni.kit.window.file-2.0.5] startup
[7.055s] [ext: omni.kit.window.drop_support-1.0.5] startup
[7.057s] [ext: omni.kit.widget.highlight_label-1.0.3] startup
[7.060s] [ext: omni.kit.window.content_browser_registry-0.0.6] startup
[7.063s] [ext: omni.kit.widget.graph-2.0.0] startup
[7.081s] [ext: omni.kit.window.property-1.12.1] startup
[7.515s] [ext: omni.kit.window.content_browser-3.1.3] startup
[7.538s] [ext: omni.kit.graph.delegate.default-1.2.3] startup
[7.541s] [ext: omni.kit.property.usd-4.5.12] startup
[7.573s] [ext: omni.convexdecomposition-107.3.26] startup
[7.588s] [ext: omni.kit.graph.editor.core-1.5.3] startup
[7.597s] [ext: omni.kit.material.library-2.0.7] startup
[7.613s] [ext: omni.kvdb-107.3.26] startup
[7.625s] [ext: omni.usdphysics-107.3.26] startup
[7.632s] [ext: omni.physx.foundation-107.3.26] startup
[7.650s] [ext: omni.localcache-107.3.26] startup
[7.660s] [ext: omni.kit.graph.usd.commands-1.3.1] startup
[7.663s] [ext: omni.physx.cooking-107.3.26] startup
[7.683s] [ext: omni.physics-107.3.26] startup
[7.698s] [ext: omni.physx-107.3.26] startup
[7.743s] [ext: omni.physics.stageupdate-107.3.26] startup
[7.753s] [ext: omni.physics.physx-107.3.26] startup
2026-04-26T17:34:43Z [7,509ms] [Warning] [carb] Acquiring non optional plugin interface which is not listed as dependency: [omni::physx::IPhysxBenchmarks v1.0] (plugin: <default plugin>), by client: omni.physics.physx.plugin. Add it to CARB_PLUGIN_IMPL_DEPS() macro of a client.
[7.758s] [ext: omni.index.libs-380600.8087.0] startup
[7.758s] [ext: omni.index-1.0.1] startup
[7.762s] [ext: omni.volume-0.5.2] startup
[7.800s] [ext: omni.ujitso.client-0.0.0] startup
[7.804s] [ext: omni.hydra.rtx.shadercache.vulkan-1.0.0] startup
[7.809s] [ext: omni.kit.widget.searchable_combobox-1.0.6] startup
[7.813s] [ext: omni.hydra.rtx-1.0.0] startup
[8.079s] [ext: omni.kit.widget.settings-1.2.6] startup
[8.086s] [ext: omni.kit.hydra_texture-1.4.6] startup
[8.096s] [ext: omni.graph.tools-1.79.2] startup
[8.184s] [ext: omni.kit.window.preferences-1.8.0] startup
[8.204s] [ext: omni.kit.widget.material_preview-1.0.16] startup
[8.211s] [ext: omni.graph-1.141.2] startup
[8.334s] [ext: omni.kit.window.material_graph-1.9.1] startup
[8.360s] [ext: omni.isaac.dynamic_control-2.0.7] startup
2026-04-26T17:34:44Z [8,133ms] [Warning] [omni.isaac.dynamic_control] omni.isaac.dynamic_control is deprecated as of Isaac Sim 4.5. No action is needed from end-users.
[8.383s] [ext: isaacsim.storage.native-1.5.1] startup
[8.391s] [ext: omni.graph.scriptnode-1.50.0] startup
[8.395s] [ext: omni.hydra.engine.stats-1.0.3] startup
[8.403s] [ext: omni.kit.viewport.legacy_gizmos-1.0.19] startup
[8.410s] [ext: omni.kit.raycast.query-1.1.0] startup
[8.426s] [ext: omni.graph.action_core-1.1.7] startup
[8.451s] [ext: omni.kit.viewport.scene_camera_model-1.0.6] startup
[8.460s] [ext: omni.graph.image.core-0.6.1] startup
[8.465s] [ext: omni.kit.widget.viewport-107.1.3] startup
[8.486s] [ext: omni.kit.viewport.registry-104.0.6] startup
[8.489s] [ext: omni.usd.metrics.assembler-107.3.1] startup
[8.504s] [ext: omni.kit.viewport.window-107.2.0] startup
[8.540s] [ext: omni.kit.viewport.menubar.core-107.2.1] startup
[8.584s] [ext: omni.graph.image.nodes-1.3.1] startup
[8.590s] [ext: omni.usd.metrics.assembler.physics-107.3.26] startup
[8.595s] [ext: omni.warp.core-1.8.2] startup
[8.784s] [ext: omni.kit.viewport.utility-1.1.2] startup
[8.787s] [ext: omni.physics.tensors-107.3.26] startup
[8.805s] [ext: omni.syntheticdata-0.6.13] startup
[8.878s] [ext: isaacsim.test.docstring-1.1.0] startup
[8.896s] [ext: isaacsim.core.utils-3.5.1] startup
[8.912s] [ext: omni.physx.tensors-107.3.26] startup
[8.922s] [ext: omni.graph.nodes-1.170.10] startup
[9.044s] [ext: omni.graph.action_nodes-1.50.4] startup
[9.057s] [ext: omni.kit.primitive.mesh-1.0.17] startup
[9.075s] [ext: isaacsim.core.simulation_manager-1.4.4] startup
[14.458s] [ext: omni.graph.ui_nodes-1.50.5] startup
[14.473s] [ext: omni.graph.action-1.130.0] startup
[14.476s] [ext: omni.kit.stage_templates-2.0.0] startup
[14.488s] [ext: isaacsim.core.prims-0.6.1] startup
[14.540s] [ext: omni.warp-1.8.2] startup
[14.555s] [ext: omni.videoencoding-0.1.2] startup
[14.573s] [ext: isaacsim.core.api-4.8.0] startup
[14.645s] [ext: isaacsim.core.experimental.utils-0.3.0] startup
[14.659s] [ext: omni.replicator.core-1.12.27] startup
2026-04-26T17:34:50Z [14,466ms] [Warning] [pxr.Semantics] pxr.Semantics is deprecated - please use Semantics instead
2026-04-26T17:34:50Z [14,969ms] [Warning] [omni.graph.core.plugin] Found duplicate of category 'Replicator' - was 'Annotators', adding 'Fabric Reader'
2026-04-26T17:34:50Z [14,969ms] [Warning] [omni.graph.core.plugin] Category 'Replicator' not accepted on node type 'omni.replicator.core.FabricReader' in extension 'omni.replicator.core'
2026-04-26T17:34:50Z [14,973ms] [Warning] [omni.replicator.core.scripts.extension] No material configuration file, adding configuration to material settings directly.
[15.226s] [ext: isaacsim.core.experimental.prims-0.8.1] startup
[15.296s] [ext: omni.kit.window.extensions-1.4.27] startup
[15.322s] [ext: isaacsim.core.experimental.objects-0.4.0] startup
[15.345s] [ext: omni.ui_query-1.1.8] startup
[15.350s] [ext: omni.kit.manipulator.viewport-107.0.1] startup
[15.355s] [ext: isaacsim.robot.surface_gripper-3.3.1] startup
[15.369s] [ext: omni.kit.ui_test-1.3.7] startup
[15.377s] [ext: omni.graph.visualization.nodes-2.1.3] startup
[15.418s] [ext: isaacsim.robot_motion.lula-4.0.8] startup
[15.489s] [ext: isaacsim.core.nodes-3.4.3] startup
[15.524s] [ext: isaacsim.gui.components-1.2.1] startup
[15.546s] [ext: isaacsim.robot_motion.motion_generation-8.0.26] startup
[15.581s] [ext: isaacsim.robot.manipulators-3.3.6] startup
[15.595s] [ext: isaacsim.core.experimental.materials-0.4.0] startup
[15.622s] [ext: isaacsim.robot.manipulators.examples-1.1.2] startup
[15.624s] [ext: isaacsim.cortex.framework-1.0.12] startup
[15.632s] [ext: isaacsim.cortex.behaviors-2.0.14] startup
[15.634s] [ext: omni.isaac.cortex.sample_behaviors-2.0.5] startup
2026-04-26T17:34:51Z [15,389ms] [Warning] [omni.isaac.cortex] omni.isaac.cortex has been deprecated in favor of isaacsim.cortex.framework. Please update your code accordingly.
2026-04-26T17:34:51Z [15,391ms] [Warning] [omni.isaac.cortex.sample_behaviors] omni.isaac.cortex.sample_behaviors has been deprecated in favor of isaacsim.cortex.behaviors. Please update your code accordingly.
[15.644s] [ext: omni.kit.widget.zoombar-1.0.6] startup
[15.655s] [ext: isaacsim.gui.content_browser-0.1.11] startup
[15.674s] [ext: omni.kit.browser.core-2.3.13] startup
[15.717s] [ext: omni.kit.widget.stage_icons-1.0.8] startup
[15.723s] [ext: omni.kit.widget.prompt-1.0.7] startup
[15.728s] [ext: omni.kit.usd.collect-2.4.5] startup
[15.740s] [ext: omni.kit.browser.folder.core-1.10.9] startup
[15.784s] [ext: omni.kit.window.stage-2.6.1] startup
[15.829s] [ext: omni.kit.usdz_export-1.0.9] startup
[15.841s] [ext: omni.kit.tool.collect-2.2.18] startup
[15.856s] [ext: omni.kit.menu.stage-1.2.7] startup
[15.860s] [ext: omni.kit.tool.asset_importer-4.3.2] startup
[15.914s] [ext: isaacsim.robot.wheeled_robots-4.0.24] startup
[16.005s] [ext: isaacsim.examples.browser-0.2.1] startup
[16.031s] [ext: isaacsim.asset.importer.urdf-2.4.30] startup
[16.507s] [ext: omni.isaac.wheeled_robots-3.0.7] startup
2026-04-26T17:34:52Z [16,261ms] [Warning] [omni.isaac.wheeled_robots] omni.isaac.wheeled_robots has been deprecated in favor of isaacsim.robot.wheeled_robots. Please update your code accordingly.
2026-04-26T17:34:52Z [16,262ms] [Warning] [omni.isaac.wheeled_robots.controllers] omni.isaac.wheeled_robots has been deprecated in favor of isaacsim.robot.wheeled_robots. Please update your code accordingly.
2026-04-26T17:34:52Z [16,264ms] [Warning] [omni.isaac.wheeled_robots.controllers.ackermann_controller] omni.isaac.wheeled_robots has been deprecated in favor of isaacsim.robot.wheeled_robots. Please update your code accordingly.
2026-04-26T17:34:52Z [16,267ms] [Warning] [omni.isaac.wheeled_robots.controllers.differential_controller] omni.isaac.wheeled_robots has been deprecated in favor of isaacsim.robot.wheeled_robots. Please update your code accordingly.
2026-04-26T17:34:52Z [16,270ms] [Warning] [omni.isaac.wheeled_robots.controllers.holonomic_controller] omni.isaac.wheeled_robots has been deprecated in favor of isaacsim.robot.wheeled_robots. Please update your code accordingly.
2026-04-26T17:34:52Z [16,271ms] [Warning] [omni.isaac.wheeled_robots.controllers.quintic_path_planner] omni.isaac.wheeled_robots has been deprecated in favor of isaacsim.robot.wheeled_robots. Please update your code accordingly.
2026-04-26T17:34:52Z [16,272ms] [Warning] [omni.isaac.wheeled_robots.controllers.stanley_control] omni.isaac.wheeled_robots has been deprecated in favor of isaacsim.robot.wheeled_robots. Please update your code accordingly.
2026-04-26T17:34:52Z [16,272ms] [Warning] [omni.isaac.wheeled_robots.controllers.wheel_base_pose_controller] omni.isaac.wheeled_robots has been deprecated in favor of isaacsim.robot.wheeled_robots. Please update your code accordingly.
2026-04-26T17:34:52Z [16,273ms] [Warning] [omni.isaac.wheeled_robots.impl] omni.isaac.wheeled_robots has been deprecated in favor of isaacsim.robot.wheeled_robots. Please update your code accordingly.
2026-04-26T17:34:52Z [16,274ms] [Warning] [omni.isaac.wheeled_robots.robots] omni.isaac.wheeled_robots has been deprecated in favor of isaacsim.robot.wheeled_robots. Please update your code accordingly.
2026-04-26T17:34:52Z [16,275ms] [Warning] [omni.isaac.wheeled_robots.robots.holonomic_robot_usd_setup] omni.isaac.wheeled_robots has been deprecated in favor of isaacsim.robot.wheeled_robots. Please update your code accordingly.
2026-04-26T17:34:52Z [16,276ms] [Warning] [omni.isaac.wheeled_robots.robots.wheeled_robot] omni.isaac.wheeled_robots has been deprecated in favor of isaacsim.robot.wheeled_robots. Please update your code accordingly.
[16.525s] [ext: isaacsim.simulation_app-2.12.2] startup
[16.527s] [ext: omni.isaac.franka-1.0.7] startup
2026-04-26T17:34:52Z [16,280ms] [Warning] [omni.isaac.franka] omni.isaac.franka has been deprecated in favor of isaacsim.robot.manipulators.examples.franka. Please update your code accordingly.
2026-04-26T17:34:52Z [16,282ms] [Warning] [omni.isaac.franka.franka] omni.isaac.franka has been deprecated in favor of isaacsim.robot.manipulators.examples.franka. Please update your code accordingly.
2026-04-26T17:34:52Z [16,303ms] [Warning] [omni.isaac.franka.kinematics_solver] omni.isaac.franka has been deprecated in favor of isaacsim.robot.manipulators.examples.franka. Please update your code accordingly.
[16.552s] [ext: omni.isaac.kit-2.0.6] startup
2026-04-26T17:34:52Z [16,307ms] [Warning] [omni.isaac.kit] omni.isaac.kit has been deprecated in favor of isaacsim.simulation_app. Please update your code accordingly.
[16.555s] [ext: omni.kit.selection-0.1.6] startup
[16.559s] [ext: omni.isaac.lula-4.0.6] startup
2026-04-26T17:34:52Z [16,312ms] [Warning] [omni.isaac.lula] omni.isaac.lula has been deprecated in favor of isaacsim.robot_motion.lula. Please update your code accordingly.
[16.562s] [ext: isaacsim.robot_motion.lula_test_widget-1.0.12] startup
[16.568s] [ext: isaacsim.asset.browser-1.3.23] startup
[17.257s] [ext: omni.kit.viewport.actions-107.0.2] startup
[17.266s] [ext: isaacsim.gui.menu-2.4.4] startup
[17.288s] [ext: omni.isaac.manipulators-3.0.7] startup
2026-04-26T17:34:53Z [17,042ms] [Warning] [omni.isaac.manipulators] omni.isaac.manipulators has been deprecated in favor of isaacsim.robot.manipulators. Please update your code accordingly.
2026-04-26T17:34:53Z [17,046ms] [Warning] [omni.isaac.manipulators.controllers] omni.isaac.manipulators has been deprecated in favor of isaacsim.robot.manipulators. Please update your code accordingly.
2026-04-26T17:34:53Z [17,047ms] [Warning] [omni.isaac.manipulators.controllers.pick_place_controller] omni.isaac.manipulators has been deprecated in favor of isaacsim.robot.manipulators. Please update your code accordingly.
2026-04-26T17:34:53Z [17,049ms] [Warning] [omni.isaac.manipulators.controllers.stacking_controller] omni.isaac.manipulators has been deprecated in favor of isaacsim.robot.manipulators. Please update your code accordingly.
2026-04-26T17:34:53Z [17,051ms] [Warning] [omni.isaac.manipulators.grippers] omni.isaac.manipulators has been deprecated in favor of isaacsim.robot.manipulators. Please update your code accordingly.
2026-04-26T17:34:53Z [17,052ms] [Warning] [omni.isaac.manipulators.grippers.gripper] omni.isaac.manipulators has been deprecated in favor of isaacsim.robot.manipulators. Please update your code accordingly.
2026-04-26T17:34:53Z [17,053ms] [Warning] [omni.isaac.manipulators.grippers.parallel_gripper] omni.isaac.manipulators has been deprecated in favor of isaacsim.robot.manipulators. Please update your code accordingly.
2026-04-26T17:34:53Z [17,054ms] [Warning] [omni.isaac.manipulators.grippers.surface_gripper] omni.isaac.manipulators has been deprecated in favor of isaacsim.robot.manipulators. Please update your code accordingly.
2026-04-26T17:34:53Z [17,055ms] [Warning] [omni.isaac.manipulators.manipulators] omni.isaac.manipulators has been deprecated in favor of isaacsim.robot.manipulators. Please update your code accordingly.
2026-04-26T17:34:53Z [17,055ms] [Warning] [omni.isaac.manipulators.manipulators.single_manipulator] omni.isaac.manipulators has been deprecated in favor of isaacsim.robot.manipulators. Please update your code accordingly.
[17.305s] [ext: omni.isaac.lula_test_widget-1.0.6] startup
2026-04-26T17:34:53Z [17,060ms] [Warning] [omni.isaac.lula_test_widget] omni.isaac.lula_test_widget has been deprecated in favor of isaacsim.robot_motion.lula_test_widget. Please update your code accordingly.
[17.309s] [ext: omni.isaac.asset_browser-1.0.6] startup
2026-04-26T17:34:53Z [17,063ms] [Warning] [omni.isaac.asset_browser] omni.isaac.asset_browser has been deprecated in favor of isaacsim.asset.browser. Please update your code accordingly.
[17.313s] [ext: omni.kit.viewport.menubar.display-107.0.3] startup
[17.323s] [ext: omni.isaac.menu-1.0.6] startup
2026-04-26T17:34:53Z [17,076ms] [Warning] [omni.isaac.menu] omni.isaac.menu has been deprecated in favor of isaacsim.gui.menu. Please update your code accordingly.
[17.326s] [ext: omni.isaac.motion_generation-8.0.7] startup
2026-04-26T17:34:53Z [17,082ms] [Warning] [omni.isaac.motion_generation] omni.isaac.motion_generation has been deprecated in favor of isaacsim.robot_motion.motion_generation. Please update your code accordingly.
2026-04-26T17:34:53Z [17,083ms] [Warning] [omni.isaac.motion_generation.articulation_kinematics_solver] omni.isaac.motion_generation has been deprecated in favor of isaacsim.robot_motion.motion_generation. Please update your code accordingly.
2026-04-26T17:34:53Z [17,084ms] [Warning] [omni.isaac.motion_generation.articulation_motion_policy] omni.isaac.motion_generation has been deprecated in favor of isaacsim.robot_motion.motion_generation. Please update your code accordingly.
2026-04-26T17:34:53Z [17,085ms] [Warning] [omni.isaac.motion_generation.articulation_trajectory] omni.isaac.motion_generation has been deprecated in favor of isaacsim.robot_motion.motion_generation. Please update your code accordingly.
2026-04-26T17:34:53Z [17,086ms] [Warning] [omni.isaac.motion_generation.kinematics_interface] omni.isaac.motion_generation has been deprecated in favor of isaacsim.robot_motion.motion_generation. Please update your code accordingly.
2026-04-26T17:34:53Z [17,087ms] [Warning] [omni.isaac.motion_generation.lula] omni.isaac.motion_generation has been deprecated in favor of isaacsim.robot_motion.motion_generation. Please update your code accordingly.
2026-04-26T17:34:53Z [17,088ms] [Warning] [omni.isaac.motion_generation.lula.kinematics] omni.isaac.motion_generation has been deprecated in favor of isaacsim.robot_motion.motion_generation. Please update your code accordingly.
2026-04-26T17:34:53Z [17,089ms] [Warning] [omni.isaac.motion_generation.lula.motion_policies] omni.isaac.motion_generation has been deprecated in favor of isaacsim.robot_motion.motion_generation. Please update your code accordingly.
2026-04-26T17:34:53Z [17,090ms] [Warning] [omni.isaac.motion_generation.lula.path_planners] omni.isaac.motion_generation has been deprecated in favor of isaacsim.robot_motion.motion_generation. Please update your code accordingly.
2026-04-26T17:34:53Z [17,090ms] [Warning] [omni.isaac.motion_generation.lula.trajectory_generator] omni.isaac.motion_generation has been deprecated in favor of isaacsim.robot_motion.motion_generation. Please update your code accordingly.
2026-04-26T17:34:53Z [17,091ms] [Warning] [omni.isaac.motion_generation.motion_policy_controller] omni.isaac.motion_generation has been deprecated in favor of isaacsim.robot_motion.motion_generation. Please update your code accordingly.
2026-04-26T17:34:53Z [17,092ms] [Warning] [omni.isaac.motion_generation.motion_policy_interface] omni.isaac.motion_generation has been deprecated in favor of isaacsim.robot_motion.motion_generation. Please update your code accordingly.
2026-04-26T17:34:53Z [17,093ms] [Warning] [omni.isaac.motion_generation.path_planner_visualizer] omni.isaac.motion_generation has been deprecated in favor of isaacsim.robot_motion.motion_generation. Please update your code accordingly.
2026-04-26T17:34:53Z [17,094ms] [Warning] [omni.isaac.motion_generation.path_planning_interface] omni.isaac.motion_generation has been deprecated in favor of isaacsim.robot_motion.motion_generation. Please update your code accordingly.
2026-04-26T17:34:53Z [17,095ms] [Warning] [omni.isaac.motion_generation.trajectory] omni.isaac.motion_generation has been deprecated in favor of isaacsim.robot_motion.motion_generation. Please update your code accordingly.
2026-04-26T17:34:53Z [17,096ms] [Warning] [omni.isaac.motion_generation.world_interface] omni.isaac.motion_generation has been deprecated in favor of isaacsim.robot_motion.motion_generation. Please update your code accordingly.
[17.345s] [ext: omni.isaac.assets_check-0.3.13] startup
2026-04-26T17:34:53Z [17,101ms] [Warning] [omni.isaac.assets_check] omni.isaac.assets_check has been deprecated in favor of isaacsim.asset.browser. Please update your code accordingly.
[17.349s] [ext: isaacsim.gui.sensors.icon-2.0.3] startup
[17.414s] [ext: isaacsim.asset.importer.mjcf-2.5.13] startup
[17.439s] [ext: omni.sensors.nv.common-3.0.0] startup
[17.628s] [ext: isaacsim.sensors.physics-0.4.3] startup
[17.651s] [ext: omni.sensors.net-1.0.0] startup
[17.688s] [ext: omni.isaac.nucleus-1.0.6] startup
2026-04-26T17:34:53Z [17,442ms] [Warning] [omni.isaac.nucleus] omni.isaac.nucleus has been deprecated in favor of isaacsim.storage.native. Please update your code accordingly.
2026-04-26T17:34:53Z [17,443ms] [Warning] [omni.isaac.nucleus.nucleus] omni.isaac.nucleus.nucleus has been deprecated in favor of isaacsim.storage.native. Please update your code accordingly.
2026-04-26T17:34:53Z [17,443ms] [Warning] [omni.ext._impl._internal] Found class `Extension` derived from `omni.ext.IExt` in module: 'omni.isaac.nucleus', but it was imported from other extension: 'c:/transformer-rl-retro-propulsion/env_isaaclab/lib/site-packages/isaacsim/exts/isaacsim.storage.native/isaacsim/storage/native/impl/extension.py', which is not a subpath to: 'c:\transformer-rl-retro-propulsion\env_isaaclab\lib\site-packages\isaacsim\extsdeprecated\omni.isaac.nucleus'. Do not import `IExt` derived class from other extension in your public namespace.
[17.692s] [ext: omni.sensors.nv.materials-2.0.0] startup
[17.735s] [ext: isaacsim.robot.policy.examples-4.1.11] startup
[17.741s] [ext: omni.sensors.nv.wpm-3.0.0] startup
[17.762s] [ext: omni.sensors.nv.lidar-3.0.0] startup
[17.836s] [ext: isaacsim.util.debug_draw-3.1.0] startup
[17.853s] [ext: omni.sensors.nv.radar-3.0.0] startup
[17.894s] [ext: omni.sensors.nv.ids-2.0.0] startup
[17.907s] [ext: isaacsim.core.cloner-1.4.10] startup
[17.916s] [ext: isaacsim.sensors.physx-2.3.2] startup
[17.935s] [ext: isaacsim.sensors.rtx-15.8.4] startup
[17.967s] [ext: isaacsim.sensors.camera-1.3.6] startup
[17.985s] [ext: omni.isaac.quadruped-3.0.7] startup
2026-04-26T17:34:53Z [17,739ms] [Warning] [omni.isaac.quadruped] omni.isaac.quadruped has been deprecated in favor of isaacsim.robot.policy.examples. Please update your code accordingly.
[17.988s] [ext: omni.isaac.cloner-1.0.7] startup
2026-04-26T17:34:53Z [17,743ms] [Warning] [omni.isaac.cloner] omni.isaac.cloner has been deprecated in favor of isaacsim.core.cloner. Please update your code accordingly.
[17.995s] [ext: omni.isaac.range_sensor-4.0.6] startup
2026-04-26T17:34:53Z [17,749ms] [Warning] [omni.isaac.range_sensor] omni.isaac.range_sensor has been deprecated in favor of isaacsim.sensors.physx. Please update your code accordingly.
2026-04-26T17:34:53Z [17,750ms] [Warning] [omni.isaac.range_sensor.commands] omni.isaac.range_sensor.commands has been deprecated in favor of isaacsim.sensors.physx.commands. Please update your code accordingly.
[18.000s] [ext: omni.isaac.sensor-13.0.7] startup
2026-04-26T17:34:53Z [17,754ms] [Warning] [omni.isaac.sensor] omni.isaac.sensor has been deprecated in favor of isaacsim.sensors.camera, isaacsim.sensors.physics, isaacsim.sensors.physx, and isaacsim.sensors.rtx. Please update your code accordingly.
2026-04-26T17:34:53Z [17,755ms] [Warning] [omni.isaac.sensor.camera] omni.isaac.sensor.camera has been deprecated in favor of isaacsim.sensors.camera.camera. Please update your code accordingly.
2026-04-26T17:34:53Z [17,756ms] [Warning] [omni.isaac.sensor.camera_view] omni.isaac.sensor.camera_view has been deprecated in favor of isaacsim.sensors.camera.camera_view. Please update your code accordingly.
2026-04-26T17:34:53Z [17,756ms] [Warning] [omni.isaac.sensor.commands] omni.isaac.sensor.commands has been deprecated in favor of isaacsim.sensors.physics.commands, isaacsim.sensors.physx.commands, and isaacsim.sensors.rtx.commands. Please update your code accordingly.
2026-04-26T17:34:53Z [17,757ms] [Warning] [omni.isaac.sensor.contact_sensor] omni.isaac.sensor.contact_sensor has been deprecated in favor of isaacsim.sensors.physics.contact_sensor. Please update your code accordingly.
2026-04-26T17:34:53Z [17,758ms] [Warning] [omni.isaac.sensor.imu_sensor] omni.isaac.sensor.imu_sensor has been deprecated in favor of isaacsim.sensors.physics.imu_sensor. Please update your code accordingly.
2026-04-26T17:34:53Z [17,758ms] [Warning] [omni.isaac.sensor.lidar_rtx] omni.isaac.sensor.lidar_rtx has been deprecated in favor of isaacsim.sensors.rtx.lidar_rtx. Please update your code accordingly.
2026-04-26T17:34:53Z [17,759ms] [Warning] [omni.isaac.sensor.rotating_lidar_physX] omni.isaac.sensor.imu_sensor has been deprecated in favor of isaacsim.sensors.physix.rotating_lidar_physX. Please update your code accordingly.
2026-04-26T17:34:53Z [17,762ms] [Warning] [omni.isaac.sensor.scripts.samples.contact_sensor] omni.isaac.sensor.scripts.samples.contact_sensor has been deprecated in favor of isaacsim.sensors.physics.scripts.samples.contact_sensor. Please update your code accordingly.
2026-04-26T17:34:53Z [17,763ms] [Warning] [omni.isaac.sensor.scripts.samples.imu_sensor] omni.isaac.sensor.scripts.samples.imu_sensor has been deprecated in favor of isaacsim.sensors.physics.scripts.samples.imu_sensor. Please update your code accordingly.
2026-04-26T17:34:53Z [17,764ms] [Warning] [omni.isaac.sensor.scripts.samples.lightbeam_sensor] omni.isaac.sensor.scripts.samples.lightbeam_sensor has been deprecated in favor of isaacsim.sensors.physx.scripts.samples.lightbeam_sensor. Please update your code accordingly.
[18.014s] [ext: omni.kit.menu.create-2.0.1] startup
[18.027s] [ext: omni.kit.widget.toolbar-2.0.1] startup
[18.056s] [ext: omni.kit.manipulator.transform-107.0.0] startup
[18.070s] [ext: omni.isaac.core-4.0.7] startup
2026-04-26T17:34:53Z [17,824ms] [Warning] [omni.isaac.core.physics_context.physics_context] omni.isaac.core.physics_context.physics_context has been deprecated in favor of isaacsim.core.api.physics_context.physics_context. Please update your code accordingly.
2026-04-26T17:34:53Z [17,826ms] [Warning] [omni.isaac.core.simulation_context.simulation_context] omni.isaac.core.simulation_context.simulation_context has been deprecated in favor of isaacsim.core.api.simulation_context.simulation_context. Please update your code accordingly.
2026-04-26T17:34:53Z [17,827ms] [Warning] [omni.isaac.core.world.world] omni.isaac.core.world.world has been deprecated in favor of isaacsim.core.api.world.world. Please update your code accordingly.
2026-04-26T17:34:53Z [17,827ms] [Warning] [omni.isaac.core] omni.isaac.core has been deprecated in favor of isaacsim.core.api. Please update your code accordingly.
[18.077s] [ext: omni.kit.scripting-107.3.2] startup
[18.096s] [ext: omni.kit.manipulator.tool.snap-1.5.13] startup
[18.115s] [ext: omni.kit.manipulator.selector-1.1.3] startup
[18.122s] [ext: isaacsim.app.about-2.0.11] startup
[18.146s] [ext: isaacsim.replicator.behavior-1.1.16] startup
[18.150s] [ext: omni.kit.viewport.manipulator.transform-107.0.4] startup
[18.157s] [ext: omni.isaac.window.about-2.0.7] startup
2026-04-26T17:34:53Z [17,917ms] [Warning] [omni.isaac.window.about] omni.isaac.window.about has been deprecated in favor of isaacsim.app.about. Please update your code accordingly.
2026-04-26T17:34:53Z [17,918ms] [Warning] [omni.isaac.window.about.about] omni.isaac.window.about.about has been deprecated in favor of isaacsim.app.about.about. Please update your code accordingly.
[18.168s] [ext: omni.fabric.commands-1.1.6] startup
[18.180s] [ext: omni.kit.manipulator.prim.core-107.0.8] startup
[18.205s] [ext: omni.kit.property.audio-1.0.16] startup
[18.210s] [ext: omni.kit.property.camera-1.0.10] startup
[18.215s] [ext: omni.kit.property.geometry-2.0.4] startup
[18.224s] [ext: omni.hydra.scene_api-0.1.2] startup
[18.238s] [ext: omni.kit.property.light-1.0.12] startup
[18.263s] [ext: omni.kit.manipulator.prim.fabric-107.0.4] startup
[18.270s] [ext: omni.kit.manipulator.prim.usd-107.0.3] startup
[18.275s] [ext: omni.kit.property.material-1.11.9] startup
[18.302s] [ext: omni.kit.property.render-1.2.1] startup
[18.306s] [ext: omni.kit.property.transform-1.5.13] startup
[18.318s] [ext: isaacsim.gui.property-1.1.3] startup
[18.326s] [ext: omni.kit.manipulator.camera-106.0.4] startup
[18.339s] [ext: omni.kit.manipulator.prim-107.0.0] startup
[18.339s] [ext: omni.isaac.surface_gripper-2.0.6] startup
2026-04-26T17:34:54Z [18,092ms] [Warning] [omni.isaac.surface_gripper] omni.isaac.surface_gripper has been deprecated in favor of isaacsim.robot.surface_gripper. Please update your code accordingly.
2026-04-26T17:34:54Z [18,092ms] [Warning] [omni.ext._impl._internal] Found class `Extension` derived from `omni.ext.IExt` in module: 'omni.isaac.surface_gripper', but it was imported from other extension: 'c:/transformer-rl-retro-propulsion/env_isaaclab/lib/site-packages/isaacsim/exts/isaacsim.robot.surface_gripper/isaacsim/robot/surface_gripper/impl/extension.py', which is not a subpath to: 'c:\transformer-rl-retro-propulsion\env_isaaclab\lib\site-packages\isaacsim\extsdeprecated\omni.isaac.surface_gripper'. Do not import `IExt` derived class from other extension in your public namespace.
[18.342s] [ext: omni.kit.manipulator.selection-106.0.1] startup
[18.350s] [ext: omni.kit.property.bundle-1.4.1] startup
[18.355s] [ext: omni.kit.property.isaac-1.0.6] startup
2026-04-26T17:34:54Z [18,108ms] [Warning] [omni.kit.property.isaac] omni.kit.property.isaac has been deprecated in favor of isaacsim.gui.property. Please update your code accordingly.
2026-04-26T17:34:54Z [18,109ms] [Warning] [omni.kit.property.isaac.widgets] omni.kit.property.isaac.widgets has been deprecated in favor of isaacsim.gui.property.widgets. Please update your code accordingly.
[18.358s] [ext: omni.isaac.universal_robots-1.0.6] startup
2026-04-26T17:34:54Z [18,111ms] [Warning] [omni.isaac.universal_robots] omni.isaac.universal_robots has been deprecated in favor of isaacsim.robot.manipulators.examples.universal_robots. Please update your code accordingly.
2026-04-26T17:34:54Z [18,112ms] [Warning] [omni.isaac.universal_robots.kinematics_solver] omni.isaac.franka has been deprecated in favor of isaacsim.robot.manipulators.examples.universal_robots. Please update your code accordingly.
2026-04-26T17:34:54Z [18,117ms] [Warning] [omni.isaac.universal_robots.ur10] omni.isaac.franka has been deprecated in favor of isaacsim.robot.manipulators.examples.universal_robots. Please update your code accordingly.
[18.366s] [ext: omni.isaac.core_nodes-2.0.6] startup
2026-04-26T17:34:54Z [18,123ms] [Warning] [omni.isaac.core_nodes] omni.isaac.core_nodes has been deprecated in favor of isaacsim.core.nodes. Please update your code accordingly.
[18.372s] [ext: omni.kit.viewport.menubar.camera-107.0.6] startup
[18.393s] [ext: omni.kit.viewport.menubar.lighting-107.3.1] startup
[18.402s] [ext: isaacsim.replicator.writers-1.0.17] startup
[18.460s] [ext: omni.kit.viewport.menubar.render-107.0.10] startup
[18.471s] [ext: omni.kit.viewport.menubar.settings-107.0.3] startup
[18.489s] [ext: omni.kit.window.console-1.1.4] startup
[18.509s] [ext: isaacsim.replicator.domain_randomization-1.0.16] startup
[18.520s] [ext: isaacsim.replicator.examples-1.3.6] startup
[18.526s] [ext: omni.ocio-0.1.1] startup
[18.537s] [ext: omni.rtx.window.settings-0.6.19] startup
[18.557s] [ext: omni.kit.window.status_bar-0.1.9] startup
[18.568s] [ext: omni.kit.window.toolbar-2.0.0] startup
[18.575s] [ext: omni.replicator.isaac-2.0.8] startup
2026-04-26T17:34:54Z [18,329ms] [Warning] [omni.replicator.isaac] omni.replicator.isaac has been deprecated in favor of isaacsim.replicator.domain_randomization, isaacsim.replicator.examples, isaacsim.replicator.writers. Please update your code accordingly.
[18.582s] [ext: omni.replicator.replicator_yaml-2.0.11] startup
[18.630s] [ext: omni.rtx.settings.core-0.6.5] startup
[18.642s] [ext: omni.usd.metrics.assembler.ui-107.3.1] startup
[18.661s] [ext: omni.isaac.utils-2.0.6] startup
[18.666s] [ext: semantics.schema.editor-2.0.2] startup
[18.674s] [ext: omni.kit.ui.actions-1.0.5] startup
[18.679s] [ext: semantics.schema.property-2.0.1] startup
[18.685s] [ext: omni.isaac.version-2.0.7] startup
2026-04-26T17:34:54Z [18,438ms] [Warning] [omni.isaac.version] omni.isaac.version has been deprecated in favor of isaacsim.core.version. Please update your code accordingly.
[18.687s] [ext: omni.isaac.cortex-1.0.5] startup
[18.689s] [ext: omni.anim.curve.core-1.3.1] startup
[18.719s] [ext: isaacsim.core.throttling-2.2.2] startup
[18.728s] [ext: omni.kit.menu.common-2.0.1] startup
[18.733s] [ext: isaacsim.exp.base-5.1.0] startup
[18.733s] [ext: isaacsim.exp.base.python-5.1.0] startup
[18.737s] Simulation App Starting
2026-04-26T17:34:55Z [19,578ms] [Warning] [omni.fabric.plugin] Warning: attribute resolution not found for bucket id 9

[19.914s] app ready
Starting kit application with the following args:  ['C:\\Transformer-rl-retro-propulsion\\env_isaaclab\\Lib\\site-packages\\isaacsim\\exts\\isaacsim.simulation_app\\isaacsim\\simulation_app\\simulation_app.py', 'C:\\Transformer-rl-retro-propulsion\\env_isaaclab\\Lib\\site-packages\\isaacsim\\apps/isaacsim.exp.base.python.kit', '--/app/tokens/exe-path=C:\\Transformer-rl-retro-propulsion\\env_isaaclab\\Lib\\site-packages\\isaacsim\\kit', '--/persistent/app/viewport/displayOptions=3094', '--/rtx/materialDb/syncLoads=True', '--/rtx/hydra/materialSyncLoads=True', '--/omni.kit.plugin/syncUsdLoads=True', '--/app/renderer/resolution/width=1280', '--/app/renderer/resolution/height=720', '--/app/window/width=1440', '--/app/window/height=900', '--/renderer/multiGpu/enabled=True', '--/app/fastShutdown=True', '--/app/installSignalHandlers=0', '--ext-folder', 'C:\\Transformer-rl-retro-propulsion\\env_isaaclab\\Lib\\site-packages\\isaacsim/exts', '--ext-folder', 'C:\\Transformer-rl-retro-propulsion\\env_isaaclab\\Lib\\site-packages\\isaacsim/apps', '--/physics/cudaDevice=0', '--/plugins/carb.tasking.plugin/threadCount=24', '--/plugins/omni.tbb.globalcontrol/maxThreadCount=24', '--portable']
Passing the following args to the base kit application:  ['--task', 'landing', '--no-headless', '--total-steps', '250000', '--eval-interval', '25000', '--save-interval', '25000', '--max-wall-time', '7200']
Warp 1.8.2 initialized:
   CUDA Toolkit 12.8, Driver 13.0
   Devices:
     "cpu"      : "AMD64 Family 26 Model 68 Stepping 0, AuthenticAMD"
     "cuda:0"   : "NVIDIA GeForce RTX 5070" (12 GiB, sm_120, mempool enabled)
   Kernel cache:
     C:\Users\tngzj\AppData\Local\NVIDIA\warp\Cache\1.8.2
Warp DeprecationWarning: The `warp.sim` module is deprecated and will be removed in v1.10. Please transition to using the forthcoming Newton library instead.

[36m===================================================================================================================[0m
[36m[1m[INFO][IsaacLab]: Logging to file: C:\Users\tngzj\AppData\Local\Temp\isaaclab\logs\isaaclab_2026-04-26_12-34-59.log[0m
[36m===================================================================================================================[0m

Residual-PID PPO enabled: policy outputs bounded residuals around the stable PID baseline
{"type":"train_update","update":1,"global_step":16384,"wall_s":7.36,"sps":2226.8,"loss":4658.660706,"pg_loss":0.054377,"v_loss":9317.212646,"entropy":2.094614,"approx_kl":0.058786,"clipfrac":0.0253,"reward_mean":-8.6717}
step=16,384 reward_mean=-8.672 kl=0.05879 clipfrac=0.025 eval={'landed_fraction': 0.0, 'crashed_fraction': 0.0, 'mean_touchdown_speed': nan, 'max_touchdown_speed': nan, 'mean_pad_distance': nan, 'max_pad_distance': nan, 'mean_delta_v_proxy': 22.17521095275879, 'passed': False}
{"type":"train_update","update":2,"global_step":32768,"wall_s":57.3,"sps":571.9,"loss":4651.125854,"pg_loss":0.085629,"v_loss":9302.080444,"entropy":2.094411,"approx_kl":0.125282,"clipfrac":0.0271,"reward_mean":-8.6355}
step=32,768 reward_mean=-8.636 kl=0.12528 clipfrac=0.027 eval={'landed_fraction': 0.0, 'crashed_fraction': 0.0, 'mean_touchdown_speed': nan, 'max_touchdown_speed': nan, 'mean_pad_distance': nan, 'max_pad_distance': nan, 'mean_delta_v_proxy': 22.264249801635742, 'passed': False}
{"type":"train_update","update":3,"global_step":49152,"wall_s":107.74,"sps":456.2,"loss":4414.134277,"pg_loss":0.032553,"v_loss":8828.203491,"entropy":2.094221,"approx_kl":0.096753,"clipfrac":0.025,"reward_mean":-8.3755}
{"type":"train_update","update":4,"global_step":65536,"wall_s":114.03,"sps":574.7,"loss":1721.069351,"pg_loss":0.180515,"v_loss":3441.777649,"entropy":2.094045,"approx_kl":0.241037,"clipfrac":0.0262,"reward_mean":-4.9921}
step=65,536 reward_mean=-4.992 kl=0.24104 clipfrac=0.026 eval={'landed_fraction': 0.0, 'crashed_fraction': 0.0, 'mean_touchdown_speed': nan, 'max_touchdown_speed': nan, 'mean_pad_distance': nan, 'max_pad_distance': nan, 'mean_delta_v_proxy': 22.233715057373047, 'passed': False}
{"type":"train_update","update":5,"global_step":81920,"wall_s":164.05,"sps":499.4,"loss":4767.5354,"pg_loss":0.080887,"v_loss":9534.909058,"entropy":2.09385,"approx_kl":0.087624,"clipfrac":0.0242,"reward_mean":-8.6969}
step=81,920 reward_mean=-8.697 kl=0.08762 clipfrac=0.024 eval={'landed_fraction': 0.0, 'crashed_fraction': 0.0, 'mean_touchdown_speed': nan, 'max_touchdown_speed': nan, 'mean_pad_distance': nan, 'max_pad_distance': nan, 'mean_delta_v_proxy': 22.246723175048828, 'passed': False}
