[INFO][AppLauncher]: Using device: cuda:0
[INFO][AppLauncher]: Loading experience file: C:\Transformer-rl-retro-propulsion\IsaacLab\apps\isaaclab.python.headless.kit
Loading user config located at: 'c:/transformer-rl-retro-propulsion/env_isaaclab/lib/site-packages/isaacsim/kit/data/Kit/Isaac-Sim/5.1/user.config.json'
[Info] [carb] Logging to file: c:/transformer-rl-retro-propulsion/env_isaaclab/lib/site-packages/isaacsim/kit/logs/Kit/Isaac-Sim/5.1/kit_20260911_110656.log
2026-09-11T16:06:56Z [480ms] [Warning] [omni.usd_config.extension] Enable omni.materialx.libs extension to use MaterialX
2026-09-11T16:06:58Z [1,548ms] [Warning] [carb] Acquiring non optional plugin interface which is not listed as dependency: [omni::physx::IPhysxBenchmarks v1.0] (plugin: <default plugin>), by client: omni.physics.physx.plugin. Add it to CARB_PLUGIN_IMPL_DEPS() macro of a client.
2026-09-11T16:06:58Z [1,565ms] [Warning] [omni.isaac.dynamic_control] omni.isaac.dynamic_control is deprecated as of Isaac Sim 4.5. No action is needed from end-users.

|---------------------------------------------------------------------------------------------|
| Driver Version: 616.64        | Graphics API: D3D12
|=============================================================================================|
| GPU | Name                             | Active | LDA | GPU Memory | Vendor-ID | LUID       |
|     |                                  |        |     |            | Device-ID | UUID       |
|     |                                  |        |     |            | Bus-ID    |            |
|---------------------------------------------------------------------------------------------|
| 0   | NVIDIA GeForce RTX 5070          | Yes: 0 |     | 11943   MB | 10de      | c4230100.. |
|     |                                  |        |     |            | 2f04      | 0          |
|     |                                  |        |     |            | 1         |            |
|=============================================================================================|
| OS: Windows 11 Pro, Version: 10.0 (25H2), Build: 26200, Kernel: 10.0.26100.9444
| Processor: AMD Ryzen 9 9900X 12-Core Processor            
| Cores: 12 | Logical Cores: 24
|---------------------------------------------------------------------------------------------|
| Total Memory (MB): 32360 | Free Memory: 12382
| Total Page/Swap (MB): 49768 | Free Page/Swap: 17133
|---------------------------------------------------------------------------------------------|
2026-09-11T16:07:02Z [5,941ms] [Warning] [omni.kvdb.plugin] Disabling key-value database because another kit process is locking it

[36m===================================================================================================================[0m
[36m[1m[INFO][IsaacLab]: Logging to file: C:\Users\tngzj\AppData\Local\Temp\isaaclab\logs\isaaclab_2026-09-11_11-07-02.log[0m
[36m===================================================================================================================[0m

Loaded checkpoint ppo_step_507904.pt (trained for 507904 steps); running 3 episodes in single env, headless=True.
ep=  1/3 outcome=CRASHED spawn_xy=(-0.09,+0.09) d0=0.12 td_xy=( +nan, +nan) pad_d=  nan td_speed=  nan td_thr= nan dur= 8.86s wall=14.6s
ep=  2/3 outcome=CRASHED spawn_xy=(-0.08,+0.01) d0=0.08 td_xy=( +nan, +nan) pad_d=  nan td_speed=  nan td_thr= nan dur= 8.63s wall=13.9s
ep=  3/3 outcome=CRASHED spawn_xy=(-0.10,+0.03) d0=0.10 td_xy=( +nan, +nan) pad_d=  nan td_speed=  nan td_thr= nan dur= 8.93s wall=14.6s
========================================================================
{
  "checkpoint": "C:\\Transformer-rl-retro-propulsion\\simulation\\isaac\\runs\\ppo_convergence\\ppo_landing_seed0_20260911_110123\\ppo_step_507904.pt",
  "trained_steps": 507904,
  "curriculum_stage": 1,
  "episodes": 3,
  "landed_fraction": 0.0,
  "crashed_fraction": 1.0,
  "timeout_fraction": 0.0,
  "on_pad_fraction": 0.0,
  "success_fraction": 0.0,
  "success_max_pad_distance": 0.5,
  "success_max_touchdown_speed": 0.25,
  "touchdown_speed_landed": {
    "mean": NaN,
    "min": NaN,
    "max": NaN
  },
  "pad_distance_landed": {
    "mean": NaN,
    "min": NaN,
    "max": NaN
  },
  "spawn_xy_distance": {
    "mean": 0.1003,
    "min": 0.0764,
    "max": 0.1242
  },
  "closure_ratio_landed": {
    "mean": NaN,
    "min": NaN,
    "max": NaN,
    "n": 0
  },
  "by_spawn_distance": {},
  "duration_s": {
    "mean": 8.8077,
    "min": 8.63,
    "max": 8.93
  }
}
Wrote results to C:\Transformer-rl-retro-propulsion\simulation\isaac\runs\ppo_diagnostics\stage1_507904
Closing TVC environment...
Closing Isaac Sim...
