PPO training starting: task=landing, total_steps=250000, bc_steps=2000, headless=False
[Info] [carb] Logging to file: c:/transformer-rl-retro-propulsion/env_isaaclab/lib/site-packages/isaacsim/kit/logs/Kit/Isaac-Sim Python/5.1/kit_20260426_122758.log
[0.394s] [ext: omni.kit.async_engine-0.0.3] startup
[0.716s] [ext: omni.metrics.core-0.0.3] startup
[0.719s] [ext: omni.client.lib-1.1.0] startup
[0.863s] [ext: omni.blobkey-1.1.2] startup
[0.871s] [ext: omni.stats-1.0.1] startup
[0.885s] [ext: omni.datastore-0.0.0] startup
[0.894s] [ext: omni.client-1.3.0] startup
[1.010s] [ext: omni.ujitso.default-1.0.0] startup
[1.021s] [ext: omni.hsscclient-1.1.2] startup
[1.051s] [ext: omni.gpu_foundation.shadercache.vulkan-1.0.0] startup
[1.061s] [ext: omni.assets.plugins-0.0.0] startup
[1.084s] [ext: omni.gpu_foundation-0.0.0] startup
[1.240s] [ext: carb.windowing.plugins-1.0.0] startup
2026-04-26T17:28:00Z [1,780ms] [Warning] [carb.windowing-glfw.gamepad] Joystick with unknown remapping detected (will be ignored):  Saitek Pro Flight Rudder Pedals [03000000a30600006307000000000000]
2026-04-26T17:28:00Z [1,781ms] [Warning] [carb.windowing-glfw.gamepad] Joystick with unknown remapping detected (will be ignored):  3Dconnexion KMJ Emulator [03000000efbe00006d04000000000000]
2026-04-26T17:28:00Z [1,781ms] [Warning] [carb.windowing-glfw.gamepad] Joystick with unknown remapping detected (will be ignored):  Joystick - HOTAS Warthog [030000004f0400000204000000000000]
[2.084s] [ext: omni.kit.renderer.init-0.0.0] startup
[2.087s] [ext: omni.materialx.libs-1.0.7] startup
[2.170s] [ext: omni.usd.config-1.0.6] startup
[2.208s] [ext: omni.gpucompute.plugins-0.0.0] startup
[2.278s] [ext: omni.usd.libs-1.0.1] startup
[3.264s] [ext: omni.mdl-56.0.3] startup
[3.447s] [ext: omni.iray.libs-0.0.0] startup
[3.758s] [ext: omni.mdl.neuraylib-0.2.12] startup
[3.779s] [ext: omni.kit.usd.mdl-1.1.5] startup

|---------------------------------------------------------------------------------------------|
| Driver Version: 580.88        | Graphics API: Vulkan
|=============================================================================================|
| GPU | Name                             | Active | LDA | GPU Memory | Vendor-ID | LUID       |
|     |                                  |        |     |            | Device-ID | UUID       |
|     |                                  |        |     |            | Bus-ID    |            |
|---------------------------------------------------------------------------------------------|
| 0   | NVIDIA GeForce RTX 5070          | Yes: 0 |     | 11855   MB | 10de      | b42b0100.. |
|     |                                  |        |     |            | 2f04      | 36fdc134.. |
|     |                                  |        |     |            | 1         |            |
|=============================================================================================|
| OS: Windows 11 Pro, Version: 10.0 (25H2), Build: 26200, Kernel: 10.0.26100.8246
| Processor: AMD Ryzen 9 9900X 12-Core Processor            
| Cores: 12 | Logical Cores: 24
|---------------------------------------------------------------------------------------------|
| Total Memory (MB): 32360 | Free Memory: 13707
| Total Page/Swap (MB): 40011 | Free Page/Swap: 8937
|---------------------------------------------------------------------------------------------|
[4.409s] [ext: omni.kit.pipapi-0.0.0] startup
[4.411s] [ext: omni.kit.loop-isaac-1.3.7] startup
[4.418s] [ext: omni.kit.test-2.0.1] startup
[4.556s] [ext: omni.kit.telemetry-0.5.2] startup
[4.600s] [ext: omni.appwindow-1.1.10] startup
[4.635s] [ext: omni.kit.renderer.core-1.1.0] startup
[4.654s] [ext: omni.kit.renderer.capture-0.0.0] startup
[4.671s] [ext: omni.kit.renderer.imgui-2.0.5] startup
[4.721s] [ext: omni.ui-2.27.1] startup
[4.778s] [ext: omni.kit.mainwindow-1.0.3] startup
[4.786s] [ext: carb.audio-0.1.0] startup
[4.795s] [ext: omni.uiaudio-1.0.0] startup
[4.807s] [ext: omni.kit.uiapp-0.0.0] startup
[4.807s] [ext: omni.usd.schema.metrics.assembler-107.3.1] startup
[4.824s] [ext: omni.anim.navigation.schema-107.3.3] startup
[4.848s] [ext: omni.usd.schema.anim-0.0.0] startup
[4.976s] [ext: omni.usd.schema.audio-0.0.0] startup
[4.998s] [ext: omni.usd.schema.omniscripting-1.0.0] startup
[5.021s] [ext: omni.usd.schema.physx-107.3.26] startup
[5.139s] [ext: omni.usd_resolver-1.0.0] startup
[5.175s] [ext: omni.usd.core-1.5.3] startup
[5.189s] [ext: omni.usd.schema.omni_sensors-0.0.0] startup
[5.273s] [ext: omni.usd.schema.omnigraph-1.0.0] startup
[5.307s] [ext: omni.usd.schema.semantics-0.0.0] startup
[5.329s] [ext: omni.usd.schema.geospatial-0.0.0] startup
[5.355s] [ext: omni.kit.window.popup_dialog-2.0.24] startup
[5.369s] [ext: omni.activity.core-1.0.3] startup
[5.378s] [ext: omni.kit.widget.nucleus_connector-2.0.1] startup
[5.385s] [ext: omni.kit.usd_undo-0.1.8] startup
[5.386s] [ext: omni.graph.exec-0.9.6] startup
[5.389s] [ext: omni.kit.actions.core-1.0.0] startup
[5.405s] [ext: usdrt.scenegraph-7.6.1] startup
[5.616s] [ext: omni.resourcemonitor-107.0.1] startup
[5.627s] [ext: omni.kit.exec.core-0.13.4] startup
[5.643s] [ext: omni.timeline-1.0.14] startup
[5.661s] [ext: omni.kit.commands-1.4.10] startup
[5.680s] [ext: omni.kit.audiodeviceenum-1.0.2] startup
[5.691s] [ext: omni.hydra.usdrt_delegate-7.5.1] startup
[5.731s] [ext: omni.hydra.scene_delegate-0.3.4] startup
[5.744s] [ext: omni.usd-1.13.10] startup
[6.968s] [ext: omni.inspect-1.0.2] startup
[6.978s] [ext: omni.kit.notification_manager-1.0.10] startup
[6.983s] [ext: omni.graph.core-2.184.5] startup
[7.008s] [ext: isaacsim.core.deprecation_manager-0.2.7] startup
[7.010s] [ext: omni.anim.graph.schema-107.3.3] startup
[7.046s] [ext: omni.usd.schema.flow-107.1.1] startup
[7.048s] [ext: omni.usd.schema.isaac-3.0.5] startup
[7.048s] [ext: omni.usd.schema.omni_lens_distortion-0.0.0] startup
[7.050s] [ext: isaacsim.robot.schema-3.6.0] startup
[7.108s] [ext: omni.kit.asset_converter-5.0.17] startup
[7.171s] [ext: omni.usd.schema.render_settings.rtx-0.0.0] startup
[7.175s] [ext: omni.kit.helper.file_utils-0.1.9] startup
[7.178s] [ext: omni.kit.menu.core-1.1.2] startup
[7.180s] [ext: omni.kit.widget.path_field-2.0.11] startup
[7.183s] [ext: omni.kit.widget.filebrowser-2.12.3] startup
[7.201s] [ext: omni.kit.widget.context_menu-1.2.5] startup
[7.206s] [ext: omni.kit.widget.browser_bar-2.0.10] startup
[7.209s] [ext: omni.kit.clipboard-1.0.5] startup
[7.212s] [ext: omni.kit.widget.options_menu-1.1.6] startup
[7.223s] [ext: omni.ui.scene-1.11.5] startup
[7.251s] [ext: omni.kit.widget.options_button-1.0.3] startup
[7.254s] [ext: omni.kit.usd.layers-2.2.11] startup
[7.287s] [ext: omni.kit.window.filepicker-2.13.4] startup
[7.334s] [ext: omni.kit.widget.filter-1.1.4] startup
[7.336s] [ext: omni.kit.hotkeys.core-1.3.10] startup
[7.347s] [ext: omni.kit.context_menu-1.8.6] startup
[7.353s] [ext: omni.kit.property.adapter.core-1.0.2] startup
[7.359s] [ext: omni.kit.window.file_exporter-1.0.33] startup
[7.374s] [ext: omni.kit.widget.searchfield-1.1.8] startup
[7.378s] [ext: omni.kit.numpy.common-0.1.3] startup
[7.383s] [ext: omni.kit.widget.stage-3.1.4] startup
[7.426s] [ext: omni.kit.property.adapter.usd-1.0.2] startup
[7.430s] [ext: omni.kit.property.adapter.fabric-1.0.3] startup
[7.434s] [ext: isaacsim.core.version-2.0.6] startup
[7.436s] [ext: omni.kit.window.file_importer-1.1.18] startup
[7.438s] [ext: omni.kit.stage_template.core-1.1.22] startup
[7.440s] [ext: omni.kit.menu.utils-2.0.5] startup
[7.449s] [ext: omni.kit.window.file-2.0.5] startup
[7.458s] [ext: omni.kit.window.drop_support-1.0.5] startup
[7.459s] [ext: omni.kit.widget.highlight_label-1.0.3] startup
[7.462s] [ext: omni.kit.window.content_browser_registry-0.0.6] startup
[7.464s] [ext: omni.kit.widget.graph-2.0.0] startup
[7.480s] [ext: omni.kit.window.property-1.12.1] startup
[7.808s] [ext: omni.kit.window.content_browser-3.1.3] startup
[7.831s] [ext: omni.kit.graph.delegate.default-1.2.3] startup
[7.833s] [ext: omni.kit.property.usd-4.5.12] startup
[7.858s] [ext: omni.convexdecomposition-107.3.26] startup
[7.872s] [ext: omni.kit.graph.editor.core-1.5.3] startup
[7.881s] [ext: omni.kit.material.library-2.0.7] startup
[7.897s] [ext: omni.kvdb-107.3.26] startup
[7.909s] [ext: omni.usdphysics-107.3.26] startup
[7.917s] [ext: omni.physx.foundation-107.3.26] startup
[7.939s] [ext: omni.localcache-107.3.26] startup
[7.949s] [ext: omni.kit.graph.usd.commands-1.3.1] startup
[7.951s] [ext: omni.physx.cooking-107.3.26] startup
[7.975s] [ext: omni.physics-107.3.26] startup
[7.990s] [ext: omni.physx-107.3.26] startup
[8.056s] [ext: omni.physics.stageupdate-107.3.26] startup
[8.066s] [ext: omni.physics.physx-107.3.26] startup
2026-04-26T17:28:06Z [7,766ms] [Warning] [carb] Acquiring non optional plugin interface which is not listed as dependency: [omni::physx::IPhysxBenchmarks v1.0] (plugin: <default plugin>), by client: omni.physics.physx.plugin. Add it to CARB_PLUGIN_IMPL_DEPS() macro of a client.
[8.070s] [ext: omni.index.libs-380600.8087.0] startup
[8.070s] [ext: omni.index-1.0.1] startup
[8.075s] [ext: omni.volume-0.5.2] startup
[8.116s] [ext: omni.ujitso.client-0.0.0] startup
[8.120s] [ext: omni.hydra.rtx.shadercache.vulkan-1.0.0] startup
[8.126s] [ext: omni.kit.widget.searchable_combobox-1.0.6] startup
[8.130s] [ext: omni.hydra.rtx-1.0.0] startup
[8.451s] [ext: omni.kit.widget.settings-1.2.6] startup
[8.456s] [ext: omni.kit.hydra_texture-1.4.6] startup
[8.470s] [ext: omni.graph.tools-1.79.2] startup
[8.539s] [ext: omni.kit.window.preferences-1.8.0] startup
[8.559s] [ext: omni.kit.widget.material_preview-1.0.16] startup
[8.564s] [ext: omni.graph-1.141.2] startup
[8.662s] [ext: omni.kit.window.material_graph-1.9.1] startup
[8.686s] [ext: omni.isaac.dynamic_control-2.0.7] startup
2026-04-26T17:28:06Z [8,406ms] [Warning] [omni.isaac.dynamic_control] omni.isaac.dynamic_control is deprecated as of Isaac Sim 4.5. No action is needed from end-users.
[8.711s] [ext: isaacsim.storage.native-1.5.1] startup
[8.718s] [ext: omni.graph.scriptnode-1.50.0] startup
[8.721s] [ext: omni.hydra.engine.stats-1.0.3] startup
[8.729s] [ext: omni.kit.viewport.legacy_gizmos-1.0.19] startup
[8.735s] [ext: omni.kit.raycast.query-1.1.0] startup
[8.751s] [ext: omni.graph.action_core-1.1.7] startup
[8.782s] [ext: omni.kit.viewport.scene_camera_model-1.0.6] startup
[8.790s] [ext: omni.graph.image.core-0.6.1] startup
[8.796s] [ext: omni.kit.widget.viewport-107.1.3] startup
[8.814s] [ext: omni.kit.viewport.registry-104.0.6] startup
[8.816s] [ext: omni.usd.metrics.assembler-107.3.1] startup
[8.835s] [ext: omni.kit.viewport.window-107.2.0] startup
[8.867s] [ext: omni.kit.viewport.menubar.core-107.2.1] startup
[8.904s] [ext: omni.graph.image.nodes-1.3.1] startup
[8.914s] [ext: omni.usd.metrics.assembler.physics-107.3.26] startup
[8.919s] [ext: omni.warp.core-1.8.2] startup
[9.063s] [ext: omni.kit.viewport.utility-1.1.2] startup
[9.065s] [ext: omni.physics.tensors-107.3.26] startup
[9.087s] [ext: omni.syntheticdata-0.6.13] startup
[9.149s] [ext: isaacsim.test.docstring-1.1.0] startup
[9.160s] [ext: isaacsim.core.utils-3.5.1] startup
[9.176s] [ext: omni.physx.tensors-107.3.26] startup
[9.192s] [ext: omni.graph.nodes-1.170.10] startup
[9.299s] [ext: omni.graph.action_nodes-1.50.4] startup
[9.313s] [ext: omni.kit.primitive.mesh-1.0.17] startup
[9.330s] [ext: isaacsim.core.simulation_manager-1.4.4] startup
[11.831s] [ext: omni.graph.ui_nodes-1.50.5] startup
[11.851s] [ext: omni.graph.action-1.130.0] startup
[11.852s] [ext: omni.kit.stage_templates-2.0.0] startup
[11.864s] [ext: isaacsim.core.prims-0.6.1] startup
[11.917s] [ext: omni.warp-1.8.2] startup
[11.931s] [ext: omni.videoencoding-0.1.2] startup
[11.949s] [ext: isaacsim.core.api-4.8.0] startup
[12.015s] [ext: isaacsim.core.experimental.utils-0.3.0] startup
[12.028s] [ext: omni.replicator.core-1.12.27] startup
2026-04-26T17:28:10Z [11,795ms] [Warning] [pxr.Semantics] pxr.Semantics is deprecated - please use Semantics instead
2026-04-26T17:28:10Z [12,328ms] [Warning] [omni.graph.core.plugin] Found duplicate of category 'Replicator' - was 'Annotators', adding 'Fabric Reader'
2026-04-26T17:28:10Z [12,328ms] [Warning] [omni.graph.core.plugin] Category 'Replicator' not accepted on node type 'omni.replicator.core.FabricReader' in extension 'omni.replicator.core'
2026-04-26T17:28:10Z [12,332ms] [Warning] [omni.replicator.core.scripts.extension] No material configuration file, adding configuration to material settings directly.
[12.641s] [ext: isaacsim.core.experimental.prims-0.8.1] startup
[12.715s] [ext: omni.kit.window.extensions-1.4.27] startup
[12.742s] [ext: isaacsim.core.experimental.objects-0.4.0] startup
[12.768s] [ext: omni.ui_query-1.1.8] startup
[12.773s] [ext: omni.kit.manipulator.viewport-107.0.1] startup
[12.779s] [ext: isaacsim.robot.surface_gripper-3.3.1] startup
[12.798s] [ext: omni.kit.ui_test-1.3.7] startup
[12.809s] [ext: omni.graph.visualization.nodes-2.1.3] startup
[12.854s] [ext: isaacsim.robot_motion.lula-4.0.8] startup
[12.931s] [ext: isaacsim.core.nodes-3.4.3] startup
[12.972s] [ext: isaacsim.gui.components-1.2.1] startup
[12.996s] [ext: isaacsim.robot_motion.motion_generation-8.0.26] startup
[13.038s] [ext: isaacsim.robot.manipulators-3.3.6] startup
[13.054s] [ext: isaacsim.core.experimental.materials-0.4.0] startup
[13.084s] [ext: isaacsim.robot.manipulators.examples-1.1.2] startup
[13.087s] [ext: isaacsim.cortex.framework-1.0.12] startup
[13.094s] [ext: isaacsim.cortex.behaviors-2.0.14] startup
[13.099s] [ext: omni.isaac.cortex.sample_behaviors-2.0.5] startup
2026-04-26T17:28:11Z [12,802ms] [Warning] [omni.isaac.cortex] omni.isaac.cortex has been deprecated in favor of isaacsim.cortex.framework. Please update your code accordingly.
2026-04-26T17:28:11Z [12,806ms] [Warning] [omni.isaac.cortex.sample_behaviors] omni.isaac.cortex.sample_behaviors has been deprecated in favor of isaacsim.cortex.behaviors. Please update your code accordingly.
[13.116s] [ext: omni.kit.widget.zoombar-1.0.6] startup
[13.125s] [ext: isaacsim.gui.content_browser-0.1.11] startup
[13.139s] [ext: omni.kit.browser.core-2.3.13] startup
[13.188s] [ext: omni.kit.widget.stage_icons-1.0.8] startup
[13.196s] [ext: omni.kit.widget.prompt-1.0.7] startup
[13.202s] [ext: omni.kit.usd.collect-2.4.5] startup
[13.217s] [ext: omni.kit.browser.folder.core-1.10.9] startup
[13.260s] [ext: omni.kit.window.stage-2.6.1] startup
[13.308s] [ext: omni.kit.usdz_export-1.0.9] startup
[13.324s] [ext: omni.kit.tool.collect-2.2.18] startup
[13.337s] [ext: omni.kit.menu.stage-1.2.7] startup
[13.342s] [ext: omni.kit.tool.asset_importer-4.3.2] startup
[13.383s] [ext: isaacsim.robot.wheeled_robots-4.0.24] startup
[13.469s] [ext: isaacsim.examples.browser-0.2.1] startup
[13.497s] [ext: isaacsim.asset.importer.urdf-2.4.30] startup
[14.024s] [ext: omni.isaac.wheeled_robots-3.0.7] startup
2026-04-26T17:28:12Z [13,723ms] [Warning] [omni.isaac.wheeled_robots] omni.isaac.wheeled_robots has been deprecated in favor of isaacsim.robot.wheeled_robots. Please update your code accordingly.
2026-04-26T17:28:12Z [13,724ms] [Warning] [omni.isaac.wheeled_robots.controllers] omni.isaac.wheeled_robots has been deprecated in favor of isaacsim.robot.wheeled_robots. Please update your code accordingly.
2026-04-26T17:28:12Z [13,725ms] [Warning] [omni.isaac.wheeled_robots.controllers.ackermann_controller] omni.isaac.wheeled_robots has been deprecated in favor of isaacsim.robot.wheeled_robots. Please update your code accordingly.
2026-04-26T17:28:12Z [13,728ms] [Warning] [omni.isaac.wheeled_robots.controllers.differential_controller] omni.isaac.wheeled_robots has been deprecated in favor of isaacsim.robot.wheeled_robots. Please update your code accordingly.
2026-04-26T17:28:12Z [13,732ms] [Warning] [omni.isaac.wheeled_robots.controllers.holonomic_controller] omni.isaac.wheeled_robots has been deprecated in favor of isaacsim.robot.wheeled_robots. Please update your code accordingly.
2026-04-26T17:28:12Z [13,734ms] [Warning] [omni.isaac.wheeled_robots.controllers.quintic_path_planner] omni.isaac.wheeled_robots has been deprecated in favor of isaacsim.robot.wheeled_robots. Please update your code accordingly.
2026-04-26T17:28:12Z [13,735ms] [Warning] [omni.isaac.wheeled_robots.controllers.stanley_control] omni.isaac.wheeled_robots has been deprecated in favor of isaacsim.robot.wheeled_robots. Please update your code accordingly.
2026-04-26T17:28:12Z [13,736ms] [Warning] [omni.isaac.wheeled_robots.controllers.wheel_base_pose_controller] omni.isaac.wheeled_robots has been deprecated in favor of isaacsim.robot.wheeled_robots. Please update your code accordingly.
2026-04-26T17:28:12Z [13,737ms] [Warning] [omni.isaac.wheeled_robots.impl] omni.isaac.wheeled_robots has been deprecated in favor of isaacsim.robot.wheeled_robots. Please update your code accordingly.
2026-04-26T17:28:12Z [13,738ms] [Warning] [omni.isaac.wheeled_robots.robots] omni.isaac.wheeled_robots has been deprecated in favor of isaacsim.robot.wheeled_robots. Please update your code accordingly.
2026-04-26T17:28:12Z [13,739ms] [Warning] [omni.isaac.wheeled_robots.robots.holonomic_robot_usd_setup] omni.isaac.wheeled_robots has been deprecated in favor of isaacsim.robot.wheeled_robots. Please update your code accordingly.
2026-04-26T17:28:12Z [13,740ms] [Warning] [omni.isaac.wheeled_robots.robots.wheeled_robot] omni.isaac.wheeled_robots has been deprecated in favor of isaacsim.robot.wheeled_robots. Please update your code accordingly.
[14.044s] [ext: isaacsim.simulation_app-2.12.2] startup
[14.047s] [ext: omni.isaac.franka-1.0.7] startup
2026-04-26T17:28:12Z [13,745ms] [Warning] [omni.isaac.franka] omni.isaac.franka has been deprecated in favor of isaacsim.robot.manipulators.examples.franka. Please update your code accordingly.
2026-04-26T17:28:12Z [13,745ms] [Warning] [omni.isaac.franka.franka] omni.isaac.franka has been deprecated in favor of isaacsim.robot.manipulators.examples.franka. Please update your code accordingly.
2026-04-26T17:28:12Z [13,771ms] [Warning] [omni.isaac.franka.kinematics_solver] omni.isaac.franka has been deprecated in favor of isaacsim.robot.manipulators.examples.franka. Please update your code accordingly.
[14.074s] [ext: omni.isaac.kit-2.0.6] startup
2026-04-26T17:28:12Z [13,775ms] [Warning] [omni.isaac.kit] omni.isaac.kit has been deprecated in favor of isaacsim.simulation_app. Please update your code accordingly.
[14.079s] [ext: omni.kit.selection-0.1.6] startup
[14.082s] [ext: omni.isaac.lula-4.0.6] startup
2026-04-26T17:28:12Z [13,780ms] [Warning] [omni.isaac.lula] omni.isaac.lula has been deprecated in favor of isaacsim.robot_motion.lula. Please update your code accordingly.
[14.084s] [ext: isaacsim.robot_motion.lula_test_widget-1.0.12] startup
[14.090s] [ext: isaacsim.asset.browser-1.3.23] startup
[14.742s] [ext: omni.kit.viewport.actions-107.0.2] startup
[14.750s] [ext: isaacsim.gui.menu-2.4.4] startup
[14.768s] [ext: omni.isaac.manipulators-3.0.7] startup
2026-04-26T17:28:12Z [14,467ms] [Warning] [omni.isaac.manipulators] omni.isaac.manipulators has been deprecated in favor of isaacsim.robot.manipulators. Please update your code accordingly.
2026-04-26T17:28:12Z [14,468ms] [Warning] [omni.isaac.manipulators.controllers] omni.isaac.manipulators has been deprecated in favor of isaacsim.robot.manipulators. Please update your code accordingly.
2026-04-26T17:28:12Z [14,470ms] [Warning] [omni.isaac.manipulators.controllers.pick_place_controller] omni.isaac.manipulators has been deprecated in favor of isaacsim.robot.manipulators. Please update your code accordingly.
2026-04-26T17:28:12Z [14,473ms] [Warning] [omni.isaac.manipulators.controllers.stacking_controller] omni.isaac.manipulators has been deprecated in favor of isaacsim.robot.manipulators. Please update your code accordingly.
2026-04-26T17:28:12Z [14,473ms] [Warning] [omni.isaac.manipulators.grippers] omni.isaac.manipulators has been deprecated in favor of isaacsim.robot.manipulators. Please update your code accordingly.
2026-04-26T17:28:12Z [14,474ms] [Warning] [omni.isaac.manipulators.grippers.gripper] omni.isaac.manipulators has been deprecated in favor of isaacsim.robot.manipulators. Please update your code accordingly.
2026-04-26T17:28:12Z [14,474ms] [Warning] [omni.isaac.manipulators.grippers.parallel_gripper] omni.isaac.manipulators has been deprecated in favor of isaacsim.robot.manipulators. Please update your code accordingly.
2026-04-26T17:28:12Z [14,475ms] [Warning] [omni.isaac.manipulators.grippers.surface_gripper] omni.isaac.manipulators has been deprecated in favor of isaacsim.robot.manipulators. Please update your code accordingly.
2026-04-26T17:28:12Z [14,476ms] [Warning] [omni.isaac.manipulators.manipulators] omni.isaac.manipulators has been deprecated in favor of isaacsim.robot.manipulators. Please update your code accordingly.
2026-04-26T17:28:12Z [14,476ms] [Warning] [omni.isaac.manipulators.manipulators.single_manipulator] omni.isaac.manipulators has been deprecated in favor of isaacsim.robot.manipulators. Please update your code accordingly.
[14.780s] [ext: omni.isaac.lula_test_widget-1.0.6] startup
2026-04-26T17:28:12Z [14,480ms] [Warning] [omni.isaac.lula_test_widget] omni.isaac.lula_test_widget has been deprecated in favor of isaacsim.robot_motion.lula_test_widget. Please update your code accordingly.
[14.784s] [ext: omni.isaac.asset_browser-1.0.6] startup
2026-04-26T17:28:12Z [14,483ms] [Warning] [omni.isaac.asset_browser] omni.isaac.asset_browser has been deprecated in favor of isaacsim.asset.browser. Please update your code accordingly.
[14.788s] [ext: omni.kit.viewport.menubar.display-107.0.3] startup
[14.795s] [ext: omni.isaac.menu-1.0.6] startup
2026-04-26T17:28:12Z [14,493ms] [Warning] [omni.isaac.menu] omni.isaac.menu has been deprecated in favor of isaacsim.gui.menu. Please update your code accordingly.
[14.797s] [ext: omni.isaac.motion_generation-8.0.7] startup
2026-04-26T17:28:12Z [14,496ms] [Warning] [omni.isaac.motion_generation] omni.isaac.motion_generation has been deprecated in favor of isaacsim.robot_motion.motion_generation. Please update your code accordingly.
2026-04-26T17:28:12Z [14,498ms] [Warning] [omni.isaac.motion_generation.articulation_kinematics_solver] omni.isaac.motion_generation has been deprecated in favor of isaacsim.robot_motion.motion_generation. Please update your code accordingly.
2026-04-26T17:28:12Z [14,499ms] [Warning] [omni.isaac.motion_generation.articulation_motion_policy] omni.isaac.motion_generation has been deprecated in favor of isaacsim.robot_motion.motion_generation. Please update your code accordingly.
2026-04-26T17:28:12Z [14,499ms] [Warning] [omni.isaac.motion_generation.articulation_trajectory] omni.isaac.motion_generation has been deprecated in favor of isaacsim.robot_motion.motion_generation. Please update your code accordingly.
2026-04-26T17:28:12Z [14,500ms] [Warning] [omni.isaac.motion_generation.kinematics_interface] omni.isaac.motion_generation has been deprecated in favor of isaacsim.robot_motion.motion_generation. Please update your code accordingly.
2026-04-26T17:28:12Z [14,501ms] [Warning] [omni.isaac.motion_generation.lula] omni.isaac.motion_generation has been deprecated in favor of isaacsim.robot_motion.motion_generation. Please update your code accordingly.
2026-04-26T17:28:12Z [14,501ms] [Warning] [omni.isaac.motion_generation.lula.kinematics] omni.isaac.motion_generation has been deprecated in favor of isaacsim.robot_motion.motion_generation. Please update your code accordingly.
2026-04-26T17:28:12Z [14,502ms] [Warning] [omni.isaac.motion_generation.lula.motion_policies] omni.isaac.motion_generation has been deprecated in favor of isaacsim.robot_motion.motion_generation. Please update your code accordingly.
2026-04-26T17:28:12Z [14,503ms] [Warning] [omni.isaac.motion_generation.lula.path_planners] omni.isaac.motion_generation has been deprecated in favor of isaacsim.robot_motion.motion_generation. Please update your code accordingly.
2026-04-26T17:28:12Z [14,504ms] [Warning] [omni.isaac.motion_generation.lula.trajectory_generator] omni.isaac.motion_generation has been deprecated in favor of isaacsim.robot_motion.motion_generation. Please update your code accordingly.
2026-04-26T17:28:12Z [14,504ms] [Warning] [omni.isaac.motion_generation.motion_policy_controller] omni.isaac.motion_generation has been deprecated in favor of isaacsim.robot_motion.motion_generation. Please update your code accordingly.
2026-04-26T17:28:12Z [14,505ms] [Warning] [omni.isaac.motion_generation.motion_policy_interface] omni.isaac.motion_generation has been deprecated in favor of isaacsim.robot_motion.motion_generation. Please update your code accordingly.
2026-04-26T17:28:12Z [14,506ms] [Warning] [omni.isaac.motion_generation.path_planner_visualizer] omni.isaac.motion_generation has been deprecated in favor of isaacsim.robot_motion.motion_generation. Please update your code accordingly.
2026-04-26T17:28:12Z [14,507ms] [Warning] [omni.isaac.motion_generation.path_planning_interface] omni.isaac.motion_generation has been deprecated in favor of isaacsim.robot_motion.motion_generation. Please update your code accordingly.
2026-04-26T17:28:12Z [14,507ms] [Warning] [omni.isaac.motion_generation.trajectory] omni.isaac.motion_generation has been deprecated in favor of isaacsim.robot_motion.motion_generation. Please update your code accordingly.
2026-04-26T17:28:12Z [14,508ms] [Warning] [omni.isaac.motion_generation.world_interface] omni.isaac.motion_generation has been deprecated in favor of isaacsim.robot_motion.motion_generation. Please update your code accordingly.
[14.812s] [ext: omni.isaac.assets_check-0.3.13] startup
2026-04-26T17:28:12Z [14,511ms] [Warning] [omni.isaac.assets_check] omni.isaac.assets_check has been deprecated in favor of isaacsim.asset.browser. Please update your code accordingly.
[14.815s] [ext: isaacsim.gui.sensors.icon-2.0.3] startup
[14.873s] [ext: isaacsim.asset.importer.mjcf-2.5.13] startup
[14.899s] [ext: omni.sensors.nv.common-3.0.0] startup
[15.095s] [ext: isaacsim.sensors.physics-0.4.3] startup
[15.120s] [ext: omni.sensors.net-1.0.0] startup
[15.160s] [ext: omni.isaac.nucleus-1.0.6] startup
2026-04-26T17:28:13Z [14,859ms] [Warning] [omni.isaac.nucleus] omni.isaac.nucleus has been deprecated in favor of isaacsim.storage.native. Please update your code accordingly.
2026-04-26T17:28:13Z [14,860ms] [Warning] [omni.isaac.nucleus.nucleus] omni.isaac.nucleus.nucleus has been deprecated in favor of isaacsim.storage.native. Please update your code accordingly.
2026-04-26T17:28:13Z [14,861ms] [Warning] [omni.ext._impl._internal] Found class `Extension` derived from `omni.ext.IExt` in module: 'omni.isaac.nucleus', but it was imported from other extension: 'c:/transformer-rl-retro-propulsion/env_isaaclab/lib/site-packages/isaacsim/exts/isaacsim.storage.native/isaacsim/storage/native/impl/extension.py', which is not a subpath to: 'c:\transformer-rl-retro-propulsion\env_isaaclab\lib\site-packages\isaacsim\extsdeprecated\omni.isaac.nucleus'. Do not import `IExt` derived class from other extension in your public namespace.
[15.164s] [ext: omni.sensors.nv.materials-2.0.0] startup
[15.210s] [ext: isaacsim.robot.policy.examples-4.1.11] startup
[15.214s] [ext: omni.sensors.nv.wpm-3.0.0] startup
[15.237s] [ext: omni.sensors.nv.lidar-3.0.0] startup
[15.315s] [ext: isaacsim.util.debug_draw-3.1.0] startup
[15.335s] [ext: omni.sensors.nv.radar-3.0.0] startup
[15.377s] [ext: omni.sensors.nv.ids-2.0.0] startup
[15.394s] [ext: isaacsim.core.cloner-1.4.10] startup
[15.405s] [ext: isaacsim.sensors.physx-2.3.2] startup
[15.429s] [ext: isaacsim.sensors.rtx-15.8.4] startup
[15.462s] [ext: isaacsim.sensors.camera-1.3.6] startup
[15.478s] [ext: omni.isaac.quadruped-3.0.7] startup
2026-04-26T17:28:13Z [15,177ms] [Warning] [omni.isaac.quadruped] omni.isaac.quadruped has been deprecated in favor of isaacsim.robot.policy.examples. Please update your code accordingly.
[15.481s] [ext: omni.isaac.cloner-1.0.7] startup
2026-04-26T17:28:13Z [15,180ms] [Warning] [omni.isaac.cloner] omni.isaac.cloner has been deprecated in favor of isaacsim.core.cloner. Please update your code accordingly.
[15.488s] [ext: omni.isaac.range_sensor-4.0.6] startup
2026-04-26T17:28:13Z [15,187ms] [Warning] [omni.isaac.range_sensor] omni.isaac.range_sensor has been deprecated in favor of isaacsim.sensors.physx. Please update your code accordingly.
2026-04-26T17:28:13Z [15,187ms] [Warning] [omni.isaac.range_sensor.commands] omni.isaac.range_sensor.commands has been deprecated in favor of isaacsim.sensors.physx.commands. Please update your code accordingly.
[15.492s] [ext: omni.isaac.sensor-13.0.7] startup
2026-04-26T17:28:13Z [15,191ms] [Warning] [omni.isaac.sensor] omni.isaac.sensor has been deprecated in favor of isaacsim.sensors.camera, isaacsim.sensors.physics, isaacsim.sensors.physx, and isaacsim.sensors.rtx. Please update your code accordingly.
2026-04-26T17:28:13Z [15,192ms] [Warning] [omni.isaac.sensor.camera] omni.isaac.sensor.camera has been deprecated in favor of isaacsim.sensors.camera.camera. Please update your code accordingly.
2026-04-26T17:28:13Z [15,193ms] [Warning] [omni.isaac.sensor.camera_view] omni.isaac.sensor.camera_view has been deprecated in favor of isaacsim.sensors.camera.camera_view. Please update your code accordingly.
2026-04-26T17:28:13Z [15,194ms] [Warning] [omni.isaac.sensor.commands] omni.isaac.sensor.commands has been deprecated in favor of isaacsim.sensors.physics.commands, isaacsim.sensors.physx.commands, and isaacsim.sensors.rtx.commands. Please update your code accordingly.
2026-04-26T17:28:13Z [15,194ms] [Warning] [omni.isaac.sensor.contact_sensor] omni.isaac.sensor.contact_sensor has been deprecated in favor of isaacsim.sensors.physics.contact_sensor. Please update your code accordingly.
2026-04-26T17:28:13Z [15,195ms] [Warning] [omni.isaac.sensor.imu_sensor] omni.isaac.sensor.imu_sensor has been deprecated in favor of isaacsim.sensors.physics.imu_sensor. Please update your code accordingly.
2026-04-26T17:28:13Z [15,196ms] [Warning] [omni.isaac.sensor.lidar_rtx] omni.isaac.sensor.lidar_rtx has been deprecated in favor of isaacsim.sensors.rtx.lidar_rtx. Please update your code accordingly.
2026-04-26T17:28:13Z [15,197ms] [Warning] [omni.isaac.sensor.rotating_lidar_physX] omni.isaac.sensor.imu_sensor has been deprecated in favor of isaacsim.sensors.physix.rotating_lidar_physX. Please update your code accordingly.
2026-04-26T17:28:13Z [15,198ms] [Warning] [omni.isaac.sensor.scripts.samples.contact_sensor] omni.isaac.sensor.scripts.samples.contact_sensor has been deprecated in favor of isaacsim.sensors.physics.scripts.samples.contact_sensor. Please update your code accordingly.
2026-04-26T17:28:13Z [15,199ms] [Warning] [omni.isaac.sensor.scripts.samples.imu_sensor] omni.isaac.sensor.scripts.samples.imu_sensor has been deprecated in favor of isaacsim.sensors.physics.scripts.samples.imu_sensor. Please update your code accordingly.
2026-04-26T17:28:13Z [15,200ms] [Warning] [omni.isaac.sensor.scripts.samples.lightbeam_sensor] omni.isaac.sensor.scripts.samples.lightbeam_sensor has been deprecated in favor of isaacsim.sensors.physx.scripts.samples.lightbeam_sensor. Please update your code accordingly.
[15.504s] [ext: omni.kit.menu.create-2.0.1] startup
[15.514s] [ext: omni.kit.widget.toolbar-2.0.1] startup
[15.542s] [ext: omni.kit.manipulator.transform-107.0.0] startup
[15.556s] [ext: omni.isaac.core-4.0.7] startup
2026-04-26T17:28:13Z [15,256ms] [Warning] [omni.isaac.core.physics_context.physics_context] omni.isaac.core.physics_context.physics_context has been deprecated in favor of isaacsim.core.api.physics_context.physics_context. Please update your code accordingly.
2026-04-26T17:28:13Z [15,257ms] [Warning] [omni.isaac.core.simulation_context.simulation_context] omni.isaac.core.simulation_context.simulation_context has been deprecated in favor of isaacsim.core.api.simulation_context.simulation_context. Please update your code accordingly.
2026-04-26T17:28:13Z [15,258ms] [Warning] [omni.isaac.core.world.world] omni.isaac.core.world.world has been deprecated in favor of isaacsim.core.api.world.world. Please update your code accordingly.
2026-04-26T17:28:13Z [15,258ms] [Warning] [omni.isaac.core] omni.isaac.core has been deprecated in favor of isaacsim.core.api. Please update your code accordingly.
[15.562s] [ext: omni.kit.scripting-107.3.2] startup
[15.578s] [ext: omni.kit.manipulator.tool.snap-1.5.13] startup
[15.595s] [ext: omni.kit.manipulator.selector-1.1.3] startup
[15.601s] [ext: isaacsim.app.about-2.0.11] startup
[15.630s] [ext: isaacsim.replicator.behavior-1.1.16] startup
[15.633s] [ext: omni.kit.viewport.manipulator.transform-107.0.4] startup
[15.639s] [ext: omni.isaac.window.about-2.0.7] startup
2026-04-26T17:28:13Z [15,344ms] [Warning] [omni.isaac.window.about] omni.isaac.window.about has been deprecated in favor of isaacsim.app.about. Please update your code accordingly.
2026-04-26T17:28:13Z [15,345ms] [Warning] [omni.isaac.window.about.about] omni.isaac.window.about.about has been deprecated in favor of isaacsim.app.about.about. Please update your code accordingly.
[15.649s] [ext: omni.fabric.commands-1.1.6] startup
[15.659s] [ext: omni.kit.manipulator.prim.core-107.0.8] startup
[15.680s] [ext: omni.kit.property.audio-1.0.16] startup
[15.684s] [ext: omni.kit.property.camera-1.0.10] startup
[15.689s] [ext: omni.kit.property.geometry-2.0.4] startup
[15.698s] [ext: omni.hydra.scene_api-0.1.2] startup
[15.714s] [ext: omni.kit.property.light-1.0.12] startup
[15.743s] [ext: omni.kit.manipulator.prim.fabric-107.0.4] startup
[15.749s] [ext: omni.kit.manipulator.prim.usd-107.0.3] startup
[15.753s] [ext: omni.kit.property.material-1.11.9] startup
[15.777s] [ext: omni.kit.property.render-1.2.1] startup
[15.781s] [ext: omni.kit.property.transform-1.5.13] startup
[15.791s] [ext: isaacsim.gui.property-1.1.3] startup
[15.798s] [ext: omni.kit.manipulator.camera-106.0.4] startup
[15.809s] [ext: omni.kit.manipulator.prim-107.0.0] startup
[15.809s] [ext: omni.isaac.surface_gripper-2.0.6] startup
2026-04-26T17:28:13Z [15,507ms] [Warning] [omni.isaac.surface_gripper] omni.isaac.surface_gripper has been deprecated in favor of isaacsim.robot.surface_gripper. Please update your code accordingly.
2026-04-26T17:28:13Z [15,507ms] [Warning] [omni.ext._impl._internal] Found class `Extension` derived from `omni.ext.IExt` in module: 'omni.isaac.surface_gripper', but it was imported from other extension: 'c:/transformer-rl-retro-propulsion/env_isaaclab/lib/site-packages/isaacsim/exts/isaacsim.robot.surface_gripper/isaacsim/robot/surface_gripper/impl/extension.py', which is not a subpath to: 'c:\transformer-rl-retro-propulsion\env_isaaclab\lib\site-packages\isaacsim\extsdeprecated\omni.isaac.surface_gripper'. Do not import `IExt` derived class from other extension in your public namespace.
[15.811s] [ext: omni.kit.manipulator.selection-106.0.1] startup
[15.818s] [ext: omni.kit.property.bundle-1.4.1] startup
[15.822s] [ext: omni.kit.property.isaac-1.0.6] startup
2026-04-26T17:28:13Z [15,520ms] [Warning] [omni.kit.property.isaac] omni.kit.property.isaac has been deprecated in favor of isaacsim.gui.property. Please update your code accordingly.
2026-04-26T17:28:13Z [15,521ms] [Warning] [omni.kit.property.isaac.widgets] omni.kit.property.isaac.widgets has been deprecated in favor of isaacsim.gui.property.widgets. Please update your code accordingly.
[15.825s] [ext: omni.isaac.universal_robots-1.0.6] startup
2026-04-26T17:28:13Z [15,524ms] [Warning] [omni.isaac.universal_robots] omni.isaac.universal_robots has been deprecated in favor of isaacsim.robot.manipulators.examples.universal_robots. Please update your code accordingly.
2026-04-26T17:28:13Z [15,525ms] [Warning] [omni.isaac.universal_robots.kinematics_solver] omni.isaac.franka has been deprecated in favor of isaacsim.robot.manipulators.examples.universal_robots. Please update your code accordingly.
2026-04-26T17:28:13Z [15,530ms] [Warning] [omni.isaac.universal_robots.ur10] omni.isaac.franka has been deprecated in favor of isaacsim.robot.manipulators.examples.universal_robots. Please update your code accordingly.
[15.834s] [ext: omni.isaac.core_nodes-2.0.6] startup
2026-04-26T17:28:13Z [15,535ms] [Warning] [omni.isaac.core_nodes] omni.isaac.core_nodes has been deprecated in favor of isaacsim.core.nodes. Please update your code accordingly.
[15.839s] [ext: omni.kit.viewport.menubar.camera-107.0.6] startup
[15.858s] [ext: omni.kit.viewport.menubar.lighting-107.3.1] startup
[15.865s] [ext: isaacsim.replicator.writers-1.0.17] startup
[15.915s] [ext: omni.kit.viewport.menubar.render-107.0.10] startup
[15.929s] [ext: omni.kit.viewport.menubar.settings-107.0.3] startup
[15.945s] [ext: omni.kit.window.console-1.1.4] startup
[15.968s] [ext: isaacsim.replicator.domain_randomization-1.0.16] startup
[15.977s] [ext: isaacsim.replicator.examples-1.3.6] startup
[15.982s] [ext: omni.ocio-0.1.1] startup
[15.994s] [ext: omni.rtx.window.settings-0.6.19] startup
[16.012s] [ext: omni.kit.window.status_bar-0.1.9] startup
[16.023s] [ext: omni.kit.window.toolbar-2.0.0] startup
[16.035s] [ext: omni.replicator.isaac-2.0.8] startup
2026-04-26T17:28:14Z [15,734ms] [Warning] [omni.replicator.isaac] omni.replicator.isaac has been deprecated in favor of isaacsim.replicator.domain_randomization, isaacsim.replicator.examples, isaacsim.replicator.writers. Please update your code accordingly.
[16.038s] [ext: omni.replicator.replicator_yaml-2.0.11] startup
[16.082s] [ext: omni.rtx.settings.core-0.6.5] startup
[16.095s] [ext: omni.usd.metrics.assembler.ui-107.3.1] startup
[16.113s] [ext: omni.isaac.utils-2.0.6] startup
[16.118s] [ext: semantics.schema.editor-2.0.2] startup
[16.127s] [ext: omni.kit.ui.actions-1.0.5] startup
[16.131s] [ext: semantics.schema.property-2.0.1] startup
[16.137s] [ext: omni.isaac.version-2.0.7] startup
2026-04-26T17:28:14Z [15,835ms] [Warning] [omni.isaac.version] omni.isaac.version has been deprecated in favor of isaacsim.core.version. Please update your code accordingly.
[16.139s] [ext: omni.isaac.cortex-1.0.5] startup
[16.140s] [ext: omni.anim.curve.core-1.3.1] startup
[16.179s] [ext: isaacsim.core.throttling-2.2.2] startup
[16.188s] [ext: omni.kit.menu.common-2.0.1] startup
[16.192s] [ext: isaacsim.exp.base-5.1.0] startup
[16.193s] [ext: isaacsim.exp.base.python-5.1.0] startup
[16.197s] Simulation App Starting
2026-04-26T17:28:15Z [17,169ms] [Warning] [omni.fabric.plugin] Warning: attribute viewPickingId not found for bucket id 9

[17.562s] app ready
Starting kit application with the following args:  ['C:\\Transformer-rl-retro-propulsion\\env_isaaclab\\Lib\\site-packages\\isaacsim\\exts\\isaacsim.simulation_app\\isaacsim\\simulation_app\\simulation_app.py', 'C:\\Transformer-rl-retro-propulsion\\env_isaaclab\\Lib\\site-packages\\isaacsim\\apps/isaacsim.exp.base.python.kit', '--/app/tokens/exe-path=C:\\Transformer-rl-retro-propulsion\\env_isaaclab\\Lib\\site-packages\\isaacsim\\kit', '--/persistent/app/viewport/displayOptions=3094', '--/rtx/materialDb/syncLoads=True', '--/rtx/hydra/materialSyncLoads=True', '--/omni.kit.plugin/syncUsdLoads=True', '--/app/renderer/resolution/width=1280', '--/app/renderer/resolution/height=720', '--/app/window/width=1440', '--/app/window/height=900', '--/renderer/multiGpu/enabled=True', '--/app/fastShutdown=True', '--/app/installSignalHandlers=0', '--ext-folder', 'C:\\Transformer-rl-retro-propulsion\\env_isaaclab\\Lib\\site-packages\\isaacsim/exts', '--ext-folder', 'C:\\Transformer-rl-retro-propulsion\\env_isaaclab\\Lib\\site-packages\\isaacsim/apps', '--/physics/cudaDevice=0', '--/plugins/carb.tasking.plugin/threadCount=24', '--/plugins/omni.tbb.globalcontrol/maxThreadCount=24', '--portable']
Passing the following args to the base kit application:  ['--task', 'landing', '--no-headless', '--total-steps', '250000', '--eval-interval', '25000', '--save-interval', '25000', '--max-wall-time', '7200']
Warp 1.8.2 initialized:
   CUDA Toolkit 12.8, Driver 13.0
   Devices:
     "cpu"      : "AMD64 Family 26 Model 68 Stepping 0, AuthenticAMD"
     "cuda:0"   : "NVIDIA GeForce RTX 5070" (12 GiB, sm_120, mempool enabled)
   Kernel cache:
     C:\Users\tngzj\AppData\Local\NVIDIA\warp\Cache\1.8.2
Warp DeprecationWarning: The `warp.sim` module is deprecated and will be removed in v1.10. Please transition to using the forthcoming Newton library instead.

[36m===================================================================================================================[0m
[36m[1m[INFO][IsaacLab]: Logging to file: C:\Users\tngzj\AppData\Local\Temp\isaaclab\logs\isaaclab_2026-04-26_12-28-20.log[0m
[36m===================================================================================================================[0m

Residual-PID PPO enabled: policy outputs bounded residuals around the stable PID baseline
{"type":"train_update","update":1,"global_step":16384,"wall_s":7.1,"sps":2307.5,"loss":3796.179962,"pg_loss":0.066239,"v_loss":7592.227478,"entropy":2.094655,"approx_kl":0.043708,"clipfrac":0.025,"reward_mean":-7.6624}
{"type":"train_update","update":2,"global_step":32768,"wall_s":13.39,"sps":2447.6,"loss":1401.459824,"pg_loss":0.04175,"v_loss":2802.836182,"entropy":2.09448,"approx_kl":0.120442,"clipfrac":0.0269,"reward_mean":-4.3472}
{"type":"train_update","update":3,"global_step":49152,"wall_s":19.74,"sps":2489.9,"loss":188.151291,"pg_loss":0.023438,"v_loss":376.255703,"entropy":2.094253,"approx_kl":0.053129,"clipfrac":0.0245,"reward_mean":0.408}
{"type":"train_update","update":4,"global_step":65536,"wall_s":26.04,"sps":2516.4,"loss":174.742167,"pg_loss":0.187979,"v_loss":349.108379,"entropy":2.093958,"approx_kl":1.361757,"clipfrac":0.0267,"reward_mean":0.3272}
{"type":"train_update","update":5,"global_step":81920,"wall_s":31.83,"sps":2574.0,"loss":165.770651,"pg_loss":0.0716,"v_loss":331.398098,"entropy":2.093699,"approx_kl":0.047668,"clipfrac":0.025,"reward_mean":0.3362}
{"type":"train_update","update":6,"global_step":98304,"wall_s":38.09,"sps":2580.8,"loss":185.514748,"pg_loss":0.10388,"v_loss":370.821732,"entropy":2.093499,"approx_kl":0.075386,"clipfrac":0.0245,"reward_mean":0.3271}
{"type":"train_update","update":7,"global_step":114688,"wall_s":44.09,"sps":2601.1,"loss":163.277546,"pg_loss":0.056066,"v_loss":326.442955,"entropy":2.093293,"approx_kl":0.079922,"clipfrac":0.0294,"reward_mean":0.3625}
{"type":"train_update","update":8,"global_step":131072,"wall_s":50.07,"sps":2617.7,"loss":162.049763,"pg_loss":0.032098,"v_loss":324.035328,"entropy":2.093093,"approx_kl":0.075283,"clipfrac":0.0264,"reward_mean":0.371}
{"type":"train_update","update":9,"global_step":147456,"wall_s":56.08,"sps":2629.4,"loss":156.012743,"pg_loss":0.069352,"v_loss":311.886784,"entropy":2.092928,"approx_kl":0.11434,"clipfrac":0.027,"reward_mean":0.3876}
{"type":"train_update","update":10,"global_step":163840,"wall_s":62.24,"sps":2632.6,"loss":157.239937,"pg_loss":0.040066,"v_loss":314.399746,"entropy":2.092765,"approx_kl":0.064172,"clipfrac":0.0251,"reward_mean":0.3769}
{"type":"train_update","update":11,"global_step":180224,"wall_s":68.22,"sps":2641.7,"loss":157.313253,"pg_loss":0.028276,"v_loss":314.569954,"entropy":2.092616,"approx_kl":0.037859,"clipfrac":0.0262,"reward_mean":0.3748}
{"type":"train_update","update":12,"global_step":196608,"wall_s":74.27,"sps":2647.3,"loss":157.235916,"pg_loss":0.04581,"v_loss":314.380211,"entropy":2.09247,"approx_kl":0.16793,"clipfrac":0.0257,"reward_mean":0.3735}
{"type":"train_update","update":13,"global_step":212992,"wall_s":80.61,"sps":2642.4,"loss":157.247358,"pg_loss":0.039114,"v_loss":314.416489,"entropy":2.092317,"approx_kl":0.087664,"clipfrac":0.0274,"reward_mean":0.3719}
{"type":"train_update","update":14,"global_step":229376,"wall_s":86.71,"sps":2645.2,"loss":157.212179,"pg_loss":0.045776,"v_loss":314.332806,"entropy":2.092172,"approx_kl":0.09452,"clipfrac":0.0254,"reward_mean":0.3711}
{"type":"train_update","update":15,"global_step":245760,"wall_s":92.76,"sps":2649.4,"loss":3996.324646,"pg_loss":0.026063,"v_loss":7992.597168,"entropy":2.092031,"approx_kl":0.089545,"clipfrac":0.024,"reward_mean":-7.4847}
{"type":"train_update","update":16,"global_step":262144,"wall_s":98.96,"sps":2649.1,"loss":1595.216522,"pg_loss":0.042863,"v_loss":3190.34729,"entropy":2.09195,"approx_kl":0.071872,"clipfrac":0.0266,"reward_mean":-4.6052}
step=262,144 reward_mean=-4.605 kl=0.07187 clipfrac=0.027 eval={'landed_fraction': 0.0, 'crashed_fraction': 0.0, 'mean_touchdown_speed': nan, 'max_touchdown_speed': nan, 'mean_pad_distance': nan, 'max_pad_distance': nan, 'mean_delta_v_proxy': 21.95235824584961, 'passed': False}
Training complete in 143.1s, steps=262,144
Final eval: {'landed_fraction': 0.0, 'crashed_fraction': 0.0, 'mean_touchdown_speed': nan, 'max_touchdown_speed': nan, 'mean_pad_distance': nan, 'max_pad_distance': nan, 'mean_delta_v_proxy': 21.940120697021484, 'passed': False}
Run directory: C:\Transformer-rl-retro-propulsion\simulation\isaac\runs\ppo_landing_seed0_20260426_122757
Closing TVC environment...
Closing Isaac Sim...
[20.945s] Simulation App Startup Complete
[22.565s] [ext: omni.physx.fabric-107.3.26] startup
2026-04-26T17:28:50Z [51,825ms] [Warning] [carb] Client gpu.foundation.plugin has acquired [gpu::unstable::IMemoryBudgetManagerFactory v0.1] 100 times. Consider accessing this interface with carb::getCachedInterface() (Performance warning)
[235.371s] Simulation App Shutting Down
