PPO training starting: task=landing, total_steps=5000000, bc_steps=0, headless=False
[Info] [carb] Logging to file: c:/transformer-rl-retro-propulsion/env_isaaclab/lib/site-packages/isaacsim/kit/logs/Kit/Isaac-Sim Python/5.1/kit_20260426_181557.log
[0.429s] [ext: omni.kit.async_engine-0.0.3] startup
[0.956s] [ext: omni.metrics.core-0.0.3] startup
[0.959s] [ext: omni.client.lib-1.1.0] startup
[1.100s] [ext: omni.blobkey-1.1.2] startup
[1.104s] [ext: omni.stats-1.0.1] startup
[1.116s] [ext: omni.datastore-0.0.0] startup
[1.127s] [ext: omni.client-1.3.0] startup
[1.252s] [ext: omni.ujitso.default-1.0.0] startup
[1.266s] [ext: omni.hsscclient-1.1.2] startup
[1.299s] [ext: omni.gpu_foundation.shadercache.vulkan-1.0.0] startup
[1.308s] [ext: omni.assets.plugins-0.0.0] startup
[1.325s] [ext: omni.gpu_foundation-0.0.0] startup
[1.477s] [ext: carb.windowing.plugins-1.0.0] startup
2026-04-26T23:16:00Z [2,120ms] [Warning] [carb.windowing-glfw.gamepad] Joystick with unknown remapping detected (will be ignored):  Saitek Pro Flight Rudder Pedals [03000000a30600006307000000000000]
2026-04-26T23:16:00Z [2,121ms] [Warning] [carb.windowing-glfw.gamepad] Joystick with unknown remapping detected (will be ignored):  3Dconnexion KMJ Emulator [03000000efbe00006d04000000000000]
2026-04-26T23:16:00Z [2,122ms] [Warning] [carb.windowing-glfw.gamepad] Joystick with unknown remapping detected (will be ignored):  Joystick - HOTAS Warthog [030000004f0400000204000000000000]
[2.431s] [ext: omni.kit.renderer.init-0.0.0] startup
[2.437s] [ext: omni.materialx.libs-1.0.7] startup
[2.517s] [ext: omni.usd.config-1.0.6] startup
[2.583s] [ext: omni.gpucompute.plugins-0.0.0] startup
[2.656s] [ext: omni.usd.libs-1.0.1] startup
[3.490s] [ext: omni.mdl-56.0.3] startup
[3.918s] [ext: omni.iray.libs-0.0.0] startup
[4.158s] [ext: omni.mdl.neuraylib-0.2.12] startup
[4.184s] [ext: omni.kit.usd.mdl-1.1.5] startup

|---------------------------------------------------------------------------------------------|
| Driver Version: 580.88        | Graphics API: Vulkan
|=============================================================================================|
| GPU | Name                             | Active | LDA | GPU Memory | Vendor-ID | LUID       |
|     |                                  |        |     |            | Device-ID | UUID       |
|     |                                  |        |     |            | Bus-ID    |            |
|---------------------------------------------------------------------------------------------|
| 0   | NVIDIA GeForce RTX 5070          | Yes: 0 |     | 11855   MB | 10de      | b42b0100.. |
|     |                                  |        |     |            | 2f04      | 36fdc134.. |
|     |                                  |        |     |            | 1         |            |
|=============================================================================================|
| OS: Windows 11 Pro, Version: 10.0 (25H2), Build: 26200, Kernel: 10.0.26100.8246
| Processor: AMD Ryzen 9 9900X 12-Core Processor            
| Cores: 12 | Logical Cores: 24
|---------------------------------------------------------------------------------------------|
| Total Memory (MB): 32360 | Free Memory: 19724
| Total Page/Swap (MB): 43357 | Free Page/Swap: 8896
|---------------------------------------------------------------------------------------------|
[4.791s] [ext: omni.kit.pipapi-0.0.0] startup
[4.794s] [ext: omni.kit.loop-isaac-1.3.7] startup
[4.804s] [ext: omni.kit.test-2.0.1] startup
[4.997s] [ext: omni.kit.telemetry-0.5.2] startup
[5.036s] [ext: omni.appwindow-1.1.10] startup
[5.067s] [ext: omni.kit.renderer.core-1.1.0] startup
[5.083s] [ext: omni.kit.renderer.capture-0.0.0] startup
[5.099s] [ext: omni.kit.renderer.imgui-2.0.5] startup
[5.144s] [ext: omni.ui-2.27.1] startup
[5.173s] [ext: omni.kit.mainwindow-1.0.3] startup
[5.178s] [ext: carb.audio-0.1.0] startup
[5.185s] [ext: omni.uiaudio-1.0.0] startup
[5.194s] [ext: omni.kit.uiapp-0.0.0] startup
[5.194s] [ext: omni.usd.schema.metrics.assembler-107.3.1] startup
[5.213s] [ext: omni.anim.navigation.schema-107.3.3] startup
[5.236s] [ext: omni.usd.schema.anim-0.0.0] startup
[5.356s] [ext: omni.usd.schema.audio-0.0.0] startup
[5.377s] [ext: omni.usd.schema.omniscripting-1.0.0] startup
[5.402s] [ext: omni.usd.schema.physx-107.3.26] startup
[5.507s] [ext: omni.usd_resolver-1.0.0] startup
[5.541s] [ext: omni.usd.core-1.5.3] startup
[5.549s] [ext: omni.usd.schema.omni_sensors-0.0.0] startup
[5.628s] [ext: omni.usd.schema.omnigraph-1.0.0] startup
[5.662s] [ext: omni.usd.schema.semantics-0.0.0] startup
[5.683s] [ext: omni.usd.schema.geospatial-0.0.0] startup
[5.706s] [ext: omni.kit.window.popup_dialog-2.0.24] startup
[5.722s] [ext: omni.activity.core-1.0.3] startup
[5.729s] [ext: omni.kit.widget.nucleus_connector-2.0.1] startup
[5.737s] [ext: omni.kit.usd_undo-0.1.8] startup
[5.739s] [ext: omni.graph.exec-0.9.6] startup
[5.743s] [ext: omni.kit.actions.core-1.0.0] startup
[5.758s] [ext: usdrt.scenegraph-7.6.1] startup
[5.958s] [ext: omni.resourcemonitor-107.0.1] startup
[5.970s] [ext: omni.kit.exec.core-0.13.4] startup
[5.983s] [ext: omni.timeline-1.0.14] startup
[5.995s] [ext: omni.kit.commands-1.4.10] startup
[6.015s] [ext: omni.kit.audiodeviceenum-1.0.2] startup
[6.026s] [ext: omni.hydra.usdrt_delegate-7.5.1] startup
[6.062s] [ext: omni.hydra.scene_delegate-0.3.4] startup
[6.073s] [ext: omni.usd-1.13.10] startup
[7.355s] [ext: omni.inspect-1.0.2] startup
[7.368s] [ext: omni.kit.notification_manager-1.0.10] startup
[7.377s] [ext: omni.graph.core-2.184.5] startup
[7.399s] [ext: isaacsim.core.deprecation_manager-0.2.7] startup
[7.402s] [ext: omni.anim.graph.schema-107.3.3] startup
[7.440s] [ext: omni.usd.schema.flow-107.1.1] startup
[7.443s] [ext: omni.usd.schema.isaac-3.0.5] startup
[7.443s] [ext: omni.usd.schema.omni_lens_distortion-0.0.0] startup
[7.446s] [ext: isaacsim.robot.schema-3.6.0] startup
[7.500s] [ext: omni.kit.asset_converter-5.0.17] startup
[7.564s] [ext: omni.usd.schema.render_settings.rtx-0.0.0] startup
[7.569s] [ext: omni.kit.helper.file_utils-0.1.9] startup
[7.575s] [ext: omni.kit.menu.core-1.1.2] startup
[7.577s] [ext: omni.kit.widget.path_field-2.0.11] startup
[7.582s] [ext: omni.kit.widget.filebrowser-2.12.3] startup
[7.608s] [ext: omni.kit.widget.context_menu-1.2.5] startup
[7.613s] [ext: omni.kit.widget.browser_bar-2.0.10] startup
[7.618s] [ext: omni.kit.clipboard-1.0.5] startup
[7.623s] [ext: omni.kit.widget.options_menu-1.1.6] startup
[7.638s] [ext: omni.ui.scene-1.11.5] startup
[7.657s] [ext: omni.kit.widget.options_button-1.0.3] startup
[7.660s] [ext: omni.kit.usd.layers-2.2.11] startup
[7.696s] [ext: omni.kit.window.filepicker-2.13.4] startup
[7.765s] [ext: omni.kit.widget.filter-1.1.4] startup
[7.768s] [ext: omni.kit.hotkeys.core-1.3.10] startup
[7.782s] [ext: omni.kit.context_menu-1.8.6] startup
[7.789s] [ext: omni.kit.property.adapter.core-1.0.2] startup
[7.800s] [ext: omni.kit.window.file_exporter-1.0.33] startup
[7.815s] [ext: omni.kit.widget.searchfield-1.1.8] startup
[7.821s] [ext: omni.kit.numpy.common-0.1.3] startup
[7.826s] [ext: omni.kit.widget.stage-3.1.4] startup
[7.886s] [ext: omni.kit.property.adapter.usd-1.0.2] startup
[7.891s] [ext: omni.kit.property.adapter.fabric-1.0.3] startup
[7.897s] [ext: isaacsim.core.version-2.0.6] startup
[7.900s] [ext: omni.kit.window.file_importer-1.1.18] startup
[7.903s] [ext: omni.kit.stage_template.core-1.1.22] startup
[7.905s] [ext: omni.kit.menu.utils-2.0.5] startup
[7.918s] [ext: omni.kit.window.file-2.0.5] startup
[7.929s] [ext: omni.kit.window.drop_support-1.0.5] startup
[7.931s] [ext: omni.kit.widget.highlight_label-1.0.3] startup
[7.934s] [ext: omni.kit.window.content_browser_registry-0.0.6] startup
[7.937s] [ext: omni.kit.widget.graph-2.0.0] startup
[7.958s] [ext: omni.kit.window.property-1.12.1] startup
[8.465s] [ext: omni.kit.window.content_browser-3.1.3] startup
[8.490s] [ext: omni.kit.graph.delegate.default-1.2.3] startup
[8.493s] [ext: omni.kit.property.usd-4.5.12] startup
[8.525s] [ext: omni.convexdecomposition-107.3.26] startup
[8.542s] [ext: omni.kit.graph.editor.core-1.5.3] startup
[8.551s] [ext: omni.kit.material.library-2.0.7] startup
[8.568s] [ext: omni.kvdb-107.3.26] startup
[8.580s] [ext: omni.usdphysics-107.3.26] startup
[8.586s] [ext: omni.physx.foundation-107.3.26] startup
[8.607s] [ext: omni.localcache-107.3.26] startup
[8.617s] [ext: omni.kit.graph.usd.commands-1.3.1] startup
[8.620s] [ext: omni.physx.cooking-107.3.26] startup
[8.641s] [ext: omni.physics-107.3.26] startup
[8.658s] [ext: omni.physx-107.3.26] startup
[8.708s] [ext: omni.physics.stageupdate-107.3.26] startup
[8.721s] [ext: omni.physics.physx-107.3.26] startup
2026-04-26T23:16:06Z [8,416ms] [Warning] [carb] Acquiring non optional plugin interface which is not listed as dependency: [omni::physx::IPhysxBenchmarks v1.0] (plugin: <default plugin>), by client: omni.physics.physx.plugin. Add it to CARB_PLUGIN_IMPL_DEPS() macro of a client.
[8.727s] [ext: omni.index.libs-380600.8087.0] startup
[8.727s] [ext: omni.index-1.0.1] startup
[8.732s] [ext: omni.volume-0.5.2] startup
[8.770s] [ext: omni.ujitso.client-0.0.0] startup
[8.773s] [ext: omni.hydra.rtx.shadercache.vulkan-1.0.0] startup
[8.778s] [ext: omni.kit.widget.searchable_combobox-1.0.6] startup
[8.782s] [ext: omni.hydra.rtx-1.0.0] startup
[9.033s] [ext: omni.kit.widget.settings-1.2.6] startup
[9.039s] [ext: omni.kit.hydra_texture-1.4.6] startup
[9.048s] [ext: omni.graph.tools-1.79.2] startup
[9.133s] [ext: omni.kit.window.preferences-1.8.0] startup
[9.153s] [ext: omni.kit.widget.material_preview-1.0.16] startup
[9.160s] [ext: omni.graph-1.141.2] startup
[9.286s] [ext: omni.kit.window.material_graph-1.9.1] startup
[9.313s] [ext: omni.isaac.dynamic_control-2.0.7] startup
2026-04-26T23:16:06Z [9,027ms] [Warning] [omni.isaac.dynamic_control] omni.isaac.dynamic_control is deprecated as of Isaac Sim 4.5. No action is needed from end-users.
[9.338s] [ext: isaacsim.storage.native-1.5.1] startup
[9.345s] [ext: omni.graph.scriptnode-1.50.0] startup
[9.349s] [ext: omni.hydra.engine.stats-1.0.3] startup
[9.358s] [ext: omni.kit.viewport.legacy_gizmos-1.0.19] startup
[9.365s] [ext: omni.kit.raycast.query-1.1.0] startup
[9.381s] [ext: omni.graph.action_core-1.1.7] startup
[9.408s] [ext: omni.kit.viewport.scene_camera_model-1.0.6] startup
[9.417s] [ext: omni.graph.image.core-0.6.1] startup
[9.422s] [ext: omni.kit.widget.viewport-107.1.3] startup
[9.442s] [ext: omni.kit.viewport.registry-104.0.6] startup
[9.445s] [ext: omni.usd.metrics.assembler-107.3.1] startup
[9.463s] [ext: omni.kit.viewport.window-107.2.0] startup
[9.500s] [ext: omni.kit.viewport.menubar.core-107.2.1] startup
[9.546s] [ext: omni.graph.image.nodes-1.3.1] startup
[9.555s] [ext: omni.usd.metrics.assembler.physics-107.3.26] startup
[9.561s] [ext: omni.warp.core-1.8.2] startup
[9.738s] [ext: omni.kit.viewport.utility-1.1.2] startup
[9.741s] [ext: omni.physics.tensors-107.3.26] startup
[9.762s] [ext: omni.syntheticdata-0.6.13] startup
[9.846s] [ext: isaacsim.test.docstring-1.1.0] startup
[9.867s] [ext: isaacsim.core.utils-3.5.1] startup
[9.887s] [ext: omni.physx.tensors-107.3.26] startup
[9.898s] [ext: omni.graph.nodes-1.170.10] startup
[10.011s] [ext: omni.graph.action_nodes-1.50.4] startup
[10.026s] [ext: omni.kit.primitive.mesh-1.0.17] startup
[10.044s] [ext: isaacsim.core.simulation_manager-1.4.4] startup
[14.738s] [ext: omni.graph.ui_nodes-1.50.5] startup
[14.753s] [ext: omni.graph.action-1.130.0] startup
[14.756s] [ext: omni.kit.stage_templates-2.0.0] startup
[14.769s] [ext: isaacsim.core.prims-0.6.1] startup
[14.813s] [ext: omni.warp-1.8.2] startup
[14.827s] [ext: omni.videoencoding-0.1.2] startup
[14.845s] [ext: isaacsim.core.api-4.8.0] startup
[14.908s] [ext: isaacsim.core.experimental.utils-0.3.0] startup
[14.920s] [ext: omni.replicator.core-1.12.27] startup
2026-04-26T23:16:12Z [14,672ms] [Warning] [pxr.Semantics] pxr.Semantics is deprecated - please use Semantics instead
2026-04-26T23:16:13Z [15,120ms] [Warning] [omni.graph.core.plugin] Found duplicate of category 'Replicator' - was 'Annotators', adding 'Fabric Reader'
2026-04-26T23:16:13Z [15,120ms] [Warning] [omni.graph.core.plugin] Category 'Replicator' not accepted on node type 'omni.replicator.core.FabricReader' in extension 'omni.replicator.core'
2026-04-26T23:16:13Z [15,124ms] [Warning] [omni.replicator.core.scripts.extension] No material configuration file, adding configuration to material settings directly.
[15.437s] [ext: isaacsim.core.experimental.prims-0.8.1] startup
[15.507s] [ext: omni.kit.window.extensions-1.4.27] startup
[15.532s] [ext: isaacsim.core.experimental.objects-0.4.0] startup
[15.555s] [ext: omni.ui_query-1.1.8] startup
[15.559s] [ext: omni.kit.manipulator.viewport-107.0.1] startup
[15.564s] [ext: isaacsim.robot.surface_gripper-3.3.1] startup
[15.580s] [ext: omni.kit.ui_test-1.3.7] startup
[15.591s] [ext: omni.graph.visualization.nodes-2.1.3] startup
[15.626s] [ext: isaacsim.robot_motion.lula-4.0.8] startup
[15.691s] [ext: isaacsim.core.nodes-3.4.3] startup
[15.728s] [ext: isaacsim.gui.components-1.2.1] startup
[15.750s] [ext: isaacsim.robot_motion.motion_generation-8.0.26] startup
[15.782s] [ext: isaacsim.robot.manipulators-3.3.6] startup
[15.795s] [ext: isaacsim.core.experimental.materials-0.4.0] startup
[15.818s] [ext: isaacsim.robot.manipulators.examples-1.1.2] startup
[15.824s] [ext: isaacsim.cortex.framework-1.0.12] startup
[15.835s] [ext: isaacsim.cortex.behaviors-2.0.14] startup
[15.838s] [ext: omni.isaac.cortex.sample_behaviors-2.0.5] startup
2026-04-26T23:16:13Z [15,534ms] [Warning] [omni.isaac.cortex] omni.isaac.cortex has been deprecated in favor of isaacsim.cortex.framework. Please update your code accordingly.
2026-04-26T23:16:13Z [15,537ms] [Warning] [omni.isaac.cortex.sample_behaviors] omni.isaac.cortex.sample_behaviors has been deprecated in favor of isaacsim.cortex.behaviors. Please update your code accordingly.
[15.848s] [ext: omni.kit.widget.zoombar-1.0.6] startup
[15.860s] [ext: isaacsim.gui.content_browser-0.1.11] startup
[15.882s] [ext: omni.kit.browser.core-2.3.13] startup
[15.916s] [ext: omni.kit.widget.stage_icons-1.0.8] startup
[15.925s] [ext: omni.kit.widget.prompt-1.0.7] startup
[15.931s] [ext: omni.kit.usd.collect-2.4.5] startup
[15.941s] [ext: omni.kit.browser.folder.core-1.10.9] startup
[16.004s] [ext: omni.kit.window.stage-2.6.1] startup
[16.023s] [ext: omni.kit.usdz_export-1.0.9] startup
[16.030s] [ext: omni.kit.tool.collect-2.2.18] startup
[16.044s] [ext: omni.kit.menu.stage-1.2.7] startup
[16.053s] [ext: omni.kit.tool.asset_importer-4.3.2] startup
[16.109s] [ext: isaacsim.robot.wheeled_robots-4.0.24] startup
[16.175s] [ext: isaacsim.examples.browser-0.2.1] startup
[16.202s] [ext: isaacsim.asset.importer.urdf-2.4.30] startup
[16.640s] [ext: omni.isaac.wheeled_robots-3.0.7] startup
2026-04-26T23:16:14Z [16,334ms] [Warning] [omni.isaac.wheeled_robots] omni.isaac.wheeled_robots has been deprecated in favor of isaacsim.robot.wheeled_robots. Please update your code accordingly.
2026-04-26T23:16:14Z [16,335ms] [Warning] [omni.isaac.wheeled_robots.controllers] omni.isaac.wheeled_robots has been deprecated in favor of isaacsim.robot.wheeled_robots. Please update your code accordingly.
2026-04-26T23:16:14Z [16,336ms] [Warning] [omni.isaac.wheeled_robots.controllers.ackermann_controller] omni.isaac.wheeled_robots has been deprecated in favor of isaacsim.robot.wheeled_robots. Please update your code accordingly.
2026-04-26T23:16:14Z [16,339ms] [Warning] [omni.isaac.wheeled_robots.controllers.differential_controller] omni.isaac.wheeled_robots has been deprecated in favor of isaacsim.robot.wheeled_robots. Please update your code accordingly.
2026-04-26T23:16:14Z [16,342ms] [Warning] [omni.isaac.wheeled_robots.controllers.holonomic_controller] omni.isaac.wheeled_robots has been deprecated in favor of isaacsim.robot.wheeled_robots. Please update your code accordingly.
2026-04-26T23:16:14Z [16,344ms] [Warning] [omni.isaac.wheeled_robots.controllers.quintic_path_planner] omni.isaac.wheeled_robots has been deprecated in favor of isaacsim.robot.wheeled_robots. Please update your code accordingly.
2026-04-26T23:16:14Z [16,345ms] [Warning] [omni.isaac.wheeled_robots.controllers.stanley_control] omni.isaac.wheeled_robots has been deprecated in favor of isaacsim.robot.wheeled_robots. Please update your code accordingly.
2026-04-26T23:16:14Z [16,346ms] [Warning] [omni.isaac.wheeled_robots.controllers.wheel_base_pose_controller] omni.isaac.wheeled_robots has been deprecated in favor of isaacsim.robot.wheeled_robots. Please update your code accordingly.
2026-04-26T23:16:14Z [16,346ms] [Warning] [omni.isaac.wheeled_robots.impl] omni.isaac.wheeled_robots has been deprecated in favor of isaacsim.robot.wheeled_robots. Please update your code accordingly.
2026-04-26T23:16:14Z [16,347ms] [Warning] [omni.isaac.wheeled_robots.robots] omni.isaac.wheeled_robots has been deprecated in favor of isaacsim.robot.wheeled_robots. Please update your code accordingly.
2026-04-26T23:16:14Z [16,348ms] [Warning] [omni.isaac.wheeled_robots.robots.holonomic_robot_usd_setup] omni.isaac.wheeled_robots has been deprecated in favor of isaacsim.robot.wheeled_robots. Please update your code accordingly.
2026-04-26T23:16:14Z [16,349ms] [Warning] [omni.isaac.wheeled_robots.robots.wheeled_robot] omni.isaac.wheeled_robots has been deprecated in favor of isaacsim.robot.wheeled_robots. Please update your code accordingly.
[16.659s] [ext: isaacsim.simulation_app-2.12.2] startup
[16.661s] [ext: omni.isaac.franka-1.0.7] startup
2026-04-26T23:16:14Z [16,354ms] [Warning] [omni.isaac.franka] omni.isaac.franka has been deprecated in favor of isaacsim.robot.manipulators.examples.franka. Please update your code accordingly.
2026-04-26T23:16:14Z [16,355ms] [Warning] [omni.isaac.franka.franka] omni.isaac.franka has been deprecated in favor of isaacsim.robot.manipulators.examples.franka. Please update your code accordingly.
2026-04-26T23:16:14Z [16,378ms] [Warning] [omni.isaac.franka.kinematics_solver] omni.isaac.franka has been deprecated in favor of isaacsim.robot.manipulators.examples.franka. Please update your code accordingly.
[16.687s] [ext: omni.isaac.kit-2.0.6] startup
2026-04-26T23:16:14Z [16,381ms] [Warning] [omni.isaac.kit] omni.isaac.kit has been deprecated in favor of isaacsim.simulation_app. Please update your code accordingly.
[16.691s] [ext: omni.kit.selection-0.1.6] startup
[16.696s] [ext: omni.isaac.lula-4.0.6] startup
2026-04-26T23:16:14Z [16,388ms] [Warning] [omni.isaac.lula] omni.isaac.lula has been deprecated in favor of isaacsim.robot_motion.lula. Please update your code accordingly.
[16.698s] [ext: isaacsim.robot_motion.lula_test_widget-1.0.12] startup
[16.707s] [ext: isaacsim.asset.browser-1.3.23] startup
[17.387s] [ext: omni.kit.viewport.actions-107.0.2] startup
[17.395s] [ext: isaacsim.gui.menu-2.4.4] startup
[17.415s] [ext: omni.isaac.manipulators-3.0.7] startup
2026-04-26T23:16:15Z [17,108ms] [Warning] [omni.isaac.manipulators] omni.isaac.manipulators has been deprecated in favor of isaacsim.robot.manipulators. Please update your code accordingly.
2026-04-26T23:16:15Z [17,111ms] [Warning] [omni.isaac.manipulators.controllers] omni.isaac.manipulators has been deprecated in favor of isaacsim.robot.manipulators. Please update your code accordingly.
2026-04-26T23:16:15Z [17,112ms] [Warning] [omni.isaac.manipulators.controllers.pick_place_controller] omni.isaac.manipulators has been deprecated in favor of isaacsim.robot.manipulators. Please update your code accordingly.
2026-04-26T23:16:15Z [17,114ms] [Warning] [omni.isaac.manipulators.controllers.stacking_controller] omni.isaac.manipulators has been deprecated in favor of isaacsim.robot.manipulators. Please update your code accordingly.
2026-04-26T23:16:15Z [17,116ms] [Warning] [omni.isaac.manipulators.grippers] omni.isaac.manipulators has been deprecated in favor of isaacsim.robot.manipulators. Please update your code accordingly.
2026-04-26T23:16:15Z [17,116ms] [Warning] [omni.isaac.manipulators.grippers.gripper] omni.isaac.manipulators has been deprecated in favor of isaacsim.robot.manipulators. Please update your code accordingly.
2026-04-26T23:16:15Z [17,117ms] [Warning] [omni.isaac.manipulators.grippers.parallel_gripper] omni.isaac.manipulators has been deprecated in favor of isaacsim.robot.manipulators. Please update your code accordingly.
2026-04-26T23:16:15Z [17,117ms] [Warning] [omni.isaac.manipulators.grippers.surface_gripper] omni.isaac.manipulators has been deprecated in favor of isaacsim.robot.manipulators. Please update your code accordingly.
2026-04-26T23:16:15Z [17,118ms] [Warning] [omni.isaac.manipulators.manipulators] omni.isaac.manipulators has been deprecated in favor of isaacsim.robot.manipulators. Please update your code accordingly.
2026-04-26T23:16:15Z [17,119ms] [Warning] [omni.isaac.manipulators.manipulators.single_manipulator] omni.isaac.manipulators has been deprecated in favor of isaacsim.robot.manipulators. Please update your code accordingly.
[17.429s] [ext: omni.isaac.lula_test_widget-1.0.6] startup
2026-04-26T23:16:15Z [17,122ms] [Warning] [omni.isaac.lula_test_widget] omni.isaac.lula_test_widget has been deprecated in favor of isaacsim.robot_motion.lula_test_widget. Please update your code accordingly.
[17.432s] [ext: omni.isaac.asset_browser-1.0.6] startup
2026-04-26T23:16:15Z [17,126ms] [Warning] [omni.isaac.asset_browser] omni.isaac.asset_browser has been deprecated in favor of isaacsim.asset.browser. Please update your code accordingly.
[17.439s] [ext: omni.kit.viewport.menubar.display-107.0.3] startup
[17.445s] [ext: omni.isaac.menu-1.0.6] startup
2026-04-26T23:16:15Z [17,137ms] [Warning] [omni.isaac.menu] omni.isaac.menu has been deprecated in favor of isaacsim.gui.menu. Please update your code accordingly.
[17.448s] [ext: omni.isaac.motion_generation-8.0.7] startup
2026-04-26T23:16:15Z [17,142ms] [Warning] [omni.isaac.motion_generation] omni.isaac.motion_generation has been deprecated in favor of isaacsim.robot_motion.motion_generation. Please update your code accordingly.
2026-04-26T23:16:15Z [17,143ms] [Warning] [omni.isaac.motion_generation.articulation_kinematics_solver] omni.isaac.motion_generation has been deprecated in favor of isaacsim.robot_motion.motion_generation. Please update your code accordingly.
2026-04-26T23:16:15Z [17,144ms] [Warning] [omni.isaac.motion_generation.articulation_motion_policy] omni.isaac.motion_generation has been deprecated in favor of isaacsim.robot_motion.motion_generation. Please update your code accordingly.
2026-04-26T23:16:15Z [17,145ms] [Warning] [omni.isaac.motion_generation.articulation_trajectory] omni.isaac.motion_generation has been deprecated in favor of isaacsim.robot_motion.motion_generation. Please update your code accordingly.
2026-04-26T23:16:15Z [17,146ms] [Warning] [omni.isaac.motion_generation.kinematics_interface] omni.isaac.motion_generation has been deprecated in favor of isaacsim.robot_motion.motion_generation. Please update your code accordingly.
2026-04-26T23:16:15Z [17,147ms] [Warning] [omni.isaac.motion_generation.lula] omni.isaac.motion_generation has been deprecated in favor of isaacsim.robot_motion.motion_generation. Please update your code accordingly.
2026-04-26T23:16:15Z [17,148ms] [Warning] [omni.isaac.motion_generation.lula.kinematics] omni.isaac.motion_generation has been deprecated in favor of isaacsim.robot_motion.motion_generation. Please update your code accordingly.
2026-04-26T23:16:15Z [17,148ms] [Warning] [omni.isaac.motion_generation.lula.motion_policies] omni.isaac.motion_generation has been deprecated in favor of isaacsim.robot_motion.motion_generation. Please update your code accordingly.
2026-04-26T23:16:15Z [17,149ms] [Warning] [omni.isaac.motion_generation.lula.path_planners] omni.isaac.motion_generation has been deprecated in favor of isaacsim.robot_motion.motion_generation. Please update your code accordingly.
2026-04-26T23:16:15Z [17,150ms] [Warning] [omni.isaac.motion_generation.lula.trajectory_generator] omni.isaac.motion_generation has been deprecated in favor of isaacsim.robot_motion.motion_generation. Please update your code accordingly.
2026-04-26T23:16:15Z [17,151ms] [Warning] [omni.isaac.motion_generation.motion_policy_controller] omni.isaac.motion_generation has been deprecated in favor of isaacsim.robot_motion.motion_generation. Please update your code accordingly.
2026-04-26T23:16:15Z [17,152ms] [Warning] [omni.isaac.motion_generation.motion_policy_interface] omni.isaac.motion_generation has been deprecated in favor of isaacsim.robot_motion.motion_generation. Please update your code accordingly.
2026-04-26T23:16:15Z [17,153ms] [Warning] [omni.isaac.motion_generation.path_planner_visualizer] omni.isaac.motion_generation has been deprecated in favor of isaacsim.robot_motion.motion_generation. Please update your code accordingly.
2026-04-26T23:16:15Z [17,154ms] [Warning] [omni.isaac.motion_generation.path_planning_interface] omni.isaac.motion_generation has been deprecated in favor of isaacsim.robot_motion.motion_generation. Please update your code accordingly.
2026-04-26T23:16:15Z [17,155ms] [Warning] [omni.isaac.motion_generation.trajectory] omni.isaac.motion_generation has been deprecated in favor of isaacsim.robot_motion.motion_generation. Please update your code accordingly.
2026-04-26T23:16:15Z [17,155ms] [Warning] [omni.isaac.motion_generation.world_interface] omni.isaac.motion_generation has been deprecated in favor of isaacsim.robot_motion.motion_generation. Please update your code accordingly.
[17.466s] [ext: omni.isaac.assets_check-0.3.13] startup
2026-04-26T23:16:15Z [17,159ms] [Warning] [omni.isaac.assets_check] omni.isaac.assets_check has been deprecated in favor of isaacsim.asset.browser. Please update your code accordingly.
[17.469s] [ext: isaacsim.gui.sensors.icon-2.0.3] startup
[17.532s] [ext: isaacsim.asset.importer.mjcf-2.5.13] startup
[17.556s] [ext: omni.sensors.nv.common-3.0.0] startup
[17.726s] [ext: isaacsim.sensors.physics-0.4.3] startup
[17.746s] [ext: omni.sensors.net-1.0.0] startup
[17.786s] [ext: omni.isaac.nucleus-1.0.6] startup
2026-04-26T23:16:15Z [17,479ms] [Warning] [omni.isaac.nucleus] omni.isaac.nucleus has been deprecated in favor of isaacsim.storage.native. Please update your code accordingly.
2026-04-26T23:16:15Z [17,480ms] [Warning] [omni.isaac.nucleus.nucleus] omni.isaac.nucleus.nucleus has been deprecated in favor of isaacsim.storage.native. Please update your code accordingly.
2026-04-26T23:16:15Z [17,480ms] [Warning] [omni.ext._impl._internal] Found class `Extension` derived from `omni.ext.IExt` in module: 'omni.isaac.nucleus', but it was imported from other extension: 'c:/transformer-rl-retro-propulsion/env_isaaclab/lib/site-packages/isaacsim/exts/isaacsim.storage.native/isaacsim/storage/native/impl/extension.py', which is not a subpath to: 'c:\transformer-rl-retro-propulsion\env_isaaclab\lib\site-packages\isaacsim\extsdeprecated\omni.isaac.nucleus'. Do not import `IExt` derived class from other extension in your public namespace.
[17.790s] [ext: omni.sensors.nv.materials-2.0.0] startup
[17.826s] [ext: isaacsim.robot.policy.examples-4.1.11] startup
[17.830s] [ext: omni.sensors.nv.wpm-3.0.0] startup
[17.849s] [ext: omni.sensors.nv.lidar-3.0.0] startup
[17.916s] [ext: isaacsim.util.debug_draw-3.1.0] startup
[17.931s] [ext: omni.sensors.nv.radar-3.0.0] startup
[17.966s] [ext: omni.sensors.nv.ids-2.0.0] startup
[17.978s] [ext: isaacsim.core.cloner-1.4.10] startup
[17.988s] [ext: isaacsim.sensors.physx-2.3.2] startup
[18.008s] [ext: isaacsim.sensors.rtx-15.8.4] startup
[18.036s] [ext: isaacsim.sensors.camera-1.3.6] startup
[18.052s] [ext: omni.isaac.quadruped-3.0.7] startup
2026-04-26T23:16:15Z [17,745ms] [Warning] [omni.isaac.quadruped] omni.isaac.quadruped has been deprecated in favor of isaacsim.robot.policy.examples. Please update your code accordingly.
[18.056s] [ext: omni.isaac.cloner-1.0.7] startup
2026-04-26T23:16:15Z [17,753ms] [Warning] [omni.isaac.cloner] omni.isaac.cloner has been deprecated in favor of isaacsim.core.cloner. Please update your code accordingly.
[18.064s] [ext: omni.isaac.range_sensor-4.0.6] startup
2026-04-26T23:16:15Z [17,758ms] [Warning] [omni.isaac.range_sensor] omni.isaac.range_sensor has been deprecated in favor of isaacsim.sensors.physx. Please update your code accordingly.
2026-04-26T23:16:15Z [17,758ms] [Warning] [omni.isaac.range_sensor.commands] omni.isaac.range_sensor.commands has been deprecated in favor of isaacsim.sensors.physx.commands. Please update your code accordingly.
[18.069s] [ext: omni.isaac.sensor-13.0.7] startup
2026-04-26T23:16:15Z [17,763ms] [Warning] [omni.isaac.sensor] omni.isaac.sensor has been deprecated in favor of isaacsim.sensors.camera, isaacsim.sensors.physics, isaacsim.sensors.physx, and isaacsim.sensors.rtx. Please update your code accordingly.
2026-04-26T23:16:15Z [17,763ms] [Warning] [omni.isaac.sensor.camera] omni.isaac.sensor.camera has been deprecated in favor of isaacsim.sensors.camera.camera. Please update your code accordingly.
2026-04-26T23:16:15Z [17,764ms] [Warning] [omni.isaac.sensor.camera_view] omni.isaac.sensor.camera_view has been deprecated in favor of isaacsim.sensors.camera.camera_view. Please update your code accordingly.
2026-04-26T23:16:15Z [17,765ms] [Warning] [omni.isaac.sensor.commands] omni.isaac.sensor.commands has been deprecated in favor of isaacsim.sensors.physics.commands, isaacsim.sensors.physx.commands, and isaacsim.sensors.rtx.commands. Please update your code accordingly.
2026-04-26T23:16:15Z [17,765ms] [Warning] [omni.isaac.sensor.contact_sensor] omni.isaac.sensor.contact_sensor has been deprecated in favor of isaacsim.sensors.physics.contact_sensor. Please update your code accordingly.
2026-04-26T23:16:15Z [17,766ms] [Warning] [omni.isaac.sensor.imu_sensor] omni.isaac.sensor.imu_sensor has been deprecated in favor of isaacsim.sensors.physics.imu_sensor. Please update your code accordingly.
2026-04-26T23:16:15Z [17,767ms] [Warning] [omni.isaac.sensor.lidar_rtx] omni.isaac.sensor.lidar_rtx has been deprecated in favor of isaacsim.sensors.rtx.lidar_rtx. Please update your code accordingly.
2026-04-26T23:16:15Z [17,768ms] [Warning] [omni.isaac.sensor.rotating_lidar_physX] omni.isaac.sensor.imu_sensor has been deprecated in favor of isaacsim.sensors.physix.rotating_lidar_physX. Please update your code accordingly.
2026-04-26T23:16:15Z [17,770ms] [Warning] [omni.isaac.sensor.scripts.samples.contact_sensor] omni.isaac.sensor.scripts.samples.contact_sensor has been deprecated in favor of isaacsim.sensors.physics.scripts.samples.contact_sensor. Please update your code accordingly.
2026-04-26T23:16:15Z [17,770ms] [Warning] [omni.isaac.sensor.scripts.samples.imu_sensor] omni.isaac.sensor.scripts.samples.imu_sensor has been deprecated in favor of isaacsim.sensors.physics.scripts.samples.imu_sensor. Please update your code accordingly.
2026-04-26T23:16:15Z [17,771ms] [Warning] [omni.isaac.sensor.scripts.samples.lightbeam_sensor] omni.isaac.sensor.scripts.samples.lightbeam_sensor has been deprecated in favor of isaacsim.sensors.physx.scripts.samples.lightbeam_sensor. Please update your code accordingly.
[18.081s] [ext: omni.kit.menu.create-2.0.1] startup
[18.091s] [ext: omni.kit.widget.toolbar-2.0.1] startup
[18.117s] [ext: omni.kit.manipulator.transform-107.0.0] startup
[18.131s] [ext: omni.isaac.core-4.0.7] startup
2026-04-26T23:16:15Z [17,824ms] [Warning] [omni.isaac.core.physics_context.physics_context] omni.isaac.core.physics_context.physics_context has been deprecated in favor of isaacsim.core.api.physics_context.physics_context. Please update your code accordingly.
2026-04-26T23:16:15Z [17,825ms] [Warning] [omni.isaac.core.simulation_context.simulation_context] omni.isaac.core.simulation_context.simulation_context has been deprecated in favor of isaacsim.core.api.simulation_context.simulation_context. Please update your code accordingly.
2026-04-26T23:16:15Z [17,826ms] [Warning] [omni.isaac.core.world.world] omni.isaac.core.world.world has been deprecated in favor of isaacsim.core.api.world.world. Please update your code accordingly.
2026-04-26T23:16:15Z [17,826ms] [Warning] [omni.isaac.core] omni.isaac.core has been deprecated in favor of isaacsim.core.api. Please update your code accordingly.
[18.137s] [ext: omni.kit.scripting-107.3.2] startup
[18.154s] [ext: omni.kit.manipulator.tool.snap-1.5.13] startup
[18.171s] [ext: omni.kit.manipulator.selector-1.1.3] startup
[18.176s] [ext: isaacsim.app.about-2.0.11] startup
[18.201s] [ext: isaacsim.replicator.behavior-1.1.16] startup
[18.204s] [ext: omni.kit.viewport.manipulator.transform-107.0.4] startup
[18.212s] [ext: omni.isaac.window.about-2.0.7] startup
2026-04-26T23:16:15Z [17,910ms] [Warning] [omni.isaac.window.about] omni.isaac.window.about has been deprecated in favor of isaacsim.app.about. Please update your code accordingly.
2026-04-26T23:16:15Z [17,911ms] [Warning] [omni.isaac.window.about.about] omni.isaac.window.about.about has been deprecated in favor of isaacsim.app.about.about. Please update your code accordingly.
[18.221s] [ext: omni.fabric.commands-1.1.6] startup
[18.232s] [ext: omni.kit.manipulator.prim.core-107.0.8] startup
[18.254s] [ext: omni.kit.property.audio-1.0.16] startup
[18.259s] [ext: omni.kit.property.camera-1.0.10] startup
[18.264s] [ext: omni.kit.property.geometry-2.0.4] startup
[18.274s] [ext: omni.hydra.scene_api-0.1.2] startup
[18.291s] [ext: omni.kit.property.light-1.0.12] startup
[18.317s] [ext: omni.kit.manipulator.prim.fabric-107.0.4] startup
[18.325s] [ext: omni.kit.manipulator.prim.usd-107.0.3] startup
[18.329s] [ext: omni.kit.property.material-1.11.9] startup
[18.359s] [ext: omni.kit.property.render-1.2.1] startup
[18.363s] [ext: omni.kit.property.transform-1.5.13] startup
[18.376s] [ext: isaacsim.gui.property-1.1.3] startup
[18.383s] [ext: omni.kit.manipulator.camera-106.0.4] startup
[18.397s] [ext: omni.kit.manipulator.prim-107.0.0] startup
[18.397s] [ext: omni.isaac.surface_gripper-2.0.6] startup
2026-04-26T23:16:15Z [18,089ms] [Warning] [omni.isaac.surface_gripper] omni.isaac.surface_gripper has been deprecated in favor of isaacsim.robot.surface_gripper. Please update your code accordingly.
2026-04-26T23:16:15Z [18,089ms] [Warning] [omni.ext._impl._internal] Found class `Extension` derived from `omni.ext.IExt` in module: 'omni.isaac.surface_gripper', but it was imported from other extension: 'c:/transformer-rl-retro-propulsion/env_isaaclab/lib/site-packages/isaacsim/exts/isaacsim.robot.surface_gripper/isaacsim/robot/surface_gripper/impl/extension.py', which is not a subpath to: 'c:\transformer-rl-retro-propulsion\env_isaaclab\lib\site-packages\isaacsim\extsdeprecated\omni.isaac.surface_gripper'. Do not import `IExt` derived class from other extension in your public namespace.
[18.400s] [ext: omni.kit.manipulator.selection-106.0.1] startup
[18.408s] [ext: omni.kit.property.bundle-1.4.1] startup
[18.413s] [ext: omni.kit.property.isaac-1.0.6] startup
2026-04-26T23:16:16Z [18,106ms] [Warning] [omni.kit.property.isaac] omni.kit.property.isaac has been deprecated in favor of isaacsim.gui.property. Please update your code accordingly.
2026-04-26T23:16:16Z [18,107ms] [Warning] [omni.kit.property.isaac.widgets] omni.kit.property.isaac.widgets has been deprecated in favor of isaacsim.gui.property.widgets. Please update your code accordingly.
[18.417s] [ext: omni.isaac.universal_robots-1.0.6] startup
2026-04-26T23:16:16Z [18,110ms] [Warning] [omni.isaac.universal_robots] omni.isaac.universal_robots has been deprecated in favor of isaacsim.robot.manipulators.examples.universal_robots. Please update your code accordingly.
2026-04-26T23:16:16Z [18,111ms] [Warning] [omni.isaac.universal_robots.kinematics_solver] omni.isaac.franka has been deprecated in favor of isaacsim.robot.manipulators.examples.universal_robots. Please update your code accordingly.
2026-04-26T23:16:16Z [18,115ms] [Warning] [omni.isaac.universal_robots.ur10] omni.isaac.franka has been deprecated in favor of isaacsim.robot.manipulators.examples.universal_robots. Please update your code accordingly.
[18.425s] [ext: omni.isaac.core_nodes-2.0.6] startup
2026-04-26T23:16:16Z [18,122ms] [Warning] [omni.isaac.core_nodes] omni.isaac.core_nodes has been deprecated in favor of isaacsim.core.nodes. Please update your code accordingly.
[18.432s] [ext: omni.kit.viewport.menubar.camera-107.0.6] startup
[18.452s] [ext: omni.kit.viewport.menubar.lighting-107.3.1] startup
[18.461s] [ext: isaacsim.replicator.writers-1.0.17] startup
[18.524s] [ext: omni.kit.viewport.menubar.render-107.0.10] startup
[18.536s] [ext: omni.kit.viewport.menubar.settings-107.0.3] startup
[18.556s] [ext: omni.kit.window.console-1.1.4] startup
[18.579s] [ext: isaacsim.replicator.domain_randomization-1.0.16] startup
[18.590s] [ext: isaacsim.replicator.examples-1.3.6] startup
[18.597s] [ext: omni.ocio-0.1.1] startup
[18.609s] [ext: omni.rtx.window.settings-0.6.19] startup
[18.631s] [ext: omni.kit.window.status_bar-0.1.9] startup
[18.641s] [ext: omni.kit.window.toolbar-2.0.0] startup
[18.655s] [ext: omni.replicator.isaac-2.0.8] startup
2026-04-26T23:16:16Z [18,348ms] [Warning] [omni.replicator.isaac] omni.replicator.isaac has been deprecated in favor of isaacsim.replicator.domain_randomization, isaacsim.replicator.examples, isaacsim.replicator.writers. Please update your code accordingly.
[18.659s] [ext: omni.replicator.replicator_yaml-2.0.11] startup
[18.706s] [ext: omni.rtx.settings.core-0.6.5] startup
[18.719s] [ext: omni.usd.metrics.assembler.ui-107.3.1] startup
[18.738s] [ext: omni.isaac.utils-2.0.6] startup
[18.743s] [ext: semantics.schema.editor-2.0.2] startup
[18.751s] [ext: omni.kit.ui.actions-1.0.5] startup
[18.757s] [ext: semantics.schema.property-2.0.1] startup
[18.762s] [ext: omni.isaac.version-2.0.7] startup
2026-04-26T23:16:16Z [18,454ms] [Warning] [omni.isaac.version] omni.isaac.version has been deprecated in favor of isaacsim.core.version. Please update your code accordingly.
[18.765s] [ext: omni.isaac.cortex-1.0.5] startup
[18.766s] [ext: omni.anim.curve.core-1.3.1] startup
[18.798s] [ext: isaacsim.core.throttling-2.2.2] startup
[18.807s] [ext: omni.kit.menu.common-2.0.1] startup
[18.813s] [ext: isaacsim.exp.base-5.1.0] startup
[18.813s] [ext: isaacsim.exp.base.python-5.1.0] startup
[18.819s] Simulation App Starting
2026-04-26T23:16:17Z [19,673ms] [Warning] [omni.fabric.plugin] Warning: attribute overrideClipRange not found for bucket id 9

[20.095s] app ready
Starting kit application with the following args:  ['C:\\Transformer-rl-retro-propulsion\\env_isaaclab\\Lib\\site-packages\\isaacsim\\exts\\isaacsim.simulation_app\\isaacsim\\simulation_app\\simulation_app.py', 'C:\\Transformer-rl-retro-propulsion\\env_isaaclab\\Lib\\site-packages\\isaacsim\\apps/isaacsim.exp.base.python.kit', '--/app/tokens/exe-path=C:\\Transformer-rl-retro-propulsion\\env_isaaclab\\Lib\\site-packages\\isaacsim\\kit', '--/persistent/app/viewport/displayOptions=3094', '--/rtx/materialDb/syncLoads=True', '--/rtx/hydra/materialSyncLoads=True', '--/omni.kit.plugin/syncUsdLoads=True', '--/app/renderer/resolution/width=1280', '--/app/renderer/resolution/height=720', '--/app/window/width=1440', '--/app/window/height=900', '--/renderer/multiGpu/enabled=True', '--/app/fastShutdown=True', '--/app/installSignalHandlers=0', '--ext-folder', 'C:\\Transformer-rl-retro-propulsion\\env_isaaclab\\Lib\\site-packages\\isaacsim/exts', '--ext-folder', 'C:\\Transformer-rl-retro-propulsion\\env_isaaclab\\Lib\\site-packages\\isaacsim/apps', '--/physics/cudaDevice=0', '--/plugins/carb.tasking.plugin/threadCount=24', '--/plugins/omni.tbb.globalcontrol/maxThreadCount=24', '--portable']
Passing the following args to the base kit application:  ['--task', 'landing', '--total-steps', '5000000', '--eval-interval', '250000', '--save-interval', '250000', '--eval-seconds', '30.0', '--max-wall-time', '7200', '--no-headless']
Warp 1.8.2 initialized:
   CUDA Toolkit 12.8, Driver 13.0
   Devices:
     "cpu"      : "AMD64 Family 26 Model 68 Stepping 0, AuthenticAMD"
     "cuda:0"   : "NVIDIA GeForce RTX 5070" (12 GiB, sm_120, mempool enabled)
   Kernel cache:
     C:\Users\tngzj\AppData\Local\NVIDIA\warp\Cache\1.8.2
Warp DeprecationWarning: The `warp.sim` module is deprecated and will be removed in v1.10. Please transition to using the forthcoming Newton library instead.

[36m===================================================================================================================[0m
[36m[1m[INFO][IsaacLab]: Logging to file: C:\Users\tngzj\AppData\Local\Temp\isaaclab\logs\isaaclab_2026-04-26_18-16-23.log[0m
[36m===================================================================================================================[0m

{"type":"train_update","update":1,"global_step":16384,"wall_s":7.92,"sps":2069.3,"loss":2082.504116,"loss_ema":2082.504116,"loss_plateau_delta":null,"loss_plateau_count":0,"pg_loss":-0.0004,"v_loss":4165.009048,"entropy":2.09478,"approx_kl":0.000461,"clipfrac":0.0,"reward_mean":-4.9666,"reward_std":25.9234,"reward_min":-206.4088,"reward_max":298.04,"reward_scale":1.0,"throttle_mean":0.7575,"throttle_min":0.1446,"throttle_max":0.9883}
step=16,384 reward_mean=-4.967 kl=0.00046 clipfrac=0.000 eval={'landed_fraction': 0.0, 'crashed_fraction': 0.0, 'mean_touchdown_speed': nan, 'max_touchdown_speed': nan, 'mean_pad_distance': nan, 'max_pad_distance': nan, 'mean_delta_v_proxy': 15.697810173034668, 'mean_eval_throttle': 0.7819299264748891, 'max_eval_throttle': 0.7827537655830383, 'max_upward_speed': 1.6707086563110352, 'max_downward_speed': 9.23234748840332, 'passed': False}
{"type":"train_update","update":2,"global_step":32768,"wall_s":59.66,"sps":549.2,"loss":2103.129261,"loss_ema":2086.629145,"loss_plateau_delta":4.125029,"loss_plateau_count":0,"pg_loss":-1.6e-05,"v_loss":4206.25856,"entropy":2.09493,"approx_kl":0.00016,"clipfrac":0.0,"reward_mean":-4.6644,"reward_std":26.4946,"reward_min":-206.4945,"reward_max":318.6469,"reward_scale":1.0,"throttle_mean":0.7605,"throttle_min":0.1583,"throttle_max":0.9861}
{"type":"train_update","update":3,"global_step":49152,"wall_s":67.19,"sps":731.5,"loss":2755.98597,"loss_ema":2220.50051,"loss_plateau_delta":133.871365,"loss_plateau_count":0,"pg_loss":-5.7e-05,"v_loss":5511.972046,"entropy":2.094856,"approx_kl":8.9e-05,"clipfrac":0.0,"reward_mean":-6.3379,"reward_std":32.1927,"reward_min":-206.9069,"reward_max":328.418,"reward_scale":1.0,"throttle_mean":0.7576,"throttle_min":0.1674,"throttle_max":0.9873}
{"type":"train_update","update":4,"global_step":65536,"wall_s":74.26,"sps":882.5,"loss":2770.152023,"loss_ema":2330.430813,"loss_plateau_delta":109.930303,"loss_plateau_count":0,"pg_loss":-0.000123,"v_loss":5540.304306,"entropy":2.094867,"approx_kl":0.000105,"clipfrac":0.0,"reward_mean":-6.3516,"reward_std":31.9644,"reward_min":-207.9839,"reward_max":314.4492,"reward_scale":1.0,"throttle_mean":0.7601,"throttle_min":0.1908,"throttle_max":0.9882}
{"type":"train_update","update":5,"global_step":81920,"wall_s":80.89,"sps":1012.7,"loss":2694.054024,"loss_ema":2403.155455,"loss_plateau_delta":72.724642,"loss_plateau_count":0,"pg_loss":-0.000101,"v_loss":5388.108215,"entropy":2.094885,"approx_kl":6.2e-05,"clipfrac":0.0,"reward_mean":-6.1201,"reward_std":31.3475,"reward_min":-207.4458,"reward_max":291.0858,"reward_scale":1.0,"throttle_mean":0.7613,"throttle_min":0.2108,"throttle_max":0.9826}
{"type":"train_update","update":6,"global_step":98304,"wall_s":88.16,"sps":1115.1,"loss":2676.855331,"loss_ema":2457.89543,"loss_plateau_delta":54.739975,"loss_plateau_count":0,"pg_loss":-0.000245,"v_loss":5353.711151,"entropy":2.094938,"approx_kl":0.00016,"clipfrac":0.0,"reward_mean":-5.9463,"reward_std":31.8019,"reward_min":-207.4658,"reward_max":309.0358,"reward_scale":1.0,"throttle_mean":0.763,"throttle_min":0.1503,"throttle_max":0.9877}
{"type":"train_update","update":7,"global_step":114688,"wall_s":94.84,"sps":1209.3,"loss":2699.375305,"loss_ema":2506.191405,"loss_plateau_delta":48.295975,"loss_plateau_count":0,"pg_loss":-9.2e-05,"v_loss":5398.750809,"entropy":2.09494,"approx_kl":0.000129,"clipfrac":0.0,"reward_mean":-6.1954,"reward_std":31.5473,"reward_min":-207.2029,"reward_max":333.2996,"reward_scale":1.0,"throttle_mean":0.7623,"throttle_min":0.1741,"throttle_max":0.988}
{"type":"train_update","update":8,"global_step":131072,"wall_s":101.28,"sps":1294.1,"loss":2674.428413,"loss_ema":2539.838807,"loss_plateau_delta":33.647402,"loss_plateau_count":0,"pg_loss":-4.7e-05,"v_loss":5348.856903,"entropy":2.09501,"approx_kl":6e-05,"clipfrac":0.0,"reward_mean":-5.8393,"reward_std":31.9727,"reward_min":-206.737,"reward_max":305.4562,"reward_scale":1.0,"throttle_mean":0.7639,"throttle_min":0.1588,"throttle_max":0.9886}
{"type":"train_update","update":9,"global_step":147456,"wall_s":108.22,"sps":1362.5,"loss":2677.551514,"loss_ema":2567.381348,"loss_plateau_delta":27.542541,"loss_plateau_count":0,"pg_loss":-0.000103,"v_loss":5355.103195,"entropy":2.095135,"approx_kl":7.1e-05,"clipfrac":0.0,"reward_mean":-6.2814,"reward_std":31.2738,"reward_min":-206.9054,"reward_max":296.8358,"reward_scale":1.0,"throttle_mean":0.7632,"throttle_min":0.1659,"throttle_max":0.9842}
{"type":"train_update","update":10,"global_step":163840,"wall_s":114.95,"sps":1425.3,"loss":2662.057816,"loss_ema":2586.316642,"loss_plateau_delta":18.935293,"loss_plateau_count":0,"pg_loss":-7e-06,"v_loss":5324.115616,"entropy":2.095367,"approx_kl":9.9e-05,"clipfrac":0.0,"reward_mean":-6.1692,"reward_std":31.5365,"reward_min":-207.7546,"reward_max":308.3352,"reward_scale":1.0,"throttle_mean":0.7642,"throttle_min":0.1732,"throttle_max":0.9878}
{"type":"train_update","update":11,"global_step":180224,"wall_s":121.36,"sps":1485.0,"loss":2669.385963,"loss_ema":2602.930506,"loss_plateau_delta":16.613864,"loss_plateau_count":0,"pg_loss":-6.2e-05,"v_loss":5338.772018,"entropy":2.095413,"approx_kl":5.7e-05,"clipfrac":0.0,"reward_mean":-6.2401,"reward_std":31.5877,"reward_min":-207.9714,"reward_max":338.3241,"reward_scale":1.0,"throttle_mean":0.7644,"throttle_min":0.1892,"throttle_max":0.979}
{"type":"train_update","update":12,"global_step":196608,"wall_s":128.13,"sps":1534.4,"loss":2675.770988,"loss_ema":2617.498603,"loss_plateau_delta":14.568096,"loss_plateau_count":0,"pg_loss":-5.4e-05,"v_loss":5351.542053,"entropy":2.09543,"approx_kl":5e-05,"clipfrac":0.0,"reward_mean":-6.1741,"reward_std":31.601,"reward_min":-207.0042,"reward_max":344.0901,"reward_scale":1.0,"throttle_mean":0.7655,"throttle_min":0.1645,"throttle_max":0.9865}
{"type":"train_update","update":13,"global_step":212992,"wall_s":135.07,"sps":1576.9,"loss":2672.227081,"loss_ema":2628.444298,"loss_plateau_delta":10.945696,"loss_plateau_count":0,"pg_loss":-7.5e-05,"v_loss":5344.45433,"entropy":2.09538,"approx_kl":4.6e-05,"clipfrac":0.0,"reward_mean":-6.1114,"reward_std":31.9758,"reward_min":-206.3422,"reward_max":313.3369,"reward_scale":1.0,"throttle_mean":0.7647,"throttle_min":0.193,"throttle_max":0.9861}
{"type":"train_update","update":14,"global_step":229376,"wall_s":141.61,"sps":1619.8,"loss":2607.24823,"loss_ema":2624.205085,"loss_plateau_delta":4.239214,"loss_plateau_count":0,"pg_loss":-9.6e-05,"v_loss":5214.496643,"entropy":2.095448,"approx_kl":0.000106,"clipfrac":0.0,"reward_mean":-5.6635,"reward_std":31.4121,"reward_min":-206.4957,"reward_max":300.8976,"reward_scale":1.0,"throttle_mean":0.7665,"throttle_min":0.1917,"throttle_max":0.9838}
{"type":"train_update","update":15,"global_step":245760,"wall_s":148.27,"sps":1657.5,"loss":2556.57885,"loss_ema":2610.679838,"loss_plateau_delta":13.525247,"loss_plateau_count":0,"pg_loss":-6.4e-05,"v_loss":5113.157898,"entropy":2.095447,"approx_kl":5.9e-05,"clipfrac":0.0,"reward_mean":-5.8354,"reward_std":31.2525,"reward_min":-207.708,"reward_max":289.3028,"reward_scale":1.0,"throttle_mean":0.7679,"throttle_min":0.1044,"throttle_max":0.9851}
{"type":"train_update","update":16,"global_step":262144,"wall_s":155.16,"sps":1689.5,"loss":2587.526245,"loss_ema":2606.049119,"loss_plateau_delta":4.630719,"loss_plateau_count":0,"pg_loss":-1.5e-05,"v_loss":5175.052505,"entropy":2.095329,"approx_kl":2.6e-05,"clipfrac":0.0,"reward_mean":-5.9075,"reward_std":31.8183,"reward_min":-206.9342,"reward_max":327.2776,"reward_scale":1.0,"throttle_mean":0.7675,"throttle_min":0.1667,"throttle_max":0.9825}
step=262,144 reward_mean=-5.908 kl=0.00003 clipfrac=0.000 eval={'landed_fraction': 0.0, 'crashed_fraction': 0.0, 'mean_touchdown_speed': nan, 'max_touchdown_speed': nan, 'mean_pad_distance': nan, 'max_pad_distance': nan, 'mean_delta_v_proxy': 16.135677337646484, 'mean_eval_throttle': 0.7915615742736393, 'max_eval_throttle': 0.7946739196777344, 'max_upward_speed': 1.4256315231323242, 'max_downward_speed': 8.996901512145996, 'passed': False}
{"type":"train_update","update":17,"global_step":278528,"wall_s":208.52,"sps":1335.7,"loss":2016.187603,"loss_ema":2488.076816,"loss_plateau_delta":117.972303,"loss_plateau_count":0,"pg_loss":-9.8e-05,"v_loss":4032.37542,"entropy":2.095316,"approx_kl":7.4e-05,"clipfrac":0.0,"reward_mean":-4.7876,"reward_std":26.1496,"reward_min":-207.4468,"reward_max":291.8543,"reward_scale":1.0,"throttle_mean":0.7674,"throttle_min":0.2247,"throttle_max":0.9782}
{"type":"train_update","update":18,"global_step":294912,"wall_s":215.55,"sps":1368.2,"loss":2640.71608,"loss_ema":2518.604669,"loss_plateau_delta":30.527853,"loss_plateau_count":0,"pg_loss":-1.6e-05,"v_loss":5281.432205,"entropy":2.095235,"approx_kl":3.4e-05,"clipfrac":0.0,"reward_mean":-6.2993,"reward_std":31.8637,"reward_min":-207.2524,"reward_max":309.8787,"reward_scale":1.0,"throttle_mean":0.7665,"throttle_min":0.1558,"throttle_max":0.9815}
{"type":"train_update","update":19,"global_step":311296,"wall_s":222.53,"sps":1398.9,"loss":2626.922813,"loss_ema":2540.268298,"loss_plateau_delta":21.663629,"loss_plateau_count":0,"pg_loss":-9.3e-05,"v_loss":5253.84581,"entropy":2.095241,"approx_kl":8.1e-05,"clipfrac":0.0,"reward_mean":-6.1214,"reward_std":31.6095,"reward_min":-206.7447,"reward_max":303.6573,"reward_scale":1.0,"throttle_mean":0.769,"throttle_min":0.116,"throttle_max":0.9838}
{"type":"train_update","update":20,"global_step":327680,"wall_s":229.41,"sps":1428.4,"loss":2598.747879,"loss_ema":2551.964214,"loss_plateau_delta":11.695916,"loss_plateau_count":0,"pg_loss":-4.8e-05,"v_loss":5197.495865,"entropy":2.095256,"approx_kl":4.6e-05,"clipfrac":0.0,"reward_mean":-5.7354,"reward_std":31.7339,"reward_min":-206.5395,"reward_max":293.1716,"reward_scale":1.0,"throttle_mean":0.7691,"throttle_min":0.1612,"throttle_max":0.9839}
{"type":"train_update","update":21,"global_step":344064,"wall_s":236.81,"sps":1452.9,"loss":2568.234413,"loss_ema":2555.218254,"loss_plateau_delta":3.25404,"loss_plateau_count":0,"pg_loss":1.7e-05,"v_loss":5136.468842,"entropy":2.095214,"approx_kl":1.8e-05,"clipfrac":0.0,"reward_mean":-6.1319,"reward_std":31.3473,"reward_min":-207.0578,"reward_max":301.7203,"reward_scale":1.0,"throttle_mean":0.7663,"throttle_min":0.1933,"throttle_max":0.9863}
{"type":"train_update","update":22,"global_step":360448,"wall_s":243.66,"sps":1479.3,"loss":2610.600288,"loss_ema":2566.294661,"loss_plateau_delta":11.076407,"loss_plateau_count":0,"pg_loss":-4.3e-05,"v_loss":5221.200653,"entropy":2.095159,"approx_kl":1.9e-05,"clipfrac":0.0,"reward_mean":-5.8434,"reward_std":31.7447,"reward_min":-206.7384,"reward_max":339.5547,"reward_scale":1.0,"throttle_mean":0.7678,"throttle_min":0.1794,"throttle_max":0.9833}
{"type":"train_update","update":23,"global_step":376832,"wall_s":250.36,"sps":1505.2,"loss":2584.037476,"loss_ema":2569.843224,"loss_plateau_delta":3.548563,"loss_plateau_count":0,"pg_loss":-5.5e-05,"v_loss":5168.075073,"entropy":2.095172,"approx_kl":1.5e-05,"clipfrac":0.0,"reward_mean":-5.6303,"reward_std":31.7189,"reward_min":-207.119,"reward_max":323.1065,"reward_scale":1.0,"throttle_mean":0.769,"throttle_min":0.1978,"throttle_max":0.9867}
{"type":"train_update","update":24,"global_step":393216,"wall_s":257.46,"sps":1527.3,"loss":2518.847527,"loss_ema":2559.644084,"loss_plateau_delta":10.199139,"loss_plateau_count":0,"pg_loss":-7.8e-05,"v_loss":5037.695206,"entropy":2.095244,"approx_kl":3e-05,"clipfrac":0.0,"reward_mean":-5.8707,"reward_std":31.2432,"reward_min":-206.5294,"reward_max":304.5734,"reward_scale":1.0,"throttle_mean":0.7671,"throttle_min":0.1926,"throttle_max":0.985}
{"type":"train_update","update":25,"global_step":409600,"wall_s":264.25,"sps":1550.0,"loss":2575.351082,"loss_ema":2562.785484,"loss_plateau_delta":3.1414,"loss_plateau_count":0,"pg_loss":-3.3e-05,"v_loss":5150.702225,"entropy":2.095202,"approx_kl":1.3e-05,"clipfrac":0.0,"reward_mean":-5.9701,"reward_std":31.7183,"reward_min":-206.2392,"reward_max":305.7662,"reward_scale":1.0,"throttle_mean":0.7694,"throttle_min":0.1617,"throttle_max":0.9923}
{"type":"train_update","update":26,"global_step":425984,"wall_s":270.89,"sps":1572.5,"loss":2585.627617,"loss_ema":2567.35391,"loss_plateau_delta":4.568427,"loss_plateau_count":0,"pg_loss":-7.8e-05,"v_loss":5171.255356,"entropy":2.095173,"approx_kl":1.6e-05,"clipfrac":0.0,"reward_mean":-6.0925,"reward_std":31.5015,"reward_min":-207.2805,"reward_max":309.2876,"reward_scale":1.0,"throttle_mean":0.769,"throttle_min":0.207,"throttle_max":0.986}
{"type":"train_update","update":27,"global_step":442368,"wall_s":277.68,"sps":1593.1,"loss":2588.938225,"loss_ema":2571.670773,"loss_plateau_delta":4.316863,"loss_plateau_count":0,"pg_loss":-4.3e-05,"v_loss":5177.876526,"entropy":2.095185,"approx_kl":9e-06,"clipfrac":0.0,"reward_mean":-5.7382,"reward_std":31.8429,"reward_min":-207.341,"reward_max":318.7869,"reward_scale":1.0,"throttle_mean":0.7688,"throttle_min":0.1902,"throttle_max":0.982}
{"type":"train_update","update":28,"global_step":458752,"wall_s":284.54,"sps":1612.3,"loss":2546.343987,"loss_ema":2566.605416,"loss_plateau_delta":5.065357,"loss_plateau_count":0,"pg_loss":-4.7e-05,"v_loss":5092.688065,"entropy":2.095143,"approx_kl":8e-06,"clipfrac":0.0,"reward_mean":-5.91,"reward_std":31.5476,"reward_min":-208.0494,"reward_max":314.1268,"reward_scale":1.0,"throttle_mean":0.7681,"throttle_min":0.1891,"throttle_max":0.9819}
{"type":"train_update","update":29,"global_step":475136,"wall_s":291.16,"sps":1631.9,"loss":2529.592377,"loss_ema":2559.202808,"loss_plateau_delta":7.402608,"loss_plateau_count":0,"pg_loss":-4.9e-05,"v_loss":5059.18486,"entropy":2.095065,"approx_kl":1.1e-05,"clipfrac":0.0,"reward_mean":-6.1878,"reward_std":31.2155,"reward_min":-207.4013,"reward_max":299.733,"reward_scale":1.0,"throttle_mean":0.7691,"throttle_min":0.1747,"throttle_max":0.979}
{"type":"train_update","update":30,"global_step":491520,"wall_s":298.0,"sps":1649.4,"loss":2524.414536,"loss_ema":2552.245154,"loss_plateau_delta":6.957655,"loss_plateau_count":0,"pg_loss":-7e-05,"v_loss":5048.829239,"entropy":2.095015,"approx_kl":2.4e-05,"clipfrac":0.0,"reward_mean":-5.7762,"reward_std":31.4837,"reward_min":-208.3195,"reward_max":287.3738,"reward_scale":1.0,"throttle_mean":0.7708,"throttle_min":0.1769,"throttle_max":0.982}
{"type":"train_update","update":31,"global_step":507904,"wall_s":304.85,"sps":1666.1,"loss":2499.895882,"loss_ema":2541.775299,"loss_plateau_delta":10.469854,"loss_plateau_count":0,"pg_loss":-7.5e-05,"v_loss":4999.791885,"entropy":2.094998,"approx_kl":1.9e-05,"clipfrac":0.0,"reward_mean":-6.1111,"reward_std":31.1578,"reward_min":-207.9668,"reward_max":288.0138,"reward_scale":1.0,"throttle_mean":0.7702,"throttle_min":0.1577,"throttle_max":0.9893}
