PPO training starting: task=landing, total_steps=524288, bc_steps=0, headless=False
[Info] [carb] Logging to file: c:/transformer-rl-retro-propulsion/env_isaaclab/lib/site-packages/isaacsim/kit/logs/Kit/Isaac-Sim Python/5.1/kit_20260426_132307.log
[0.349s] [ext: omni.kit.async_engine-0.0.3] startup
[0.542s] [ext: omni.metrics.core-0.0.3] startup
[0.545s] [ext: omni.client.lib-1.1.0] startup
[0.645s] [ext: omni.blobkey-1.1.2] startup
[0.647s] [ext: omni.stats-1.0.1] startup
[0.656s] [ext: omni.datastore-0.0.0] startup
[0.661s] [ext: omni.client-1.3.0] startup
[0.769s] [ext: omni.ujitso.default-1.0.0] startup
[0.778s] [ext: omni.hsscclient-1.1.2] startup
[0.802s] [ext: omni.gpu_foundation.shadercache.vulkan-1.0.0] startup
[0.810s] [ext: omni.assets.plugins-0.0.0] startup
[0.824s] [ext: omni.gpu_foundation-0.0.0] startup
[0.933s] [ext: carb.windowing.plugins-1.0.0] startup
2026-04-26T18:23:08Z [1,509ms] [Warning] [carb.windowing-glfw.gamepad] Joystick with unknown remapping detected (will be ignored):  Saitek Pro Flight Rudder Pedals [03000000a30600006307000000000000]
2026-04-26T18:23:08Z [1,509ms] [Warning] [carb.windowing-glfw.gamepad] Joystick with unknown remapping detected (will be ignored):  3Dconnexion KMJ Emulator [03000000efbe00006d04000000000000]
2026-04-26T18:23:08Z [1,509ms] [Warning] [carb.windowing-glfw.gamepad] Joystick with unknown remapping detected (will be ignored):  Joystick - HOTAS Warthog [030000004f0400000204000000000000]
[1.766s] [ext: omni.kit.renderer.init-0.0.0] startup
[1.770s] [ext: omni.materialx.libs-1.0.7] startup
[1.826s] [ext: omni.usd.config-1.0.6] startup
[1.859s] [ext: omni.gpucompute.plugins-0.0.0] startup
[1.935s] [ext: omni.usd.libs-1.0.1] startup
[2.544s] [ext: omni.mdl-56.0.3] startup
[2.951s] [ext: omni.iray.libs-0.0.0] startup
[3.154s] [ext: omni.mdl.neuraylib-0.2.12] startup
[3.175s] [ext: omni.kit.usd.mdl-1.1.5] startup

|---------------------------------------------------------------------------------------------|
| Driver Version: 580.88        | Graphics API: Vulkan
|=============================================================================================|
| GPU | Name                             | Active | LDA | GPU Memory | Vendor-ID | LUID       |
|     |                                  |        |     |            | Device-ID | UUID       |
|     |                                  |        |     |            | Bus-ID    |            |
|---------------------------------------------------------------------------------------------|
| 0   | NVIDIA GeForce RTX 5070          | Yes: 0 |     | 11855   MB | 10de      | b42b0100.. |
|     |                                  |        |     |            | 2f04      | 36fdc134.. |
|     |                                  |        |     |            | 1         |            |
|=============================================================================================|
| OS: Windows 11 Pro, Version: 10.0 (25H2), Build: 26200, Kernel: 10.0.26100.8246
| Processor: AMD Ryzen 9 9900X 12-Core Processor            
| Cores: 12 | Logical Cores: 24
|---------------------------------------------------------------------------------------------|
| Total Memory (MB): 32360 | Free Memory: 21821
| Total Page/Swap (MB): 42443 | Free Page/Swap: 10475
|---------------------------------------------------------------------------------------------|
[3.746s] [ext: omni.kit.pipapi-0.0.0] startup
[3.748s] [ext: omni.kit.loop-isaac-1.3.7] startup
[3.753s] [ext: omni.kit.test-2.0.1] startup
[3.914s] [ext: omni.kit.telemetry-0.5.2] startup
[3.954s] [ext: omni.appwindow-1.1.10] startup
[3.982s] [ext: omni.kit.renderer.core-1.1.0] startup
[4.000s] [ext: omni.kit.renderer.capture-0.0.0] startup
[4.014s] [ext: omni.kit.renderer.imgui-2.0.5] startup
[4.054s] [ext: omni.ui-2.27.1] startup
[4.096s] [ext: omni.kit.mainwindow-1.0.3] startup
[4.100s] [ext: carb.audio-0.1.0] startup
[4.105s] [ext: omni.uiaudio-1.0.0] startup
[4.114s] [ext: omni.kit.uiapp-0.0.0] startup
[4.114s] [ext: omni.usd.schema.metrics.assembler-107.3.1] startup
[4.138s] [ext: omni.anim.navigation.schema-107.3.3] startup
[4.157s] [ext: omni.usd.schema.anim-0.0.0] startup
[4.271s] [ext: omni.usd.schema.audio-0.0.0] startup
[4.287s] [ext: omni.usd.schema.omniscripting-1.0.0] startup
[4.310s] [ext: omni.usd.schema.physx-107.3.26] startup
[4.416s] [ext: omni.usd_resolver-1.0.0] startup
[4.438s] [ext: omni.usd.core-1.5.3] startup
[4.444s] [ext: omni.usd.schema.omni_sensors-0.0.0] startup
[4.513s] [ext: omni.usd.schema.omnigraph-1.0.0] startup
[4.541s] [ext: omni.usd.schema.semantics-0.0.0] startup
[4.558s] [ext: omni.usd.schema.geospatial-0.0.0] startup
[4.581s] [ext: omni.kit.window.popup_dialog-2.0.24] startup
[4.594s] [ext: omni.activity.core-1.0.3] startup
[4.602s] [ext: omni.kit.widget.nucleus_connector-2.0.1] startup
[4.609s] [ext: omni.kit.usd_undo-0.1.8] startup
[4.611s] [ext: omni.graph.exec-0.9.6] startup
[4.614s] [ext: omni.kit.actions.core-1.0.0] startup
[4.625s] [ext: usdrt.scenegraph-7.6.1] startup
[4.786s] [ext: omni.resourcemonitor-107.0.1] startup
[4.795s] [ext: omni.kit.exec.core-0.13.4] startup
[4.804s] [ext: omni.timeline-1.0.14] startup
[4.815s] [ext: omni.kit.commands-1.4.10] startup
[4.836s] [ext: omni.kit.audiodeviceenum-1.0.2] startup
[4.847s] [ext: omni.hydra.usdrt_delegate-7.5.1] startup
[4.872s] [ext: omni.hydra.scene_delegate-0.3.4] startup
[4.880s] [ext: omni.usd-1.13.10] startup
[6.210s] [ext: omni.inspect-1.0.2] startup
[6.219s] [ext: omni.kit.notification_manager-1.0.10] startup
[6.226s] [ext: omni.graph.core-2.184.5] startup
[6.239s] [ext: isaacsim.core.deprecation_manager-0.2.7] startup
[6.242s] [ext: omni.anim.graph.schema-107.3.3] startup
[6.272s] [ext: omni.usd.schema.flow-107.1.1] startup
[6.274s] [ext: omni.usd.schema.isaac-3.0.5] startup
[6.274s] [ext: omni.usd.schema.omni_lens_distortion-0.0.0] startup
[6.276s] [ext: isaacsim.robot.schema-3.6.0] startup
[6.327s] [ext: omni.kit.asset_converter-5.0.17] startup
[6.382s] [ext: omni.usd.schema.render_settings.rtx-0.0.0] startup
[6.386s] [ext: omni.kit.helper.file_utils-0.1.9] startup
[6.390s] [ext: omni.kit.menu.core-1.1.2] startup
[6.392s] [ext: omni.kit.widget.path_field-2.0.11] startup
[6.396s] [ext: omni.kit.widget.filebrowser-2.12.3] startup
[6.414s] [ext: omni.kit.widget.context_menu-1.2.5] startup
[6.419s] [ext: omni.kit.widget.browser_bar-2.0.10] startup
[6.424s] [ext: omni.kit.clipboard-1.0.5] startup
[6.428s] [ext: omni.kit.widget.options_menu-1.1.6] startup
[6.439s] [ext: omni.ui.scene-1.11.5] startup
[6.459s] [ext: omni.kit.widget.options_button-1.0.3] startup
[6.463s] [ext: omni.kit.usd.layers-2.2.11] startup
[6.488s] [ext: omni.kit.window.filepicker-2.13.4] startup
[6.542s] [ext: omni.kit.widget.filter-1.1.4] startup
[6.545s] [ext: omni.kit.hotkeys.core-1.3.10] startup
[6.555s] [ext: omni.kit.context_menu-1.8.6] startup
[6.560s] [ext: omni.kit.property.adapter.core-1.0.2] startup
[6.567s] [ext: omni.kit.window.file_exporter-1.0.33] startup
[6.577s] [ext: omni.kit.widget.searchfield-1.1.8] startup
[6.582s] [ext: omni.kit.numpy.common-0.1.3] startup
[6.586s] [ext: omni.kit.widget.stage-3.1.4] startup
[6.630s] [ext: omni.kit.property.adapter.usd-1.0.2] startup
[6.634s] [ext: omni.kit.property.adapter.fabric-1.0.3] startup
[6.639s] [ext: isaacsim.core.version-2.0.6] startup
[6.641s] [ext: omni.kit.window.file_importer-1.1.18] startup
[6.644s] [ext: omni.kit.stage_template.core-1.1.22] startup
[6.646s] [ext: omni.kit.menu.utils-2.0.5] startup
[6.655s] [ext: omni.kit.window.file-2.0.5] startup
[6.664s] [ext: omni.kit.window.drop_support-1.0.5] startup
[6.666s] [ext: omni.kit.widget.highlight_label-1.0.3] startup
[6.668s] [ext: omni.kit.window.content_browser_registry-0.0.6] startup
[6.670s] [ext: omni.kit.widget.graph-2.0.0] startup
[6.686s] [ext: omni.kit.window.property-1.12.1] startup
[7.065s] [ext: omni.kit.window.content_browser-3.1.3] startup
[7.085s] [ext: omni.kit.graph.delegate.default-1.2.3] startup
[7.087s] [ext: omni.kit.property.usd-4.5.12] startup
[7.111s] [ext: omni.convexdecomposition-107.3.26] startup
[7.122s] [ext: omni.kit.graph.editor.core-1.5.3] startup
[7.130s] [ext: omni.kit.material.library-2.0.7] startup
[7.147s] [ext: omni.kvdb-107.3.26] startup
[7.156s] [ext: omni.usdphysics-107.3.26] startup
[7.161s] [ext: omni.physx.foundation-107.3.26] startup
[7.175s] [ext: omni.localcache-107.3.26] startup
[7.182s] [ext: omni.kit.graph.usd.commands-1.3.1] startup
[7.184s] [ext: omni.physx.cooking-107.3.26] startup
[7.200s] [ext: omni.physics-107.3.26] startup
[7.213s] [ext: omni.physx-107.3.26] startup
[7.249s] [ext: omni.physics.stageupdate-107.3.26] startup
[7.258s] [ext: omni.physics.physx-107.3.26] startup
2026-04-26T18:23:14Z [7,004ms] [Warning] [carb] Acquiring non optional plugin interface which is not listed as dependency: [omni::physx::IPhysxBenchmarks v1.0] (plugin: <default plugin>), by client: omni.physics.physx.plugin. Add it to CARB_PLUGIN_IMPL_DEPS() macro of a client.
[7.262s] [ext: omni.index.libs-380600.8087.0] startup
[7.262s] [ext: omni.index-1.0.1] startup
[7.265s] [ext: omni.volume-0.5.2] startup
[7.287s] [ext: omni.ujitso.client-0.0.0] startup
[7.290s] [ext: omni.hydra.rtx.shadercache.vulkan-1.0.0] startup
[7.293s] [ext: omni.kit.widget.searchable_combobox-1.0.6] startup
[7.296s] [ext: omni.hydra.rtx-1.0.0] startup
[7.482s] [ext: omni.kit.widget.settings-1.2.6] startup
[7.487s] [ext: omni.kit.hydra_texture-1.4.6] startup
[7.496s] [ext: omni.graph.tools-1.79.2] startup
[7.567s] [ext: omni.kit.window.preferences-1.8.0] startup
[7.588s] [ext: omni.kit.widget.material_preview-1.0.16] startup
[7.595s] [ext: omni.graph-1.141.2] startup
[7.692s] [ext: omni.kit.window.material_graph-1.9.1] startup
[7.715s] [ext: omni.isaac.dynamic_control-2.0.7] startup
2026-04-26T18:23:14Z [7,474ms] [Warning] [omni.isaac.dynamic_control] omni.isaac.dynamic_control is deprecated as of Isaac Sim 4.5. No action is needed from end-users.
[7.733s] [ext: isaacsim.storage.native-1.5.1] startup
[7.738s] [ext: omni.graph.scriptnode-1.50.0] startup
[7.741s] [ext: omni.hydra.engine.stats-1.0.3] startup
[7.748s] [ext: omni.kit.viewport.legacy_gizmos-1.0.19] startup
[7.753s] [ext: omni.kit.raycast.query-1.1.0] startup
[7.768s] [ext: omni.graph.action_core-1.1.7] startup
[7.794s] [ext: omni.kit.viewport.scene_camera_model-1.0.6] startup
[7.800s] [ext: omni.graph.image.core-0.6.1] startup
[7.804s] [ext: omni.kit.widget.viewport-107.1.3] startup
[7.821s] [ext: omni.kit.viewport.registry-104.0.6] startup
[7.823s] [ext: omni.usd.metrics.assembler-107.3.1] startup
[7.836s] [ext: omni.kit.viewport.window-107.2.0] startup
[7.866s] [ext: omni.kit.viewport.menubar.core-107.2.1] startup
[7.905s] [ext: omni.graph.image.nodes-1.3.1] startup
[7.910s] [ext: omni.usd.metrics.assembler.physics-107.3.26] startup
[7.914s] [ext: omni.warp.core-1.8.2] startup
[8.066s] [ext: omni.kit.viewport.utility-1.1.2] startup
[8.069s] [ext: omni.physics.tensors-107.3.26] startup
[8.087s] [ext: omni.syntheticdata-0.6.13] startup
[8.140s] [ext: isaacsim.test.docstring-1.1.0] startup
[8.154s] [ext: isaacsim.core.utils-3.5.1] startup
[8.168s] [ext: omni.physx.tensors-107.3.26] startup
[8.177s] [ext: omni.graph.nodes-1.170.10] startup
[8.276s] [ext: omni.graph.action_nodes-1.50.4] startup
[8.286s] [ext: omni.kit.primitive.mesh-1.0.17] startup
[8.304s] [ext: isaacsim.core.simulation_manager-1.4.4] startup
[12.637s] [ext: omni.graph.ui_nodes-1.50.5] startup
[12.650s] [ext: omni.graph.action-1.130.0] startup
[12.652s] [ext: omni.kit.stage_templates-2.0.0] startup
[12.663s] [ext: isaacsim.core.prims-0.6.1] startup
[12.706s] [ext: omni.warp-1.8.2] startup
[12.719s] [ext: omni.videoencoding-0.1.2] startup
[12.732s] [ext: isaacsim.core.api-4.8.0] startup
[12.792s] [ext: isaacsim.core.experimental.utils-0.3.0] startup
[12.805s] [ext: omni.replicator.core-1.12.27] startup
2026-04-26T18:23:19Z [12,595ms] [Warning] [pxr.Semantics] pxr.Semantics is deprecated - please use Semantics instead
2026-04-26T18:23:20Z [13,031ms] [Warning] [omni.graph.core.plugin] Found duplicate of category 'Replicator' - was 'Annotators', adding 'Fabric Reader'
2026-04-26T18:23:20Z [13,031ms] [Warning] [omni.graph.core.plugin] Category 'Replicator' not accepted on node type 'omni.replicator.core.FabricReader' in extension 'omni.replicator.core'
2026-04-26T18:23:20Z [13,035ms] [Warning] [omni.replicator.core.scripts.extension] No material configuration file, adding configuration to material settings directly.
[13.296s] [ext: isaacsim.core.experimental.prims-0.8.1] startup
[13.358s] [ext: omni.kit.window.extensions-1.4.27] startup
[13.382s] [ext: isaacsim.core.experimental.objects-0.4.0] startup
[13.401s] [ext: omni.ui_query-1.1.8] startup
[13.405s] [ext: omni.kit.manipulator.viewport-107.0.1] startup
[13.409s] [ext: isaacsim.robot.surface_gripper-3.3.1] startup
[13.422s] [ext: omni.kit.ui_test-1.3.7] startup
[13.433s] [ext: omni.graph.visualization.nodes-2.1.3] startup
[13.466s] [ext: isaacsim.robot_motion.lula-4.0.8] startup
[13.528s] [ext: isaacsim.core.nodes-3.4.3] startup
[13.558s] [ext: isaacsim.gui.components-1.2.1] startup
[13.583s] [ext: isaacsim.robot_motion.motion_generation-8.0.26] startup
[13.619s] [ext: isaacsim.robot.manipulators-3.3.6] startup
[13.631s] [ext: isaacsim.core.experimental.materials-0.4.0] startup
[13.655s] [ext: isaacsim.robot.manipulators.examples-1.1.2] startup
[13.661s] [ext: isaacsim.cortex.framework-1.0.12] startup
[13.669s] [ext: isaacsim.cortex.behaviors-2.0.14] startup
[13.672s] [ext: omni.isaac.cortex.sample_behaviors-2.0.5] startup
2026-04-26T18:23:20Z [13,419ms] [Warning] [omni.isaac.cortex] omni.isaac.cortex has been deprecated in favor of isaacsim.cortex.framework. Please update your code accordingly.
2026-04-26T18:23:20Z [13,420ms] [Warning] [omni.isaac.cortex.sample_behaviors] omni.isaac.cortex.sample_behaviors has been deprecated in favor of isaacsim.cortex.behaviors. Please update your code accordingly.
[13.682s] [ext: omni.kit.widget.zoombar-1.0.6] startup
[13.688s] [ext: isaacsim.gui.content_browser-0.1.11] startup
[13.702s] [ext: omni.kit.browser.core-2.3.13] startup
[13.739s] [ext: omni.kit.widget.stage_icons-1.0.8] startup
[13.749s] [ext: omni.kit.widget.prompt-1.0.7] startup
[13.753s] [ext: omni.kit.usd.collect-2.4.5] startup
[13.764s] [ext: omni.kit.browser.folder.core-1.10.9] startup
[13.805s] [ext: omni.kit.window.stage-2.6.1] startup
[13.821s] [ext: omni.kit.usdz_export-1.0.9] startup
[13.843s] [ext: omni.kit.tool.collect-2.2.18] startup
[13.873s] [ext: omni.kit.menu.stage-1.2.7] startup
[13.882s] [ext: omni.kit.tool.asset_importer-4.3.2] startup
[13.904s] [ext: isaacsim.robot.wheeled_robots-4.0.24] startup
[13.988s] [ext: isaacsim.examples.browser-0.2.1] startup
[14.017s] [ext: isaacsim.asset.importer.urdf-2.4.30] startup
[14.485s] [ext: omni.isaac.wheeled_robots-3.0.7] startup
2026-04-26T18:23:21Z [14,231ms] [Warning] [omni.isaac.wheeled_robots] omni.isaac.wheeled_robots has been deprecated in favor of isaacsim.robot.wheeled_robots. Please update your code accordingly.
2026-04-26T18:23:21Z [14,231ms] [Warning] [omni.isaac.wheeled_robots.controllers] omni.isaac.wheeled_robots has been deprecated in favor of isaacsim.robot.wheeled_robots. Please update your code accordingly.
2026-04-26T18:23:21Z [14,232ms] [Warning] [omni.isaac.wheeled_robots.controllers.ackermann_controller] omni.isaac.wheeled_robots has been deprecated in favor of isaacsim.robot.wheeled_robots. Please update your code accordingly.
2026-04-26T18:23:21Z [14,234ms] [Warning] [omni.isaac.wheeled_robots.controllers.differential_controller] omni.isaac.wheeled_robots has been deprecated in favor of isaacsim.robot.wheeled_robots. Please update your code accordingly.
2026-04-26T18:23:21Z [14,237ms] [Warning] [omni.isaac.wheeled_robots.controllers.holonomic_controller] omni.isaac.wheeled_robots has been deprecated in favor of isaacsim.robot.wheeled_robots. Please update your code accordingly.
2026-04-26T18:23:21Z [14,239ms] [Warning] [omni.isaac.wheeled_robots.controllers.quintic_path_planner] omni.isaac.wheeled_robots has been deprecated in favor of isaacsim.robot.wheeled_robots. Please update your code accordingly.
2026-04-26T18:23:21Z [14,240ms] [Warning] [omni.isaac.wheeled_robots.controllers.stanley_control] omni.isaac.wheeled_robots has been deprecated in favor of isaacsim.robot.wheeled_robots. Please update your code accordingly.
2026-04-26T18:23:21Z [14,240ms] [Warning] [omni.isaac.wheeled_robots.controllers.wheel_base_pose_controller] omni.isaac.wheeled_robots has been deprecated in favor of isaacsim.robot.wheeled_robots. Please update your code accordingly.
2026-04-26T18:23:21Z [14,241ms] [Warning] [omni.isaac.wheeled_robots.impl] omni.isaac.wheeled_robots has been deprecated in favor of isaacsim.robot.wheeled_robots. Please update your code accordingly.
2026-04-26T18:23:21Z [14,241ms] [Warning] [omni.isaac.wheeled_robots.robots] omni.isaac.wheeled_robots has been deprecated in favor of isaacsim.robot.wheeled_robots. Please update your code accordingly.
2026-04-26T18:23:21Z [14,242ms] [Warning] [omni.isaac.wheeled_robots.robots.holonomic_robot_usd_setup] omni.isaac.wheeled_robots has been deprecated in favor of isaacsim.robot.wheeled_robots. Please update your code accordingly.
2026-04-26T18:23:21Z [14,242ms] [Warning] [omni.isaac.wheeled_robots.robots.wheeled_robot] omni.isaac.wheeled_robots has been deprecated in favor of isaacsim.robot.wheeled_robots. Please update your code accordingly.
[14.500s] [ext: isaacsim.simulation_app-2.12.2] startup
[14.502s] [ext: omni.isaac.franka-1.0.7] startup
2026-04-26T18:23:21Z [14,247ms] [Warning] [omni.isaac.franka] omni.isaac.franka has been deprecated in favor of isaacsim.robot.manipulators.examples.franka. Please update your code accordingly.
2026-04-26T18:23:21Z [14,247ms] [Warning] [omni.isaac.franka.franka] omni.isaac.franka has been deprecated in favor of isaacsim.robot.manipulators.examples.franka. Please update your code accordingly.
2026-04-26T18:23:21Z [14,268ms] [Warning] [omni.isaac.franka.kinematics_solver] omni.isaac.franka has been deprecated in favor of isaacsim.robot.manipulators.examples.franka. Please update your code accordingly.
[14.525s] [ext: omni.isaac.kit-2.0.6] startup
2026-04-26T18:23:21Z [14,270ms] [Warning] [omni.isaac.kit] omni.isaac.kit has been deprecated in favor of isaacsim.simulation_app. Please update your code accordingly.
[14.528s] [ext: omni.kit.selection-0.1.6] startup
[14.531s] [ext: omni.isaac.lula-4.0.6] startup
2026-04-26T18:23:21Z [14,275ms] [Warning] [omni.isaac.lula] omni.isaac.lula has been deprecated in favor of isaacsim.robot_motion.lula. Please update your code accordingly.
[14.533s] [ext: isaacsim.robot_motion.lula_test_widget-1.0.12] startup
[14.538s] [ext: isaacsim.asset.browser-1.3.23] startup
[15.147s] [ext: omni.kit.viewport.actions-107.0.2] startup
[15.155s] [ext: isaacsim.gui.menu-2.4.4] startup
[15.172s] [ext: omni.isaac.manipulators-3.0.7] startup
2026-04-26T18:23:22Z [14,916ms] [Warning] [omni.isaac.manipulators] omni.isaac.manipulators has been deprecated in favor of isaacsim.robot.manipulators. Please update your code accordingly.
2026-04-26T18:23:22Z [14,917ms] [Warning] [omni.isaac.manipulators.controllers] omni.isaac.manipulators has been deprecated in favor of isaacsim.robot.manipulators. Please update your code accordingly.
2026-04-26T18:23:22Z [14,919ms] [Warning] [omni.isaac.manipulators.controllers.pick_place_controller] omni.isaac.manipulators has been deprecated in favor of isaacsim.robot.manipulators. Please update your code accordingly.
2026-04-26T18:23:22Z [14,922ms] [Warning] [omni.isaac.manipulators.controllers.stacking_controller] omni.isaac.manipulators has been deprecated in favor of isaacsim.robot.manipulators. Please update your code accordingly.
2026-04-26T18:23:22Z [14,922ms] [Warning] [omni.isaac.manipulators.grippers] omni.isaac.manipulators has been deprecated in favor of isaacsim.robot.manipulators. Please update your code accordingly.
2026-04-26T18:23:22Z [14,923ms] [Warning] [omni.isaac.manipulators.grippers.gripper] omni.isaac.manipulators has been deprecated in favor of isaacsim.robot.manipulators. Please update your code accordingly.
2026-04-26T18:23:22Z [14,923ms] [Warning] [omni.isaac.manipulators.grippers.parallel_gripper] omni.isaac.manipulators has been deprecated in favor of isaacsim.robot.manipulators. Please update your code accordingly.
2026-04-26T18:23:22Z [14,924ms] [Warning] [omni.isaac.manipulators.grippers.surface_gripper] omni.isaac.manipulators has been deprecated in favor of isaacsim.robot.manipulators. Please update your code accordingly.
2026-04-26T18:23:22Z [14,925ms] [Warning] [omni.isaac.manipulators.manipulators] omni.isaac.manipulators has been deprecated in favor of isaacsim.robot.manipulators. Please update your code accordingly.
2026-04-26T18:23:22Z [14,925ms] [Warning] [omni.isaac.manipulators.manipulators.single_manipulator] omni.isaac.manipulators has been deprecated in favor of isaacsim.robot.manipulators. Please update your code accordingly.
[15.183s] [ext: omni.isaac.lula_test_widget-1.0.6] startup
2026-04-26T18:23:22Z [14,928ms] [Warning] [omni.isaac.lula_test_widget] omni.isaac.lula_test_widget has been deprecated in favor of isaacsim.robot_motion.lula_test_widget. Please update your code accordingly.
[15.186s] [ext: omni.isaac.asset_browser-1.0.6] startup
2026-04-26T18:23:22Z [14,931ms] [Warning] [omni.isaac.asset_browser] omni.isaac.asset_browser has been deprecated in favor of isaacsim.asset.browser. Please update your code accordingly.
[15.189s] [ext: omni.kit.viewport.menubar.display-107.0.3] startup
[15.195s] [ext: omni.isaac.menu-1.0.6] startup
2026-04-26T18:23:22Z [14,939ms] [Warning] [omni.isaac.menu] omni.isaac.menu has been deprecated in favor of isaacsim.gui.menu. Please update your code accordingly.
[15.197s] [ext: omni.isaac.motion_generation-8.0.7] startup
2026-04-26T18:23:22Z [14,943ms] [Warning] [omni.isaac.motion_generation] omni.isaac.motion_generation has been deprecated in favor of isaacsim.robot_motion.motion_generation. Please update your code accordingly.
2026-04-26T18:23:22Z [14,944ms] [Warning] [omni.isaac.motion_generation.articulation_kinematics_solver] omni.isaac.motion_generation has been deprecated in favor of isaacsim.robot_motion.motion_generation. Please update your code accordingly.
2026-04-26T18:23:22Z [14,945ms] [Warning] [omni.isaac.motion_generation.articulation_motion_policy] omni.isaac.motion_generation has been deprecated in favor of isaacsim.robot_motion.motion_generation. Please update your code accordingly.
2026-04-26T18:23:22Z [14,945ms] [Warning] [omni.isaac.motion_generation.articulation_trajectory] omni.isaac.motion_generation has been deprecated in favor of isaacsim.robot_motion.motion_generation. Please update your code accordingly.
2026-04-26T18:23:22Z [14,946ms] [Warning] [omni.isaac.motion_generation.kinematics_interface] omni.isaac.motion_generation has been deprecated in favor of isaacsim.robot_motion.motion_generation. Please update your code accordingly.
2026-04-26T18:23:22Z [14,946ms] [Warning] [omni.isaac.motion_generation.lula] omni.isaac.motion_generation has been deprecated in favor of isaacsim.robot_motion.motion_generation. Please update your code accordingly.
2026-04-26T18:23:22Z [14,947ms] [Warning] [omni.isaac.motion_generation.lula.kinematics] omni.isaac.motion_generation has been deprecated in favor of isaacsim.robot_motion.motion_generation. Please update your code accordingly.
2026-04-26T18:23:22Z [14,948ms] [Warning] [omni.isaac.motion_generation.lula.motion_policies] omni.isaac.motion_generation has been deprecated in favor of isaacsim.robot_motion.motion_generation. Please update your code accordingly.
2026-04-26T18:23:22Z [14,948ms] [Warning] [omni.isaac.motion_generation.lula.path_planners] omni.isaac.motion_generation has been deprecated in favor of isaacsim.robot_motion.motion_generation. Please update your code accordingly.
2026-04-26T18:23:22Z [14,949ms] [Warning] [omni.isaac.motion_generation.lula.trajectory_generator] omni.isaac.motion_generation has been deprecated in favor of isaacsim.robot_motion.motion_generation. Please update your code accordingly.
2026-04-26T18:23:22Z [14,950ms] [Warning] [omni.isaac.motion_generation.motion_policy_controller] omni.isaac.motion_generation has been deprecated in favor of isaacsim.robot_motion.motion_generation. Please update your code accordingly.
2026-04-26T18:23:22Z [14,951ms] [Warning] [omni.isaac.motion_generation.motion_policy_interface] omni.isaac.motion_generation has been deprecated in favor of isaacsim.robot_motion.motion_generation. Please update your code accordingly.
2026-04-26T18:23:22Z [14,951ms] [Warning] [omni.isaac.motion_generation.path_planner_visualizer] omni.isaac.motion_generation has been deprecated in favor of isaacsim.robot_motion.motion_generation. Please update your code accordingly.
2026-04-26T18:23:22Z [14,952ms] [Warning] [omni.isaac.motion_generation.path_planning_interface] omni.isaac.motion_generation has been deprecated in favor of isaacsim.robot_motion.motion_generation. Please update your code accordingly.
2026-04-26T18:23:22Z [14,952ms] [Warning] [omni.isaac.motion_generation.trajectory] omni.isaac.motion_generation has been deprecated in favor of isaacsim.robot_motion.motion_generation. Please update your code accordingly.
2026-04-26T18:23:22Z [14,953ms] [Warning] [omni.isaac.motion_generation.world_interface] omni.isaac.motion_generation has been deprecated in favor of isaacsim.robot_motion.motion_generation. Please update your code accordingly.
[15.211s] [ext: omni.isaac.assets_check-0.3.13] startup
2026-04-26T18:23:22Z [14,956ms] [Warning] [omni.isaac.assets_check] omni.isaac.assets_check has been deprecated in favor of isaacsim.asset.browser. Please update your code accordingly.
[15.213s] [ext: isaacsim.gui.sensors.icon-2.0.3] startup
[15.262s] [ext: isaacsim.asset.importer.mjcf-2.5.13] startup
[15.280s] [ext: omni.sensors.nv.common-3.0.0] startup
[15.437s] [ext: isaacsim.sensors.physics-0.4.3] startup
[15.454s] [ext: omni.sensors.net-1.0.0] startup
[15.485s] [ext: omni.isaac.nucleus-1.0.6] startup
2026-04-26T18:23:22Z [15,230ms] [Warning] [omni.isaac.nucleus] omni.isaac.nucleus has been deprecated in favor of isaacsim.storage.native. Please update your code accordingly.
2026-04-26T18:23:22Z [15,231ms] [Warning] [omni.isaac.nucleus.nucleus] omni.isaac.nucleus.nucleus has been deprecated in favor of isaacsim.storage.native. Please update your code accordingly.
2026-04-26T18:23:22Z [15,231ms] [Warning] [omni.ext._impl._internal] Found class `Extension` derived from `omni.ext.IExt` in module: 'omni.isaac.nucleus', but it was imported from other extension: 'c:/transformer-rl-retro-propulsion/env_isaaclab/lib/site-packages/isaacsim/exts/isaacsim.storage.native/isaacsim/storage/native/impl/extension.py', which is not a subpath to: 'c:\transformer-rl-retro-propulsion\env_isaaclab\lib\site-packages\isaacsim\extsdeprecated\omni.isaac.nucleus'. Do not import `IExt` derived class from other extension in your public namespace.
[15.489s] [ext: omni.sensors.nv.materials-2.0.0] startup
[15.519s] [ext: isaacsim.robot.policy.examples-4.1.11] startup
[15.523s] [ext: omni.sensors.nv.wpm-3.0.0] startup
[15.541s] [ext: omni.sensors.nv.lidar-3.0.0] startup
[15.607s] [ext: isaacsim.util.debug_draw-3.1.0] startup
[15.619s] [ext: omni.sensors.nv.radar-3.0.0] startup
[15.650s] [ext: omni.sensors.nv.ids-2.0.0] startup
[15.661s] [ext: isaacsim.core.cloner-1.4.10] startup
[15.667s] [ext: isaacsim.sensors.physx-2.3.2] startup
[15.683s] [ext: isaacsim.sensors.rtx-15.8.4] startup
[15.706s] [ext: isaacsim.sensors.camera-1.3.6] startup
[15.721s] [ext: omni.isaac.quadruped-3.0.7] startup
2026-04-26T18:23:22Z [15,465ms] [Warning] [omni.isaac.quadruped] omni.isaac.quadruped has been deprecated in favor of isaacsim.robot.policy.examples. Please update your code accordingly.
[15.723s] [ext: omni.isaac.cloner-1.0.7] startup
2026-04-26T18:23:22Z [15,469ms] [Warning] [omni.isaac.cloner] omni.isaac.cloner has been deprecated in favor of isaacsim.core.cloner. Please update your code accordingly.
[15.728s] [ext: omni.isaac.range_sensor-4.0.6] startup
2026-04-26T18:23:22Z [15,475ms] [Warning] [omni.isaac.range_sensor] omni.isaac.range_sensor has been deprecated in favor of isaacsim.sensors.physx. Please update your code accordingly.
2026-04-26T18:23:22Z [15,476ms] [Warning] [omni.isaac.range_sensor.commands] omni.isaac.range_sensor.commands has been deprecated in favor of isaacsim.sensors.physx.commands. Please update your code accordingly.
[15.734s] [ext: omni.isaac.sensor-13.0.7] startup
2026-04-26T18:23:22Z [15,479ms] [Warning] [omni.isaac.sensor] omni.isaac.sensor has been deprecated in favor of isaacsim.sensors.camera, isaacsim.sensors.physics, isaacsim.sensors.physx, and isaacsim.sensors.rtx. Please update your code accordingly.
2026-04-26T18:23:22Z [15,481ms] [Warning] [omni.isaac.sensor.camera] omni.isaac.sensor.camera has been deprecated in favor of isaacsim.sensors.camera.camera. Please update your code accordingly.
2026-04-26T18:23:22Z [15,481ms] [Warning] [omni.isaac.sensor.camera_view] omni.isaac.sensor.camera_view has been deprecated in favor of isaacsim.sensors.camera.camera_view. Please update your code accordingly.
2026-04-26T18:23:22Z [15,482ms] [Warning] [omni.isaac.sensor.commands] omni.isaac.sensor.commands has been deprecated in favor of isaacsim.sensors.physics.commands, isaacsim.sensors.physx.commands, and isaacsim.sensors.rtx.commands. Please update your code accordingly.
2026-04-26T18:23:22Z [15,482ms] [Warning] [omni.isaac.sensor.contact_sensor] omni.isaac.sensor.contact_sensor has been deprecated in favor of isaacsim.sensors.physics.contact_sensor. Please update your code accordingly.
2026-04-26T18:23:22Z [15,483ms] [Warning] [omni.isaac.sensor.imu_sensor] omni.isaac.sensor.imu_sensor has been deprecated in favor of isaacsim.sensors.physics.imu_sensor. Please update your code accordingly.
2026-04-26T18:23:22Z [15,484ms] [Warning] [omni.isaac.sensor.lidar_rtx] omni.isaac.sensor.lidar_rtx has been deprecated in favor of isaacsim.sensors.rtx.lidar_rtx. Please update your code accordingly.
2026-04-26T18:23:22Z [15,485ms] [Warning] [omni.isaac.sensor.rotating_lidar_physX] omni.isaac.sensor.imu_sensor has been deprecated in favor of isaacsim.sensors.physix.rotating_lidar_physX. Please update your code accordingly.
2026-04-26T18:23:22Z [15,486ms] [Warning] [omni.isaac.sensor.scripts.samples.contact_sensor] omni.isaac.sensor.scripts.samples.contact_sensor has been deprecated in favor of isaacsim.sensors.physics.scripts.samples.contact_sensor. Please update your code accordingly.
2026-04-26T18:23:22Z [15,487ms] [Warning] [omni.isaac.sensor.scripts.samples.imu_sensor] omni.isaac.sensor.scripts.samples.imu_sensor has been deprecated in favor of isaacsim.sensors.physics.scripts.samples.imu_sensor. Please update your code accordingly.
2026-04-26T18:23:22Z [15,488ms] [Warning] [omni.isaac.sensor.scripts.samples.lightbeam_sensor] omni.isaac.sensor.scripts.samples.lightbeam_sensor has been deprecated in favor of isaacsim.sensors.physx.scripts.samples.lightbeam_sensor. Please update your code accordingly.
[15.745s] [ext: omni.kit.menu.create-2.0.1] startup
[15.755s] [ext: omni.kit.widget.toolbar-2.0.1] startup
[15.777s] [ext: omni.kit.manipulator.transform-107.0.0] startup
[15.789s] [ext: omni.isaac.core-4.0.7] startup
2026-04-26T18:23:22Z [15,534ms] [Warning] [omni.isaac.core.physics_context.physics_context] omni.isaac.core.physics_context.physics_context has been deprecated in favor of isaacsim.core.api.physics_context.physics_context. Please update your code accordingly.
2026-04-26T18:23:22Z [15,535ms] [Warning] [omni.isaac.core.simulation_context.simulation_context] omni.isaac.core.simulation_context.simulation_context has been deprecated in favor of isaacsim.core.api.simulation_context.simulation_context. Please update your code accordingly.
2026-04-26T18:23:22Z [15,537ms] [Warning] [omni.isaac.core.world.world] omni.isaac.core.world.world has been deprecated in favor of isaacsim.core.api.world.world. Please update your code accordingly.
2026-04-26T18:23:22Z [15,537ms] [Warning] [omni.isaac.core] omni.isaac.core has been deprecated in favor of isaacsim.core.api. Please update your code accordingly.
[15.794s] [ext: omni.kit.scripting-107.3.2] startup
[15.809s] [ext: omni.kit.manipulator.tool.snap-1.5.13] startup
[15.823s] [ext: omni.kit.manipulator.selector-1.1.3] startup
[15.827s] [ext: isaacsim.app.about-2.0.11] startup
[15.849s] [ext: isaacsim.replicator.behavior-1.1.16] startup
[15.851s] [ext: omni.kit.viewport.manipulator.transform-107.0.4] startup
[15.857s] [ext: omni.isaac.window.about-2.0.7] startup
2026-04-26T18:23:22Z [15,606ms] [Warning] [omni.isaac.window.about] omni.isaac.window.about has been deprecated in favor of isaacsim.app.about. Please update your code accordingly.
2026-04-26T18:23:22Z [15,606ms] [Warning] [omni.isaac.window.about.about] omni.isaac.window.about.about has been deprecated in favor of isaacsim.app.about.about. Please update your code accordingly.
[15.864s] [ext: omni.fabric.commands-1.1.6] startup
[15.873s] [ext: omni.kit.manipulator.prim.core-107.0.8] startup
[15.892s] [ext: omni.kit.property.audio-1.0.16] startup
[15.896s] [ext: omni.kit.property.camera-1.0.10] startup
[15.899s] [ext: omni.kit.property.geometry-2.0.4] startup
[15.907s] [ext: omni.hydra.scene_api-0.1.2] startup
[15.917s] [ext: omni.kit.property.light-1.0.12] startup
[15.939s] [ext: omni.kit.manipulator.prim.fabric-107.0.4] startup
[15.944s] [ext: omni.kit.manipulator.prim.usd-107.0.3] startup
[15.948s] [ext: omni.kit.property.material-1.11.9] startup
[15.968s] [ext: omni.kit.property.render-1.2.1] startup
[15.971s] [ext: omni.kit.property.transform-1.5.13] startup
[15.980s] [ext: isaacsim.gui.property-1.1.3] startup
[15.986s] [ext: omni.kit.manipulator.camera-106.0.4] startup
[15.998s] [ext: omni.kit.manipulator.prim-107.0.0] startup
[15.998s] [ext: omni.isaac.surface_gripper-2.0.6] startup
2026-04-26T18:23:23Z [15,742ms] [Warning] [omni.isaac.surface_gripper] omni.isaac.surface_gripper has been deprecated in favor of isaacsim.robot.surface_gripper. Please update your code accordingly.
2026-04-26T18:23:23Z [15,742ms] [Warning] [omni.ext._impl._internal] Found class `Extension` derived from `omni.ext.IExt` in module: 'omni.isaac.surface_gripper', but it was imported from other extension: 'c:/transformer-rl-retro-propulsion/env_isaaclab/lib/site-packages/isaacsim/exts/isaacsim.robot.surface_gripper/isaacsim/robot/surface_gripper/impl/extension.py', which is not a subpath to: 'c:\transformer-rl-retro-propulsion\env_isaaclab\lib\site-packages\isaacsim\extsdeprecated\omni.isaac.surface_gripper'. Do not import `IExt` derived class from other extension in your public namespace.
[16.000s] [ext: omni.kit.manipulator.selection-106.0.1] startup
[16.006s] [ext: omni.kit.property.bundle-1.4.1] startup
[16.010s] [ext: omni.kit.property.isaac-1.0.6] startup
2026-04-26T18:23:23Z [15,754ms] [Warning] [omni.kit.property.isaac] omni.kit.property.isaac has been deprecated in favor of isaacsim.gui.property. Please update your code accordingly.
2026-04-26T18:23:23Z [15,755ms] [Warning] [omni.kit.property.isaac.widgets] omni.kit.property.isaac.widgets has been deprecated in favor of isaacsim.gui.property.widgets. Please update your code accordingly.
[16.012s] [ext: omni.isaac.universal_robots-1.0.6] startup
2026-04-26T18:23:23Z [15,756ms] [Warning] [omni.isaac.universal_robots] omni.isaac.universal_robots has been deprecated in favor of isaacsim.robot.manipulators.examples.universal_robots. Please update your code accordingly.
2026-04-26T18:23:23Z [15,757ms] [Warning] [omni.isaac.universal_robots.kinematics_solver] omni.isaac.franka has been deprecated in favor of isaacsim.robot.manipulators.examples.universal_robots. Please update your code accordingly.
2026-04-26T18:23:23Z [15,761ms] [Warning] [omni.isaac.universal_robots.ur10] omni.isaac.franka has been deprecated in favor of isaacsim.robot.manipulators.examples.universal_robots. Please update your code accordingly.
[16.018s] [ext: omni.isaac.core_nodes-2.0.6] startup
2026-04-26T18:23:23Z [15,765ms] [Warning] [omni.isaac.core_nodes] omni.isaac.core_nodes has been deprecated in favor of isaacsim.core.nodes. Please update your code accordingly.
[16.022s] [ext: omni.kit.viewport.menubar.camera-107.0.6] startup
[16.038s] [ext: omni.kit.viewport.menubar.lighting-107.3.1] startup
[16.044s] [ext: isaacsim.replicator.writers-1.0.17] startup
[16.090s] [ext: omni.kit.viewport.menubar.render-107.0.10] startup
[16.099s] [ext: omni.kit.viewport.menubar.settings-107.0.3] startup
[16.114s] [ext: omni.kit.window.console-1.1.4] startup
[16.131s] [ext: isaacsim.replicator.domain_randomization-1.0.16] startup
[16.140s] [ext: isaacsim.replicator.examples-1.3.6] startup
[16.145s] [ext: omni.ocio-0.1.1] startup
[16.154s] [ext: omni.rtx.window.settings-0.6.19] startup
[16.171s] [ext: omni.kit.window.status_bar-0.1.9] startup
[16.181s] [ext: omni.kit.window.toolbar-2.0.0] startup
[16.191s] [ext: omni.replicator.isaac-2.0.8] startup
2026-04-26T18:23:23Z [15,935ms] [Warning] [omni.replicator.isaac] omni.replicator.isaac has been deprecated in favor of isaacsim.replicator.domain_randomization, isaacsim.replicator.examples, isaacsim.replicator.writers. Please update your code accordingly.
[16.194s] [ext: omni.replicator.replicator_yaml-2.0.11] startup
[16.233s] [ext: omni.rtx.settings.core-0.6.5] startup
[16.244s] [ext: omni.usd.metrics.assembler.ui-107.3.1] startup
[16.260s] [ext: omni.isaac.utils-2.0.6] startup
[16.265s] [ext: semantics.schema.editor-2.0.2] startup
[16.272s] [ext: omni.kit.ui.actions-1.0.5] startup
[16.276s] [ext: semantics.schema.property-2.0.1] startup
[16.282s] [ext: omni.isaac.version-2.0.7] startup
2026-04-26T18:23:23Z [16,027ms] [Warning] [omni.isaac.version] omni.isaac.version has been deprecated in favor of isaacsim.core.version. Please update your code accordingly.
[16.285s] [ext: omni.isaac.cortex-1.0.5] startup
[16.286s] [ext: omni.anim.curve.core-1.3.1] startup
[16.311s] [ext: isaacsim.core.throttling-2.2.2] startup
[16.318s] [ext: omni.kit.menu.common-2.0.1] startup
[16.323s] [ext: isaacsim.exp.base-5.1.0] startup
[16.323s] [ext: isaacsim.exp.base.python-5.1.0] startup
[16.328s] Simulation App Starting
2026-04-26T18:23:24Z [17,227ms] [Warning] [omni.fabric.plugin] Warning: attribute overrideClipRange not found for bucket id 9

[17.564s] app ready
Starting kit application with the following args:  ['C:\\Transformer-rl-retro-propulsion\\env_isaaclab\\Lib\\site-packages\\isaacsim\\exts\\isaacsim.simulation_app\\isaacsim\\simulation_app\\simulation_app.py', 'C:\\Transformer-rl-retro-propulsion\\env_isaaclab\\Lib\\site-packages\\isaacsim\\apps/isaacsim.exp.base.python.kit', '--/app/tokens/exe-path=C:\\Transformer-rl-retro-propulsion\\env_isaaclab\\Lib\\site-packages\\isaacsim\\kit', '--/persistent/app/viewport/displayOptions=3094', '--/rtx/materialDb/syncLoads=True', '--/rtx/hydra/materialSyncLoads=True', '--/omni.kit.plugin/syncUsdLoads=True', '--/app/renderer/resolution/width=1280', '--/app/renderer/resolution/height=720', '--/app/window/width=1440', '--/app/window/height=900', '--/renderer/multiGpu/enabled=True', '--/app/fastShutdown=True', '--/app/installSignalHandlers=0', '--ext-folder', 'C:\\Transformer-rl-retro-propulsion\\env_isaaclab\\Lib\\site-packages\\isaacsim/exts', '--ext-folder', 'C:\\Transformer-rl-retro-propulsion\\env_isaaclab\\Lib\\site-packages\\isaacsim/apps', '--/physics/cudaDevice=0', '--/plugins/carb.tasking.plugin/threadCount=24', '--/plugins/omni.tbb.globalcontrol/maxThreadCount=24', '--portable']
Passing the following args to the base kit application:  ['--task', 'landing', '--env-config', 'configs/env/train_128.yaml', '--total-steps', '524288', '--rollout-steps', '64', '--minibatches', '8', '--update-epochs', '2', '--learning-rate', '3e-6', '--reward-scale', '0.05', '--ent-coef', '0.0', '--residual-scale', '0.10', '--bc-steps', '0', '--eval-seconds', '30', '--eval-interval', '131072', '--save-interval', '131072', '--landing-xy-gate-radius', '0.50', '--landing-far-descent-rate', '0.08', '--landing-descent-brake-gain', '0.0', '--landing-min-descent-throttle', '0.90', '--max-wall-time', '1800', '--no-headless']
Warp 1.8.2 initialized:
   CUDA Toolkit 12.8, Driver 13.0
   Devices:
     "cpu"      : "AMD64 Family 26 Model 68 Stepping 0, AuthenticAMD"
     "cuda:0"   : "NVIDIA GeForce RTX 5070" (12 GiB, sm_120, mempool enabled)
   Kernel cache:
     C:\Users\tngzj\AppData\Local\NVIDIA\warp\Cache\1.8.2
Warp DeprecationWarning: The `warp.sim` module is deprecated and will be removed in v1.10. Please transition to using the forthcoming Newton library instead.

[36m===================================================================================================================[0m
[36m[1m[INFO][IsaacLab]: Logging to file: C:\Users\tngzj\AppData\Local\Temp\isaaclab\logs\isaaclab_2026-04-26_13-23-28.log[0m
[36m===================================================================================================================[0m

Residual-PID PPO enabled: policy outputs bounded residuals around the stable PID baseline
