PPO training starting: task=landing, total_steps=65536, bc_steps=0, headless=False
[Info] [carb] Logging to file: c:/transformer-rl-retro-propulsion/env_isaaclab/lib/site-packages/isaacsim/kit/logs/Kit/Isaac-Sim Python/5.1/kit_20260426_124620.log
[0.359s] [ext: omni.kit.async_engine-0.0.3] startup
[0.786s] [ext: omni.metrics.core-0.0.3] startup
[0.789s] [ext: omni.client.lib-1.1.0] startup
[0.901s] [ext: omni.blobkey-1.1.2] startup
[0.903s] [ext: omni.stats-1.0.1] startup
[0.913s] [ext: omni.datastore-0.0.0] startup
[0.920s] [ext: omni.client-1.3.0] startup
[1.037s] [ext: omni.ujitso.default-1.0.0] startup
[1.047s] [ext: omni.hsscclient-1.1.2] startup
[1.074s] [ext: omni.gpu_foundation.shadercache.vulkan-1.0.0] startup
[1.080s] [ext: omni.assets.plugins-0.0.0] startup
[1.091s] [ext: omni.gpu_foundation-0.0.0] startup
[1.194s] [ext: carb.windowing.plugins-1.0.0] startup
2026-04-26T17:46:22Z [1,722ms] [Warning] [carb.windowing-glfw.gamepad] Joystick with unknown remapping detected (will be ignored):  Saitek Pro Flight Rudder Pedals [03000000a30600006307000000000000]
2026-04-26T17:46:22Z [1,723ms] [Warning] [carb.windowing-glfw.gamepad] Joystick with unknown remapping detected (will be ignored):  3Dconnexion KMJ Emulator [03000000efbe00006d04000000000000]
2026-04-26T17:46:22Z [1,723ms] [Warning] [carb.windowing-glfw.gamepad] Joystick with unknown remapping detected (will be ignored):  Joystick - HOTAS Warthog [030000004f0400000204000000000000]
[1.978s] [ext: omni.kit.renderer.init-0.0.0] startup
[1.982s] [ext: omni.materialx.libs-1.0.7] startup
[2.043s] [ext: omni.usd.config-1.0.6] startup
[2.086s] [ext: omni.gpucompute.plugins-0.0.0] startup
[2.125s] [ext: omni.usd.libs-1.0.1] startup
[2.677s] [ext: omni.mdl-56.0.3] startup
[3.002s] [ext: omni.iray.libs-0.0.0] startup
[3.199s] [ext: omni.mdl.neuraylib-0.2.12] startup
[3.222s] [ext: omni.kit.usd.mdl-1.1.5] startup
[3.647s] [ext: omni.kit.pipapi-0.0.0] startup
[3.648s] [ext: omni.kit.loop-isaac-1.3.7] startup
[3.653s] [ext: omni.kit.test-2.0.1] startup
[3.802s] [ext: omni.kit.telemetry-0.5.2] startup
[3.833s] [ext: omni.appwindow-1.1.10] startup

|---------------------------------------------------------------------------------------------|
| Driver Version: 580.88        | Graphics API: Vulkan
|=============================================================================================|
| GPU | Name                             | Active | LDA | GPU Memory | Vendor-ID | LUID       |
|     |                                  |        |     |            | Device-ID | UUID       |
|     |                                  |        |     |            | Bus-ID    |            |
|---------------------------------------------------------------------------------------------|
| 0   | NVIDIA GeForce RTX 5070          | Yes: 0 |     | 11855   MB | 10de      | b42b0100.. |
|     |                                  |        |     |            | 2f04      | 36fdc134.. |
|     |                                  |        |     |            | 1         |            |
|=============================================================================================|
| OS: Windows 11 Pro, Version: 10.0 (25H2), Build: 26200, Kernel: 10.0.26100.8246
| Processor: AMD Ryzen 9 9900X 12-Core Processor            
| Cores: 12 | Logical Cores: 24
|---------------------------------------------------------------------------------------------|
| Total Memory (MB): 32360 | Free Memory: 20868
| Total Page/Swap (MB): 40011 | Free Page/Swap: 9367
|---------------------------------------------------------------------------------------------|
[3.878s] [ext: omni.kit.renderer.core-1.1.0] startup
[3.893s] [ext: omni.kit.renderer.capture-0.0.0] startup
[3.906s] [ext: omni.kit.renderer.imgui-2.0.5] startup
[3.943s] [ext: omni.ui-2.27.1] startup
[3.978s] [ext: omni.kit.mainwindow-1.0.3] startup
[3.981s] [ext: carb.audio-0.1.0] startup
[3.987s] [ext: omni.uiaudio-1.0.0] startup
[3.994s] [ext: omni.kit.uiapp-0.0.0] startup
[3.994s] [ext: omni.usd.schema.metrics.assembler-107.3.1] startup
[4.011s] [ext: omni.anim.navigation.schema-107.3.3] startup
[4.028s] [ext: omni.usd.schema.anim-0.0.0] startup
[4.126s] [ext: omni.usd.schema.audio-0.0.0] startup
[4.142s] [ext: omni.usd.schema.omniscripting-1.0.0] startup
[4.162s] [ext: omni.usd.schema.physx-107.3.26] startup
[4.264s] [ext: omni.usd_resolver-1.0.0] startup
[4.288s] [ext: omni.usd.core-1.5.3] startup
[4.293s] [ext: omni.usd.schema.omni_sensors-0.0.0] startup
[4.361s] [ext: omni.usd.schema.omnigraph-1.0.0] startup
[4.390s] [ext: omni.usd.schema.semantics-0.0.0] startup
[4.406s] [ext: omni.usd.schema.geospatial-0.0.0] startup
[4.424s] [ext: omni.kit.window.popup_dialog-2.0.24] startup
[4.435s] [ext: omni.activity.core-1.0.3] startup
[4.440s] [ext: omni.kit.widget.nucleus_connector-2.0.1] startup
[4.447s] [ext: omni.kit.usd_undo-0.1.8] startup
[4.449s] [ext: omni.graph.exec-0.9.6] startup
[4.452s] [ext: omni.kit.actions.core-1.0.0] startup
[4.466s] [ext: usdrt.scenegraph-7.6.1] startup
[4.619s] [ext: omni.resourcemonitor-107.0.1] startup
[4.628s] [ext: omni.kit.exec.core-0.13.4] startup
[4.637s] [ext: omni.timeline-1.0.14] startup
[4.645s] [ext: omni.kit.commands-1.4.10] startup
[4.660s] [ext: omni.kit.audiodeviceenum-1.0.2] startup
[4.668s] [ext: omni.hydra.usdrt_delegate-7.5.1] startup
[4.693s] [ext: omni.hydra.scene_delegate-0.3.4] startup
[4.702s] [ext: omni.usd-1.13.10] startup
[5.734s] [ext: omni.inspect-1.0.2] startup
[5.743s] [ext: omni.kit.notification_manager-1.0.10] startup
[5.749s] [ext: omni.graph.core-2.184.5] startup
[5.763s] [ext: isaacsim.core.deprecation_manager-0.2.7] startup
[5.764s] [ext: omni.anim.graph.schema-107.3.3] startup
[5.794s] [ext: omni.usd.schema.flow-107.1.1] startup
[5.796s] [ext: omni.usd.schema.isaac-3.0.5] startup
[5.796s] [ext: omni.usd.schema.omni_lens_distortion-0.0.0] startup
[5.797s] [ext: isaacsim.robot.schema-3.6.0] startup
[5.837s] [ext: omni.kit.asset_converter-5.0.17] startup
[5.884s] [ext: omni.usd.schema.render_settings.rtx-0.0.0] startup
[5.888s] [ext: omni.kit.helper.file_utils-0.1.9] startup
[5.892s] [ext: omni.kit.menu.core-1.1.2] startup
[5.893s] [ext: omni.kit.widget.path_field-2.0.11] startup
[5.897s] [ext: omni.kit.widget.filebrowser-2.12.3] startup
[5.915s] [ext: omni.kit.widget.context_menu-1.2.5] startup
[5.918s] [ext: omni.kit.widget.browser_bar-2.0.10] startup
[5.922s] [ext: omni.kit.clipboard-1.0.5] startup
[5.925s] [ext: omni.kit.widget.options_menu-1.1.6] startup
[5.936s] [ext: omni.ui.scene-1.11.5] startup
[5.949s] [ext: omni.kit.widget.options_button-1.0.3] startup
[5.951s] [ext: omni.kit.usd.layers-2.2.11] startup
[5.976s] [ext: omni.kit.window.filepicker-2.13.4] startup
[6.026s] [ext: omni.kit.widget.filter-1.1.4] startup
[6.028s] [ext: omni.kit.hotkeys.core-1.3.10] startup
[6.038s] [ext: omni.kit.context_menu-1.8.6] startup
[6.043s] [ext: omni.kit.property.adapter.core-1.0.2] startup
[6.049s] [ext: omni.kit.window.file_exporter-1.0.33] startup
[6.059s] [ext: omni.kit.widget.searchfield-1.1.8] startup
[6.063s] [ext: omni.kit.numpy.common-0.1.3] startup
[6.066s] [ext: omni.kit.widget.stage-3.1.4] startup
[6.107s] [ext: omni.kit.property.adapter.usd-1.0.2] startup
[6.110s] [ext: omni.kit.property.adapter.fabric-1.0.3] startup
[6.114s] [ext: isaacsim.core.version-2.0.6] startup
[6.117s] [ext: omni.kit.window.file_importer-1.1.18] startup
[6.119s] [ext: omni.kit.stage_template.core-1.1.22] startup
[6.121s] [ext: omni.kit.menu.utils-2.0.5] startup
[6.130s] [ext: omni.kit.window.file-2.0.5] startup
[6.138s] [ext: omni.kit.window.drop_support-1.0.5] startup
[6.139s] [ext: omni.kit.widget.highlight_label-1.0.3] startup
[6.142s] [ext: omni.kit.window.content_browser_registry-0.0.6] startup
[6.144s] [ext: omni.kit.widget.graph-2.0.0] startup
[6.159s] [ext: omni.kit.window.property-1.12.1] startup
[6.461s] [ext: omni.kit.window.content_browser-3.1.3] startup
[6.483s] [ext: omni.kit.graph.delegate.default-1.2.3] startup
[6.485s] [ext: omni.kit.property.usd-4.5.12] startup
[6.511s] [ext: omni.convexdecomposition-107.3.26] startup
[6.523s] [ext: omni.kit.graph.editor.core-1.5.3] startup
[6.530s] [ext: omni.kit.material.library-2.0.7] startup
[6.548s] [ext: omni.kvdb-107.3.26] startup
[6.557s] [ext: omni.usdphysics-107.3.26] startup
[6.563s] [ext: omni.physx.foundation-107.3.26] startup
[6.579s] [ext: omni.localcache-107.3.26] startup
[6.587s] [ext: omni.kit.graph.usd.commands-1.3.1] startup
[6.589s] [ext: omni.physx.cooking-107.3.26] startup
[6.603s] [ext: omni.physics-107.3.26] startup
[6.616s] [ext: omni.physx-107.3.26] startup
[6.652s] [ext: omni.physics.stageupdate-107.3.26] startup
[6.660s] [ext: omni.physics.physx-107.3.26] startup
2026-04-26T17:46:27Z [6,409ms] [Warning] [carb] Acquiring non optional plugin interface which is not listed as dependency: [omni::physx::IPhysxBenchmarks v1.0] (plugin: <default plugin>), by client: omni.physics.physx.plugin. Add it to CARB_PLUGIN_IMPL_DEPS() macro of a client.
[6.664s] [ext: omni.index.libs-380600.8087.0] startup
[6.664s] [ext: omni.index-1.0.1] startup
[6.667s] [ext: omni.volume-0.5.2] startup
[6.696s] [ext: omni.ujitso.client-0.0.0] startup
[6.698s] [ext: omni.hydra.rtx.shadercache.vulkan-1.0.0] startup
[6.702s] [ext: omni.kit.widget.searchable_combobox-1.0.6] startup
[6.705s] [ext: omni.hydra.rtx-1.0.0] startup
[6.906s] [ext: omni.kit.widget.settings-1.2.6] startup
[6.911s] [ext: omni.kit.hydra_texture-1.4.6] startup
[6.919s] [ext: omni.graph.tools-1.79.2] startup
[6.992s] [ext: omni.kit.window.preferences-1.8.0] startup
[7.009s] [ext: omni.kit.widget.material_preview-1.0.16] startup
[7.015s] [ext: omni.graph-1.141.2] startup
[7.111s] [ext: omni.kit.window.material_graph-1.9.1] startup
[7.134s] [ext: omni.isaac.dynamic_control-2.0.7] startup
2026-04-26T17:46:27Z [6,896ms] [Warning] [omni.isaac.dynamic_control] omni.isaac.dynamic_control is deprecated as of Isaac Sim 4.5. No action is needed from end-users.
[7.153s] [ext: isaacsim.storage.native-1.5.1] startup
[7.159s] [ext: omni.graph.scriptnode-1.50.0] startup
[7.163s] [ext: omni.hydra.engine.stats-1.0.3] startup
[7.169s] [ext: omni.kit.viewport.legacy_gizmos-1.0.19] startup
[7.174s] [ext: omni.kit.raycast.query-1.1.0] startup
[7.187s] [ext: omni.graph.action_core-1.1.7] startup
[7.210s] [ext: omni.kit.viewport.scene_camera_model-1.0.6] startup
[7.217s] [ext: omni.graph.image.core-0.6.1] startup
[7.221s] [ext: omni.kit.widget.viewport-107.1.3] startup
[7.237s] [ext: omni.kit.viewport.registry-104.0.6] startup
[7.239s] [ext: omni.usd.metrics.assembler-107.3.1] startup
[7.253s] [ext: omni.kit.viewport.window-107.2.0] startup
[7.282s] [ext: omni.kit.viewport.menubar.core-107.2.1] startup
[7.320s] [ext: omni.graph.image.nodes-1.3.1] startup
[7.328s] [ext: omni.usd.metrics.assembler.physics-107.3.26] startup
[7.333s] [ext: omni.warp.core-1.8.2] startup
[7.477s] [ext: omni.kit.viewport.utility-1.1.2] startup
[7.480s] [ext: omni.physics.tensors-107.3.26] startup
[7.494s] [ext: omni.syntheticdata-0.6.13] startup
[7.553s] [ext: isaacsim.test.docstring-1.1.0] startup
[7.567s] [ext: isaacsim.core.utils-3.5.1] startup
[7.578s] [ext: omni.physx.tensors-107.3.26] startup
[7.585s] [ext: omni.graph.nodes-1.170.10] startup
[7.686s] [ext: omni.graph.action_nodes-1.50.4] startup
[7.697s] [ext: omni.kit.primitive.mesh-1.0.17] startup
[7.714s] [ext: isaacsim.core.simulation_manager-1.4.4] startup
[12.137s] [ext: omni.graph.ui_nodes-1.50.5] startup
[12.152s] [ext: omni.graph.action-1.130.0] startup
[12.154s] [ext: omni.kit.stage_templates-2.0.0] startup
[12.165s] [ext: isaacsim.core.prims-0.6.1] startup
[12.210s] [ext: omni.warp-1.8.2] startup
[12.225s] [ext: omni.videoencoding-0.1.2] startup
[12.242s] [ext: isaacsim.core.api-4.8.0] startup
[12.304s] [ext: isaacsim.core.experimental.utils-0.3.0] startup
[12.317s] [ext: omni.replicator.core-1.12.27] startup
2026-04-26T17:46:32Z [12,112ms] [Warning] [pxr.Semantics] pxr.Semantics is deprecated - please use Semantics instead
2026-04-26T17:46:33Z [12,562ms] [Warning] [omni.graph.core.plugin] Found duplicate of category 'Replicator' - was 'Annotators', adding 'Fabric Reader'
2026-04-26T17:46:33Z [12,562ms] [Warning] [omni.graph.core.plugin] Category 'Replicator' not accepted on node type 'omni.replicator.core.FabricReader' in extension 'omni.replicator.core'
2026-04-26T17:46:33Z [12,565ms] [Warning] [omni.replicator.core.scripts.extension] No material configuration file, adding configuration to material settings directly.
[12.824s] [ext: isaacsim.core.experimental.prims-0.8.1] startup
[12.886s] [ext: omni.kit.window.extensions-1.4.27] startup
[12.910s] [ext: isaacsim.core.experimental.objects-0.4.0] startup
[12.932s] [ext: omni.ui_query-1.1.8] startup
[12.936s] [ext: omni.kit.manipulator.viewport-107.0.1] startup
[12.940s] [ext: isaacsim.robot.surface_gripper-3.3.1] startup
[12.953s] [ext: omni.kit.ui_test-1.3.7] startup
[12.963s] [ext: omni.graph.visualization.nodes-2.1.3] startup
[12.996s] [ext: isaacsim.robot_motion.lula-4.0.8] startup
[13.055s] [ext: isaacsim.core.nodes-3.4.3] startup
[13.089s] [ext: isaacsim.gui.components-1.2.1] startup
[13.106s] [ext: isaacsim.robot_motion.motion_generation-8.0.26] startup
[13.136s] [ext: isaacsim.robot.manipulators-3.3.6] startup
[13.148s] [ext: isaacsim.core.experimental.materials-0.4.0] startup
[13.172s] [ext: isaacsim.robot.manipulators.examples-1.1.2] startup
[13.176s] [ext: isaacsim.cortex.framework-1.0.12] startup
[13.184s] [ext: isaacsim.cortex.behaviors-2.0.14] startup
[13.187s] [ext: omni.isaac.cortex.sample_behaviors-2.0.5] startup
2026-04-26T17:46:33Z [12,936ms] [Warning] [omni.isaac.cortex] omni.isaac.cortex has been deprecated in favor of isaacsim.cortex.framework. Please update your code accordingly.
2026-04-26T17:46:33Z [12,937ms] [Warning] [omni.isaac.cortex.sample_behaviors] omni.isaac.cortex.sample_behaviors has been deprecated in favor of isaacsim.cortex.behaviors. Please update your code accordingly.
[13.196s] [ext: omni.kit.widget.zoombar-1.0.6] startup
[13.210s] [ext: isaacsim.gui.content_browser-0.1.11] startup
[13.219s] [ext: omni.kit.browser.core-2.3.13] startup
[13.256s] [ext: omni.kit.widget.stage_icons-1.0.8] startup
[13.261s] [ext: omni.kit.widget.prompt-1.0.7] startup
[13.265s] [ext: omni.kit.usd.collect-2.4.5] startup
[13.280s] [ext: omni.kit.browser.folder.core-1.10.9] startup
[13.312s] [ext: omni.kit.window.stage-2.6.1] startup
[13.347s] [ext: omni.kit.usdz_export-1.0.9] startup
[13.359s] [ext: omni.kit.tool.collect-2.2.18] startup
[13.368s] [ext: omni.kit.menu.stage-1.2.7] startup
[13.371s] [ext: omni.kit.tool.asset_importer-4.3.2] startup
[13.405s] [ext: isaacsim.robot.wheeled_robots-4.0.24] startup
[13.472s] [ext: isaacsim.examples.browser-0.2.1] startup
[13.491s] [ext: isaacsim.asset.importer.urdf-2.4.30] startup
[13.899s] [ext: omni.isaac.wheeled_robots-3.0.7] startup
2026-04-26T17:46:34Z [13,646ms] [Warning] [omni.isaac.wheeled_robots] omni.isaac.wheeled_robots has been deprecated in favor of isaacsim.robot.wheeled_robots. Please update your code accordingly.
2026-04-26T17:46:34Z [13,647ms] [Warning] [omni.isaac.wheeled_robots.controllers] omni.isaac.wheeled_robots has been deprecated in favor of isaacsim.robot.wheeled_robots. Please update your code accordingly.
2026-04-26T17:46:34Z [13,649ms] [Warning] [omni.isaac.wheeled_robots.controllers.ackermann_controller] omni.isaac.wheeled_robots has been deprecated in favor of isaacsim.robot.wheeled_robots. Please update your code accordingly.
2026-04-26T17:46:34Z [13,652ms] [Warning] [omni.isaac.wheeled_robots.controllers.differential_controller] omni.isaac.wheeled_robots has been deprecated in favor of isaacsim.robot.wheeled_robots. Please update your code accordingly.
2026-04-26T17:46:34Z [13,654ms] [Warning] [omni.isaac.wheeled_robots.controllers.holonomic_controller] omni.isaac.wheeled_robots has been deprecated in favor of isaacsim.robot.wheeled_robots. Please update your code accordingly.
2026-04-26T17:46:34Z [13,656ms] [Warning] [omni.isaac.wheeled_robots.controllers.quintic_path_planner] omni.isaac.wheeled_robots has been deprecated in favor of isaacsim.robot.wheeled_robots. Please update your code accordingly.
2026-04-26T17:46:34Z [13,657ms] [Warning] [omni.isaac.wheeled_robots.controllers.stanley_control] omni.isaac.wheeled_robots has been deprecated in favor of isaacsim.robot.wheeled_robots. Please update your code accordingly.
2026-04-26T17:46:34Z [13,657ms] [Warning] [omni.isaac.wheeled_robots.controllers.wheel_base_pose_controller] omni.isaac.wheeled_robots has been deprecated in favor of isaacsim.robot.wheeled_robots. Please update your code accordingly.
2026-04-26T17:46:34Z [13,658ms] [Warning] [omni.isaac.wheeled_robots.impl] omni.isaac.wheeled_robots has been deprecated in favor of isaacsim.robot.wheeled_robots. Please update your code accordingly.
2026-04-26T17:46:34Z [13,659ms] [Warning] [omni.isaac.wheeled_robots.robots] omni.isaac.wheeled_robots has been deprecated in favor of isaacsim.robot.wheeled_robots. Please update your code accordingly.
2026-04-26T17:46:34Z [13,660ms] [Warning] [omni.isaac.wheeled_robots.robots.holonomic_robot_usd_setup] omni.isaac.wheeled_robots has been deprecated in favor of isaacsim.robot.wheeled_robots. Please update your code accordingly.
2026-04-26T17:46:34Z [13,661ms] [Warning] [omni.isaac.wheeled_robots.robots.wheeled_robot] omni.isaac.wheeled_robots has been deprecated in favor of isaacsim.robot.wheeled_robots. Please update your code accordingly.
[13.916s] [ext: isaacsim.simulation_app-2.12.2] startup
[13.918s] [ext: omni.isaac.franka-1.0.7] startup
2026-04-26T17:46:34Z [13,665ms] [Warning] [omni.isaac.franka] omni.isaac.franka has been deprecated in favor of isaacsim.robot.manipulators.examples.franka. Please update your code accordingly.
2026-04-26T17:46:34Z [13,665ms] [Warning] [omni.isaac.franka.franka] omni.isaac.franka has been deprecated in favor of isaacsim.robot.manipulators.examples.franka. Please update your code accordingly.
2026-04-26T17:46:34Z [13,686ms] [Warning] [omni.isaac.franka.kinematics_solver] omni.isaac.franka has been deprecated in favor of isaacsim.robot.manipulators.examples.franka. Please update your code accordingly.
[13.941s] [ext: omni.isaac.kit-2.0.6] startup
2026-04-26T17:46:34Z [13,689ms] [Warning] [omni.isaac.kit] omni.isaac.kit has been deprecated in favor of isaacsim.simulation_app. Please update your code accordingly.
[13.944s] [ext: omni.kit.selection-0.1.6] startup
[13.947s] [ext: omni.isaac.lula-4.0.6] startup
2026-04-26T17:46:34Z [13,694ms] [Warning] [omni.isaac.lula] omni.isaac.lula has been deprecated in favor of isaacsim.robot_motion.lula. Please update your code accordingly.
[13.949s] [ext: isaacsim.robot_motion.lula_test_widget-1.0.12] startup
[13.955s] [ext: isaacsim.asset.browser-1.3.23] startup
[14.613s] [ext: omni.kit.viewport.actions-107.0.2] startup
[14.622s] [ext: isaacsim.gui.menu-2.4.4] startup
[14.643s] [ext: omni.isaac.manipulators-3.0.7] startup
2026-04-26T17:46:35Z [14,390ms] [Warning] [omni.isaac.manipulators] omni.isaac.manipulators has been deprecated in favor of isaacsim.robot.manipulators. Please update your code accordingly.
2026-04-26T17:46:35Z [14,392ms] [Warning] [omni.isaac.manipulators.controllers] omni.isaac.manipulators has been deprecated in favor of isaacsim.robot.manipulators. Please update your code accordingly.
2026-04-26T17:46:35Z [14,393ms] [Warning] [omni.isaac.manipulators.controllers.pick_place_controller] omni.isaac.manipulators has been deprecated in favor of isaacsim.robot.manipulators. Please update your code accordingly.
2026-04-26T17:46:35Z [14,396ms] [Warning] [omni.isaac.manipulators.controllers.stacking_controller] omni.isaac.manipulators has been deprecated in favor of isaacsim.robot.manipulators. Please update your code accordingly.
2026-04-26T17:46:35Z [14,397ms] [Warning] [omni.isaac.manipulators.grippers] omni.isaac.manipulators has been deprecated in favor of isaacsim.robot.manipulators. Please update your code accordingly.
2026-04-26T17:46:35Z [14,398ms] [Warning] [omni.isaac.manipulators.grippers.gripper] omni.isaac.manipulators has been deprecated in favor of isaacsim.robot.manipulators. Please update your code accordingly.
2026-04-26T17:46:35Z [14,399ms] [Warning] [omni.isaac.manipulators.grippers.parallel_gripper] omni.isaac.manipulators has been deprecated in favor of isaacsim.robot.manipulators. Please update your code accordingly.
2026-04-26T17:46:35Z [14,400ms] [Warning] [omni.isaac.manipulators.grippers.surface_gripper] omni.isaac.manipulators has been deprecated in favor of isaacsim.robot.manipulators. Please update your code accordingly.
2026-04-26T17:46:35Z [14,401ms] [Warning] [omni.isaac.manipulators.manipulators] omni.isaac.manipulators has been deprecated in favor of isaacsim.robot.manipulators. Please update your code accordingly.
2026-04-26T17:46:35Z [14,401ms] [Warning] [omni.isaac.manipulators.manipulators.single_manipulator] omni.isaac.manipulators has been deprecated in favor of isaacsim.robot.manipulators. Please update your code accordingly.
[14.657s] [ext: omni.isaac.lula_test_widget-1.0.6] startup
2026-04-26T17:46:35Z [14,405ms] [Warning] [omni.isaac.lula_test_widget] omni.isaac.lula_test_widget has been deprecated in favor of isaacsim.robot_motion.lula_test_widget. Please update your code accordingly.
[14.660s] [ext: omni.isaac.asset_browser-1.0.6] startup
2026-04-26T17:46:35Z [14,409ms] [Warning] [omni.isaac.asset_browser] omni.isaac.asset_browser has been deprecated in favor of isaacsim.asset.browser. Please update your code accordingly.
[14.664s] [ext: omni.kit.viewport.menubar.display-107.0.3] startup
[14.673s] [ext: omni.isaac.menu-1.0.6] startup
2026-04-26T17:46:35Z [14,419ms] [Warning] [omni.isaac.menu] omni.isaac.menu has been deprecated in favor of isaacsim.gui.menu. Please update your code accordingly.
[14.675s] [ext: omni.isaac.motion_generation-8.0.7] startup
2026-04-26T17:46:35Z [14,423ms] [Warning] [omni.isaac.motion_generation] omni.isaac.motion_generation has been deprecated in favor of isaacsim.robot_motion.motion_generation. Please update your code accordingly.
2026-04-26T17:46:35Z [14,424ms] [Warning] [omni.isaac.motion_generation.articulation_kinematics_solver] omni.isaac.motion_generation has been deprecated in favor of isaacsim.robot_motion.motion_generation. Please update your code accordingly.
2026-04-26T17:46:35Z [14,425ms] [Warning] [omni.isaac.motion_generation.articulation_motion_policy] omni.isaac.motion_generation has been deprecated in favor of isaacsim.robot_motion.motion_generation. Please update your code accordingly.
2026-04-26T17:46:35Z [14,426ms] [Warning] [omni.isaac.motion_generation.articulation_trajectory] omni.isaac.motion_generation has been deprecated in favor of isaacsim.robot_motion.motion_generation. Please update your code accordingly.
2026-04-26T17:46:35Z [14,427ms] [Warning] [omni.isaac.motion_generation.kinematics_interface] omni.isaac.motion_generation has been deprecated in favor of isaacsim.robot_motion.motion_generation. Please update your code accordingly.
2026-04-26T17:46:35Z [14,428ms] [Warning] [omni.isaac.motion_generation.lula] omni.isaac.motion_generation has been deprecated in favor of isaacsim.robot_motion.motion_generation. Please update your code accordingly.
2026-04-26T17:46:35Z [14,429ms] [Warning] [omni.isaac.motion_generation.lula.kinematics] omni.isaac.motion_generation has been deprecated in favor of isaacsim.robot_motion.motion_generation. Please update your code accordingly.
2026-04-26T17:46:35Z [14,429ms] [Warning] [omni.isaac.motion_generation.lula.motion_policies] omni.isaac.motion_generation has been deprecated in favor of isaacsim.robot_motion.motion_generation. Please update your code accordingly.
2026-04-26T17:46:35Z [14,431ms] [Warning] [omni.isaac.motion_generation.lula.path_planners] omni.isaac.motion_generation has been deprecated in favor of isaacsim.robot_motion.motion_generation. Please update your code accordingly.
2026-04-26T17:46:35Z [14,431ms] [Warning] [omni.isaac.motion_generation.lula.trajectory_generator] omni.isaac.motion_generation has been deprecated in favor of isaacsim.robot_motion.motion_generation. Please update your code accordingly.
2026-04-26T17:46:35Z [14,432ms] [Warning] [omni.isaac.motion_generation.motion_policy_controller] omni.isaac.motion_generation has been deprecated in favor of isaacsim.robot_motion.motion_generation. Please update your code accordingly.
2026-04-26T17:46:35Z [14,433ms] [Warning] [omni.isaac.motion_generation.motion_policy_interface] omni.isaac.motion_generation has been deprecated in favor of isaacsim.robot_motion.motion_generation. Please update your code accordingly.
2026-04-26T17:46:35Z [14,434ms] [Warning] [omni.isaac.motion_generation.path_planner_visualizer] omni.isaac.motion_generation has been deprecated in favor of isaacsim.robot_motion.motion_generation. Please update your code accordingly.
2026-04-26T17:46:35Z [14,435ms] [Warning] [omni.isaac.motion_generation.path_planning_interface] omni.isaac.motion_generation has been deprecated in favor of isaacsim.robot_motion.motion_generation. Please update your code accordingly.
2026-04-26T17:46:35Z [14,436ms] [Warning] [omni.isaac.motion_generation.trajectory] omni.isaac.motion_generation has been deprecated in favor of isaacsim.robot_motion.motion_generation. Please update your code accordingly.
2026-04-26T17:46:35Z [14,436ms] [Warning] [omni.isaac.motion_generation.world_interface] omni.isaac.motion_generation has been deprecated in favor of isaacsim.robot_motion.motion_generation. Please update your code accordingly.
[14.692s] [ext: omni.isaac.assets_check-0.3.13] startup
2026-04-26T17:46:35Z [14,440ms] [Warning] [omni.isaac.assets_check] omni.isaac.assets_check has been deprecated in favor of isaacsim.asset.browser. Please update your code accordingly.
[14.695s] [ext: isaacsim.gui.sensors.icon-2.0.3] startup
[14.753s] [ext: isaacsim.asset.importer.mjcf-2.5.13] startup
[14.770s] [ext: omni.sensors.nv.common-3.0.0] startup
[14.943s] [ext: isaacsim.sensors.physics-0.4.3] startup
[14.963s] [ext: omni.sensors.net-1.0.0] startup
[15.004s] [ext: omni.isaac.nucleus-1.0.6] startup
2026-04-26T17:46:35Z [14,752ms] [Warning] [omni.isaac.nucleus] omni.isaac.nucleus has been deprecated in favor of isaacsim.storage.native. Please update your code accordingly.
2026-04-26T17:46:35Z [14,753ms] [Warning] [omni.isaac.nucleus.nucleus] omni.isaac.nucleus.nucleus has been deprecated in favor of isaacsim.storage.native. Please update your code accordingly.
2026-04-26T17:46:35Z [14,753ms] [Warning] [omni.ext._impl._internal] Found class `Extension` derived from `omni.ext.IExt` in module: 'omni.isaac.nucleus', but it was imported from other extension: 'c:/transformer-rl-retro-propulsion/env_isaaclab/lib/site-packages/isaacsim/exts/isaacsim.storage.native/isaacsim/storage/native/impl/extension.py', which is not a subpath to: 'c:\transformer-rl-retro-propulsion\env_isaaclab\lib\site-packages\isaacsim\extsdeprecated\omni.isaac.nucleus'. Do not import `IExt` derived class from other extension in your public namespace.
[15.008s] [ext: omni.sensors.nv.materials-2.0.0] startup
[15.047s] [ext: isaacsim.robot.policy.examples-4.1.11] startup
[15.052s] [ext: omni.sensors.nv.wpm-3.0.0] startup
[15.072s] [ext: omni.sensors.nv.lidar-3.0.0] startup
[15.143s] [ext: isaacsim.util.debug_draw-3.1.0] startup
[15.157s] [ext: omni.sensors.nv.radar-3.0.0] startup
[15.189s] [ext: omni.sensors.nv.ids-2.0.0] startup
[15.200s] [ext: isaacsim.core.cloner-1.4.10] startup
[15.209s] [ext: isaacsim.sensors.physx-2.3.2] startup
[15.225s] [ext: isaacsim.sensors.rtx-15.8.4] startup
[15.253s] [ext: isaacsim.sensors.camera-1.3.6] startup
[15.269s] [ext: omni.isaac.quadruped-3.0.7] startup
2026-04-26T17:46:35Z [15,016ms] [Warning] [omni.isaac.quadruped] omni.isaac.quadruped has been deprecated in favor of isaacsim.robot.policy.examples. Please update your code accordingly.
[15.272s] [ext: omni.isaac.cloner-1.0.7] startup
2026-04-26T17:46:35Z [15,020ms] [Warning] [omni.isaac.cloner] omni.isaac.cloner has been deprecated in favor of isaacsim.core.cloner. Please update your code accordingly.
[15.279s] [ext: omni.isaac.range_sensor-4.0.6] startup
2026-04-26T17:46:35Z [15,026ms] [Warning] [omni.isaac.range_sensor] omni.isaac.range_sensor has been deprecated in favor of isaacsim.sensors.physx. Please update your code accordingly.
2026-04-26T17:46:35Z [15,027ms] [Warning] [omni.isaac.range_sensor.commands] omni.isaac.range_sensor.commands has been deprecated in favor of isaacsim.sensors.physx.commands. Please update your code accordingly.
[15.283s] [ext: omni.isaac.sensor-13.0.7] startup
2026-04-26T17:46:35Z [15,031ms] [Warning] [omni.isaac.sensor] omni.isaac.sensor has been deprecated in favor of isaacsim.sensors.camera, isaacsim.sensors.physics, isaacsim.sensors.physx, and isaacsim.sensors.rtx. Please update your code accordingly.
2026-04-26T17:46:35Z [15,032ms] [Warning] [omni.isaac.sensor.camera] omni.isaac.sensor.camera has been deprecated in favor of isaacsim.sensors.camera.camera. Please update your code accordingly.
2026-04-26T17:46:35Z [15,033ms] [Warning] [omni.isaac.sensor.camera_view] omni.isaac.sensor.camera_view has been deprecated in favor of isaacsim.sensors.camera.camera_view. Please update your code accordingly.
2026-04-26T17:46:35Z [15,033ms] [Warning] [omni.isaac.sensor.commands] omni.isaac.sensor.commands has been deprecated in favor of isaacsim.sensors.physics.commands, isaacsim.sensors.physx.commands, and isaacsim.sensors.rtx.commands. Please update your code accordingly.
2026-04-26T17:46:35Z [15,034ms] [Warning] [omni.isaac.sensor.contact_sensor] omni.isaac.sensor.contact_sensor has been deprecated in favor of isaacsim.sensors.physics.contact_sensor. Please update your code accordingly.
2026-04-26T17:46:35Z [15,035ms] [Warning] [omni.isaac.sensor.imu_sensor] omni.isaac.sensor.imu_sensor has been deprecated in favor of isaacsim.sensors.physics.imu_sensor. Please update your code accordingly.
2026-04-26T17:46:35Z [15,035ms] [Warning] [omni.isaac.sensor.lidar_rtx] omni.isaac.sensor.lidar_rtx has been deprecated in favor of isaacsim.sensors.rtx.lidar_rtx. Please update your code accordingly.
2026-04-26T17:46:35Z [15,036ms] [Warning] [omni.isaac.sensor.rotating_lidar_physX] omni.isaac.sensor.imu_sensor has been deprecated in favor of isaacsim.sensors.physix.rotating_lidar_physX. Please update your code accordingly.
2026-04-26T17:46:35Z [15,038ms] [Warning] [omni.isaac.sensor.scripts.samples.contact_sensor] omni.isaac.sensor.scripts.samples.contact_sensor has been deprecated in favor of isaacsim.sensors.physics.scripts.samples.contact_sensor. Please update your code accordingly.
2026-04-26T17:46:35Z [15,039ms] [Warning] [omni.isaac.sensor.scripts.samples.imu_sensor] omni.isaac.sensor.scripts.samples.imu_sensor has been deprecated in favor of isaacsim.sensors.physics.scripts.samples.imu_sensor. Please update your code accordingly.
2026-04-26T17:46:35Z [15,039ms] [Warning] [omni.isaac.sensor.scripts.samples.lightbeam_sensor] omni.isaac.sensor.scripts.samples.lightbeam_sensor has been deprecated in favor of isaacsim.sensors.physx.scripts.samples.lightbeam_sensor. Please update your code accordingly.
[15.295s] [ext: omni.kit.menu.create-2.0.1] startup
[15.306s] [ext: omni.kit.widget.toolbar-2.0.1] startup
[15.332s] [ext: omni.kit.manipulator.transform-107.0.0] startup
[15.345s] [ext: omni.isaac.core-4.0.7] startup
2026-04-26T17:46:35Z [15,093ms] [Warning] [omni.isaac.core.physics_context.physics_context] omni.isaac.core.physics_context.physics_context has been deprecated in favor of isaacsim.core.api.physics_context.physics_context. Please update your code accordingly.
2026-04-26T17:46:35Z [15,094ms] [Warning] [omni.isaac.core.simulation_context.simulation_context] omni.isaac.core.simulation_context.simulation_context has been deprecated in favor of isaacsim.core.api.simulation_context.simulation_context. Please update your code accordingly.
2026-04-26T17:46:35Z [15,094ms] [Warning] [omni.isaac.core.world.world] omni.isaac.core.world.world has been deprecated in favor of isaacsim.core.api.world.world. Please update your code accordingly.
2026-04-26T17:46:35Z [15,094ms] [Warning] [omni.isaac.core] omni.isaac.core has been deprecated in favor of isaacsim.core.api. Please update your code accordingly.
[15.351s] [ext: omni.kit.scripting-107.3.2] startup
[15.367s] [ext: omni.kit.manipulator.tool.snap-1.5.13] startup
[15.384s] [ext: omni.kit.manipulator.selector-1.1.3] startup
[15.389s] [ext: isaacsim.app.about-2.0.11] startup
[15.412s] [ext: isaacsim.replicator.behavior-1.1.16] startup
[15.414s] [ext: omni.kit.viewport.manipulator.transform-107.0.4] startup
[15.420s] [ext: omni.isaac.window.about-2.0.7] startup
2026-04-26T17:46:36Z [15,172ms] [Warning] [omni.isaac.window.about] omni.isaac.window.about has been deprecated in favor of isaacsim.app.about. Please update your code accordingly.
2026-04-26T17:46:36Z [15,172ms] [Warning] [omni.isaac.window.about.about] omni.isaac.window.about.about has been deprecated in favor of isaacsim.app.about.about. Please update your code accordingly.
[15.428s] [ext: omni.fabric.commands-1.1.6] startup
[15.439s] [ext: omni.kit.manipulator.prim.core-107.0.8] startup
[15.460s] [ext: omni.kit.property.audio-1.0.16] startup
[15.464s] [ext: omni.kit.property.camera-1.0.10] startup
[15.468s] [ext: omni.kit.property.geometry-2.0.4] startup
[15.477s] [ext: omni.hydra.scene_api-0.1.2] startup
[15.489s] [ext: omni.kit.property.light-1.0.12] startup
[15.507s] [ext: omni.kit.manipulator.prim.fabric-107.0.4] startup
[15.513s] [ext: omni.kit.manipulator.prim.usd-107.0.3] startup
[15.516s] [ext: omni.kit.property.material-1.11.9] startup
[15.540s] [ext: omni.kit.property.render-1.2.1] startup
[15.543s] [ext: omni.kit.property.transform-1.5.13] startup
[15.552s] [ext: isaacsim.gui.property-1.1.3] startup
[15.558s] [ext: omni.kit.manipulator.camera-106.0.4] startup
[15.569s] [ext: omni.kit.manipulator.prim-107.0.0] startup
[15.569s] [ext: omni.isaac.surface_gripper-2.0.6] startup
2026-04-26T17:46:36Z [15,315ms] [Warning] [omni.isaac.surface_gripper] omni.isaac.surface_gripper has been deprecated in favor of isaacsim.robot.surface_gripper. Please update your code accordingly.
2026-04-26T17:46:36Z [15,316ms] [Warning] [omni.ext._impl._internal] Found class `Extension` derived from `omni.ext.IExt` in module: 'omni.isaac.surface_gripper', but it was imported from other extension: 'c:/transformer-rl-retro-propulsion/env_isaaclab/lib/site-packages/isaacsim/exts/isaacsim.robot.surface_gripper/isaacsim/robot/surface_gripper/impl/extension.py', which is not a subpath to: 'c:\transformer-rl-retro-propulsion\env_isaaclab\lib\site-packages\isaacsim\extsdeprecated\omni.isaac.surface_gripper'. Do not import `IExt` derived class from other extension in your public namespace.
[15.571s] [ext: omni.kit.manipulator.selection-106.0.1] startup
[15.577s] [ext: omni.kit.property.bundle-1.4.1] startup
[15.581s] [ext: omni.kit.property.isaac-1.0.6] startup
2026-04-26T17:46:36Z [15,328ms] [Warning] [omni.kit.property.isaac] omni.kit.property.isaac has been deprecated in favor of isaacsim.gui.property. Please update your code accordingly.
2026-04-26T17:46:36Z [15,329ms] [Warning] [omni.kit.property.isaac.widgets] omni.kit.property.isaac.widgets has been deprecated in favor of isaacsim.gui.property.widgets. Please update your code accordingly.
[15.584s] [ext: omni.isaac.universal_robots-1.0.6] startup
2026-04-26T17:46:36Z [15,331ms] [Warning] [omni.isaac.universal_robots] omni.isaac.universal_robots has been deprecated in favor of isaacsim.robot.manipulators.examples.universal_robots. Please update your code accordingly.
2026-04-26T17:46:36Z [15,331ms] [Warning] [omni.isaac.universal_robots.kinematics_solver] omni.isaac.franka has been deprecated in favor of isaacsim.robot.manipulators.examples.universal_robots. Please update your code accordingly.
2026-04-26T17:46:36Z [15,335ms] [Warning] [omni.isaac.universal_robots.ur10] omni.isaac.franka has been deprecated in favor of isaacsim.robot.manipulators.examples.universal_robots. Please update your code accordingly.
[15.590s] [ext: omni.isaac.core_nodes-2.0.6] startup
2026-04-26T17:46:36Z [15,340ms] [Warning] [omni.isaac.core_nodes] omni.isaac.core_nodes has been deprecated in favor of isaacsim.core.nodes. Please update your code accordingly.
[15.595s] [ext: omni.kit.viewport.menubar.camera-107.0.6] startup
[15.612s] [ext: omni.kit.viewport.menubar.lighting-107.3.1] startup
[15.619s] [ext: isaacsim.replicator.writers-1.0.17] startup
[15.664s] [ext: omni.kit.viewport.menubar.render-107.0.10] startup
[15.674s] [ext: omni.kit.viewport.menubar.settings-107.0.3] startup
[15.687s] [ext: omni.kit.window.console-1.1.4] startup
[15.704s] [ext: isaacsim.replicator.domain_randomization-1.0.16] startup
[15.712s] [ext: isaacsim.replicator.examples-1.3.6] startup
[15.716s] [ext: omni.ocio-0.1.1] startup
[15.728s] [ext: omni.rtx.window.settings-0.6.19] startup
[15.743s] [ext: omni.kit.window.status_bar-0.1.9] startup
[15.754s] [ext: omni.kit.window.toolbar-2.0.0] startup
[15.768s] [ext: omni.replicator.isaac-2.0.8] startup
2026-04-26T17:46:36Z [15,516ms] [Warning] [omni.replicator.isaac] omni.replicator.isaac has been deprecated in favor of isaacsim.replicator.domain_randomization, isaacsim.replicator.examples, isaacsim.replicator.writers. Please update your code accordingly.
[15.773s] [ext: omni.replicator.replicator_yaml-2.0.11] startup
[15.816s] [ext: omni.rtx.settings.core-0.6.5] startup
[15.828s] [ext: omni.usd.metrics.assembler.ui-107.3.1] startup
[15.843s] [ext: omni.isaac.utils-2.0.6] startup
[15.846s] [ext: semantics.schema.editor-2.0.2] startup
[15.854s] [ext: omni.kit.ui.actions-1.0.5] startup
[15.857s] [ext: semantics.schema.property-2.0.1] startup
[15.862s] [ext: omni.isaac.version-2.0.7] startup
2026-04-26T17:46:36Z [15,609ms] [Warning] [omni.isaac.version] omni.isaac.version has been deprecated in favor of isaacsim.core.version. Please update your code accordingly.
[15.865s] [ext: omni.isaac.cortex-1.0.5] startup
[15.866s] [ext: omni.anim.curve.core-1.3.1] startup
[15.891s] [ext: isaacsim.core.throttling-2.2.2] startup
[15.898s] [ext: omni.kit.menu.common-2.0.1] startup
[15.903s] [ext: isaacsim.exp.base-5.1.0] startup
[15.904s] [ext: isaacsim.exp.base.python-5.1.0] startup
[15.907s] Simulation App Starting
2026-04-26T17:46:37Z [16,890ms] [Warning] [omni.fabric.plugin] Warning: attribute overrideClipRange not found for bucket id 9

[17.224s] app ready
Starting kit application with the following args:  ['C:\\Transformer-rl-retro-propulsion\\env_isaaclab\\Lib\\site-packages\\isaacsim\\exts\\isaacsim.simulation_app\\isaacsim\\simulation_app\\simulation_app.py', 'C:\\Transformer-rl-retro-propulsion\\env_isaaclab\\Lib\\site-packages\\isaacsim\\apps/isaacsim.exp.base.python.kit', '--/app/tokens/exe-path=C:\\Transformer-rl-retro-propulsion\\env_isaaclab\\Lib\\site-packages\\isaacsim\\kit', '--/persistent/app/viewport/displayOptions=3094', '--/rtx/materialDb/syncLoads=True', '--/rtx/hydra/materialSyncLoads=True', '--/omni.kit.plugin/syncUsdLoads=True', '--/app/renderer/resolution/width=1280', '--/app/renderer/resolution/height=720', '--/app/window/width=1440', '--/app/window/height=900', '--/renderer/multiGpu/enabled=True', '--/app/fastShutdown=True', '--/app/installSignalHandlers=0', '--ext-folder', 'C:\\Transformer-rl-retro-propulsion\\env_isaaclab\\Lib\\site-packages\\isaacsim/exts', '--ext-folder', 'C:\\Transformer-rl-retro-propulsion\\env_isaaclab\\Lib\\site-packages\\isaacsim/apps', '--/physics/cudaDevice=0', '--/plugins/carb.tasking.plugin/threadCount=24', '--/plugins/omni.tbb.globalcontrol/maxThreadCount=24', '--portable']
Passing the following args to the base kit application:  ['--task', 'landing', '--env-config', 'configs/env/train_128.yaml', '--total-steps', '65536', '--rollout-steps', '64', '--minibatches', '8', '--update-epochs', '2', '--learning-rate', '1e-5', '--ent-coef', '0.0', '--residual-scale', '0.05', '--bc-steps', '0', '--eval-seconds', '10', '--eval-interval', '32768', '--save-interval', '32768', '--max-wall-time', '1200', '--no-headless']
Warp 1.8.2 initialized:
   CUDA Toolkit 12.8, Driver 13.0
   Devices:
     "cpu"      : "AMD64 Family 26 Model 68 Stepping 0, AuthenticAMD"
     "cuda:0"   : "NVIDIA GeForce RTX 5070" (12 GiB, sm_120, mempool enabled)
   Kernel cache:
     C:\Users\tngzj\AppData\Local\NVIDIA\warp\Cache\1.8.2
Warp DeprecationWarning: The `warp.sim` module is deprecated and will be removed in v1.10. Please transition to using the forthcoming Newton library instead.

[36m===================================================================================================================[0m
[36m[1m[INFO][IsaacLab]: Logging to file: C:\Users\tngzj\AppData\Local\Temp\isaaclab\logs\isaaclab_2026-04-26_12-46-41.log[0m
[36m===================================================================================================================[0m

Residual-PID PPO enabled: policy outputs bounded residuals around the stable PID baseline
{"type":"train_update","update":1,"global_step":8192,"wall_s":4.92,"sps":1663.8,"loss":6636.273193,"pg_loss":0.060688,"v_loss":13272.425049,"entropy":2.094586,"approx_kl":0.28404,"clipfrac":0.0253,"reward_mean":-12.0703}
step=8,192 reward_mean=-12.070 kl=0.28404 clipfrac=0.025 eval={'landed_fraction': 0.46875, 'crashed_fraction': 0.0, 'mean_touchdown_speed': 0.005612826440483332, 'max_touchdown_speed': 0.2061648666858673, 'mean_pad_distance': 1.331795334815979, 'max_pad_distance': 6.362038612365723, 'mean_delta_v_proxy': 8.530519485473633, 'passed': False}
{"type":"train_update","update":2,"global_step":16384,"wall_s":23.29,"sps":703.5,"loss":6889.448303,"pg_loss":0.05634,"v_loss":13778.784058,"entropy":2.094338,"approx_kl":0.322649,"clipfrac":0.028,"reward_mean":-12.2958}
{"type":"train_update","update":3,"global_step":24576,"wall_s":27.34,"sps":898.9,"loss":1956.459038,"pg_loss":0.047994,"v_loss":3912.822098,"entropy":2.094039,"approx_kl":0.012161,"clipfrac":0.0254,"reward_mean":-4.5733}
{"type":"train_update","update":4,"global_step":32768,"wall_s":31.64,"sps":1035.6,"loss":6629.9599,"pg_loss":0.101926,"v_loss":13259.715942,"entropy":2.093809,"approx_kl":1.199901,"clipfrac":0.0267,"reward_mean":-3.5273}
step=32,768 reward_mean=-3.527 kl=1.19990 clipfrac=0.027 eval={'landed_fraction': 0.453125, 'crashed_fraction': 0.0, 'mean_touchdown_speed': 0.005263091530650854, 'max_touchdown_speed': 0.14224781095981598, 'mean_pad_distance': 1.454298496246338, 'max_pad_distance': 7.940026760101318, 'mean_delta_v_proxy': 8.511470794677734, 'passed': False}
{"type":"train_update","update":5,"global_step":40960,"wall_s":49.13,"sps":833.7,"loss":6970.382263,"pg_loss":0.033693,"v_loss":13940.697083,"entropy":2.093693,"approx_kl":0.023971,"clipfrac":0.025,"reward_mean":-12.3683}
{"type":"train_update","update":6,"global_step":49152,"wall_s":52.75,"sps":931.7,"loss":2001.982941,"pg_loss":0.10237,"v_loss":4003.761169,"entropy":2.0936,"approx_kl":3.647475,"clipfrac":0.0255,"reward_mean":-4.8219}
{"type":"train_update","update":7,"global_step":57344,"wall_s":55.84,"sps":1026.9,"loss":5143.785156,"pg_loss":0.053869,"v_loss":10287.462524,"entropy":2.093486,"approx_kl":0.031213,"clipfrac":0.0278,"reward_mean":-4.3818}
{"type":"train_update","update":8,"global_step":65536,"wall_s":59.01,"sps":1110.5,"loss":5499.656494,"pg_loss":0.04793,"v_loss":10999.217041,"entropy":2.093361,"approx_kl":0.050593,"clipfrac":0.0256,"reward_mean":-2.5954}
step=65,536 reward_mean=-2.595 kl=0.05059 clipfrac=0.026 eval={'landed_fraction': 0.5, 'crashed_fraction': 0.0, 'mean_touchdown_speed': 0.0107190553098917, 'max_touchdown_speed': 0.11981971561908722, 'mean_pad_distance': 1.354163646697998, 'max_pad_distance': 4.74498987197876, 'mean_delta_v_proxy': 8.415276527404785, 'passed': False}
Training complete in 75.6s, steps=65,536
Final eval: {'landed_fraction': 0.4375, 'crashed_fraction': 0.0, 'mean_touchdown_speed': 0.009409564547240734, 'max_touchdown_speed': 0.14257989823818207, 'mean_pad_distance': 0.8955714702606201, 'max_pad_distance': 2.9376821517944336, 'mean_delta_v_proxy': 8.547348022460938, 'passed': False}
Run directory: C:\Transformer-rl-retro-propulsion\simulation\isaac\runs\ppo_landing_seed0_20260426_124620
Closing TVC environment...
Closing Isaac Sim...
[19.627s] Simulation App Startup Complete
[21.210s] [ext: omni.physx.fabric-107.3.26] startup
2026-04-26T17:47:03Z [42,579ms] [Warning] [carb] Client gpu.foundation.plugin has acquired [gpu::unstable::IMemoryBudgetManagerFactory v0.1] 100 times. Consider accessing this interface with carb::getCachedInterface() (Performance warning)
[128.374s] Simulation App Shutting Down
