PPO training starting: task=landing, total_steps=524288, bc_steps=0, headless=False
[Info] [carb] Logging to file: c:/transformer-rl-retro-propulsion/env_isaaclab/lib/site-packages/isaacsim/kit/logs/Kit/Isaac-Sim Python/5.1/kit_20260426_125851.log
[0.329s] [ext: omni.kit.async_engine-0.0.3] startup
[0.527s] [ext: omni.metrics.core-0.0.3] startup
[0.529s] [ext: omni.client.lib-1.1.0] startup
[0.562s] [ext: omni.blobkey-1.1.2] startup
[0.563s] [ext: omni.stats-1.0.1] startup
[0.568s] [ext: omni.datastore-0.0.0] startup
[0.573s] [ext: omni.client-1.3.0] startup
[0.652s] [ext: omni.ujitso.default-1.0.0] startup
[0.659s] [ext: omni.hsscclient-1.1.2] startup
[0.676s] [ext: omni.gpu_foundation.shadercache.vulkan-1.0.0] startup
[0.683s] [ext: omni.assets.plugins-0.0.0] startup
[0.691s] [ext: omni.gpu_foundation-0.0.0] startup
[0.741s] [ext: carb.windowing.plugins-1.0.0] startup
2026-04-26T17:58:52Z [1,333ms] [Warning] [carb.windowing-glfw.gamepad] Joystick with unknown remapping detected (will be ignored):  Saitek Pro Flight Rudder Pedals [03000000a30600006307000000000000]
2026-04-26T17:58:52Z [1,334ms] [Warning] [carb.windowing-glfw.gamepad] Joystick with unknown remapping detected (will be ignored):  3Dconnexion KMJ Emulator [03000000efbe00006d04000000000000]
2026-04-26T17:58:52Z [1,334ms] [Warning] [carb.windowing-glfw.gamepad] Joystick with unknown remapping detected (will be ignored):  Joystick - HOTAS Warthog [030000004f0400000204000000000000]
[1.568s] [ext: omni.kit.renderer.init-0.0.0] startup
[1.571s] [ext: omni.materialx.libs-1.0.7] startup
[1.596s] [ext: omni.usd.config-1.0.6] startup
[1.632s] [ext: omni.gpucompute.plugins-0.0.0] startup
[1.726s] [ext: omni.usd.libs-1.0.1] startup
[1.931s] [ext: omni.mdl-56.0.3] startup
[2.105s] [ext: omni.iray.libs-0.0.0] startup
[2.145s] [ext: omni.mdl.neuraylib-0.2.12] startup
[2.161s] [ext: omni.kit.usd.mdl-1.1.5] startup
[2.341s] [ext: omni.kit.pipapi-0.0.0] startup
[2.343s] [ext: omni.kit.loop-isaac-1.3.7] startup
[2.347s] [ext: omni.kit.test-2.0.1] startup
[2.487s] [ext: omni.kit.telemetry-0.5.2] startup
[2.502s] [ext: omni.appwindow-1.1.10] startup
[2.543s] [ext: omni.kit.renderer.core-1.1.0] startup
[2.554s] [ext: omni.kit.renderer.capture-0.0.0] startup
[2.563s] [ext: omni.kit.renderer.imgui-2.0.5] startup

|---------------------------------------------------------------------------------------------|
| Driver Version: 580.88        | Graphics API: Vulkan
|=============================================================================================|
| GPU | Name                             | Active | LDA | GPU Memory | Vendor-ID | LUID       |
|     |                                  |        |     |            | Device-ID | UUID       |
|     |                                  |        |     |            | Bus-ID    |            |
|---------------------------------------------------------------------------------------------|
| 0   | NVIDIA GeForce RTX 5070          | Yes: 0 |     | 11855   MB | 10de      | b42b0100.. |
|     |                                  |        |     |            | 2f04      | 36fdc134.. |
|     |                                  |        |     |            | 1         |            |
|=============================================================================================|
| OS: Windows 11 Pro, Version: 10.0 (25H2), Build: 26200, Kernel: 10.0.26100.8246
| Processor: AMD Ryzen 9 9900X 12-Core Processor            
| Cores: 12 | Logical Cores: 24
|---------------------------------------------------------------------------------------------|
| Total Memory (MB): 32360 | Free Memory: 22749
| Total Page/Swap (MB): 42443 | Free Page/Swap: 10572
|---------------------------------------------------------------------------------------------|
[2.590s] [ext: omni.ui-2.27.1] startup
[2.607s] [ext: omni.kit.mainwindow-1.0.3] startup
[2.610s] [ext: carb.audio-0.1.0] startup
[2.613s] [ext: omni.uiaudio-1.0.0] startup
[2.617s] [ext: omni.kit.uiapp-0.0.0] startup
[2.618s] [ext: omni.usd.schema.metrics.assembler-107.3.1] startup
[2.632s] [ext: omni.anim.navigation.schema-107.3.3] startup
[2.645s] [ext: omni.usd.schema.anim-0.0.0] startup
[2.698s] [ext: omni.usd.schema.audio-0.0.0] startup
[2.709s] [ext: omni.usd.schema.omniscripting-1.0.0] startup
[2.722s] [ext: omni.usd.schema.physx-107.3.26] startup
[2.757s] [ext: omni.usd_resolver-1.0.0] startup
[2.771s] [ext: omni.usd.core-1.5.3] startup
[2.774s] [ext: omni.usd.schema.omni_sensors-0.0.0] startup
[2.808s] [ext: omni.usd.schema.omnigraph-1.0.0] startup
[2.824s] [ext: omni.usd.schema.semantics-0.0.0] startup
[2.834s] [ext: omni.usd.schema.geospatial-0.0.0] startup
[2.846s] [ext: omni.kit.window.popup_dialog-2.0.24] startup
[2.857s] [ext: omni.activity.core-1.0.3] startup
[2.862s] [ext: omni.kit.widget.nucleus_connector-2.0.1] startup
[2.869s] [ext: omni.kit.usd_undo-0.1.8] startup
[2.870s] [ext: omni.graph.exec-0.9.6] startup
[2.874s] [ext: omni.kit.actions.core-1.0.0] startup
[2.883s] [ext: usdrt.scenegraph-7.6.1] startup
[2.958s] [ext: omni.resourcemonitor-107.0.1] startup
[2.965s] [ext: omni.kit.exec.core-0.13.4] startup
[2.972s] [ext: omni.timeline-1.0.14] startup
[2.978s] [ext: omni.kit.commands-1.4.10] startup
[2.992s] [ext: omni.kit.audiodeviceenum-1.0.2] startup
[2.998s] [ext: omni.hydra.usdrt_delegate-7.5.1] startup
[3.016s] [ext: omni.hydra.scene_delegate-0.3.4] startup
[3.021s] [ext: omni.usd-1.13.10] startup
[4.161s] [ext: omni.inspect-1.0.2] startup
[4.166s] [ext: omni.kit.notification_manager-1.0.10] startup
[4.172s] [ext: omni.graph.core-2.184.5] startup
[4.178s] [ext: isaacsim.core.deprecation_manager-0.2.7] startup
[4.180s] [ext: omni.anim.graph.schema-107.3.3] startup
[4.194s] [ext: omni.usd.schema.flow-107.1.1] startup
[4.197s] [ext: omni.usd.schema.isaac-3.0.5] startup
[4.197s] [ext: omni.usd.schema.omni_lens_distortion-0.0.0] startup
[4.199s] [ext: isaacsim.robot.schema-3.6.0] startup
[4.226s] [ext: omni.kit.asset_converter-5.0.17] startup
[4.244s] [ext: omni.usd.schema.render_settings.rtx-0.0.0] startup
[4.248s] [ext: omni.kit.helper.file_utils-0.1.9] startup
[4.251s] [ext: omni.kit.menu.core-1.1.2] startup
[4.253s] [ext: omni.kit.widget.path_field-2.0.11] startup
[4.256s] [ext: omni.kit.widget.filebrowser-2.12.3] startup
[4.274s] [ext: omni.kit.widget.context_menu-1.2.5] startup
[4.277s] [ext: omni.kit.widget.browser_bar-2.0.10] startup
[4.280s] [ext: omni.kit.clipboard-1.0.5] startup
[4.283s] [ext: omni.kit.widget.options_menu-1.1.6] startup
[4.293s] [ext: omni.ui.scene-1.11.5] startup
[4.300s] [ext: omni.kit.widget.options_button-1.0.3] startup
[4.302s] [ext: omni.kit.usd.layers-2.2.11] startup
[4.321s] [ext: omni.kit.window.filepicker-2.13.4] startup
[4.366s] [ext: omni.kit.widget.filter-1.1.4] startup
[4.368s] [ext: omni.kit.hotkeys.core-1.3.10] startup
[4.378s] [ext: omni.kit.context_menu-1.8.6] startup
[4.382s] [ext: omni.kit.property.adapter.core-1.0.2] startup
[4.388s] [ext: omni.kit.window.file_exporter-1.0.33] startup
[4.395s] [ext: omni.kit.widget.searchfield-1.1.8] startup
[4.399s] [ext: omni.kit.numpy.common-0.1.3] startup
[4.401s] [ext: omni.kit.widget.stage-3.1.4] startup
[4.439s] [ext: omni.kit.property.adapter.usd-1.0.2] startup
[4.442s] [ext: omni.kit.property.adapter.fabric-1.0.3] startup
[4.446s] [ext: isaacsim.core.version-2.0.6] startup
[4.448s] [ext: omni.kit.window.file_importer-1.1.18] startup
[4.450s] [ext: omni.kit.stage_template.core-1.1.22] startup
[4.452s] [ext: omni.kit.menu.utils-2.0.5] startup
[4.461s] [ext: omni.kit.window.file-2.0.5] startup
[4.469s] [ext: omni.kit.window.drop_support-1.0.5] startup
[4.471s] [ext: omni.kit.widget.highlight_label-1.0.3] startup
[4.473s] [ext: omni.kit.window.content_browser_registry-0.0.6] startup
[4.475s] [ext: omni.kit.widget.graph-2.0.0] startup
[4.491s] [ext: omni.kit.window.property-1.12.1] startup
[4.770s] [ext: omni.kit.window.content_browser-3.1.3] startup
[4.789s] [ext: omni.kit.graph.delegate.default-1.2.3] startup
[4.791s] [ext: omni.kit.property.usd-4.5.12] startup
[4.814s] [ext: omni.convexdecomposition-107.3.26] startup
[4.822s] [ext: omni.kit.graph.editor.core-1.5.3] startup
[4.829s] [ext: omni.kit.material.library-2.0.7] startup
[4.842s] [ext: omni.kvdb-107.3.26] startup
[4.850s] [ext: omni.usdphysics-107.3.26] startup
[4.855s] [ext: omni.physx.foundation-107.3.26] startup
[4.874s] [ext: omni.localcache-107.3.26] startup
[4.883s] [ext: omni.kit.graph.usd.commands-1.3.1] startup
[4.886s] [ext: omni.physx.cooking-107.3.26] startup
[4.896s] [ext: omni.physics-107.3.26] startup
[4.906s] [ext: omni.physx-107.3.26] startup
[4.928s] [ext: omni.physics.stageupdate-107.3.26] startup
[4.938s] [ext: omni.physics.physx-107.3.26] startup
2026-04-26T17:58:56Z [4,707ms] [Warning] [carb] Acquiring non optional plugin interface which is not listed as dependency: [omni::physx::IPhysxBenchmarks v1.0] (plugin: <default plugin>), by client: omni.physics.physx.plugin. Add it to CARB_PLUGIN_IMPL_DEPS() macro of a client.
[4.942s] [ext: omni.index.libs-380600.8087.0] startup
[4.942s] [ext: omni.index-1.0.1] startup
[4.945s] [ext: omni.volume-0.5.2] startup
[4.958s] [ext: omni.ujitso.client-0.0.0] startup
[4.961s] [ext: omni.hydra.rtx.shadercache.vulkan-1.0.0] startup
[4.964s] [ext: omni.kit.widget.searchable_combobox-1.0.6] startup
[4.969s] [ext: omni.hydra.rtx-1.0.0] startup
[5.069s] [ext: omni.kit.widget.settings-1.2.6] startup
[5.075s] [ext: omni.kit.hydra_texture-1.4.6] startup
[5.084s] [ext: omni.graph.tools-1.79.2] startup
[5.175s] [ext: omni.kit.window.preferences-1.8.0] startup
[5.198s] [ext: omni.kit.widget.material_preview-1.0.16] startup
[5.205s] [ext: omni.graph-1.141.2] startup
[5.304s] [ext: omni.kit.window.material_graph-1.9.1] startup
[5.332s] [ext: omni.isaac.dynamic_control-2.0.7] startup
2026-04-26T17:58:56Z [5,110ms] [Warning] [omni.isaac.dynamic_control] omni.isaac.dynamic_control is deprecated as of Isaac Sim 4.5. No action is needed from end-users.
[5.346s] [ext: isaacsim.storage.native-1.5.1] startup
[5.354s] [ext: omni.graph.scriptnode-1.50.0] startup
[5.359s] [ext: omni.hydra.engine.stats-1.0.3] startup
[5.368s] [ext: omni.kit.viewport.legacy_gizmos-1.0.19] startup
[5.374s] [ext: omni.kit.raycast.query-1.1.0] startup
[5.385s] [ext: omni.graph.action_core-1.1.7] startup
[5.401s] [ext: omni.kit.viewport.scene_camera_model-1.0.6] startup
[5.408s] [ext: omni.graph.image.core-0.6.1] startup
[5.413s] [ext: omni.kit.widget.viewport-107.1.3] startup
[5.434s] [ext: omni.kit.viewport.registry-104.0.6] startup
[5.437s] [ext: omni.usd.metrics.assembler-107.3.1] startup
[5.450s] [ext: omni.kit.viewport.window-107.2.0] startup
[5.489s] [ext: omni.kit.viewport.menubar.core-107.2.1] startup
[5.541s] [ext: omni.graph.image.nodes-1.3.1] startup
[5.546s] [ext: omni.usd.metrics.assembler.physics-107.3.26] startup
[5.552s] [ext: omni.warp.core-1.8.2] startup
[5.754s] [ext: omni.kit.viewport.utility-1.1.2] startup
[5.756s] [ext: omni.physics.tensors-107.3.26] startup
[5.772s] [ext: omni.syntheticdata-0.6.13] startup
[5.821s] [ext: isaacsim.test.docstring-1.1.0] startup
[5.839s] [ext: isaacsim.core.utils-3.5.1] startup
[5.854s] [ext: omni.physx.tensors-107.3.26] startup
[5.860s] [ext: omni.graph.nodes-1.170.10] startup
[5.882s] [ext: omni.graph.action_nodes-1.50.4] startup
[5.890s] [ext: omni.kit.primitive.mesh-1.0.17] startup
[5.908s] [ext: isaacsim.core.simulation_manager-1.4.4] startup
[8.973s] [ext: omni.graph.ui_nodes-1.50.5] startup
[8.982s] [ext: omni.graph.action-1.130.0] startup
[8.983s] [ext: omni.kit.stage_templates-2.0.0] startup
[8.993s] [ext: isaacsim.core.prims-0.6.1] startup
[9.035s] [ext: omni.warp-1.8.2] startup
[9.053s] [ext: omni.videoencoding-0.1.2] startup
[9.065s] [ext: isaacsim.core.api-4.8.0] startup
[9.120s] [ext: isaacsim.core.experimental.utils-0.3.0] startup
[9.132s] [ext: omni.replicator.core-1.12.27] startup
2026-04-26T17:59:00Z [8,934ms] [Warning] [pxr.Semantics] pxr.Semantics is deprecated - please use Semantics instead
2026-04-26T17:59:00Z [9,079ms] [Warning] [omni.graph.core.plugin] Found duplicate of category 'Replicator' - was 'Annotators', adding 'Fabric Reader'
2026-04-26T17:59:00Z [9,079ms] [Warning] [omni.graph.core.plugin] Category 'Replicator' not accepted on node type 'omni.replicator.core.FabricReader' in extension 'omni.replicator.core'
2026-04-26T17:59:00Z [9,080ms] [Warning] [omni.replicator.core.scripts.extension] No material configuration file, adding configuration to material settings directly.
[9.318s] [ext: isaacsim.core.experimental.prims-0.8.1] startup
[9.380s] [ext: omni.kit.window.extensions-1.4.27] startup
[9.406s] [ext: isaacsim.core.experimental.objects-0.4.0] startup
[9.429s] [ext: omni.ui_query-1.1.8] startup
[9.433s] [ext: omni.kit.manipulator.viewport-107.0.1] startup
[9.438s] [ext: isaacsim.robot.surface_gripper-3.3.1] startup
[9.447s] [ext: omni.kit.ui_test-1.3.7] startup
[9.457s] [ext: omni.graph.visualization.nodes-2.1.3] startup
[9.491s] [ext: isaacsim.robot_motion.lula-4.0.8] startup
[9.531s] [ext: isaacsim.core.nodes-3.4.3] startup
[9.556s] [ext: isaacsim.gui.components-1.2.1] startup
[9.579s] [ext: isaacsim.robot_motion.motion_generation-8.0.26] startup
[9.613s] [ext: isaacsim.robot.manipulators-3.3.6] startup
[9.626s] [ext: isaacsim.core.experimental.materials-0.4.0] startup
[9.653s] [ext: isaacsim.robot.manipulators.examples-1.1.2] startup
[9.657s] [ext: isaacsim.cortex.framework-1.0.12] startup
[9.665s] [ext: isaacsim.cortex.behaviors-2.0.14] startup
[9.668s] [ext: omni.isaac.cortex.sample_behaviors-2.0.5] startup
2026-04-26T17:59:00Z [9,438ms] [Warning] [omni.isaac.cortex] omni.isaac.cortex has been deprecated in favor of isaacsim.cortex.framework. Please update your code accordingly.
2026-04-26T17:59:00Z [9,441ms] [Warning] [omni.isaac.cortex.sample_behaviors] omni.isaac.cortex.sample_behaviors has been deprecated in favor of isaacsim.cortex.behaviors. Please update your code accordingly.
[9.676s] [ext: omni.kit.widget.zoombar-1.0.6] startup
[9.685s] [ext: isaacsim.gui.content_browser-0.1.11] startup
[9.696s] [ext: omni.kit.browser.core-2.3.13] startup
[9.715s] [ext: omni.kit.widget.stage_icons-1.0.8] startup
[9.719s] [ext: omni.kit.widget.prompt-1.0.7] startup
[9.723s] [ext: omni.kit.usd.collect-2.4.5] startup
[9.730s] [ext: omni.kit.browser.folder.core-1.10.9] startup
[9.765s] [ext: omni.kit.window.stage-2.6.1] startup
[9.795s] [ext: omni.kit.usdz_export-1.0.9] startup
[9.803s] [ext: omni.kit.tool.collect-2.2.18] startup
[9.818s] [ext: omni.kit.menu.stage-1.2.7] startup
[9.825s] [ext: omni.kit.tool.asset_importer-4.3.2] startup
[9.853s] [ext: isaacsim.robot.wheeled_robots-4.0.24] startup
[9.921s] [ext: isaacsim.examples.browser-0.2.1] startup
[9.936s] [ext: isaacsim.asset.importer.urdf-2.4.30] startup
[10.424s] [ext: omni.isaac.wheeled_robots-3.0.7] startup
2026-04-26T17:59:01Z [10,192ms] [Warning] [omni.isaac.wheeled_robots] omni.isaac.wheeled_robots has been deprecated in favor of isaacsim.robot.wheeled_robots. Please update your code accordingly.
2026-04-26T17:59:01Z [10,193ms] [Warning] [omni.isaac.wheeled_robots.controllers] omni.isaac.wheeled_robots has been deprecated in favor of isaacsim.robot.wheeled_robots. Please update your code accordingly.
2026-04-26T17:59:01Z [10,196ms] [Warning] [omni.isaac.wheeled_robots.controllers.ackermann_controller] omni.isaac.wheeled_robots has been deprecated in favor of isaacsim.robot.wheeled_robots. Please update your code accordingly.
2026-04-26T17:59:01Z [10,198ms] [Warning] [omni.isaac.wheeled_robots.controllers.differential_controller] omni.isaac.wheeled_robots has been deprecated in favor of isaacsim.robot.wheeled_robots. Please update your code accordingly.
2026-04-26T17:59:01Z [10,202ms] [Warning] [omni.isaac.wheeled_robots.controllers.holonomic_controller] omni.isaac.wheeled_robots has been deprecated in favor of isaacsim.robot.wheeled_robots. Please update your code accordingly.
2026-04-26T17:59:01Z [10,203ms] [Warning] [omni.isaac.wheeled_robots.controllers.quintic_path_planner] omni.isaac.wheeled_robots has been deprecated in favor of isaacsim.robot.wheeled_robots. Please update your code accordingly.
2026-04-26T17:59:01Z [10,204ms] [Warning] [omni.isaac.wheeled_robots.controllers.stanley_control] omni.isaac.wheeled_robots has been deprecated in favor of isaacsim.robot.wheeled_robots. Please update your code accordingly.
2026-04-26T17:59:01Z [10,204ms] [Warning] [omni.isaac.wheeled_robots.controllers.wheel_base_pose_controller] omni.isaac.wheeled_robots has been deprecated in favor of isaacsim.robot.wheeled_robots. Please update your code accordingly.
2026-04-26T17:59:01Z [10,205ms] [Warning] [omni.isaac.wheeled_robots.impl] omni.isaac.wheeled_robots has been deprecated in favor of isaacsim.robot.wheeled_robots. Please update your code accordingly.
2026-04-26T17:59:01Z [10,206ms] [Warning] [omni.isaac.wheeled_robots.robots] omni.isaac.wheeled_robots has been deprecated in favor of isaacsim.robot.wheeled_robots. Please update your code accordingly.
2026-04-26T17:59:01Z [10,207ms] [Warning] [omni.isaac.wheeled_robots.robots.holonomic_robot_usd_setup] omni.isaac.wheeled_robots has been deprecated in favor of isaacsim.robot.wheeled_robots. Please update your code accordingly.
2026-04-26T17:59:01Z [10,207ms] [Warning] [omni.isaac.wheeled_robots.robots.wheeled_robot] omni.isaac.wheeled_robots has been deprecated in favor of isaacsim.robot.wheeled_robots. Please update your code accordingly.
[10.442s] [ext: isaacsim.simulation_app-2.12.2] startup
[10.444s] [ext: omni.isaac.franka-1.0.7] startup
2026-04-26T17:59:01Z [10,211ms] [Warning] [omni.isaac.franka] omni.isaac.franka has been deprecated in favor of isaacsim.robot.manipulators.examples.franka. Please update your code accordingly.
2026-04-26T17:59:01Z [10,212ms] [Warning] [omni.isaac.franka.franka] omni.isaac.franka has been deprecated in favor of isaacsim.robot.manipulators.examples.franka. Please update your code accordingly.
2026-04-26T17:59:01Z [10,239ms] [Warning] [omni.isaac.franka.kinematics_solver] omni.isaac.franka has been deprecated in favor of isaacsim.robot.manipulators.examples.franka. Please update your code accordingly.
[10.474s] [ext: omni.isaac.kit-2.0.6] startup
2026-04-26T17:59:01Z [10,242ms] [Warning] [omni.isaac.kit] omni.isaac.kit has been deprecated in favor of isaacsim.simulation_app. Please update your code accordingly.
[10.476s] [ext: omni.kit.selection-0.1.6] startup
[10.481s] [ext: omni.isaac.lula-4.0.6] startup
2026-04-26T17:59:01Z [10,248ms] [Warning] [omni.isaac.lula] omni.isaac.lula has been deprecated in favor of isaacsim.robot_motion.lula. Please update your code accordingly.
[10.483s] [ext: isaacsim.robot_motion.lula_test_widget-1.0.12] startup
[10.488s] [ext: isaacsim.asset.browser-1.3.23] startup
[11.154s] [ext: omni.kit.viewport.actions-107.0.2] startup
[11.163s] [ext: isaacsim.gui.menu-2.4.4] startup
[11.183s] [ext: omni.isaac.manipulators-3.0.7] startup
2026-04-26T17:59:02Z [10,951ms] [Warning] [omni.isaac.manipulators] omni.isaac.manipulators has been deprecated in favor of isaacsim.robot.manipulators. Please update your code accordingly.
2026-04-26T17:59:02Z [10,952ms] [Warning] [omni.isaac.manipulators.controllers] omni.isaac.manipulators has been deprecated in favor of isaacsim.robot.manipulators. Please update your code accordingly.
2026-04-26T17:59:02Z [10,954ms] [Warning] [omni.isaac.manipulators.controllers.pick_place_controller] omni.isaac.manipulators has been deprecated in favor of isaacsim.robot.manipulators. Please update your code accordingly.
2026-04-26T17:59:02Z [10,957ms] [Warning] [omni.isaac.manipulators.controllers.stacking_controller] omni.isaac.manipulators has been deprecated in favor of isaacsim.robot.manipulators. Please update your code accordingly.
2026-04-26T17:59:02Z [10,958ms] [Warning] [omni.isaac.manipulators.grippers] omni.isaac.manipulators has been deprecated in favor of isaacsim.robot.manipulators. Please update your code accordingly.
2026-04-26T17:59:02Z [10,958ms] [Warning] [omni.isaac.manipulators.grippers.gripper] omni.isaac.manipulators has been deprecated in favor of isaacsim.robot.manipulators. Please update your code accordingly.
2026-04-26T17:59:02Z [10,959ms] [Warning] [omni.isaac.manipulators.grippers.parallel_gripper] omni.isaac.manipulators has been deprecated in favor of isaacsim.robot.manipulators. Please update your code accordingly.
2026-04-26T17:59:02Z [10,960ms] [Warning] [omni.isaac.manipulators.grippers.surface_gripper] omni.isaac.manipulators has been deprecated in favor of isaacsim.robot.manipulators. Please update your code accordingly.
2026-04-26T17:59:02Z [10,961ms] [Warning] [omni.isaac.manipulators.manipulators] omni.isaac.manipulators has been deprecated in favor of isaacsim.robot.manipulators. Please update your code accordingly.
2026-04-26T17:59:02Z [10,961ms] [Warning] [omni.isaac.manipulators.manipulators.single_manipulator] omni.isaac.manipulators has been deprecated in favor of isaacsim.robot.manipulators. Please update your code accordingly.
[11.196s] [ext: omni.isaac.lula_test_widget-1.0.6] startup
2026-04-26T17:59:02Z [10,965ms] [Warning] [omni.isaac.lula_test_widget] omni.isaac.lula_test_widget has been deprecated in favor of isaacsim.robot_motion.lula_test_widget. Please update your code accordingly.
[11.199s] [ext: omni.isaac.asset_browser-1.0.6] startup
2026-04-26T17:59:02Z [10,968ms] [Warning] [omni.isaac.asset_browser] omni.isaac.asset_browser has been deprecated in favor of isaacsim.asset.browser. Please update your code accordingly.
[11.203s] [ext: omni.kit.viewport.menubar.display-107.0.3] startup
[11.212s] [ext: omni.isaac.menu-1.0.6] startup
2026-04-26T17:59:02Z [10,980ms] [Warning] [omni.isaac.menu] omni.isaac.menu has been deprecated in favor of isaacsim.gui.menu. Please update your code accordingly.
[11.214s] [ext: omni.isaac.motion_generation-8.0.7] startup
2026-04-26T17:59:02Z [10,984ms] [Warning] [omni.isaac.motion_generation] omni.isaac.motion_generation has been deprecated in favor of isaacsim.robot_motion.motion_generation. Please update your code accordingly.
2026-04-26T17:59:02Z [10,984ms] [Warning] [omni.isaac.motion_generation.articulation_kinematics_solver] omni.isaac.motion_generation has been deprecated in favor of isaacsim.robot_motion.motion_generation. Please update your code accordingly.
2026-04-26T17:59:02Z [10,985ms] [Warning] [omni.isaac.motion_generation.articulation_motion_policy] omni.isaac.motion_generation has been deprecated in favor of isaacsim.robot_motion.motion_generation. Please update your code accordingly.
2026-04-26T17:59:02Z [10,986ms] [Warning] [omni.isaac.motion_generation.articulation_trajectory] omni.isaac.motion_generation has been deprecated in favor of isaacsim.robot_motion.motion_generation. Please update your code accordingly.
2026-04-26T17:59:02Z [10,987ms] [Warning] [omni.isaac.motion_generation.kinematics_interface] omni.isaac.motion_generation has been deprecated in favor of isaacsim.robot_motion.motion_generation. Please update your code accordingly.
2026-04-26T17:59:02Z [10,987ms] [Warning] [omni.isaac.motion_generation.lula] omni.isaac.motion_generation has been deprecated in favor of isaacsim.robot_motion.motion_generation. Please update your code accordingly.
2026-04-26T17:59:02Z [10,988ms] [Warning] [omni.isaac.motion_generation.lula.kinematics] omni.isaac.motion_generation has been deprecated in favor of isaacsim.robot_motion.motion_generation. Please update your code accordingly.
2026-04-26T17:59:02Z [10,989ms] [Warning] [omni.isaac.motion_generation.lula.motion_policies] omni.isaac.motion_generation has been deprecated in favor of isaacsim.robot_motion.motion_generation. Please update your code accordingly.
2026-04-26T17:59:02Z [10,990ms] [Warning] [omni.isaac.motion_generation.lula.path_planners] omni.isaac.motion_generation has been deprecated in favor of isaacsim.robot_motion.motion_generation. Please update your code accordingly.
2026-04-26T17:59:02Z [10,990ms] [Warning] [omni.isaac.motion_generation.lula.trajectory_generator] omni.isaac.motion_generation has been deprecated in favor of isaacsim.robot_motion.motion_generation. Please update your code accordingly.
2026-04-26T17:59:02Z [10,991ms] [Warning] [omni.isaac.motion_generation.motion_policy_controller] omni.isaac.motion_generation has been deprecated in favor of isaacsim.robot_motion.motion_generation. Please update your code accordingly.
2026-04-26T17:59:02Z [10,992ms] [Warning] [omni.isaac.motion_generation.motion_policy_interface] omni.isaac.motion_generation has been deprecated in favor of isaacsim.robot_motion.motion_generation. Please update your code accordingly.
2026-04-26T17:59:02Z [10,993ms] [Warning] [omni.isaac.motion_generation.path_planner_visualizer] omni.isaac.motion_generation has been deprecated in favor of isaacsim.robot_motion.motion_generation. Please update your code accordingly.
2026-04-26T17:59:02Z [10,994ms] [Warning] [omni.isaac.motion_generation.path_planning_interface] omni.isaac.motion_generation has been deprecated in favor of isaacsim.robot_motion.motion_generation. Please update your code accordingly.
2026-04-26T17:59:02Z [10,995ms] [Warning] [omni.isaac.motion_generation.trajectory] omni.isaac.motion_generation has been deprecated in favor of isaacsim.robot_motion.motion_generation. Please update your code accordingly.
2026-04-26T17:59:02Z [10,995ms] [Warning] [omni.isaac.motion_generation.world_interface] omni.isaac.motion_generation has been deprecated in favor of isaacsim.robot_motion.motion_generation. Please update your code accordingly.
[11.230s] [ext: omni.isaac.assets_check-0.3.13] startup
2026-04-26T17:59:02Z [10,999ms] [Warning] [omni.isaac.assets_check] omni.isaac.assets_check has been deprecated in favor of isaacsim.asset.browser. Please update your code accordingly.
[11.233s] [ext: isaacsim.gui.sensors.icon-2.0.3] startup
[11.291s] [ext: isaacsim.asset.importer.mjcf-2.5.13] startup
[11.306s] [ext: omni.sensors.nv.common-3.0.0] startup
[11.348s] [ext: isaacsim.sensors.physics-0.4.3] startup
[11.364s] [ext: omni.sensors.net-1.0.0] startup
[11.395s] [ext: omni.isaac.nucleus-1.0.6] startup
2026-04-26T17:59:02Z [11,163ms] [Warning] [omni.isaac.nucleus] omni.isaac.nucleus has been deprecated in favor of isaacsim.storage.native. Please update your code accordingly.
2026-04-26T17:59:02Z [11,163ms] [Warning] [omni.isaac.nucleus.nucleus] omni.isaac.nucleus.nucleus has been deprecated in favor of isaacsim.storage.native. Please update your code accordingly.
2026-04-26T17:59:02Z [11,164ms] [Warning] [omni.ext._impl._internal] Found class `Extension` derived from `omni.ext.IExt` in module: 'omni.isaac.nucleus', but it was imported from other extension: 'c:/transformer-rl-retro-propulsion/env_isaaclab/lib/site-packages/isaacsim/exts/isaacsim.storage.native/isaacsim/storage/native/impl/extension.py', which is not a subpath to: 'c:\transformer-rl-retro-propulsion\env_isaaclab\lib\site-packages\isaacsim\extsdeprecated\omni.isaac.nucleus'. Do not import `IExt` derived class from other extension in your public namespace.
[11.398s] [ext: omni.sensors.nv.materials-2.0.0] startup
[11.428s] [ext: isaacsim.robot.policy.examples-4.1.11] startup
[11.432s] [ext: omni.sensors.nv.wpm-3.0.0] startup
[11.443s] [ext: omni.sensors.nv.lidar-3.0.0] startup
[11.468s] [ext: isaacsim.util.debug_draw-3.1.0] startup
[11.478s] [ext: omni.sensors.nv.radar-3.0.0] startup
[11.506s] [ext: omni.sensors.nv.ids-2.0.0] startup
[11.515s] [ext: isaacsim.core.cloner-1.4.10] startup
[11.522s] [ext: isaacsim.sensors.physx-2.3.2] startup
[11.535s] [ext: isaacsim.sensors.rtx-15.8.4] startup
[11.556s] [ext: isaacsim.sensors.camera-1.3.6] startup
[11.573s] [ext: omni.isaac.quadruped-3.0.7] startup
2026-04-26T17:59:02Z [11,341ms] [Warning] [omni.isaac.quadruped] omni.isaac.quadruped has been deprecated in favor of isaacsim.robot.policy.examples. Please update your code accordingly.
[11.576s] [ext: omni.isaac.cloner-1.0.7] startup
2026-04-26T17:59:02Z [11,344ms] [Warning] [omni.isaac.cloner] omni.isaac.cloner has been deprecated in favor of isaacsim.core.cloner. Please update your code accordingly.
[11.581s] [ext: omni.isaac.range_sensor-4.0.6] startup
2026-04-26T17:59:02Z [11,352ms] [Warning] [omni.isaac.range_sensor] omni.isaac.range_sensor has been deprecated in favor of isaacsim.sensors.physx. Please update your code accordingly.
2026-04-26T17:59:02Z [11,353ms] [Warning] [omni.isaac.range_sensor.commands] omni.isaac.range_sensor.commands has been deprecated in favor of isaacsim.sensors.physx.commands. Please update your code accordingly.
[11.587s] [ext: omni.isaac.sensor-13.0.7] startup
2026-04-26T17:59:02Z [11,356ms] [Warning] [omni.isaac.sensor] omni.isaac.sensor has been deprecated in favor of isaacsim.sensors.camera, isaacsim.sensors.physics, isaacsim.sensors.physx, and isaacsim.sensors.rtx. Please update your code accordingly.
2026-04-26T17:59:02Z [11,358ms] [Warning] [omni.isaac.sensor.camera] omni.isaac.sensor.camera has been deprecated in favor of isaacsim.sensors.camera.camera. Please update your code accordingly.
2026-04-26T17:59:02Z [11,359ms] [Warning] [omni.isaac.sensor.camera_view] omni.isaac.sensor.camera_view has been deprecated in favor of isaacsim.sensors.camera.camera_view. Please update your code accordingly.
2026-04-26T17:59:02Z [11,359ms] [Warning] [omni.isaac.sensor.commands] omni.isaac.sensor.commands has been deprecated in favor of isaacsim.sensors.physics.commands, isaacsim.sensors.physx.commands, and isaacsim.sensors.rtx.commands. Please update your code accordingly.
2026-04-26T17:59:02Z [11,360ms] [Warning] [omni.isaac.sensor.contact_sensor] omni.isaac.sensor.contact_sensor has been deprecated in favor of isaacsim.sensors.physics.contact_sensor. Please update your code accordingly.
2026-04-26T17:59:02Z [11,361ms] [Warning] [omni.isaac.sensor.imu_sensor] omni.isaac.sensor.imu_sensor has been deprecated in favor of isaacsim.sensors.physics.imu_sensor. Please update your code accordingly.
2026-04-26T17:59:02Z [11,362ms] [Warning] [omni.isaac.sensor.lidar_rtx] omni.isaac.sensor.lidar_rtx has been deprecated in favor of isaacsim.sensors.rtx.lidar_rtx. Please update your code accordingly.
2026-04-26T17:59:02Z [11,363ms] [Warning] [omni.isaac.sensor.rotating_lidar_physX] omni.isaac.sensor.imu_sensor has been deprecated in favor of isaacsim.sensors.physix.rotating_lidar_physX. Please update your code accordingly.
2026-04-26T17:59:02Z [11,365ms] [Warning] [omni.isaac.sensor.scripts.samples.contact_sensor] omni.isaac.sensor.scripts.samples.contact_sensor has been deprecated in favor of isaacsim.sensors.physics.scripts.samples.contact_sensor. Please update your code accordingly.
2026-04-26T17:59:02Z [11,366ms] [Warning] [omni.isaac.sensor.scripts.samples.imu_sensor] omni.isaac.sensor.scripts.samples.imu_sensor has been deprecated in favor of isaacsim.sensors.physics.scripts.samples.imu_sensor. Please update your code accordingly.
2026-04-26T17:59:02Z [11,366ms] [Warning] [omni.isaac.sensor.scripts.samples.lightbeam_sensor] omni.isaac.sensor.scripts.samples.lightbeam_sensor has been deprecated in favor of isaacsim.sensors.physx.scripts.samples.lightbeam_sensor. Please update your code accordingly.
[11.601s] [ext: omni.kit.menu.create-2.0.1] startup
[11.610s] [ext: omni.kit.widget.toolbar-2.0.1] startup
[11.638s] [ext: omni.kit.manipulator.transform-107.0.0] startup
[11.653s] [ext: omni.isaac.core-4.0.7] startup
2026-04-26T17:59:02Z [11,422ms] [Warning] [omni.isaac.core.physics_context.physics_context] omni.isaac.core.physics_context.physics_context has been deprecated in favor of isaacsim.core.api.physics_context.physics_context. Please update your code accordingly.
2026-04-26T17:59:02Z [11,424ms] [Warning] [omni.isaac.core.simulation_context.simulation_context] omni.isaac.core.simulation_context.simulation_context has been deprecated in favor of isaacsim.core.api.simulation_context.simulation_context. Please update your code accordingly.
2026-04-26T17:59:02Z [11,425ms] [Warning] [omni.isaac.core.world.world] omni.isaac.core.world.world has been deprecated in favor of isaacsim.core.api.world.world. Please update your code accordingly.
2026-04-26T17:59:02Z [11,425ms] [Warning] [omni.isaac.core] omni.isaac.core has been deprecated in favor of isaacsim.core.api. Please update your code accordingly.
[11.660s] [ext: omni.kit.scripting-107.3.2] startup
[11.677s] [ext: omni.kit.manipulator.tool.snap-1.5.13] startup
[11.693s] [ext: omni.kit.manipulator.selector-1.1.3] startup
[11.699s] [ext: isaacsim.app.about-2.0.11] startup
[11.712s] [ext: isaacsim.replicator.behavior-1.1.16] startup
[11.715s] [ext: omni.kit.viewport.manipulator.transform-107.0.4] startup
[11.721s] [ext: omni.isaac.window.about-2.0.7] startup
2026-04-26T17:59:03Z [11,496ms] [Warning] [omni.isaac.window.about] omni.isaac.window.about has been deprecated in favor of isaacsim.app.about. Please update your code accordingly.
2026-04-26T17:59:03Z [11,497ms] [Warning] [omni.isaac.window.about.about] omni.isaac.window.about.about has been deprecated in favor of isaacsim.app.about.about. Please update your code accordingly.
[11.732s] [ext: omni.fabric.commands-1.1.6] startup
[11.742s] [ext: omni.kit.manipulator.prim.core-107.0.8] startup
[11.762s] [ext: omni.kit.property.audio-1.0.16] startup
[11.768s] [ext: omni.kit.property.camera-1.0.10] startup
[11.772s] [ext: omni.kit.property.geometry-2.0.4] startup
[11.781s] [ext: omni.hydra.scene_api-0.1.2] startup
[11.789s] [ext: omni.kit.property.light-1.0.12] startup
[11.808s] [ext: omni.kit.manipulator.prim.fabric-107.0.4] startup
[11.815s] [ext: omni.kit.manipulator.prim.usd-107.0.3] startup
[11.819s] [ext: omni.kit.property.material-1.11.9] startup
[11.842s] [ext: omni.kit.property.render-1.2.1] startup
[11.846s] [ext: omni.kit.property.transform-1.5.13] startup
[11.857s] [ext: isaacsim.gui.property-1.1.3] startup
[11.864s] [ext: omni.kit.manipulator.camera-106.0.4] startup
[11.876s] [ext: omni.kit.manipulator.prim-107.0.0] startup
[11.876s] [ext: omni.isaac.surface_gripper-2.0.6] startup
2026-04-26T17:59:03Z [11,643ms] [Warning] [omni.isaac.surface_gripper] omni.isaac.surface_gripper has been deprecated in favor of isaacsim.robot.surface_gripper. Please update your code accordingly.
2026-04-26T17:59:03Z [11,644ms] [Warning] [omni.ext._impl._internal] Found class `Extension` derived from `omni.ext.IExt` in module: 'omni.isaac.surface_gripper', but it was imported from other extension: 'c:/transformer-rl-retro-propulsion/env_isaaclab/lib/site-packages/isaacsim/exts/isaacsim.robot.surface_gripper/isaacsim/robot/surface_gripper/impl/extension.py', which is not a subpath to: 'c:\transformer-rl-retro-propulsion\env_isaaclab\lib\site-packages\isaacsim\extsdeprecated\omni.isaac.surface_gripper'. Do not import `IExt` derived class from other extension in your public namespace.
[11.879s] [ext: omni.kit.manipulator.selection-106.0.1] startup
[11.886s] [ext: omni.kit.property.bundle-1.4.1] startup
[11.890s] [ext: omni.kit.property.isaac-1.0.6] startup
2026-04-26T17:59:03Z [11,658ms] [Warning] [omni.kit.property.isaac] omni.kit.property.isaac has been deprecated in favor of isaacsim.gui.property. Please update your code accordingly.
2026-04-26T17:59:03Z [11,659ms] [Warning] [omni.kit.property.isaac.widgets] omni.kit.property.isaac.widgets has been deprecated in favor of isaacsim.gui.property.widgets. Please update your code accordingly.
[11.893s] [ext: omni.isaac.universal_robots-1.0.6] startup
2026-04-26T17:59:03Z [11,661ms] [Warning] [omni.isaac.universal_robots] omni.isaac.universal_robots has been deprecated in favor of isaacsim.robot.manipulators.examples.universal_robots. Please update your code accordingly.
2026-04-26T17:59:03Z [11,662ms] [Warning] [omni.isaac.universal_robots.kinematics_solver] omni.isaac.franka has been deprecated in favor of isaacsim.robot.manipulators.examples.universal_robots. Please update your code accordingly.
2026-04-26T17:59:03Z [11,667ms] [Warning] [omni.isaac.universal_robots.ur10] omni.isaac.franka has been deprecated in favor of isaacsim.robot.manipulators.examples.universal_robots. Please update your code accordingly.
[11.901s] [ext: omni.isaac.core_nodes-2.0.6] startup
2026-04-26T17:59:03Z [11,672ms] [Warning] [omni.isaac.core_nodes] omni.isaac.core_nodes has been deprecated in favor of isaacsim.core.nodes. Please update your code accordingly.
[11.907s] [ext: omni.kit.viewport.menubar.camera-107.0.6] startup
[11.926s] [ext: omni.kit.viewport.menubar.lighting-107.3.1] startup
[11.933s] [ext: isaacsim.replicator.writers-1.0.17] startup
[11.983s] [ext: omni.kit.viewport.menubar.render-107.0.10] startup
[11.994s] [ext: omni.kit.viewport.menubar.settings-107.0.3] startup
[12.010s] [ext: omni.kit.window.console-1.1.4] startup
[12.029s] [ext: isaacsim.replicator.domain_randomization-1.0.16] startup
[12.039s] [ext: isaacsim.replicator.examples-1.3.6] startup
[12.045s] [ext: omni.ocio-0.1.1] startup
[12.055s] [ext: omni.rtx.window.settings-0.6.19] startup
[12.073s] [ext: omni.kit.window.status_bar-0.1.9] startup
[12.084s] [ext: omni.kit.window.toolbar-2.0.0] startup
[12.097s] [ext: omni.replicator.isaac-2.0.8] startup
2026-04-26T17:59:03Z [11,866ms] [Warning] [omni.replicator.isaac] omni.replicator.isaac has been deprecated in favor of isaacsim.replicator.domain_randomization, isaacsim.replicator.examples, isaacsim.replicator.writers. Please update your code accordingly.
[12.101s] [ext: omni.replicator.replicator_yaml-2.0.11] startup
[12.146s] [ext: omni.rtx.settings.core-0.6.5] startup
[12.159s] [ext: omni.usd.metrics.assembler.ui-107.3.1] startup
[12.180s] [ext: omni.isaac.utils-2.0.6] startup
[12.185s] [ext: semantics.schema.editor-2.0.2] startup
[12.194s] [ext: omni.kit.ui.actions-1.0.5] startup
[12.199s] [ext: semantics.schema.property-2.0.1] startup
[12.205s] [ext: omni.isaac.version-2.0.7] startup
2026-04-26T17:59:03Z [11,972ms] [Warning] [omni.isaac.version] omni.isaac.version has been deprecated in favor of isaacsim.core.version. Please update your code accordingly.
[12.207s] [ext: omni.isaac.cortex-1.0.5] startup
[12.208s] [ext: omni.anim.curve.core-1.3.1] startup
[12.233s] [ext: isaacsim.core.throttling-2.2.2] startup
[12.241s] [ext: omni.kit.menu.common-2.0.1] startup
[12.246s] [ext: isaacsim.exp.base-5.1.0] startup
[12.247s] [ext: isaacsim.exp.base.python-5.1.0] startup
[12.252s] Simulation App Starting
2026-04-26T17:59:03Z [12,330ms] [Warning] [omni.fabric.plugin] Warning: attribute overrideClipRange not found for bucket id 9

2026-04-26T17:59:03Z [12,346ms] [Warning] [usdrt.population.plugin] [UsdNoticeHandler] Unhandled attribute type VtArray<std::string> (prim attribute: omni:rtx:material:db:flattener:transmittance_color)
2026-04-26T17:59:03Z [12,346ms] [Warning] [usdrt.population.plugin] [UsdNoticeHandler] Unhandled attribute type VtArray<std::string> (prim attribute: omni:rtx:material:db:flattener:ior_constant)
2026-04-26T17:59:03Z [12,347ms] [Warning] [usdrt.population.plugin] [UsdNoticeHandler] Unhandled attribute type VtArray<std::string> (prim attribute: omni:rtx:material:db:flattener:reflection_roughness_constant)
[12.661s] app ready
Starting kit application with the following args:  ['C:\\Transformer-rl-retro-propulsion\\env_isaaclab\\Lib\\site-packages\\isaacsim\\exts\\isaacsim.simulation_app\\isaacsim\\simulation_app\\simulation_app.py', 'C:\\Transformer-rl-retro-propulsion\\env_isaaclab\\Lib\\site-packages\\isaacsim\\apps/isaacsim.exp.base.python.kit', '--/app/tokens/exe-path=C:\\Transformer-rl-retro-propulsion\\env_isaaclab\\Lib\\site-packages\\isaacsim\\kit', '--/persistent/app/viewport/displayOptions=3094', '--/rtx/materialDb/syncLoads=True', '--/rtx/hydra/materialSyncLoads=True', '--/omni.kit.plugin/syncUsdLoads=True', '--/app/renderer/resolution/width=1280', '--/app/renderer/resolution/height=720', '--/app/window/width=1440', '--/app/window/height=900', '--/renderer/multiGpu/enabled=True', '--/app/fastShutdown=True', '--/app/installSignalHandlers=0', '--ext-folder', 'C:\\Transformer-rl-retro-propulsion\\env_isaaclab\\Lib\\site-packages\\isaacsim/exts', '--ext-folder', 'C:\\Transformer-rl-retro-propulsion\\env_isaaclab\\Lib\\site-packages\\isaacsim/apps', '--/physics/cudaDevice=0', '--/plugins/carb.tasking.plugin/threadCount=24', '--/plugins/omni.tbb.globalcontrol/maxThreadCount=24', '--portable']
Passing the following args to the base kit application:  ['--task', 'landing', '--env-config', 'configs/env/train_128.yaml', '--total-steps', '524288', '--rollout-steps', '64', '--minibatches', '8', '--update-epochs', '2', '--learning-rate', '3e-6', '--reward-scale', '0.05', '--ent-coef', '0.0', '--residual-scale', '0.10', '--bc-steps', '0', '--eval-seconds', '30', '--eval-interval', '131072', '--save-interval', '131072', '--landing-far-descent-rate', '0.15', '--max-wall-time', '1800', '--no-headless']
Warp 1.8.2 initialized:
   CUDA Toolkit 12.8, Driver 13.0
   Devices:
     "cpu"      : "AMD64 Family 26 Model 68 Stepping 0, AuthenticAMD"
     "cuda:0"   : "NVIDIA GeForce RTX 5070" (12 GiB, sm_120, mempool enabled)
   Kernel cache:
     C:\Users\tngzj\AppData\Local\NVIDIA\warp\Cache\1.8.2
Warp DeprecationWarning: The `warp.sim` module is deprecated and will be removed in v1.10. Please transition to using the forthcoming Newton library instead.

[36m===================================================================================================================[0m
[36m[1m[INFO][IsaacLab]: Logging to file: C:\Users\tngzj\AppData\Local\Temp\isaaclab\logs\isaaclab_2026-04-26_12-59-07.log[0m
[36m===================================================================================================================[0m

Residual-PID PPO enabled: policy outputs bounded residuals around the stable PID baseline
{"type":"train_update","update":1,"global_step":8192,"wall_s":4.2,"sps":1950.4,"loss":34.718663,"pg_loss":0.058151,"v_loss":69.321025,"entropy":2.094645,"approx_kl":0.281587,"clipfrac":0.0254,"reward_mean":-0.8679,"reward_std":0.1725,"reward_min":-1.2925,"reward_max":-0.31,"reward_scale":0.05}
step=8,192 reward_mean=-0.868 kl=0.28159 clipfrac=0.025 eval={'landed_fraction': 0.7734375, 'crashed_fraction': 0.0, 'mean_touchdown_speed': 0.010026571340858936, 'max_touchdown_speed': 0.07018455117940903, 'mean_pad_distance': 0.42110010981559753, 'max_pad_distance': 2.4775102138519287, 'mean_delta_v_proxy': 18.630638122558594, 'passed': False}
{"type":"train_update","update":2,"global_step":16384,"wall_s":55.1,"sps":297.4,"loss":33.916149,"pg_loss":0.057589,"v_loss":67.717121,"entropy":2.094551,"approx_kl":0.327871,"clipfrac":0.0278,"reward_mean":-0.8599,"reward_std":0.1638,"reward_min":-1.3161,"reward_max":-0.3614,"reward_scale":0.05}
{"type":"train_update","update":3,"global_step":24576,"wall_s":58.24,"sps":421.9,"loss":21.424424,"pg_loss":0.057228,"v_loss":42.734392,"entropy":2.094446,"approx_kl":0.011787,"clipfrac":0.0258,"reward_mean":-0.4882,"reward_std":0.5867,"reward_min":-1.2623,"reward_max":3.7129,"reward_scale":0.05}
{"type":"train_update","update":4,"global_step":32768,"wall_s":61.3,"sps":534.5,"loss":60.631461,"pg_loss":0.125472,"v_loss":121.011977,"entropy":2.094357,"approx_kl":1.149758,"clipfrac":0.0265,"reward_mean":-0.342,"reward_std":1.1048,"reward_min":-1.642,"reward_max":4.0679,"reward_scale":0.05}
{"type":"train_update","update":5,"global_step":40960,"wall_s":64.59,"sps":634.2,"loss":63.838307,"pg_loss":0.020197,"v_loss":127.63622,"entropy":2.094312,"approx_kl":0.066401,"clipfrac":0.0239,"reward_mean":-0.4064,"reward_std":1.1241,"reward_min":-2.0274,"reward_max":4.0679,"reward_scale":0.05}
{"type":"train_update","update":6,"global_step":49152,"wall_s":67.52,"sps":728.0,"loss":58.11705,"pg_loss":0.070938,"v_loss":116.092222,"entropy":2.094281,"approx_kl":0.176193,"clipfrac":0.0254,"reward_mean":-0.2911,"reward_std":1.115,"reward_min":-2.1448,"reward_max":5.0441,"reward_scale":0.05}
{"type":"train_update","update":7,"global_step":57344,"wall_s":70.49,"sps":813.5,"loss":79.694989,"pg_loss":0.055795,"v_loss":159.278389,"entropy":2.094239,"approx_kl":0.064771,"clipfrac":0.0276,"reward_mean":-0.0591,"reward_std":1.3516,"reward_min":-2.2207,"reward_max":5.0444,"reward_scale":0.05}
{"type":"train_update","update":8,"global_step":65536,"wall_s":74.15,"sps":883.8,"loss":116.645118,"pg_loss":0.071684,"v_loss":233.146868,"entropy":2.094188,"approx_kl":0.030819,"clipfrac":0.0258,"reward_mean":0.1506,"reward_std":1.6173,"reward_min":-2.1601,"reward_max":5.0444,"reward_scale":0.05}
{"type":"train_update","update":9,"global_step":73728,"wall_s":78.39,"sps":940.6,"loss":185.792892,"pg_loss":0.044766,"v_loss":371.496254,"entropy":2.094115,"approx_kl":0.021821,"clipfrac":0.0265,"reward_mean":0.5322,"reward_std":1.9865,"reward_min":-1.9448,"reward_max":5.0964,"reward_scale":0.05}
{"type":"train_update","update":10,"global_step":81920,"wall_s":81.61,"sps":1003.8,"loss":271.631336,"pg_loss":5.037079,"v_loss":533.188503,"entropy":2.094049,"approx_kl":0.039392,"clipfrac":0.0266,"reward_mean":0.9668,"reward_std":2.2482,"reward_min":-1.6107,"reward_max":5.0662,"reward_scale":0.05}
{"type":"train_update","update":11,"global_step":90112,"wall_s":84.81,"sps":1062.5,"loss":298.89304,"pg_loss":0.062187,"v_loss":597.66169,"entropy":2.094007,"approx_kl":0.117155,"clipfrac":0.0265,"reward_mean":1.1753,"reward_std":2.3061,"reward_min":-1.8628,"reward_max":5.0662,"reward_scale":0.05}
{"type":"train_update","update":12,"global_step":98304,"wall_s":88.1,"sps":1115.8,"loss":342.151779,"pg_loss":0.040276,"v_loss":684.223,"entropy":2.093971,"approx_kl":0.130794,"clipfrac":0.0293,"reward_mean":1.4742,"reward_std":2.351,"reward_min":-1.8714,"reward_max":5.0663,"reward_scale":0.05}
{"type":"train_update","update":13,"global_step":106496,"wall_s":91.11,"sps":1168.9,"loss":396.00177,"pg_loss":0.105783,"v_loss":791.791985,"entropy":2.093944,"approx_kl":0.293832,"clipfrac":0.0288,"reward_mean":1.7629,"reward_std":2.3953,"reward_min":-1.8322,"reward_max":5.0663,"reward_scale":0.05}
{"type":"train_update","update":14,"global_step":114688,"wall_s":94.43,"sps":1214.5,"loss":421.95509,"pg_loss":0.358847,"v_loss":843.19249,"entropy":2.093916,"approx_kl":0.088953,"clipfrac":0.0259,"reward_mean":1.9255,"reward_std":2.4027,"reward_min":-2.501,"reward_max":5.0663,"reward_scale":0.05}
{"type":"train_update","update":15,"global_step":122880,"wall_s":98.97,"sps":1241.6,"loss":506.542427,"pg_loss":0.059673,"v_loss":1012.965515,"entropy":2.093888,"approx_kl":0.138947,"clipfrac":0.0258,"reward_mean":2.3732,"reward_std":2.3881,"reward_min":-2.8546,"reward_max":5.0662,"reward_scale":0.05}
{"type":"train_update","update":16,"global_step":131072,"wall_s":102.53,"sps":1278.4,"loss":34.625934,"pg_loss":0.031903,"v_loss":69.188061,"entropy":2.093868,"approx_kl":0.125285,"clipfrac":0.0239,"reward_mean":-0.6844,"reward_std":1.0345,"reward_min":-2.8777,"reward_max":5.0662,"reward_scale":0.05}
step=131,072 reward_mean=-0.684 kl=0.12529 clipfrac=0.024 eval={'landed_fraction': 0.828125, 'crashed_fraction': 0.0, 'mean_touchdown_speed': 0.0089828846976161, 'max_touchdown_speed': 0.07035764306783676, 'mean_pad_distance': 0.43735015392303467, 'max_pad_distance': 3.2602453231811523, 'mean_delta_v_proxy': 17.601516723632812, 'passed': False}
{"type":"train_update","update":17,"global_step":139264,"wall_s":154.56,"sps":901.0,"loss":34.771827,"pg_loss":0.0523,"v_loss":69.439054,"entropy":2.093851,"approx_kl":0.074803,"clipfrac":0.0266,"reward_mean":-0.8738,"reward_std":0.17,"reward_min":-1.3263,"reward_max":-0.3241,"reward_scale":0.05}
{"type":"train_update","update":18,"global_step":147456,"wall_s":157.61,"sps":935.5,"loss":25.493195,"pg_loss":0.295602,"v_loss":50.395186,"entropy":2.093832,"approx_kl":2.595318,"clipfrac":0.027,"reward_mean":-0.4311,"reward_std":0.7355,"reward_min":-5.8579,"reward_max":4.8166,"reward_scale":0.05}
{"type":"train_update","update":19,"global_step":155648,"wall_s":160.56,"sps":969.4,"loss":81.926259,"pg_loss":0.030977,"v_loss":163.790564,"entropy":2.093801,"approx_kl":0.101815,"clipfrac":0.0264,"reward_mean":-0.1444,"reward_std":1.3414,"reward_min":-1.6432,"reward_max":4.7681,"reward_scale":0.05}
{"type":"train_update","update":20,"global_step":163840,"wall_s":164.34,"sps":997.0,"loss":85.522272,"pg_loss":0.016305,"v_loss":171.011934,"entropy":2.093768,"approx_kl":0.070541,"clipfrac":0.0264,"reward_mean":-0.2182,"reward_std":1.367,"reward_min":-1.8204,"reward_max":4.7681,"reward_scale":0.05}
{"type":"train_update","update":21,"global_step":172032,"wall_s":168.44,"sps":1021.3,"loss":81.476398,"pg_loss":0.136188,"v_loss":162.680418,"entropy":2.093742,"approx_kl":1.941162,"clipfrac":0.0256,"reward_mean":-0.1101,"reward_std":1.3539,"reward_min":-1.8848,"reward_max":4.7681,"reward_scale":0.05}
{"type":"train_update","update":22,"global_step":180224,"wall_s":171.73,"sps":1049.5,"loss":93.209688,"pg_loss":0.074643,"v_loss":186.270092,"entropy":2.093712,"approx_kl":0.037687,"clipfrac":0.0262,"reward_mean":0.0841,"reward_std":1.4642,"reward_min":-1.8344,"reward_max":4.8447,"reward_scale":0.05}
{"type":"train_update","update":23,"global_step":188416,"wall_s":175.31,"sps":1074.8,"loss":158.346464,"pg_loss":0.044295,"v_loss":316.60434,"entropy":2.093671,"approx_kl":0.096934,"clipfrac":0.0249,"reward_mean":0.4672,"reward_std":1.8596,"reward_min":-5.1224,"reward_max":5.0896,"reward_scale":0.05}
{"type":"train_update","update":24,"global_step":196608,"wall_s":179.01,"sps":1098.3,"loss":261.551355,"pg_loss":0.064323,"v_loss":522.97406,"entropy":2.093632,"approx_kl":0.282949,"clipfrac":0.0261,"reward_mean":0.997,"reward_std":2.2231,"reward_min":-1.964,"reward_max":5.0919,"reward_scale":0.05}
{"type":"train_update","update":25,"global_step":204800,"wall_s":182.01,"sps":1125.2,"loss":345.637871,"pg_loss":0.08753,"v_loss":691.100685,"entropy":2.093594,"approx_kl":0.073976,"clipfrac":0.0286,"reward_mean":1.4599,"reward_std":2.3717,"reward_min":-5.1287,"reward_max":5.0856,"reward_scale":0.05}
{"type":"train_update","update":26,"global_step":212992,"wall_s":185.55,"sps":1147.9,"loss":381.989033,"pg_loss":0.074217,"v_loss":763.829628,"entropy":2.093557,"approx_kl":0.338813,"clipfrac":0.0244,"reward_mean":1.6747,"reward_std":2.3973,"reward_min":-2.1321,"reward_max":5.0856,"reward_scale":0.05}
{"type":"train_update","update":27,"global_step":221184,"wall_s":189.97,"sps":1164.3,"loss":444.491402,"pg_loss":0.122506,"v_loss":888.737785,"entropy":2.093523,"approx_kl":0.127593,"clipfrac":0.0251,"reward_mean":2.025,"reward_std":2.4123,"reward_min":-2.0353,"reward_max":5.0856,"reward_scale":0.05}
{"type":"train_update","update":28,"global_step":229376,"wall_s":193.53,"sps":1185.2,"loss":466.935452,"pg_loss":0.046531,"v_loss":933.777847,"entropy":2.093487,"approx_kl":0.11985,"clipfrac":0.0242,"reward_mean":2.1788,"reward_std":2.3889,"reward_min":-1.9408,"reward_max":5.0856,"reward_scale":0.05}
{"type":"train_update","update":29,"global_step":237568,"wall_s":196.76,"sps":1207.4,"loss":527.956688,"pg_loss":0.03136,"v_loss":1055.85067,"entropy":2.093459,"approx_kl":0.034403,"clipfrac":0.0236,"reward_mean":2.5053,"reward_std":2.3489,"reward_min":-5.2301,"reward_max":5.0856,"reward_scale":0.05}
{"type":"train_update","update":30,"global_step":245760,"wall_s":200.03,"sps":1228.6,"loss":577.102264,"pg_loss":0.048006,"v_loss":1154.108505,"entropy":2.09344,"approx_kl":0.082954,"clipfrac":0.0283,"reward_mean":2.7652,"reward_std":2.2931,"reward_min":-2.2793,"reward_max":5.0981,"reward_scale":0.05}
{"type":"train_update","update":31,"global_step":253952,"wall_s":203.15,"sps":1250.1,"loss":41.386214,"pg_loss":0.1584,"v_loss":82.455627,"entropy":2.093421,"approx_kl":0.287415,"clipfrac":0.027,"reward_mean":-0.5595,"reward_std":1.2034,"reward_min":-2.2211,"reward_max":5.0981,"reward_scale":0.05}
{"type":"train_update","update":32,"global_step":262144,"wall_s":206.22,"sps":1271.2,"loss":25.261289,"pg_loss":0.026655,"v_loss":50.469268,"entropy":2.093395,"approx_kl":0.326333,"clipfrac":0.0264,"reward_mean":-0.4464,"reward_std":0.7083,"reward_min":-5.213,"reward_max":3.9493,"reward_scale":0.05}
step=262,144 reward_mean=-0.446 kl=0.32633 clipfrac=0.026 eval={'landed_fraction': 0.78125, 'crashed_fraction': 0.0, 'mean_touchdown_speed': 0.010428741574287415, 'max_touchdown_speed': 0.06460066139698029, 'mean_pad_distance': 0.41035911440849304, 'max_pad_distance': 4.133059978485107, 'mean_delta_v_proxy': 18.315670013427734, 'passed': False}
{"type":"train_update","update":33,"global_step":270336,"wall_s":260.55,"sps":1037.6,"loss":34.888769,"pg_loss":0.029973,"v_loss":69.717592,"entropy":2.093374,"approx_kl":0.103,"clipfrac":0.0286,"reward_mean":-0.8783,"reward_std":0.1714,"reward_min":-1.367,"reward_max":-0.3578,"reward_scale":0.05}
{"type":"train_update","update":34,"global_step":278528,"wall_s":263.88,"sps":1055.5,"loss":20.277891,"pg_loss":0.012901,"v_loss":40.529979,"entropy":2.093347,"approx_kl":0.025532,"clipfrac":0.0236,"reward_mean":-0.4786,"reward_std":0.5993,"reward_min":-1.4844,"reward_max":4.5142,"reward_scale":0.05}
{"type":"train_update","update":35,"global_step":286720,"wall_s":267.16,"sps":1073.2,"loss":77.852362,"pg_loss":0.038673,"v_loss":155.627378,"entropy":2.093319,"approx_kl":0.063893,"clipfrac":0.0265,"reward_mean":-0.1959,"reward_std":1.2987,"reward_min":-1.7893,"reward_max":4.5248,"reward_scale":0.05}
{"type":"train_update","update":36,"global_step":294912,"wall_s":270.33,"sps":1090.9,"loss":82.661481,"pg_loss":0.223605,"v_loss":164.875751,"entropy":2.093293,"approx_kl":0.085207,"clipfrac":0.0297,"reward_mean":-0.2737,"reward_std":1.3312,"reward_min":-1.7607,"reward_max":4.5246,"reward_scale":0.05}
{"type":"train_update","update":37,"global_step":303104,"wall_s":273.38,"sps":1108.7,"loss":89.798509,"pg_loss":0.046657,"v_loss":179.503702,"entropy":2.093256,"approx_kl":0.149248,"clipfrac":0.0286,"reward_mean":-0.0927,"reward_std":1.4266,"reward_min":-1.6061,"reward_max":4.5246,"reward_scale":0.05}
{"type":"train_update","update":38,"global_step":311296,"wall_s":277.52,"sps":1121.7,"loss":110.797416,"pg_loss":0.046754,"v_loss":221.501324,"entropy":2.093214,"approx_kl":0.041275,"clipfrac":0.0255,"reward_mean":0.1268,"reward_std":1.5719,"reward_min":-1.3219,"reward_max":5.039,"reward_scale":0.05}
{"type":"train_update","update":39,"global_step":319488,"wall_s":281.77,"sps":1133.9,"loss":126.64942,"pg_loss":0.056609,"v_loss":253.185621,"entropy":2.093171,"approx_kl":0.041339,"clipfrac":0.0255,"reward_mean":0.2226,"reward_std":1.6752,"reward_min":-1.292,"reward_max":5.039,"reward_scale":0.05}
{"type":"train_update","update":40,"global_step":327680,"wall_s":285.01,"sps":1149.7,"loss":167.262455,"pg_loss":5.283663,"v_loss":323.957588,"entropy":2.093126,"approx_kl":0.072898,"clipfrac":0.0277,"reward_mean":0.4044,"reward_std":1.869,"reward_min":-1.8858,"reward_max":5.039,"reward_scale":0.05}
{"type":"train_update","update":41,"global_step":335872,"wall_s":288.34,"sps":1164.9,"loss":226.137432,"pg_loss":0.040335,"v_loss":452.194199,"entropy":2.093084,"approx_kl":0.098608,"clipfrac":0.0287,"reward_mean":0.7733,"reward_std":2.1116,"reward_min":-2.4531,"reward_max":5.039,"reward_scale":0.05}
{"type":"train_update","update":42,"global_step":344064,"wall_s":291.83,"sps":1179.0,"loss":283.849663,"pg_loss":0.049363,"v_loss":567.600601,"entropy":2.093047,"approx_kl":0.030594,"clipfrac":0.0247,"reward_mean":1.1415,"reward_std":2.259,"reward_min":-2.8492,"reward_max":5.039,"reward_scale":0.05}
{"type":"train_update","update":43,"global_step":352256,"wall_s":294.87,"sps":1194.6,"loss":345.304245,"pg_loss":0.094617,"v_loss":690.41925,"entropy":2.093017,"approx_kl":0.31234,"clipfrac":0.0275,"reward_mean":1.5209,"reward_std":2.3337,"reward_min":-3.0682,"reward_max":5.039,"reward_scale":0.05}
{"type":"train_update","update":44,"global_step":360448,"wall_s":298.42,"sps":1207.8,"loss":410.050926,"pg_loss":0.173289,"v_loss":819.75528,"entropy":2.092988,"approx_kl":1.113272,"clipfrac":0.0254,"reward_mean":1.8851,"reward_std":2.3712,"reward_min":-3.1291,"reward_max":5.039,"reward_scale":0.05}
{"type":"train_update","update":45,"global_step":368640,"wall_s":302.87,"sps":1217.2,"loss":460.64542,"pg_loss":0.28856,"v_loss":920.713737,"entropy":2.092946,"approx_kl":0.055026,"clipfrac":0.0266,"reward_mean":2.1618,"reward_std":2.373,"reward_min":-3.1197,"reward_max":5.039,"reward_scale":0.05}
{"type":"train_update","update":46,"global_step":376832,"wall_s":306.42,"sps":1229.8,"loss":502.106812,"pg_loss":0.025436,"v_loss":1004.16275,"entropy":2.092896,"approx_kl":0.062875,"clipfrac":0.0271,"reward_mean":2.4034,"reward_std":2.3339,"reward_min":-3.0121,"reward_max":5.039,"reward_scale":0.05}
{"type":"train_update","update":47,"global_step":385024,"wall_s":309.74,"sps":1243.0,"loss":34.634391,"pg_loss":0.020032,"v_loss":69.228719,"entropy":2.092866,"approx_kl":0.031379,"clipfrac":0.027,"reward_mean":-0.6926,"reward_std":1.0219,"reward_min":-2.9192,"reward_max":5.039,"reward_scale":0.05}
{"type":"train_update","update":48,"global_step":393216,"wall_s":313.4,"sps":1254.7,"loss":21.341872,"pg_loss":0.044505,"v_loss":42.594734,"entropy":2.092844,"approx_kl":0.167717,"clipfrac":0.0266,"reward_mean":-0.5219,"reward_std":0.5766,"reward_min":-1.4564,"reward_max":4.025,"reward_scale":0.05}
step=393,216 reward_mean=-0.522 kl=0.16772 clipfrac=0.027 eval={'landed_fraction': 0.796875, 'crashed_fraction': 0.0, 'mean_touchdown_speed': 0.010089204646646976, 'max_touchdown_speed': 0.07288321107625961, 'mean_pad_distance': 0.4199613332748413, 'max_pad_distance': 3.327491044998169, 'mean_delta_v_proxy': 17.961673736572266, 'passed': False}
{"type":"train_update","update":49,"global_step":401408,"wall_s":367.08,"sps":1093.5,"loss":34.881188,"pg_loss":0.331176,"v_loss":69.100024,"entropy":2.092815,"approx_kl":1.047898,"clipfrac":0.0259,"reward_mean":-0.8774,"reward_std":0.178,"reward_min":-1.3544,"reward_max":-0.2886,"reward_scale":0.05}
{"type":"train_update","update":50,"global_step":409600,"wall_s":371.41,"sps":1102.8,"loss":30.006809,"pg_loss":0.054014,"v_loss":59.90559,"entropy":2.092767,"approx_kl":0.186773,"clipfrac":0.0302,"reward_mean":-0.423,"reward_std":0.8169,"reward_min":-1.4395,"reward_max":4.2993,"reward_scale":0.05}
{"type":"train_update","update":51,"global_step":417792,"wall_s":374.88,"sps":1114.5,"loss":90.429994,"pg_loss":0.233616,"v_loss":180.392754,"entropy":2.092715,"approx_kl":0.069125,"clipfrac":0.0249,"reward_mean":-0.1651,"reward_std":1.4054,"reward_min":-1.7271,"reward_max":4.2993,"reward_scale":0.05}
{"type":"train_update","update":52,"global_step":425984,"wall_s":378.05,"sps":1126.8,"loss":94.163729,"pg_loss":0.041113,"v_loss":188.245232,"entropy":2.092667,"approx_kl":0.595663,"clipfrac":0.0281,"reward_mean":-0.2351,"reward_std":1.4331,"reward_min":-1.8163,"reward_max":4.2993,"reward_scale":0.05}
{"type":"train_update","update":53,"global_step":434176,"wall_s":381.29,"sps":1138.7,"loss":96.256916,"pg_loss":0.064565,"v_loss":192.384699,"entropy":2.092631,"approx_kl":0.241181,"clipfrac":0.0238,"reward_mean":-0.1001,"reward_std":1.471,"reward_min":-1.7801,"reward_max":4.6239,"reward_scale":0.05}
{"type":"train_update","update":54,"global_step":442368,"wall_s":384.42,"sps":1150.7,"loss":111.231054,"pg_loss":0.053998,"v_loss":222.354113,"entropy":2.092591,"approx_kl":0.035799,"clipfrac":0.028,"reward_mean":0.1241,"reward_std":1.5937,"reward_min":-1.4344,"reward_max":4.7794,"reward_scale":0.05}
{"type":"train_update","update":55,"global_step":450560,"wall_s":387.43,"sps":1163.0,"loss":168.555248,"pg_loss":0.045625,"v_loss":337.019253,"entropy":2.092554,"approx_kl":0.176825,"clipfrac":0.0262,"reward_mean":0.4408,"reward_std":1.8909,"reward_min":-1.7177,"reward_max":4.8461,"reward_scale":0.05}
{"type":"train_update","update":56,"global_step":458752,"wall_s":391.84,"sps":1170.8,"loss":204.574497,"pg_loss":0.080941,"v_loss":408.98711,"entropy":2.09252,"approx_kl":0.091436,"clipfrac":0.0243,"reward_mean":0.6081,"reward_std":2.0449,"reward_min":-1.9306,"reward_max":4.8461,"reward_scale":0.05}
{"type":"train_update","update":57,"global_step":466944,"wall_s":395.94,"sps":1179.3,"loss":235.755897,"pg_loss":0.056373,"v_loss":471.399048,"entropy":2.092469,"approx_kl":0.023428,"clipfrac":0.0265,"reward_mean":0.768,"reward_std":2.1663,"reward_min":-2.151,"reward_max":4.8461,"reward_scale":0.05}
{"type":"train_update","update":58,"global_step":475136,"wall_s":399.12,"sps":1190.4,"loss":272.222858,"pg_loss":0.100805,"v_loss":544.244102,"entropy":2.092424,"approx_kl":0.135352,"clipfrac":0.0273,"reward_mean":0.9816,"reward_std":2.2748,"reward_min":-2.2605,"reward_max":4.8461,"reward_scale":0.05}
{"type":"train_update","update":59,"global_step":483328,"wall_s":402.46,"sps":1200.9,"loss":316.883812,"pg_loss":0.58532,"v_loss":632.596985,"entropy":2.092387,"approx_kl":0.501677,"clipfrac":0.0275,"reward_mean":1.234,"reward_std":2.3546,"reward_min":-2.3918,"reward_max":4.895,"reward_scale":0.05}
{"type":"train_update","update":60,"global_step":491520,"wall_s":405.72,"sps":1211.5,"loss":353.451012,"pg_loss":0.056792,"v_loss":706.788445,"entropy":2.092351,"approx_kl":0.147473,"clipfrac":0.0293,"reward_mean":1.4962,"reward_std":2.378,"reward_min":-2.3847,"reward_max":4.895,"reward_scale":0.05}
{"type":"train_update","update":61,"global_step":499712,"wall_s":408.73,"sps":1222.6,"loss":399.926155,"pg_loss":0.051185,"v_loss":799.749947,"entropy":2.092324,"approx_kl":0.063769,"clipfrac":0.0236,"reward_mean":1.7984,"reward_std":2.3931,"reward_min":-2.2979,"reward_max":5.0125,"reward_scale":0.05}
{"type":"train_update","update":62,"global_step":507904,"wall_s":412.33,"sps":1231.8,"loss":456.211567,"pg_loss":0.089162,"v_loss":912.244804,"entropy":2.092303,"approx_kl":0.400075,"clipfrac":0.0283,"reward_mean":2.0963,"reward_std":2.41,"reward_min":-2.2958,"reward_max":5.0125,"reward_scale":0.05}
{"type":"train_update","update":63,"global_step":516096,"wall_s":416.99,"sps":1237.7,"loss":39.47853,"pg_loss":0.063601,"v_loss":78.829859,"entropy":2.092279,"approx_kl":0.195039,"clipfrac":0.0277,"reward_mean":-0.6677,"reward_std":1.0555,"reward_min":-2.0433,"reward_max":5.0125,"reward_scale":0.05}
{"type":"train_update","update":64,"global_step":524288,"wall_s":420.51,"sps":1246.8,"loss":33.150877,"pg_loss":0.02218,"v_loss":66.257394,"entropy":2.092253,"approx_kl":0.036441,"clipfrac":0.0239,"reward_mean":-0.4329,"reward_std":0.8224,"reward_min":-5.4437,"reward_max":4.3597,"reward_scale":0.05}
step=524,288 reward_mean=-0.433 kl=0.03644 clipfrac=0.024 eval={'landed_fraction': 0.7734375, 'crashed_fraction': 0.0, 'mean_touchdown_speed': 0.010244660079479218, 'max_touchdown_speed': 0.12812061607837677, 'mean_pad_distance': 0.4311535656452179, 'max_pad_distance': 3.618117094039917, 'mean_delta_v_proxy': 18.33251953125, 'passed': False}
Training complete in 469.8s, steps=524,288
Final eval: {'landed_fraction': 0.8359375, 'crashed_fraction': 0.0, 'mean_touchdown_speed': 0.01413982268422842, 'max_touchdown_speed': 0.20265917479991913, 'mean_pad_distance': 0.3654613196849823, 'max_pad_distance': 3.2742412090301514, 'mean_delta_v_proxy': 16.184398651123047, 'passed': False}
Run directory: C:\Transformer-rl-retro-propulsion\simulation\isaac\runs\ppo_landing_seed0_20260426_125851
Closing TVC environment...
Closing Isaac Sim...
[15.216s] Simulation App Startup Complete
[16.568s] [ext: omni.physx.fabric-107.3.26] startup
2026-04-26T17:59:25Z [33,583ms] [Warning] [carb] Client gpu.foundation.plugin has acquired [gpu::unstable::IMemoryBudgetManagerFactory v0.1] 100 times. Consider accessing this interface with carb::getCachedInterface() (Performance warning)
[546.984s] Simulation App Shutting Down
