=== Isaac Sim Validation Test: test_15_coupled_jet ===
Bootstrapping Isaac Sim...
[INFO][AppLauncher]: Using device: cuda:0
[INFO][AppLauncher]: Loading experience file: C:\Transformer-rl-retro-propulsion\IsaacLab\apps\isaaclab.python.headless.kit
Loading user config located at: 'c:/transformer-rl-retro-propulsion/env_isaaclab/lib/site-packages/isaacsim/kit/data/Kit/Isaac-Sim/5.1/user.config.json'
[Info] [carb] Logging to file: c:/transformer-rl-retro-propulsion/env_isaaclab/lib/site-packages/isaacsim/kit/logs/Kit/Isaac-Sim/5.1/kit_20260915_145354.log
2026-09-15T19:53:54Z [448ms] [Warning] [omni.usd_config.extension] Enable omni.materialx.libs extension to use MaterialX
2026-09-15T19:53:55Z [1,306ms] [Warning] [carb] Acquiring non optional plugin interface which is not listed as dependency: [omni::physx::IPhysxBenchmarks v1.0] (plugin: <default plugin>), by client: omni.physics.physx.plugin. Add it to CARB_PLUGIN_IMPL_DEPS() macro of a client.
2026-09-15T19:53:55Z [1,321ms] [Warning] [omni.isaac.dynamic_control] omni.isaac.dynamic_control is deprecated as of Isaac Sim 4.5. No action is needed from end-users.

|---------------------------------------------------------------------------------------------|
| Driver Version: 616.92        | Graphics API: D3D12
|=============================================================================================|
| GPU | Name                             | Active | LDA | GPU Memory | Vendor-ID | LUID       |
|     |                                  |        |     |            | Device-ID | UUID       |
|     |                                  |        |     |            | Bus-ID    |            |
|---------------------------------------------------------------------------------------------|
| 0   | NVIDIA GeForce RTX 5070          | Yes: 0 |     | 11943   MB | 10de      | 5b220100.. |
|     |                                  |        |     |            | 2f04      | 0          |
|     |                                  |        |     |            | 1         |            |
|=============================================================================================|
| OS: Windows 11 Pro, Version: 10.0 (25H2), Build: 26200, Kernel: 10.0.26100.9457
| Processor: AMD Ryzen 9 9900X 12-Core Processor            
| Cores: 12 | Logical Cores: 24
|---------------------------------------------------------------------------------------------|
| Total Memory (MB): 32360 | Free Memory: 16464
| Total Page/Swap (MB): 52840 | Free Page/Swap: 31117
|---------------------------------------------------------------------------------------------|
Isaac Sim ready.

ERROR: coupled_midpoint requires physics.enable_external_forces_every_iteration: false
Traceback (most recent call last):
  File "C:\Transformer-rl-retro-propulsion\simulation\isaac\apps\run_single_test.py", line 120, in main
    success = run_test(args.test, physics_config=args.physics)
              ^^^^^^^^^^^^^^^^^^^^^^^^^^^^^^^^^^^^^^^^^^^^^^^^
  File "C:\Transformer-rl-retro-propulsion\simulation\isaac\apps\run_single_test.py", line 87, in run_test
    result = test_module.run()
             ^^^^^^^^^^^^^^^^^
  File "C:\Transformer-rl-retro-propulsion\simulation\isaac\tests\sim\test_15_coupled_jet.py", line 10, in run
    cfg=BaseEnvConfig('landing',env_config_path='configs/env/train_2048_8s_rotation.yaml',overrides={
        ^^^^^^^^^^^^^^^^^^^^^^^^^^^^^^^^^^^^^^^^^^^^^^^^^^^^^^^^^^^^^^^^^^^^^^^^^^^^^^^^^^^^^^^^^^^^^
  File "C:\Transformer-rl-retro-propulsion\simulation\isaac\tvc_env\envs\base_env.py", line 80, in __init__
    raise ValueError('coupled_midpoint requires physics.enable_external_forces_every_iteration: false')
ValueError: coupled_midpoint requires physics.enable_external_forces_every_iteration: false
Closing Isaac Sim...
Isaac Sim fast shutdown requested.
