=== Isaac Sim Validation Test: test_18_gyro_conservation ===
Bootstrapping Isaac Sim...
[INFO][AppLauncher]: Using device: cuda:0
[INFO][AppLauncher]: Loading experience file: C:\Transformer-rl-retro-propulsion\IsaacLab\apps\isaaclab.python.headless.kit
Loading user config located at: 'c:/transformer-rl-retro-propulsion/env_isaaclab/lib/site-packages/isaacsim/kit/data/Kit/Isaac-Sim/5.1/user.config.json'
[Info] [carb] Logging to file: c:/transformer-rl-retro-propulsion/env_isaaclab/lib/site-packages/isaacsim/kit/logs/Kit/Isaac-Sim/5.1/kit_20260915_094414.log
2026-09-15T14:44:15Z [430ms] [Warning] [omni.usd_config.extension] Enable omni.materialx.libs extension to use MaterialX
2026-09-15T14:44:16Z [1,611ms] [Warning] [carb] Acquiring non optional plugin interface which is not listed as dependency: [omni::physx::IPhysxBenchmarks v1.0] (plugin: <default plugin>), by client: omni.physics.physx.plugin. Add it to CARB_PLUGIN_IMPL_DEPS() macro of a client.
2026-09-15T14:44:16Z [1,631ms] [Warning] [omni.isaac.dynamic_control] omni.isaac.dynamic_control is deprecated as of Isaac Sim 4.5. No action is needed from end-users.

|---------------------------------------------------------------------------------------------|
| Driver Version: 616.92        | Graphics API: D3D12
|=============================================================================================|
| GPU | Name                             | Active | LDA | GPU Memory | Vendor-ID | LUID       |
|     |                                  |        |     |            | Device-ID | UUID       |
|     |                                  |        |     |            | Bus-ID    |            |
|---------------------------------------------------------------------------------------------|
| 0   | NVIDIA GeForce RTX 5070          | Yes: 0 |     | 11943   MB | 10de      | 5b220100.. |
|     |                                  |        |     |            | 2f04      | 0          |
|     |                                  |        |     |            | 1         |            |
|=============================================================================================|
| OS: Windows 11 Pro, Version: 10.0 (25H2), Build: 26200, Kernel: 10.0.26100.9457
| Processor: AMD Ryzen 9 9900X 12-Core Processor            
| Cores: 12 | Logical Cores: 24
|---------------------------------------------------------------------------------------------|
| Total Memory (MB): 32360 | Free Memory: 13581
| Total Page/Swap (MB): 52840 | Free Page/Swap: 24441
|---------------------------------------------------------------------------------------------|
2026-09-15T14:44:21Z [7,168ms] [Warning] [omni.kvdb.plugin] Disabling key-value database because another kit process is locking it
Isaac Sim ready.

[36m===================================================================================================================[0m
[36m[1m[INFO][IsaacLab]: Logging to file: C:\Users\tngzj\AppData\Local\Temp\isaaclab\logs\isaaclab_2026-09-15_09-44-21.log[0m
[36m===================================================================================================================[0m

{"physics_dt": 0.004166666666666667, "duration_s": 2.0, "stress": true, "spin_rad_s": 40.0, "rotational_energy_ratio": [0.9967225193977356, 0.9939485788345337, 1.08512544631958, 0.9874622821807861], "transverse_rate_squared_ratio": [0.9966683387756348, 9.72062873840332, 1301.4932861328125, 0.8407584428787231], "world_momentum_relative_error": [0.0002156719856429845, 0.001582701806910336, 9.942721366882324, 0.0003686216368805617], "initial_rates": [[0.20000000298023224, 0.10000000149011612, -0.0], [0.20000000298023224, 0.10000000149011612, 40.0], [0.20000000298023224, 0.10000000149011612, -40.0], [0.20000000298023224, 0.10000000149011612, 3.0]], "final_rates": [[-0.17478309571743011, 0.13886788487434387, -0.0026017185300588608], [0.01236124336719513, -0.6970499753952026, 39.865108489990234], [7.820003509521484, -1.9804573059082031, -39.669254302978516], [0.08896095305681229, -0.18472649157047272, 2.984208106994629]]}

ERROR: {'physics_dt': 0.004166666666666667, 'duration_s': 2.0, 'stress': True, 'spin_rad_s': 40.0, 'rotational_energy_ratio': [0.9967225193977356, 0.9939485788345337, 1.08512544631958, 0.9874622821807861], 'transverse_rate_squared_ratio': [0.9966683387756348, 9.72062873840332, 1301.4932861328125, 0.8407584428787231], 'world_momentum_relative_error': [0.0002156719856429845, 0.001582701806910336, 9.942721366882324, 0.0003686216368805617], 'initial_rates': [[0.20000000298023224, 0.10000000149011612, -0.0], [0.20000000298023224, 0.10000000149011612, 40.0], [0.20000000298023224, 0.10000000149011612, -40.0], [0.20000000298023224, 0.10000000149011612, 3.0]], 'final_rates': [[-0.17478309571743011, 0.13886788487434387, -0.0026017185300588608], [0.01236124336719513, -0.6970499753952026, 39.865108489990234], [7.820003509521484, -1.9804573059082031, -39.669254302978516], [0.08896095305681229, -0.18472649157047272, 2.984208106994629]]}
Traceback (most recent call last):
  File "C:\Transformer-rl-retro-propulsion\simulation\isaac\apps\run_single_test.py", line 120, in main
    success = run_test(args.test, physics_config=args.physics)
              ^^^^^^^^^^^^^^^^^^^^^^^^^^^^^^^^^^^^^^^^^^^^^^^^
  File "C:\Transformer-rl-retro-propulsion\simulation\isaac\apps\run_single_test.py", line 87, in run_test
    result = test_module.run()
             ^^^^^^^^^^^^^^^^^
  File "C:\Transformer-rl-retro-propulsion\simulation\isaac\tests\sim\test_18_gyro_conservation.py", line 60, in run
    assert torch.all((after/before-1).abs()<.03),report
           ^^^^^^^^^^^^^^^^^^^^^^^^^^^^^^^^^^^^^
AssertionError: {'physics_dt': 0.004166666666666667, 'duration_s': 2.0, 'stress': True, 'spin_rad_s': 40.0, 'rotational_energy_ratio': [0.9967225193977356, 0.9939485788345337, 1.08512544631958, 0.9874622821807861], 'transverse_rate_squared_ratio': [0.9966683387756348, 9.72062873840332, 1301.4932861328125, 0.8407584428787231], 'world_momentum_relative_error': [0.0002156719856429845, 0.001582701806910336, 9.942721366882324, 0.0003686216368805617], 'initial_rates': [[0.20000000298023224, 0.10000000149011612, -0.0], [0.20000000298023224, 0.10000000149011612, 40.0], [0.20000000298023224, 0.10000000149011612, -40.0], [0.20000000298023224, 0.10000000149011612, 3.0]], 'final_rates': [[-0.17478309571743011, 0.13886788487434387, -0.0026017185300588608], [0.01236124336719513, -0.6970499753952026, 39.865108489990234], [7.820003509521484, -1.9804573059082031, -39.669254302978516], [0.08896095305681229, -0.18472649157047272, 2.984208106994629]]}
Closing Isaac Sim...
Isaac Sim fast shutdown requested.
