=== Isaac Sim Validation Test: test_18_gyro_conservation ===
Bootstrapping Isaac Sim...
[INFO][AppLauncher]: Using device: cuda:0
[INFO][AppLauncher]: Loading experience file: C:\Transformer-rl-retro-propulsion\IsaacLab\apps\isaaclab.python.headless.kit
Isaac Sim ready.

[36m===================================================================================================================[0m
[36m[1m[INFO][IsaacLab]: Logging to file: C:\Users\tngzj\AppData\Local\Temp\isaaclab\logs\isaaclab_2026-09-15_02-53-27.log[0m
[36m===================================================================================================================[0m

{"physics_dt": 0.004166666666666667, "duration_s": 2.0, "rotational_energy_ratio": [10.203540802001953, 10.203514099121094, 10.20318603515625, 10.203166961669922], "final_rates": [[-0.5419883728027344, 0.4651699364185333, -0.010319368913769722], [-0.541991651058197, 0.4651646912097931, -0.010319465771317482], [-0.5419771075248718, 0.46516403555870056, -0.010319125838577747], [-0.5419806838035583, 0.4651588201522827, -0.01031915470957756]]}

ERROR: {'physics_dt': 0.004166666666666667, 'duration_s': 2.0, 'rotational_energy_ratio': [10.203540802001953, 10.203514099121094, 10.20318603515625, 10.203166961669922], 'final_rates': [[-0.5419883728027344, 0.4651699364185333, -0.010319368913769722], [-0.541991651058197, 0.4651646912097931, -0.010319465771317482], [-0.5419771075248718, 0.46516403555870056, -0.010319125838577747], [-0.5419806838035583, 0.4651588201522827, -0.01031915470957756]]}
Traceback (most recent call last):
  File "C:\Transformer-rl-retro-propulsion\simulation\isaac\apps\run_single_test.py", line 120, in main
    success = run_test(args.test, physics_config=args.physics)
              ^^^^^^^^^^^^^^^^^^^^^^^^^^^^^^^^^^^^^^^^^^^^^^^^
  File "C:\Transformer-rl-retro-propulsion\simulation\isaac\apps\run_single_test.py", line 87, in run_test
    result = test_module.run()
             ^^^^^^^^^^^^^^^^^
  File "C:\Transformer-rl-retro-propulsion\simulation\isaac\tests\sim\test_18_gyro_conservation.py", line 38, in run
    assert torch.all((after/before-1).abs()<.03),report
           ^^^^^^^^^^^^^^^^^^^^^^^^^^^^^^^^^^^^^
AssertionError: {'physics_dt': 0.004166666666666667, 'duration_s': 2.0, 'rotational_energy_ratio': [10.203540802001953, 10.203514099121094, 10.20318603515625, 10.203166961669922], 'final_rates': [[-0.5419883728027344, 0.4651699364185333, -0.010319368913769722], [-0.541991651058197, 0.4651646912097931, -0.010319465771317482], [-0.5419771075248718, 0.46516403555870056, -0.010319125838577747], [-0.5419806838035583, 0.4651588201522827, -0.01031915470957756]]}
Closing Isaac Sim...
Isaac Sim fast shutdown requested.
