=== Isaac Sim Validation Test: test_18_gyro_conservation ===
Bootstrapping Isaac Sim...
[INFO][AppLauncher]: Using device: cuda:0
[INFO][AppLauncher]: Loading experience file: C:\Transformer-rl-retro-propulsion\IsaacLab\apps\isaaclab.python.headless.kit
Loading user config located at: 'c:/transformer-rl-retro-propulsion/env_isaaclab/lib/site-packages/isaacsim/kit/data/Kit/Isaac-Sim/5.1/user.config.json'
[Info] [carb] Logging to file: c:/transformer-rl-retro-propulsion/env_isaaclab/lib/site-packages/isaacsim/kit/logs/Kit/Isaac-Sim/5.1/kit_20260915_094849.log
2026-09-15T14:48:49Z [468ms] [Warning] [omni.usd_config.extension] Enable omni.materialx.libs extension to use MaterialX
2026-09-15T14:48:50Z [1,396ms] [Warning] [carb] Acquiring non optional plugin interface which is not listed as dependency: [omni::physx::IPhysxBenchmarks v1.0] (plugin: <default plugin>), by client: omni.physics.physx.plugin. Add it to CARB_PLUGIN_IMPL_DEPS() macro of a client.
2026-09-15T14:48:50Z [1,414ms] [Warning] [omni.isaac.dynamic_control] omni.isaac.dynamic_control is deprecated as of Isaac Sim 4.5. No action is needed from end-users.

|---------------------------------------------------------------------------------------------|
| Driver Version: 616.92        | Graphics API: D3D12
|=============================================================================================|
| GPU | Name                             | Active | LDA | GPU Memory | Vendor-ID | LUID       |
|     |                                  |        |     |            | Device-ID | UUID       |
|     |                                  |        |     |            | Bus-ID    |            |
|---------------------------------------------------------------------------------------------|
| 0   | NVIDIA GeForce RTX 5070          | Yes: 0 |     | 11943   MB | 10de      | 5b220100.. |
|     |                                  |        |     |            | 2f04      | 0          |
|     |                                  |        |     |            | 1         |            |
|=============================================================================================|
| OS: Windows 11 Pro, Version: 10.0 (25H2), Build: 26200, Kernel: 10.0.26100.9457
| Processor: AMD Ryzen 9 9900X 12-Core Processor            
| Cores: 12 | Logical Cores: 24
|---------------------------------------------------------------------------------------------|
| Total Memory (MB): 32360 | Free Memory: 17218
| Total Page/Swap (MB): 52840 | Free Page/Swap: 33368
|---------------------------------------------------------------------------------------------|
Isaac Sim ready.

[36m===================================================================================================================[0m
[36m[1m[INFO][IsaacLab]: Logging to file: C:\Users\tngzj\AppData\Local\Temp\isaaclab\logs\isaaclab_2026-09-15_09-48-55.log[0m
[36m===================================================================================================================[0m

{"physics_dt": 0.004166666666666667, "duration_s": 2.0, "stress": true, "spin_rad_s": 40.0, "method": "rotor_only", "rotor_fraction": 0.0, "first_rates": [[0.19999991357326508, 0.09999995678663254, -8.563707902531359e-12], [0.210002139210701, 0.0799822211265564, 39.99995422363281], [0.1899884194135666, 0.12000966817140579, -39.99995803833008], [0.20075014233589172, 0.09849878400564194, 2.9999966621398926]], "rotational_energy_ratio": [0.999410092830658, 0.9866710305213928, 0.9866857528686523, 0.9995002150535583], "transverse_rate_squared_ratio": [0.999410092830658, 114.02345275878906, 113.99714660644531, 1.0259140729904175], "world_momentum_relative_error": [0.00029504296253435314, 0.0031683947890996933, 0.003167862771078944, 0.0006480360170826316], "initial_rates": [[0.20000000298023224, 0.10000000149011612, -0.0], [0.20000000298023224, 0.10000000149011612, 40.0], [0.20000000298023224, 0.10000000149011612, -40.0], [0.20000000298023224, 0.10000000149011612, 3.0]], "final_rates": [[0.1999410092830658, 0.0999705046415329, 5.4804818461207105e-09], [-2.3498644828796387, 0.4234504699707031, 39.554317474365234], [-1.0706934928894043, -2.1338868141174316, -39.554656982421875], [-0.22648409008979797, -0.0008176267147064209, 2.99869966506958]]}

ERROR: {'physics_dt': 0.004166666666666667, 'duration_s': 2.0, 'stress': True, 'spin_rad_s': 40.0, 'method': 'rotor_only', 'rotor_fraction': 0.0, 'first_rates': [[0.19999991357326508, 0.09999995678663254, -8.563707902531359e-12], [0.210002139210701, 0.0799822211265564, 39.99995422363281], [0.1899884194135666, 0.12000966817140579, -39.99995803833008], [0.20075014233589172, 0.09849878400564194, 2.9999966621398926]], 'rotational_energy_ratio': [0.999410092830658, 0.9866710305213928, 0.9866857528686523, 0.9995002150535583], 'transverse_rate_squared_ratio': [0.999410092830658, 114.02345275878906, 113.99714660644531, 1.0259140729904175], 'world_momentum_relative_error': [0.00029504296253435314, 0.0031683947890996933, 0.003167862771078944, 0.0006480360170826316], 'initial_rates': [[0.20000000298023224, 0.10000000149011612, -0.0], [0.20000000298023224, 0.10000000149011612, 40.0], [0.20000000298023224, 0.10000000149011612, -40.0], [0.20000000298023224, 0.10000000149011612, 3.0]], 'final_rates': [[0.1999410092830658, 0.0999705046415329, 5.4804818461207105e-09], [-2.3498644828796387, 0.4234504699707031, 39.554317474365234], [-1.0706934928894043, -2.1338868141174316, -39.554656982421875], [-0.22648409008979797, -0.0008176267147064209, 2.99869966506958]]}
Traceback (most recent call last):
  File "C:\Transformer-rl-retro-propulsion\simulation\isaac\apps\run_single_test.py", line 120, in main
    success = run_test(args.test, physics_config=args.physics)
              ^^^^^^^^^^^^^^^^^^^^^^^^^^^^^^^^^^^^^^^^^^^^^^^^
  File "C:\Transformer-rl-retro-propulsion\simulation\isaac\apps\run_single_test.py", line 87, in run_test
    result = test_module.run()
             ^^^^^^^^^^^^^^^^^
  File "C:\Transformer-rl-retro-propulsion\simulation\isaac\tests\sim\test_18_gyro_conservation.py", line 99, in run
    assert max(abs(value-1) for value in report['transverse_rate_squared_ratio']) < .1, report
           ^^^^^^^^^^^^^^^^^^^^^^^^^^^^^^^^^^^^^^^^^^^^^^^^^^^^^^^^^^^^^^^^^^^^^^^^^^^
AssertionError: {'physics_dt': 0.004166666666666667, 'duration_s': 2.0, 'stress': True, 'spin_rad_s': 40.0, 'method': 'rotor_only', 'rotor_fraction': 0.0, 'first_rates': [[0.19999991357326508, 0.09999995678663254, -8.563707902531359e-12], [0.210002139210701, 0.0799822211265564, 39.99995422363281], [0.1899884194135666, 0.12000966817140579, -39.99995803833008], [0.20075014233589172, 0.09849878400564194, 2.9999966621398926]], 'rotational_energy_ratio': [0.999410092830658, 0.9866710305213928, 0.9866857528686523, 0.9995002150535583], 'transverse_rate_squared_ratio': [0.999410092830658, 114.02345275878906, 113.99714660644531, 1.0259140729904175], 'world_momentum_relative_error': [0.00029504296253435314, 0.0031683947890996933, 0.003167862771078944, 0.0006480360170826316], 'initial_rates': [[0.20000000298023224, 0.10000000149011612, -0.0], [0.20000000298023224, 0.10000000149011612, 40.0], [0.20000000298023224, 0.10000000149011612, -40.0], [0.20000000298023224, 0.10000000149011612, 3.0]], 'final_rates': [[0.1999410092830658, 0.0999705046415329, 5.4804818461207105e-09], [-2.3498644828796387, 0.4234504699707031, 39.554317474365234], [-1.0706934928894043, -2.1338868141174316, -39.554656982421875], [-0.22648409008979797, -0.0008176267147064209, 2.99869966506958]]}
Closing Isaac Sim...
Isaac Sim fast shutdown requested.
