[INFO][AppLauncher]: Using device: cuda:0
[INFO][AppLauncher]: Loading experience file: C:\Transformer-rl-retro-propulsion\IsaacLab\apps\isaaclab.python.headless.kit
Loading user config located at: 'c:/transformer-rl-retro-propulsion/env_isaaclab/lib/site-packages/isaacsim/kit/data/Kit/Isaac-Sim/5.1/user.config.json'
[Info] [carb] Logging to file: c:/transformer-rl-retro-propulsion/env_isaaclab/lib/site-packages/isaacsim/kit/logs/Kit/Isaac-Sim/5.1/kit_20260915_030858.log
2026-09-15T08:08:59Z [554ms] [Warning] [omni.usd_config.extension] Enable omni.materialx.libs extension to use MaterialX
2026-09-15T08:09:00Z [1,612ms] [Warning] [carb] Acquiring non optional plugin interface which is not listed as dependency: [omni::physx::IPhysxBenchmarks v1.0] (plugin: <default plugin>), by client: omni.physics.physx.plugin. Add it to CARB_PLUGIN_IMPL_DEPS() macro of a client.
2026-09-15T08:09:00Z [1,629ms] [Warning] [omni.isaac.dynamic_control] omni.isaac.dynamic_control is deprecated as of Isaac Sim 4.5. No action is needed from end-users.

|---------------------------------------------------------------------------------------------|
| Driver Version: 616.92        | Graphics API: D3D12
|=============================================================================================|
| GPU | Name                             | Active | LDA | GPU Memory | Vendor-ID | LUID       |
|     |                                  |        |     |            | Device-ID | UUID       |
|     |                                  |        |     |            | Bus-ID    |            |
|---------------------------------------------------------------------------------------------|
| 0   | NVIDIA GeForce RTX 5070          | Yes: 0 |     | 11943   MB | 10de      | 9a280100.. |
|     |                                  |        |     |            | 2f04      | 0          |
|     |                                  |        |     |            | 1         |            |
|=============================================================================================|
| OS: Windows 11 Pro, Version: 10.0 (25H2), Build: 26200, Kernel: 10.0.26100.9444
| Processor: AMD Ryzen 9 9900X 12-Core Processor            
| Cores: 12 | Logical Cores: 24
|---------------------------------------------------------------------------------------------|
| Total Memory (MB): 32360 | Free Memory: 9463
| Total Page/Swap (MB): 52840 | Free Page/Swap: 17380
|---------------------------------------------------------------------------------------------|
2026-09-15T08:09:05Z [7,113ms] [Warning] [omni.kvdb.plugin] Disabling key-value database because another kit process is locking it

[36m===================================================================================================================[0m
[36m[1m[INFO][IsaacLab]: Logging to file: C:\Users\tngzj\AppData\Local\Temp\isaaclab\logs\isaaclab_2026-09-15_03-09-05.log[0m
[36m===================================================================================================================[0m

Evaluated 512/512 independent episodes
{
  "checkpoint": "C:\\Transformer-rl-retro-propulsion\\simulation\\isaac\\runs\\ppo_8s_gyro_midpoint\\ppo_landing_seed0_20260915_030057\\ppo_step_6029312.pt",
  "trained_steps": 6029312,
  "seed": 9417,
  "action_mode": "stochastic",
  "curriculum_stage": 0,
  "episodes": 512,
  "success_count": 290,
  "success_fraction": 0.56640625,
  "landed_fraction": 0.767578125,
  "crashed_fraction": 0.232421875,
  "timeout_fraction": 0.0,
  "failure_counts": {
    "contact_or_tilt_failure": 119,
    "hard_landing": 6,
    "hard_off_pad": 3,
    "off_pad": 94,
    "success": 290
  },
  "success_max_pad_distance": 0.5,
  "success_max_touchdown_speed": 0.25,
  "touchdown_speed_landed": {
    "mean": 0.16740024650976554,
    "max": 0.2857958674430847
  },
  "pad_distance_landed": {
    "mean": 0.38465528144399247,
    "max": 1.0505656003952026
  },
  "successful_landing_efficiency": {
    "energy_wh": {
      "mean": 2.87236828228523,
      "min": 2.5152599811553955,
      "max": 3.475951671600342
    },
    "propulsive_delta_v_m_s": {
      "mean": 41.46843648450128,
      "min": 36.26692581176758,
      "max": 51.58854675292969
    },
    "duration_s": {
      "mean": 4.242528735632184,
      "min": 3.6999999999999997,
      "max": 5.333333333333333
    },
    "low_altitude_hover_time_s": {
      "mean": 0.035977013139375326,
      "min": 0.0,
      "max": 0.6666668057441711
    }
  },
  "passed": false
}
