[Info] [carb] Logging to file: c:/transformer-rl-retro-propulsion/env_isaaclab/lib/site-packages/isaacsim/kit/logs/Kit/Isaac-Sim Python/5.1/kit_20260426_202926.log
[0.431s] [ext: omni.kit.async_engine-0.0.3] startup
[0.806s] [ext: omni.metrics.core-0.0.3] startup
[0.809s] [ext: omni.client.lib-1.1.0] startup
[0.925s] [ext: omni.blobkey-1.1.2] startup
[0.927s] [ext: omni.stats-1.0.1] startup
[0.937s] [ext: omni.datastore-0.0.0] startup
[0.943s] [ext: omni.client-1.3.0] startup
[1.108s] [ext: omni.ujitso.default-1.0.0] startup
[1.117s] [ext: omni.hsscclient-1.1.2] startup
[1.146s] [ext: omni.gpu_foundation.shadercache.vulkan-1.0.0] startup
[1.155s] [ext: omni.assets.plugins-0.0.0] startup
[1.169s] [ext: omni.gpu_foundation-0.0.0] startup
[1.285s] [ext: carb.windowing.plugins-1.0.0] startup
2026-04-27T01:29:28Z [1,904ms] [Warning] [carb.windowing-glfw.gamepad] Joystick with unknown remapping detected (will be ignored):  Saitek Pro Flight Rudder Pedals [03000000a30600006307000000000000]
2026-04-27T01:29:28Z [1,905ms] [Warning] [carb.windowing-glfw.gamepad] Joystick with unknown remapping detected (will be ignored):  3Dconnexion KMJ Emulator [03000000efbe00006d04000000000000]
2026-04-27T01:29:28Z [1,905ms] [Warning] [carb.windowing-glfw.gamepad] Joystick with unknown remapping detected (will be ignored):  Joystick - HOTAS Warthog [030000004f0400000204000000000000]
[2.230s] [ext: omni.kit.renderer.init-0.0.0] startup
[2.234s] [ext: omni.materialx.libs-1.0.7] startup
[2.294s] [ext: omni.usd.config-1.0.6] startup
[2.333s] [ext: omni.gpucompute.plugins-0.0.0] startup
[2.341s] [ext: omni.usd.libs-1.0.1] startup
[3.003s] [ext: omni.mdl-56.0.3] startup
[3.373s] [ext: omni.iray.libs-0.0.0] startup
[3.574s] [ext: omni.mdl.neuraylib-0.2.12] startup
[3.595s] [ext: omni.kit.usd.mdl-1.1.5] startup

|---------------------------------------------------------------------------------------------|
| Driver Version: 580.88        | Graphics API: Vulkan
|=============================================================================================|
| GPU | Name                             | Active | LDA | GPU Memory | Vendor-ID | LUID       |
|     |                                  |        |     |            | Device-ID | UUID       |
|     |                                  |        |     |            | Bus-ID    |            |
|---------------------------------------------------------------------------------------------|
| 0   | NVIDIA GeForce RTX 5070          | Yes: 0 |     | 11855   MB | 10de      | b42b0100.. |
|     |                                  |        |     |            | 2f04      | 36fdc134.. |
|     |                                  |        |     |            | 1         |            |
|=============================================================================================|
| OS: Windows 11 Pro, Version: 10.0 (25H2), Build: 26200, Kernel: 10.0.26100.8246
| Processor: AMD Ryzen 9 9900X 12-Core Processor            
| Cores: 12 | Logical Cores: 24
|---------------------------------------------------------------------------------------------|
| Total Memory (MB): 32360 | Free Memory: 16688
| Total Page/Swap (MB): 40799 | Free Page/Swap: 4628
|---------------------------------------------------------------------------------------------|
[4.228s] [ext: omni.kit.pipapi-0.0.0] startup
[4.231s] [ext: omni.kit.loop-isaac-1.3.7] startup
[4.244s] [ext: omni.kit.test-2.0.1] startup
[4.403s] [ext: omni.kit.telemetry-0.5.2] startup
[4.459s] [ext: omni.appwindow-1.1.10] startup
[4.488s] [ext: omni.kit.renderer.core-1.1.0] startup
[4.503s] [ext: omni.kit.renderer.capture-0.0.0] startup
[4.516s] [ext: omni.kit.renderer.imgui-2.0.5] startup
[4.556s] [ext: omni.ui-2.27.1] startup
[4.592s] [ext: omni.kit.mainwindow-1.0.3] startup
[4.596s] [ext: carb.audio-0.1.0] startup
[4.602s] [ext: omni.uiaudio-1.0.0] startup
[4.608s] [ext: omni.kit.uiapp-0.0.0] startup
[4.608s] [ext: omni.usd.schema.metrics.assembler-107.3.1] startup
[4.627s] [ext: omni.anim.navigation.schema-107.3.3] startup
[4.649s] [ext: omni.usd.schema.anim-0.0.0] startup
[4.763s] [ext: omni.usd.schema.audio-0.0.0] startup
[4.783s] [ext: omni.usd.schema.omniscripting-1.0.0] startup
[4.807s] [ext: omni.usd.schema.physx-107.3.26] startup
[4.927s] [ext: omni.usd_resolver-1.0.0] startup
[4.952s] [ext: omni.usd.core-1.5.3] startup
[4.958s] [ext: omni.usd.schema.omni_sensors-0.0.0] startup
[5.030s] [ext: omni.usd.schema.omnigraph-1.0.0] startup
[5.061s] [ext: omni.usd.schema.semantics-0.0.0] startup
[5.078s] [ext: omni.usd.schema.geospatial-0.0.0] startup
[5.096s] [ext: omni.kit.window.popup_dialog-2.0.24] startup
[5.109s] [ext: omni.activity.core-1.0.3] startup
[5.116s] [ext: omni.kit.widget.nucleus_connector-2.0.1] startup
[5.124s] [ext: omni.kit.usd_undo-0.1.8] startup
[5.125s] [ext: omni.graph.exec-0.9.6] startup
[5.129s] [ext: omni.kit.actions.core-1.0.0] startup
[5.140s] [ext: usdrt.scenegraph-7.6.1] startup
[5.294s] [ext: omni.resourcemonitor-107.0.1] startup
[5.303s] [ext: omni.kit.exec.core-0.13.4] startup
[5.313s] [ext: omni.timeline-1.0.14] startup
[5.322s] [ext: omni.kit.commands-1.4.10] startup
[5.339s] [ext: omni.kit.audiodeviceenum-1.0.2] startup
[5.347s] [ext: omni.hydra.usdrt_delegate-7.5.1] startup
[5.376s] [ext: omni.hydra.scene_delegate-0.3.4] startup
[5.388s] [ext: omni.usd-1.13.10] startup
[6.763s] [ext: omni.inspect-1.0.2] startup
[6.772s] [ext: omni.kit.notification_manager-1.0.10] startup
[6.780s] [ext: omni.graph.core-2.184.5] startup
[6.794s] [ext: isaacsim.core.deprecation_manager-0.2.7] startup
[6.797s] [ext: omni.anim.graph.schema-107.3.3] startup
[6.837s] [ext: omni.usd.schema.flow-107.1.1] startup
[6.840s] [ext: omni.usd.schema.isaac-3.0.5] startup
[6.840s] [ext: omni.usd.schema.omni_lens_distortion-0.0.0] startup
[6.843s] [ext: isaacsim.robot.schema-3.6.0] startup
[6.900s] [ext: omni.kit.asset_converter-5.0.17] startup
[6.962s] [ext: omni.usd.schema.render_settings.rtx-0.0.0] startup
[6.966s] [ext: omni.kit.helper.file_utils-0.1.9] startup
[6.970s] [ext: omni.kit.menu.core-1.1.2] startup
[6.972s] [ext: omni.kit.widget.path_field-2.0.11] startup
[6.977s] [ext: omni.kit.widget.filebrowser-2.12.3] startup
[7.000s] [ext: omni.kit.widget.context_menu-1.2.5] startup
[7.004s] [ext: omni.kit.widget.browser_bar-2.0.10] startup
[7.007s] [ext: omni.kit.clipboard-1.0.5] startup
[7.012s] [ext: omni.kit.widget.options_menu-1.1.6] startup
[7.025s] [ext: omni.ui.scene-1.11.5] startup
[7.044s] [ext: omni.kit.widget.options_button-1.0.3] startup
[7.047s] [ext: omni.kit.usd.layers-2.2.11] startup
[7.079s] [ext: omni.kit.window.filepicker-2.13.4] startup
[7.144s] [ext: omni.kit.widget.filter-1.1.4] startup
[7.147s] [ext: omni.kit.hotkeys.core-1.3.10] startup
[7.159s] [ext: omni.kit.context_menu-1.8.6] startup
[7.166s] [ext: omni.kit.property.adapter.core-1.0.2] startup
[7.176s] [ext: omni.kit.window.file_exporter-1.0.33] startup
[7.188s] [ext: omni.kit.widget.searchfield-1.1.8] startup
[7.194s] [ext: omni.kit.numpy.common-0.1.3] startup
[7.198s] [ext: omni.kit.widget.stage-3.1.4] startup
[7.255s] [ext: omni.kit.property.adapter.usd-1.0.2] startup
[7.260s] [ext: omni.kit.property.adapter.fabric-1.0.3] startup
[7.265s] [ext: isaacsim.core.version-2.0.6] startup
[7.267s] [ext: omni.kit.window.file_importer-1.1.18] startup
[7.270s] [ext: omni.kit.stage_template.core-1.1.22] startup
[7.273s] [ext: omni.kit.menu.utils-2.0.5] startup
[7.285s] [ext: omni.kit.window.file-2.0.5] startup
[7.296s] [ext: omni.kit.window.drop_support-1.0.5] startup
[7.298s] [ext: omni.kit.widget.highlight_label-1.0.3] startup
[7.302s] [ext: omni.kit.window.content_browser_registry-0.0.6] startup
[7.304s] [ext: omni.kit.widget.graph-2.0.0] startup
[7.325s] [ext: omni.kit.window.property-1.12.1] startup
[7.656s] [ext: omni.kit.window.content_browser-3.1.3] startup
[7.686s] [ext: omni.kit.graph.delegate.default-1.2.3] startup
[7.690s] [ext: omni.kit.property.usd-4.5.12] startup
[7.725s] [ext: omni.convexdecomposition-107.3.26] startup
[7.739s] [ext: omni.kit.graph.editor.core-1.5.3] startup
[7.748s] [ext: omni.kit.material.library-2.0.7] startup
[7.769s] [ext: omni.kvdb-107.3.26] startup
[7.781s] [ext: omni.usdphysics-107.3.26] startup
[7.788s] [ext: omni.physx.foundation-107.3.26] startup
[7.805s] [ext: omni.localcache-107.3.26] startup
[7.814s] [ext: omni.kit.graph.usd.commands-1.3.1] startup
[7.817s] [ext: omni.physx.cooking-107.3.26] startup
[7.833s] [ext: omni.physics-107.3.26] startup
[7.849s] [ext: omni.physx-107.3.26] startup
[7.891s] [ext: omni.physics.stageupdate-107.3.26] startup
[7.903s] [ext: omni.physics.physx-107.3.26] startup
2026-04-27T01:29:33Z [7,582ms] [Warning] [carb] Acquiring non optional plugin interface which is not listed as dependency: [omni::physx::IPhysxBenchmarks v1.0] (plugin: <default plugin>), by client: omni.physics.physx.plugin. Add it to CARB_PLUGIN_IMPL_DEPS() macro of a client.
[7.908s] [ext: omni.index.libs-380600.8087.0] startup
[7.908s] [ext: omni.index-1.0.1] startup
[7.912s] [ext: omni.volume-0.5.2] startup
[7.944s] [ext: omni.ujitso.client-0.0.0] startup
[7.946s] [ext: omni.hydra.rtx.shadercache.vulkan-1.0.0] startup
[7.951s] [ext: omni.kit.widget.searchable_combobox-1.0.6] startup
[7.955s] [ext: omni.hydra.rtx-1.0.0] startup
[8.182s] [ext: omni.kit.widget.settings-1.2.6] startup
[8.188s] [ext: omni.kit.hydra_texture-1.4.6] startup
[8.196s] [ext: omni.graph.tools-1.79.2] startup
[8.279s] [ext: omni.kit.window.preferences-1.8.0] startup
[8.304s] [ext: omni.kit.widget.material_preview-1.0.16] startup
[8.311s] [ext: omni.graph-1.141.2] startup
[8.431s] [ext: omni.kit.window.material_graph-1.9.1] startup
[8.463s] [ext: omni.isaac.dynamic_control-2.0.7] startup
2026-04-27T01:29:34Z [8,160ms] [Warning] [omni.isaac.dynamic_control] omni.isaac.dynamic_control is deprecated as of Isaac Sim 4.5. No action is needed from end-users.
[8.487s] [ext: isaacsim.storage.native-1.5.1] startup
[8.496s] [ext: omni.graph.scriptnode-1.50.0] startup
[8.500s] [ext: omni.hydra.engine.stats-1.0.3] startup
[8.511s] [ext: omni.kit.viewport.legacy_gizmos-1.0.19] startup
[8.517s] [ext: omni.kit.raycast.query-1.1.0] startup
[8.534s] [ext: omni.graph.action_core-1.1.7] startup
[8.563s] [ext: omni.kit.viewport.scene_camera_model-1.0.6] startup
[8.572s] [ext: omni.graph.image.core-0.6.1] startup
[8.577s] [ext: omni.kit.widget.viewport-107.1.3] startup
[8.600s] [ext: omni.kit.viewport.registry-104.0.6] startup
[8.603s] [ext: omni.usd.metrics.assembler-107.3.1] startup
[8.621s] [ext: omni.kit.viewport.window-107.2.0] startup
[8.666s] [ext: omni.kit.viewport.menubar.core-107.2.1] startup
[8.722s] [ext: omni.graph.image.nodes-1.3.1] startup
[8.728s] [ext: omni.usd.metrics.assembler.physics-107.3.26] startup
[8.735s] [ext: omni.warp.core-1.8.2] startup
[8.945s] [ext: omni.kit.viewport.utility-1.1.2] startup
[8.948s] [ext: omni.physics.tensors-107.3.26] startup
[8.969s] [ext: omni.syntheticdata-0.6.13] startup
[9.041s] [ext: isaacsim.test.docstring-1.1.0] startup
[9.059s] [ext: isaacsim.core.utils-3.5.1] startup
[9.074s] [ext: omni.physx.tensors-107.3.26] startup
[9.083s] [ext: omni.graph.nodes-1.170.10] startup
[9.199s] [ext: omni.graph.action_nodes-1.50.4] startup
[9.209s] [ext: omni.kit.primitive.mesh-1.0.17] startup
[9.229s] [ext: isaacsim.core.simulation_manager-1.4.4] startup
[14.642s] [ext: omni.graph.ui_nodes-1.50.5] startup
[14.657s] [ext: omni.graph.action-1.130.0] startup
[14.660s] [ext: omni.kit.stage_templates-2.0.0] startup
[14.673s] [ext: isaacsim.core.prims-0.6.1] startup
[14.727s] [ext: omni.warp-1.8.2] startup
[14.743s] [ext: omni.videoencoding-0.1.2] startup
[14.757s] [ext: isaacsim.core.api-4.8.0] startup
[14.828s] [ext: isaacsim.core.experimental.utils-0.3.0] startup
[14.845s] [ext: omni.replicator.core-1.12.27] startup
2026-04-27T01:29:40Z [14,575ms] [Warning] [pxr.Semantics] pxr.Semantics is deprecated - please use Semantics instead
2026-04-27T01:29:41Z [15,086ms] [Warning] [omni.graph.core.plugin] Found duplicate of category 'Replicator' - was 'Annotators', adding 'Fabric Reader'
2026-04-27T01:29:41Z [15,086ms] [Warning] [omni.graph.core.plugin] Category 'Replicator' not accepted on node type 'omni.replicator.core.FabricReader' in extension 'omni.replicator.core'
2026-04-27T01:29:41Z [15,090ms] [Warning] [omni.replicator.core.scripts.extension] No material configuration file, adding configuration to material settings directly.
[15.420s] [ext: isaacsim.core.experimental.prims-0.8.1] startup
[15.492s] [ext: omni.kit.window.extensions-1.4.27] startup
[15.521s] [ext: isaacsim.core.experimental.objects-0.4.0] startup
[15.546s] [ext: omni.ui_query-1.1.8] startup
[15.551s] [ext: omni.kit.manipulator.viewport-107.0.1] startup
[15.556s] [ext: isaacsim.robot.surface_gripper-3.3.1] startup
[15.572s] [ext: omni.kit.ui_test-1.3.7] startup
[15.584s] [ext: omni.graph.visualization.nodes-2.1.3] startup
[15.621s] [ext: isaacsim.robot_motion.lula-4.0.8] startup
[15.687s] [ext: isaacsim.core.nodes-3.4.3] startup
[15.720s] [ext: isaacsim.gui.components-1.2.1] startup
[15.746s] [ext: isaacsim.robot_motion.motion_generation-8.0.26] startup
[15.785s] [ext: isaacsim.robot.manipulators-3.3.6] startup
[15.803s] [ext: isaacsim.core.experimental.materials-0.4.0] startup
[15.825s] [ext: isaacsim.robot.manipulators.examples-1.1.2] startup
[15.831s] [ext: isaacsim.cortex.framework-1.0.12] startup
[15.840s] [ext: isaacsim.cortex.behaviors-2.0.14] startup
[15.842s] [ext: omni.isaac.cortex.sample_behaviors-2.0.5] startup
2026-04-27T01:29:41Z [15,521ms] [Warning] [omni.isaac.cortex] omni.isaac.cortex has been deprecated in favor of isaacsim.cortex.framework. Please update your code accordingly.
2026-04-27T01:29:41Z [15,524ms] [Warning] [omni.isaac.cortex.sample_behaviors] omni.isaac.cortex.sample_behaviors has been deprecated in favor of isaacsim.cortex.behaviors. Please update your code accordingly.
[15.857s] [ext: omni.kit.widget.zoombar-1.0.6] startup
[15.866s] [ext: isaacsim.gui.content_browser-0.1.11] startup
[15.881s] [ext: omni.kit.browser.core-2.3.13] startup
[15.919s] [ext: omni.kit.widget.stage_icons-1.0.8] startup
[15.926s] [ext: omni.kit.widget.prompt-1.0.7] startup
[15.933s] [ext: omni.kit.usd.collect-2.4.5] startup
[15.960s] [ext: omni.kit.browser.folder.core-1.10.9] startup
[15.998s] [ext: omni.kit.window.stage-2.6.1] startup
[16.015s] [ext: omni.kit.usdz_export-1.0.9] startup
[16.027s] [ext: omni.kit.tool.collect-2.2.18] startup
[16.040s] [ext: omni.kit.menu.stage-1.2.7] startup
[16.065s] [ext: omni.kit.tool.asset_importer-4.3.2] startup
[16.104s] [ext: isaacsim.robot.wheeled_robots-4.0.24] startup
[16.179s] [ext: isaacsim.examples.browser-0.2.1] startup
[16.211s] [ext: isaacsim.asset.importer.urdf-2.4.30] startup
[16.732s] [ext: omni.isaac.wheeled_robots-3.0.7] startup
2026-04-27T01:29:42Z [16,410ms] [Warning] [omni.isaac.wheeled_robots] omni.isaac.wheeled_robots has been deprecated in favor of isaacsim.robot.wheeled_robots. Please update your code accordingly.
2026-04-27T01:29:42Z [16,411ms] [Warning] [omni.isaac.wheeled_robots.controllers] omni.isaac.wheeled_robots has been deprecated in favor of isaacsim.robot.wheeled_robots. Please update your code accordingly.
2026-04-27T01:29:42Z [16,412ms] [Warning] [omni.isaac.wheeled_robots.controllers.ackermann_controller] omni.isaac.wheeled_robots has been deprecated in favor of isaacsim.robot.wheeled_robots. Please update your code accordingly.
2026-04-27T01:29:42Z [16,415ms] [Warning] [omni.isaac.wheeled_robots.controllers.differential_controller] omni.isaac.wheeled_robots has been deprecated in favor of isaacsim.robot.wheeled_robots. Please update your code accordingly.
2026-04-27T01:29:42Z [16,419ms] [Warning] [omni.isaac.wheeled_robots.controllers.holonomic_controller] omni.isaac.wheeled_robots has been deprecated in favor of isaacsim.robot.wheeled_robots. Please update your code accordingly.
2026-04-27T01:29:42Z [16,421ms] [Warning] [omni.isaac.wheeled_robots.controllers.quintic_path_planner] omni.isaac.wheeled_robots has been deprecated in favor of isaacsim.robot.wheeled_robots. Please update your code accordingly.
2026-04-27T01:29:42Z [16,422ms] [Warning] [omni.isaac.wheeled_robots.controllers.stanley_control] omni.isaac.wheeled_robots has been deprecated in favor of isaacsim.robot.wheeled_robots. Please update your code accordingly.
2026-04-27T01:29:42Z [16,423ms] [Warning] [omni.isaac.wheeled_robots.controllers.wheel_base_pose_controller] omni.isaac.wheeled_robots has been deprecated in favor of isaacsim.robot.wheeled_robots. Please update your code accordingly.
2026-04-27T01:29:42Z [16,424ms] [Warning] [omni.isaac.wheeled_robots.impl] omni.isaac.wheeled_robots has been deprecated in favor of isaacsim.robot.wheeled_robots. Please update your code accordingly.
2026-04-27T01:29:42Z [16,425ms] [Warning] [omni.isaac.wheeled_robots.robots] omni.isaac.wheeled_robots has been deprecated in favor of isaacsim.robot.wheeled_robots. Please update your code accordingly.
2026-04-27T01:29:42Z [16,426ms] [Warning] [omni.isaac.wheeled_robots.robots.holonomic_robot_usd_setup] omni.isaac.wheeled_robots has been deprecated in favor of isaacsim.robot.wheeled_robots. Please update your code accordingly.
2026-04-27T01:29:42Z [16,426ms] [Warning] [omni.isaac.wheeled_robots.robots.wheeled_robot] omni.isaac.wheeled_robots has been deprecated in favor of isaacsim.robot.wheeled_robots. Please update your code accordingly.
[16.753s] [ext: isaacsim.simulation_app-2.12.2] startup
[16.755s] [ext: omni.isaac.franka-1.0.7] startup
2026-04-27T01:29:42Z [16,431ms] [Warning] [omni.isaac.franka] omni.isaac.franka has been deprecated in favor of isaacsim.robot.manipulators.examples.franka. Please update your code accordingly.
2026-04-27T01:29:42Z [16,432ms] [Warning] [omni.isaac.franka.franka] omni.isaac.franka has been deprecated in favor of isaacsim.robot.manipulators.examples.franka. Please update your code accordingly.
2026-04-27T01:29:42Z [16,462ms] [Warning] [omni.isaac.franka.kinematics_solver] omni.isaac.franka has been deprecated in favor of isaacsim.robot.manipulators.examples.franka. Please update your code accordingly.
[16.788s] [ext: omni.isaac.kit-2.0.6] startup
2026-04-27T01:29:42Z [16,466ms] [Warning] [omni.isaac.kit] omni.isaac.kit has been deprecated in favor of isaacsim.simulation_app. Please update your code accordingly.
[16.792s] [ext: omni.kit.selection-0.1.6] startup
[16.796s] [ext: omni.isaac.lula-4.0.6] startup
2026-04-27T01:29:42Z [16,472ms] [Warning] [omni.isaac.lula] omni.isaac.lula has been deprecated in favor of isaacsim.robot_motion.lula. Please update your code accordingly.
[16.799s] [ext: isaacsim.robot_motion.lula_test_widget-1.0.12] startup
[16.804s] [ext: isaacsim.asset.browser-1.3.23] startup
[17.576s] [ext: omni.kit.viewport.actions-107.0.2] startup
[17.585s] [ext: isaacsim.gui.menu-2.4.4] startup
[17.608s] [ext: omni.isaac.manipulators-3.0.7] startup
2026-04-27T01:29:43Z [17,285ms] [Warning] [omni.isaac.manipulators] omni.isaac.manipulators has been deprecated in favor of isaacsim.robot.manipulators. Please update your code accordingly.
2026-04-27T01:29:43Z [17,286ms] [Warning] [omni.isaac.manipulators.controllers] omni.isaac.manipulators has been deprecated in favor of isaacsim.robot.manipulators. Please update your code accordingly.
2026-04-27T01:29:43Z [17,289ms] [Warning] [omni.isaac.manipulators.controllers.pick_place_controller] omni.isaac.manipulators has been deprecated in favor of isaacsim.robot.manipulators. Please update your code accordingly.
2026-04-27T01:29:43Z [17,293ms] [Warning] [omni.isaac.manipulators.controllers.stacking_controller] omni.isaac.manipulators has been deprecated in favor of isaacsim.robot.manipulators. Please update your code accordingly.
2026-04-27T01:29:43Z [17,294ms] [Warning] [omni.isaac.manipulators.grippers] omni.isaac.manipulators has been deprecated in favor of isaacsim.robot.manipulators. Please update your code accordingly.
2026-04-27T01:29:43Z [17,295ms] [Warning] [omni.isaac.manipulators.grippers.gripper] omni.isaac.manipulators has been deprecated in favor of isaacsim.robot.manipulators. Please update your code accordingly.
2026-04-27T01:29:43Z [17,296ms] [Warning] [omni.isaac.manipulators.grippers.parallel_gripper] omni.isaac.manipulators has been deprecated in favor of isaacsim.robot.manipulators. Please update your code accordingly.
2026-04-27T01:29:43Z [17,297ms] [Warning] [omni.isaac.manipulators.grippers.surface_gripper] omni.isaac.manipulators has been deprecated in favor of isaacsim.robot.manipulators. Please update your code accordingly.
2026-04-27T01:29:43Z [17,298ms] [Warning] [omni.isaac.manipulators.manipulators] omni.isaac.manipulators has been deprecated in favor of isaacsim.robot.manipulators. Please update your code accordingly.
2026-04-27T01:29:43Z [17,299ms] [Warning] [omni.isaac.manipulators.manipulators.single_manipulator] omni.isaac.manipulators has been deprecated in favor of isaacsim.robot.manipulators. Please update your code accordingly.
[17.625s] [ext: omni.isaac.lula_test_widget-1.0.6] startup
2026-04-27T01:29:43Z [17,302ms] [Warning] [omni.isaac.lula_test_widget] omni.isaac.lula_test_widget has been deprecated in favor of isaacsim.robot_motion.lula_test_widget. Please update your code accordingly.
[17.628s] [ext: omni.isaac.asset_browser-1.0.6] startup
2026-04-27T01:29:43Z [17,306ms] [Warning] [omni.isaac.asset_browser] omni.isaac.asset_browser has been deprecated in favor of isaacsim.asset.browser. Please update your code accordingly.
[17.632s] [ext: omni.kit.viewport.menubar.display-107.0.3] startup
[17.642s] [ext: omni.isaac.menu-1.0.6] startup
2026-04-27T01:29:43Z [17,318ms] [Warning] [omni.isaac.menu] omni.isaac.menu has been deprecated in favor of isaacsim.gui.menu. Please update your code accordingly.
[17.644s] [ext: omni.isaac.motion_generation-8.0.7] startup
2026-04-27T01:29:43Z [17,324ms] [Warning] [omni.isaac.motion_generation] omni.isaac.motion_generation has been deprecated in favor of isaacsim.robot_motion.motion_generation. Please update your code accordingly.
2026-04-27T01:29:43Z [17,325ms] [Warning] [omni.isaac.motion_generation.articulation_kinematics_solver] omni.isaac.motion_generation has been deprecated in favor of isaacsim.robot_motion.motion_generation. Please update your code accordingly.
2026-04-27T01:29:43Z [17,326ms] [Warning] [omni.isaac.motion_generation.articulation_motion_policy] omni.isaac.motion_generation has been deprecated in favor of isaacsim.robot_motion.motion_generation. Please update your code accordingly.
2026-04-27T01:29:43Z [17,327ms] [Warning] [omni.isaac.motion_generation.articulation_trajectory] omni.isaac.motion_generation has been deprecated in favor of isaacsim.robot_motion.motion_generation. Please update your code accordingly.
2026-04-27T01:29:43Z [17,328ms] [Warning] [omni.isaac.motion_generation.kinematics_interface] omni.isaac.motion_generation has been deprecated in favor of isaacsim.robot_motion.motion_generation. Please update your code accordingly.
2026-04-27T01:29:43Z [17,329ms] [Warning] [omni.isaac.motion_generation.lula] omni.isaac.motion_generation has been deprecated in favor of isaacsim.robot_motion.motion_generation. Please update your code accordingly.
2026-04-27T01:29:43Z [17,329ms] [Warning] [omni.isaac.motion_generation.lula.kinematics] omni.isaac.motion_generation has been deprecated in favor of isaacsim.robot_motion.motion_generation. Please update your code accordingly.
2026-04-27T01:29:43Z [17,330ms] [Warning] [omni.isaac.motion_generation.lula.motion_policies] omni.isaac.motion_generation has been deprecated in favor of isaacsim.robot_motion.motion_generation. Please update your code accordingly.
2026-04-27T01:29:43Z [17,331ms] [Warning] [omni.isaac.motion_generation.lula.path_planners] omni.isaac.motion_generation has been deprecated in favor of isaacsim.robot_motion.motion_generation. Please update your code accordingly.
2026-04-27T01:29:43Z [17,332ms] [Warning] [omni.isaac.motion_generation.lula.trajectory_generator] omni.isaac.motion_generation has been deprecated in favor of isaacsim.robot_motion.motion_generation. Please update your code accordingly.
2026-04-27T01:29:43Z [17,333ms] [Warning] [omni.isaac.motion_generation.motion_policy_controller] omni.isaac.motion_generation has been deprecated in favor of isaacsim.robot_motion.motion_generation. Please update your code accordingly.
2026-04-27T01:29:43Z [17,334ms] [Warning] [omni.isaac.motion_generation.motion_policy_interface] omni.isaac.motion_generation has been deprecated in favor of isaacsim.robot_motion.motion_generation. Please update your code accordingly.
2026-04-27T01:29:43Z [17,335ms] [Warning] [omni.isaac.motion_generation.path_planner_visualizer] omni.isaac.motion_generation has been deprecated in favor of isaacsim.robot_motion.motion_generation. Please update your code accordingly.
2026-04-27T01:29:43Z [17,336ms] [Warning] [omni.isaac.motion_generation.path_planning_interface] omni.isaac.motion_generation has been deprecated in favor of isaacsim.robot_motion.motion_generation. Please update your code accordingly.
2026-04-27T01:29:43Z [17,337ms] [Warning] [omni.isaac.motion_generation.trajectory] omni.isaac.motion_generation has been deprecated in favor of isaacsim.robot_motion.motion_generation. Please update your code accordingly.
2026-04-27T01:29:43Z [17,338ms] [Warning] [omni.isaac.motion_generation.world_interface] omni.isaac.motion_generation has been deprecated in favor of isaacsim.robot_motion.motion_generation. Please update your code accordingly.
[17.664s] [ext: omni.isaac.assets_check-0.3.13] startup
2026-04-27T01:29:43Z [17,342ms] [Warning] [omni.isaac.assets_check] omni.isaac.assets_check has been deprecated in favor of isaacsim.asset.browser. Please update your code accordingly.
[17.667s] [ext: isaacsim.gui.sensors.icon-2.0.3] startup
[17.737s] [ext: isaacsim.asset.importer.mjcf-2.5.13] startup
[17.761s] [ext: omni.sensors.nv.common-3.0.0] startup
[17.934s] [ext: isaacsim.sensors.physics-0.4.3] startup
[17.954s] [ext: omni.sensors.net-1.0.0] startup
[17.987s] [ext: omni.isaac.nucleus-1.0.6] startup
2026-04-27T01:29:43Z [17,664ms] [Warning] [omni.isaac.nucleus] omni.isaac.nucleus has been deprecated in favor of isaacsim.storage.native. Please update your code accordingly.
2026-04-27T01:29:43Z [17,665ms] [Warning] [omni.isaac.nucleus.nucleus] omni.isaac.nucleus.nucleus has been deprecated in favor of isaacsim.storage.native. Please update your code accordingly.
2026-04-27T01:29:43Z [17,665ms] [Warning] [omni.ext._impl._internal] Found class `Extension` derived from `omni.ext.IExt` in module: 'omni.isaac.nucleus', but it was imported from other extension: 'c:/transformer-rl-retro-propulsion/env_isaaclab/lib/site-packages/isaacsim/exts/isaacsim.storage.native/isaacsim/storage/native/impl/extension.py', which is not a subpath to: 'c:\transformer-rl-retro-propulsion\env_isaaclab\lib\site-packages\isaacsim\extsdeprecated\omni.isaac.nucleus'. Do not import `IExt` derived class from other extension in your public namespace.
[17.991s] [ext: omni.sensors.nv.materials-2.0.0] startup
[18.025s] [ext: isaacsim.robot.policy.examples-4.1.11] startup
[18.028s] [ext: omni.sensors.nv.wpm-3.0.0] startup
[18.048s] [ext: omni.sensors.nv.lidar-3.0.0] startup
[18.111s] [ext: isaacsim.util.debug_draw-3.1.0] startup
[18.124s] [ext: omni.sensors.nv.radar-3.0.0] startup
[18.158s] [ext: omni.sensors.nv.ids-2.0.0] startup
[18.170s] [ext: isaacsim.core.cloner-1.4.10] startup
[18.178s] [ext: isaacsim.sensors.physx-2.3.2] startup
[18.194s] [ext: isaacsim.sensors.rtx-15.8.4] startup
[18.218s] [ext: isaacsim.sensors.camera-1.3.6] startup
[18.234s] [ext: omni.isaac.quadruped-3.0.7] startup
2026-04-27T01:29:44Z [17,911ms] [Warning] [omni.isaac.quadruped] omni.isaac.quadruped has been deprecated in favor of isaacsim.robot.policy.examples. Please update your code accordingly.
[18.237s] [ext: omni.isaac.cloner-1.0.7] startup
2026-04-27T01:29:44Z [17,916ms] [Warning] [omni.isaac.cloner] omni.isaac.cloner has been deprecated in favor of isaacsim.core.cloner. Please update your code accordingly.
[18.244s] [ext: omni.isaac.range_sensor-4.0.6] startup
2026-04-27T01:29:44Z [17,922ms] [Warning] [omni.isaac.range_sensor] omni.isaac.range_sensor has been deprecated in favor of isaacsim.sensors.physx. Please update your code accordingly.
2026-04-27T01:29:44Z [17,923ms] [Warning] [omni.isaac.range_sensor.commands] omni.isaac.range_sensor.commands has been deprecated in favor of isaacsim.sensors.physx.commands. Please update your code accordingly.
[18.249s] [ext: omni.isaac.sensor-13.0.7] startup
2026-04-27T01:29:44Z [17,927ms] [Warning] [omni.isaac.sensor] omni.isaac.sensor has been deprecated in favor of isaacsim.sensors.camera, isaacsim.sensors.physics, isaacsim.sensors.physx, and isaacsim.sensors.rtx. Please update your code accordingly.
2026-04-27T01:29:44Z [17,928ms] [Warning] [omni.isaac.sensor.camera] omni.isaac.sensor.camera has been deprecated in favor of isaacsim.sensors.camera.camera. Please update your code accordingly.
2026-04-27T01:29:44Z [17,929ms] [Warning] [omni.isaac.sensor.camera_view] omni.isaac.sensor.camera_view has been deprecated in favor of isaacsim.sensors.camera.camera_view. Please update your code accordingly.
2026-04-27T01:29:44Z [17,929ms] [Warning] [omni.isaac.sensor.commands] omni.isaac.sensor.commands has been deprecated in favor of isaacsim.sensors.physics.commands, isaacsim.sensors.physx.commands, and isaacsim.sensors.rtx.commands. Please update your code accordingly.
2026-04-27T01:29:44Z [17,930ms] [Warning] [omni.isaac.sensor.contact_sensor] omni.isaac.sensor.contact_sensor has been deprecated in favor of isaacsim.sensors.physics.contact_sensor. Please update your code accordingly.
2026-04-27T01:29:44Z [17,931ms] [Warning] [omni.isaac.sensor.imu_sensor] omni.isaac.sensor.imu_sensor has been deprecated in favor of isaacsim.sensors.physics.imu_sensor. Please update your code accordingly.
2026-04-27T01:29:44Z [17,931ms] [Warning] [omni.isaac.sensor.lidar_rtx] omni.isaac.sensor.lidar_rtx has been deprecated in favor of isaacsim.sensors.rtx.lidar_rtx. Please update your code accordingly.
2026-04-27T01:29:44Z [17,932ms] [Warning] [omni.isaac.sensor.rotating_lidar_physX] omni.isaac.sensor.imu_sensor has been deprecated in favor of isaacsim.sensors.physix.rotating_lidar_physX. Please update your code accordingly.
2026-04-27T01:29:44Z [17,934ms] [Warning] [omni.isaac.sensor.scripts.samples.contact_sensor] omni.isaac.sensor.scripts.samples.contact_sensor has been deprecated in favor of isaacsim.sensors.physics.scripts.samples.contact_sensor. Please update your code accordingly.
2026-04-27T01:29:44Z [17,934ms] [Warning] [omni.isaac.sensor.scripts.samples.imu_sensor] omni.isaac.sensor.scripts.samples.imu_sensor has been deprecated in favor of isaacsim.sensors.physics.scripts.samples.imu_sensor. Please update your code accordingly.
2026-04-27T01:29:44Z [17,935ms] [Warning] [omni.isaac.sensor.scripts.samples.lightbeam_sensor] omni.isaac.sensor.scripts.samples.lightbeam_sensor has been deprecated in favor of isaacsim.sensors.physx.scripts.samples.lightbeam_sensor. Please update your code accordingly.
[18.261s] [ext: omni.kit.menu.create-2.0.1] startup
[18.272s] [ext: omni.kit.widget.toolbar-2.0.1] startup
[18.295s] [ext: omni.kit.manipulator.transform-107.0.0] startup
[18.308s] [ext: omni.isaac.core-4.0.7] startup
2026-04-27T01:29:44Z [17,985ms] [Warning] [omni.isaac.core.physics_context.physics_context] omni.isaac.core.physics_context.physics_context has been deprecated in favor of isaacsim.core.api.physics_context.physics_context. Please update your code accordingly.
2026-04-27T01:29:44Z [17,986ms] [Warning] [omni.isaac.core.simulation_context.simulation_context] omni.isaac.core.simulation_context.simulation_context has been deprecated in favor of isaacsim.core.api.simulation_context.simulation_context. Please update your code accordingly.
2026-04-27T01:29:44Z [17,987ms] [Warning] [omni.isaac.core.world.world] omni.isaac.core.world.world has been deprecated in favor of isaacsim.core.api.world.world. Please update your code accordingly.
2026-04-27T01:29:44Z [17,987ms] [Warning] [omni.isaac.core] omni.isaac.core has been deprecated in favor of isaacsim.core.api. Please update your code accordingly.
[18.313s] [ext: omni.kit.scripting-107.3.2] startup
[18.330s] [ext: omni.kit.manipulator.tool.snap-1.5.13] startup
[18.346s] [ext: omni.kit.manipulator.selector-1.1.3] startup
[18.351s] [ext: isaacsim.app.about-2.0.11] startup
[18.375s] [ext: isaacsim.replicator.behavior-1.1.16] startup
[18.378s] [ext: omni.kit.viewport.manipulator.transform-107.0.4] startup
[18.383s] [ext: omni.isaac.window.about-2.0.7] startup
2026-04-27T01:29:44Z [18,065ms] [Warning] [omni.isaac.window.about] omni.isaac.window.about has been deprecated in favor of isaacsim.app.about. Please update your code accordingly.
2026-04-27T01:29:44Z [18,066ms] [Warning] [omni.isaac.window.about.about] omni.isaac.window.about.about has been deprecated in favor of isaacsim.app.about.about. Please update your code accordingly.
[18.392s] [ext: omni.fabric.commands-1.1.6] startup
[18.402s] [ext: omni.kit.manipulator.prim.core-107.0.8] startup
[18.423s] [ext: omni.kit.property.audio-1.0.16] startup
[18.427s] [ext: omni.kit.property.camera-1.0.10] startup
[18.431s] [ext: omni.kit.property.geometry-2.0.4] startup
[18.439s] [ext: omni.hydra.scene_api-0.1.2] startup
[18.449s] [ext: omni.kit.property.light-1.0.12] startup
[18.472s] [ext: omni.kit.manipulator.prim.fabric-107.0.4] startup
[18.477s] [ext: omni.kit.manipulator.prim.usd-107.0.3] startup
[18.481s] [ext: omni.kit.property.material-1.11.9] startup
[18.503s] [ext: omni.kit.property.render-1.2.1] startup
[18.506s] [ext: omni.kit.property.transform-1.5.13] startup
[18.516s] [ext: isaacsim.gui.property-1.1.3] startup
[18.523s] [ext: omni.kit.manipulator.camera-106.0.4] startup
[18.536s] [ext: omni.kit.manipulator.prim-107.0.0] startup
[18.536s] [ext: omni.isaac.surface_gripper-2.0.6] startup
2026-04-27T01:29:44Z [18,211ms] [Warning] [omni.isaac.surface_gripper] omni.isaac.surface_gripper has been deprecated in favor of isaacsim.robot.surface_gripper. Please update your code accordingly.
2026-04-27T01:29:44Z [18,212ms] [Warning] [omni.ext._impl._internal] Found class `Extension` derived from `omni.ext.IExt` in module: 'omni.isaac.surface_gripper', but it was imported from other extension: 'c:/transformer-rl-retro-propulsion/env_isaaclab/lib/site-packages/isaacsim/exts/isaacsim.robot.surface_gripper/isaacsim/robot/surface_gripper/impl/extension.py', which is not a subpath to: 'c:\transformer-rl-retro-propulsion\env_isaaclab\lib\site-packages\isaacsim\extsdeprecated\omni.isaac.surface_gripper'. Do not import `IExt` derived class from other extension in your public namespace.
[18.538s] [ext: omni.kit.manipulator.selection-106.0.1] startup
[18.545s] [ext: omni.kit.property.bundle-1.4.1] startup
[18.550s] [ext: omni.kit.property.isaac-1.0.6] startup
2026-04-27T01:29:44Z [18,226ms] [Warning] [omni.kit.property.isaac] omni.kit.property.isaac has been deprecated in favor of isaacsim.gui.property. Please update your code accordingly.
2026-04-27T01:29:44Z [18,227ms] [Warning] [omni.kit.property.isaac.widgets] omni.kit.property.isaac.widgets has been deprecated in favor of isaacsim.gui.property.widgets. Please update your code accordingly.
[18.553s] [ext: omni.isaac.universal_robots-1.0.6] startup
2026-04-27T01:29:44Z [18,230ms] [Warning] [omni.isaac.universal_robots] omni.isaac.universal_robots has been deprecated in favor of isaacsim.robot.manipulators.examples.universal_robots. Please update your code accordingly.
2026-04-27T01:29:44Z [18,231ms] [Warning] [omni.isaac.universal_robots.kinematics_solver] omni.isaac.franka has been deprecated in favor of isaacsim.robot.manipulators.examples.universal_robots. Please update your code accordingly.
2026-04-27T01:29:44Z [18,237ms] [Warning] [omni.isaac.universal_robots.ur10] omni.isaac.franka has been deprecated in favor of isaacsim.robot.manipulators.examples.universal_robots. Please update your code accordingly.
[18.563s] [ext: omni.isaac.core_nodes-2.0.6] startup
2026-04-27T01:29:44Z [18,242ms] [Warning] [omni.isaac.core_nodes] omni.isaac.core_nodes has been deprecated in favor of isaacsim.core.nodes. Please update your code accordingly.
[18.568s] [ext: omni.kit.viewport.menubar.camera-107.0.6] startup
[18.587s] [ext: omni.kit.viewport.menubar.lighting-107.3.1] startup
[18.595s] [ext: isaacsim.replicator.writers-1.0.17] startup
[18.648s] [ext: omni.kit.viewport.menubar.render-107.0.10] startup
[18.659s] [ext: omni.kit.viewport.menubar.settings-107.0.3] startup
[18.676s] [ext: omni.kit.window.console-1.1.4] startup
[18.696s] [ext: isaacsim.replicator.domain_randomization-1.0.16] startup
[18.707s] [ext: isaacsim.replicator.examples-1.3.6] startup
[18.714s] [ext: omni.ocio-0.1.1] startup
[18.723s] [ext: omni.rtx.window.settings-0.6.19] startup
[18.740s] [ext: omni.kit.window.status_bar-0.1.9] startup
[18.750s] [ext: omni.kit.window.toolbar-2.0.0] startup
[18.757s] [ext: omni.replicator.isaac-2.0.8] startup
2026-04-27T01:29:44Z [18,433ms] [Warning] [omni.replicator.isaac] omni.replicator.isaac has been deprecated in favor of isaacsim.replicator.domain_randomization, isaacsim.replicator.examples, isaacsim.replicator.writers. Please update your code accordingly.
[18.759s] [ext: omni.replicator.replicator_yaml-2.0.11] startup
[18.808s] [ext: omni.rtx.settings.core-0.6.5] startup
[18.820s] [ext: omni.usd.metrics.assembler.ui-107.3.1] startup
[18.837s] [ext: omni.isaac.utils-2.0.6] startup
[18.842s] [ext: semantics.schema.editor-2.0.2] startup
[18.851s] [ext: omni.kit.ui.actions-1.0.5] startup
[18.855s] [ext: semantics.schema.property-2.0.1] startup
[18.860s] [ext: omni.isaac.version-2.0.7] startup
2026-04-27T01:29:44Z [18,537ms] [Warning] [omni.isaac.version] omni.isaac.version has been deprecated in favor of isaacsim.core.version. Please update your code accordingly.
[18.863s] [ext: omni.isaac.cortex-1.0.5] startup
[18.864s] [ext: omni.anim.curve.core-1.3.1] startup
[18.891s] [ext: isaacsim.core.throttling-2.2.2] startup
[18.900s] [ext: omni.kit.menu.common-2.0.1] startup
[18.904s] [ext: isaacsim.exp.base-5.1.0] startup
[18.905s] [ext: isaacsim.exp.base.python-5.1.0] startup
[18.909s] Simulation App Starting
2026-04-27T01:29:46Z [19,930ms] [Warning] [omni.fabric.plugin] Warning: attribute viewPickingId not found for bucket id 9

[20.334s] app ready
Starting kit application with the following args:  ['C:\\Transformer-rl-retro-propulsion\\env_isaaclab\\Lib\\site-packages\\isaacsim\\exts\\isaacsim.simulation_app\\isaacsim\\simulation_app\\simulation_app.py', 'C:\\Transformer-rl-retro-propulsion\\env_isaaclab\\Lib\\site-packages\\isaacsim\\apps/isaacsim.exp.base.python.kit', '--/app/tokens/exe-path=C:\\Transformer-rl-retro-propulsion\\env_isaaclab\\Lib\\site-packages\\isaacsim\\kit', '--/persistent/app/viewport/displayOptions=3094', '--/rtx/materialDb/syncLoads=True', '--/rtx/hydra/materialSyncLoads=True', '--/omni.kit.plugin/syncUsdLoads=True', '--/app/renderer/resolution/width=1280', '--/app/renderer/resolution/height=720', '--/app/window/width=1440', '--/app/window/height=900', '--/renderer/multiGpu/enabled=True', '--/app/fastShutdown=True', '--/app/installSignalHandlers=0', '--ext-folder', 'C:\\Transformer-rl-retro-propulsion\\env_isaaclab\\Lib\\site-packages\\isaacsim/exts', '--ext-folder', 'C:\\Transformer-rl-retro-propulsion\\env_isaaclab\\Lib\\site-packages\\isaacsim/apps', '--/physics/cudaDevice=0', '--/plugins/carb.tasking.plugin/threadCount=24', '--/plugins/omni.tbb.globalcontrol/maxThreadCount=24', '--portable']
Passing the following args to the base kit application:  ['--checkpoint', 'C:\\Transformer-rl-retro-propulsion\\simulation\\isaac\\runs\\ppo_landing_seed0_20260426_192920\\ppo_step_2752512.pt', '--episodes', '100', '--no-headless', '--max-episode-seconds', '30', '--seed', '0', '--output-dir', 'C:\\Transformer-rl-retro-propulsion\\simulation\\isaac\\runs\\ppo_playback_2752512_headed_100_20260426_202924']
Warp 1.8.2 initialized:
   CUDA Toolkit 12.8, Driver 13.0
   Devices:
     "cpu"      : "AMD64 Family 26 Model 68 Stepping 0, AuthenticAMD"
     "cuda:0"   : "NVIDIA GeForce RTX 5070" (12 GiB, sm_120, mempool enabled)
   Kernel cache:
     C:\Users\tngzj\AppData\Local\NVIDIA\warp\Cache\1.8.2
Warp DeprecationWarning: The `warp.sim` module is deprecated and will be removed in v1.10. Please transition to using the forthcoming Newton library instead.

[36m===================================================================================================================[0m
[36m[1m[INFO][IsaacLab]: Logging to file: C:\Users\tngzj\AppData\Local\Temp\isaaclab\logs\isaaclab_2026-04-26_20-29-50.log[0m
[36m===================================================================================================================[0m

Loaded checkpoint ppo_step_2752512.pt (trained for 2752512 steps); running 100 episodes in single env, headless=False.
ep=  1/100 outcome=CRASHED dur= 1.60s td_speed= 6.052 pad_dist= 0.795 max_vz= 6.05 thr_mean=0.81 wall= 2.7s
ep=  2/100 outcome=CRASHED dur= 1.70s td_speed= 0.000 pad_dist= 1.842 max_vz= 7.24 thr_mean=0.80 wall= 2.3s
ep=  3/100 outcome=LANDED  dur= 2.10s td_speed= 0.191 pad_dist= 2.787 max_vz= 7.74 thr_mean=0.79 wall= 2.9s
ep=  4/100 outcome=LANDED  dur= 2.63s td_speed= 0.233 pad_dist= 0.278 max_vz= 7.09 thr_mean=0.81 wall= 3.5s
ep=  5/100 outcome=LANDED  dur= 2.40s td_speed= 0.000 pad_dist= 0.661 max_vz= 7.23 thr_mean=0.81 wall= 3.0s
ep=  6/100 outcome=LANDED  dur= 2.43s td_speed= 0.190 pad_dist= 0.932 max_vz= 6.71 thr_mean=0.81 wall= 3.3s
ep=  7/100 outcome=CRASHED dur= 2.23s td_speed= 6.412 pad_dist= 0.640 max_vz= 6.41 thr_mean=0.82 wall= 3.1s
ep=  8/100 outcome=LANDED  dur= 2.63s td_speed= 0.000 pad_dist= 0.779 max_vz= 6.76 thr_mean=0.81 wall= 3.2s
ep=  9/100 outcome=LANDED  dur= 1.93s td_speed= 0.035 pad_dist= 1.759 max_vz= 6.45 thr_mean=0.82 wall= 2.6s
ep= 10/100 outcome=LANDED  dur= 1.87s td_speed= 0.000 pad_dist= 1.606 max_vz= 6.86 thr_mean=0.81 wall= 3.0s
ep= 11/100 outcome=LANDED  dur= 2.17s td_speed= 0.000 pad_dist= 0.533 max_vz= 7.47 thr_mean=0.81 wall= 3.3s
ep= 12/100 outcome=LANDED  dur= 2.23s td_speed= 0.091 pad_dist= 3.069 max_vz= 8.17 thr_mean=0.78 wall= 3.0s
ep= 13/100 outcome=LANDED  dur= 2.07s td_speed= 0.000 pad_dist= 1.031 max_vz= 6.59 thr_mean=0.81 wall= 2.7s
ep= 14/100 outcome=LANDED  dur= 2.33s td_speed= 0.000 pad_dist= 2.955 max_vz= 7.03 thr_mean=0.80 wall= 3.2s
ep= 15/100 outcome=LANDED  dur= 2.33s td_speed= 0.000 pad_dist= 1.045 max_vz= 7.29 thr_mean=0.82 wall= 3.0s
ep= 16/100 outcome=CRASHED dur= 2.03s td_speed= 7.012 pad_dist= 1.230 max_vz= 7.01 thr_mean=0.81 wall= 2.7s
ep= 17/100 outcome=LANDED  dur= 2.20s td_speed= 0.004 pad_dist= 0.769 max_vz= 7.21 thr_mean=0.81 wall= 3.3s
ep= 18/100 outcome=LANDED  dur= 2.37s td_speed= 0.011 pad_dist= 3.226 max_vz= 7.47 thr_mean=0.82 wall= 3.4s
ep= 19/100 outcome=CRASHED dur= 2.27s td_speed= 7.028 pad_dist= 0.995 max_vz= 7.03 thr_mean=0.81 wall= 2.9s
ep= 20/100 outcome=LANDED  dur= 2.10s td_speed= 0.065 pad_dist= 0.968 max_vz= 6.42 thr_mean=0.82 wall= 2.9s
ep= 21/100 outcome=CRASHED dur= 2.33s td_speed= 6.987 pad_dist= 0.785 max_vz= 6.99 thr_mean=0.81 wall= 3.2s
ep= 22/100 outcome=LANDED  dur= 2.40s td_speed= 0.289 pad_dist= 2.593 max_vz= 6.89 thr_mean=0.83 wall= 2.9s
ep= 23/100 outcome=CRASHED dur= 2.20s td_speed= 6.571 pad_dist= 2.322 max_vz= 6.57 thr_mean=0.83 wall= 3.0s
ep= 24/100 outcome=LANDED  dur= 2.07s td_speed= 0.000 pad_dist= 0.652 max_vz= 6.60 thr_mean=0.81 wall= 3.3s
ep= 25/100 outcome=CRASHED dur= 1.63s td_speed= 6.433 pad_dist= 0.875 max_vz= 6.43 thr_mean=0.81 wall= 2.6s
ep= 26/100 outcome=CRASHED dur= 1.80s td_speed= 7.214 pad_dist= 2.358 max_vz= 7.21 thr_mean=0.80 wall= 2.4s
ep= 27/100 outcome=LANDED  dur= 1.97s td_speed= 0.000 pad_dist= 1.624 max_vz= 6.76 thr_mean=0.80 wall= 2.8s
ep= 28/100 outcome=CRASHED dur= 2.13s td_speed= 6.913 pad_dist= 1.929 max_vz= 6.91 thr_mean=0.81 wall= 3.1s
ep= 29/100 outcome=LANDED  dur= 2.50s td_speed= 0.069 pad_dist= 1.757 max_vz= 6.80 thr_mean=0.83 wall= 3.7s
ep= 30/100 outcome=CRASHED dur= 1.70s td_speed= 6.997 pad_dist= 3.211 max_vz= 7.00 thr_mean=0.80 wall= 2.4s
ep= 31/100 outcome=CRASHED dur= 1.87s td_speed= 6.306 pad_dist= 1.828 max_vz= 6.31 thr_mean=0.81 wall= 2.9s
ep= 32/100 outcome=LANDED  dur= 2.30s td_speed= 0.000 pad_dist= 1.189 max_vz= 6.39 thr_mean=0.82 wall= 3.6s
ep= 33/100 outcome=LANDED  dur= 2.07s td_speed= 0.000 pad_dist= 1.702 max_vz= 7.17 thr_mean=0.83 wall= 3.0s
ep= 34/100 outcome=LANDED  dur= 2.40s td_speed= 0.215 pad_dist= 1.540 max_vz= 7.38 thr_mean=0.82 wall= 3.4s
ep= 35/100 outcome=LANDED  dur= 2.10s td_speed= 0.262 pad_dist= 1.953 max_vz= 6.06 thr_mean=0.83 wall= 3.1s
ep= 36/100 outcome=CRASHED dur= 1.87s td_speed= 6.844 pad_dist= 1.043 max_vz= 6.84 thr_mean=0.81 wall= 2.6s
ep= 37/100 outcome=LANDED  dur= 2.37s td_speed= 0.004 pad_dist= 0.932 max_vz= 7.08 thr_mean=0.82 wall= 3.4s
ep= 38/100 outcome=LANDED  dur= 2.00s td_speed= 0.000 pad_dist= 0.579 max_vz= 6.11 thr_mean=0.82 wall= 3.4s
ep= 39/100 outcome=CRASHED dur= 2.00s td_speed= 6.401 pad_dist= 1.340 max_vz= 6.40 thr_mean=0.80 wall= 2.9s
ep= 40/100 outcome=LANDED  dur= 2.23s td_speed= 0.193 pad_dist= 1.009 max_vz= 6.93 thr_mean=0.83 wall= 3.1s
ep= 41/100 outcome=CRASHED dur= 1.90s td_speed= 7.057 pad_dist= 2.949 max_vz= 7.06 thr_mean=0.82 wall= 2.7s
ep= 42/100 outcome=LANDED  dur= 2.30s td_speed= 0.386 pad_dist= 0.987 max_vz= 7.93 thr_mean=0.80 wall= 3.3s
ep= 43/100 outcome=LANDED  dur= 2.20s td_speed= 0.287 pad_dist= 2.554 max_vz= 7.64 thr_mean=0.80 wall= 2.8s
ep= 44/100 outcome=CRASHED dur= 2.17s td_speed= 6.594 pad_dist= 1.144 max_vz= 6.59 thr_mean=0.81 wall= 2.9s
ep= 45/100 outcome=LANDED  dur= 2.30s td_speed= 0.000 pad_dist= 1.564 max_vz= 6.33 thr_mean=0.81 wall= 3.7s
ep= 46/100 outcome=LANDED  dur= 2.30s td_speed= 0.083 pad_dist= 1.954 max_vz= 6.97 thr_mean=0.83 wall= 3.3s
ep= 47/100 outcome=LANDED  dur= 2.50s td_speed= 0.144 pad_dist= 0.188 max_vz= 6.92 thr_mean=0.82 wall= 3.5s
ep= 48/100 outcome=LANDED  dur= 2.17s td_speed= 0.079 pad_dist= 1.436 max_vz= 6.90 thr_mean=0.83 wall= 3.0s
ep= 49/100 outcome=LANDED  dur= 1.87s td_speed= 0.000 pad_dist= 1.880 max_vz= 6.92 thr_mean=0.80 wall= 2.6s
ep= 50/100 outcome=LANDED  dur= 2.30s td_speed= 0.321 pad_dist= 1.646 max_vz= 7.26 thr_mean=0.80 wall= 3.1s
ep= 51/100 outcome=LANDED  dur= 1.87s td_speed= 0.000 pad_dist= 2.386 max_vz= 7.51 thr_mean=0.79 wall= 2.7s
ep= 52/100 outcome=LANDED  dur= 2.20s td_speed= 0.153 pad_dist= 3.385 max_vz= 6.60 thr_mean=0.82 wall= 3.4s
ep= 53/100 outcome=CRASHED dur= 2.10s td_speed= 0.000 pad_dist= 1.355 max_vz= 6.95 thr_mean=0.83 wall= 2.9s
ep= 54/100 outcome=LANDED  dur= 2.13s td_speed= 0.000 pad_dist= 0.988 max_vz= 5.96 thr_mean=0.82 wall= 3.0s
ep= 55/100 outcome=LANDED  dur= 2.23s td_speed= 0.000 pad_dist= 2.033 max_vz= 6.68 thr_mean=0.81 wall= 3.5s
ep= 56/100 outcome=CRASHED dur= 2.13s td_speed= 6.761 pad_dist= 2.311 max_vz= 6.76 thr_mean=0.80 wall= 3.3s
ep= 57/100 outcome=LANDED  dur= 2.10s td_speed= 0.052 pad_dist= 2.315 max_vz= 7.22 thr_mean=0.80 wall= 2.7s
ep= 58/100 outcome=LANDED  dur= 2.43s td_speed= 0.000 pad_dist= 2.232 max_vz= 7.75 thr_mean=0.79 wall= 3.8s
ep= 59/100 outcome=CRASHED dur= 2.10s td_speed= 7.028 pad_dist= 0.548 max_vz= 7.03 thr_mean=0.81 wall= 3.3s
ep= 60/100 outcome=LANDED  dur= 2.27s td_speed= 0.123 pad_dist= 1.270 max_vz= 7.77 thr_mean=0.80 wall= 3.2s
ep= 61/100 outcome=LANDED  dur= 1.97s td_speed= 0.214 pad_dist= 2.005 max_vz= 7.81 thr_mean=0.79 wall= 2.8s
ep= 62/100 outcome=LANDED  dur= 2.40s td_speed= 0.134 pad_dist= 0.976 max_vz= 7.03 thr_mean=0.82 wall= 3.3s
ep= 63/100 outcome=LANDED  dur= 2.10s td_speed= 0.000 pad_dist= 0.681 max_vz= 7.60 thr_mean=0.80 wall= 2.7s
ep= 64/100 outcome=LANDED  dur= 2.30s td_speed= 0.330 pad_dist= 2.259 max_vz= 8.20 thr_mean=0.79 wall= 2.9s
ep= 65/100 outcome=CRASHED dur= 2.40s td_speed= 6.806 pad_dist= 1.018 max_vz= 6.81 thr_mean=0.82 wall= 3.8s
ep= 66/100 outcome=CRASHED dur= 2.00s td_speed= 8.148 pad_dist= 1.476 max_vz= 8.15 thr_mean=0.79 wall= 3.0s
ep= 67/100 outcome=LANDED  dur= 2.63s td_speed= 0.002 pad_dist= 0.899 max_vz= 7.43 thr_mean=0.80 wall= 3.5s
ep= 68/100 outcome=CRASHED dur= 2.47s td_speed= 0.000 pad_dist= 0.967 max_vz= 6.81 thr_mean=0.83 wall= 3.4s
ep= 69/100 outcome=LANDED  dur= 2.03s td_speed= 0.086 pad_dist= 1.672 max_vz= 6.79 thr_mean=0.83 wall= 2.7s
ep= 70/100 outcome=LANDED  dur= 1.83s td_speed= 0.048 pad_dist= 1.865 max_vz= 7.23 thr_mean=0.79 wall= 2.2s
ep= 71/100 outcome=CRASHED dur= 2.10s td_speed= 0.000 pad_dist= 1.359 max_vz= 6.67 thr_mean=0.83 wall= 2.7s
ep= 72/100 outcome=LANDED  dur= 2.03s td_speed= 0.000 pad_dist= 1.326 max_vz= 7.07 thr_mean=0.82 wall= 3.5s
ep= 73/100 outcome=CRASHED dur= 1.73s td_speed= 6.455 pad_dist= 1.785 max_vz= 6.46 thr_mean=0.79 wall= 2.9s
ep= 74/100 outcome=LANDED  dur= 2.03s td_speed= 0.000 pad_dist= 0.624 max_vz= 7.08 thr_mean=0.81 wall= 2.6s
ep= 75/100 outcome=LANDED  dur= 2.00s td_speed= 0.021 pad_dist= 2.546 max_vz= 7.16 thr_mean=0.80 wall= 2.7s
ep= 76/100 outcome=CRASHED dur= 1.63s td_speed= 7.192 pad_dist= 1.921 max_vz= 7.19 thr_mean=0.79 wall= 2.3s
ep= 77/100 outcome=LANDED  dur= 2.10s td_speed= 0.218 pad_dist= 1.443 max_vz= 6.73 thr_mean=0.82 wall= 2.8s
ep= 78/100 outcome=LANDED  dur= 1.77s td_speed= 0.000 pad_dist= 0.949 max_vz= 6.28 thr_mean=0.83 wall= 2.1s
ep= 79/100 outcome=LANDED  dur= 2.23s td_speed= 0.158 pad_dist= 1.577 max_vz= 7.69 thr_mean=0.80 wall= 2.7s
ep= 80/100 outcome=CRASHED dur= 2.63s td_speed= 0.000 pad_dist= 0.577 max_vz= 6.80 thr_mean=0.82 wall= 4.2s
ep= 81/100 outcome=CRASHED dur= 2.03s td_speed= 7.103 pad_dist= 3.405 max_vz= 7.10 thr_mean=0.80 wall= 2.9s
ep= 82/100 outcome=LANDED  dur= 2.40s td_speed= 0.000 pad_dist= 0.744 max_vz= 6.72 thr_mean=0.82 wall= 3.2s
ep= 83/100 outcome=LANDED  dur= 2.33s td_speed= 0.241 pad_dist= 1.118 max_vz= 7.45 thr_mean=0.81 wall= 3.1s
ep= 84/100 outcome=CRASHED dur= 1.83s td_speed= 5.788 pad_dist= 1.598 max_vz= 5.79 thr_mean=0.82 wall= 2.5s
ep= 85/100 outcome=LANDED  dur= 2.53s td_speed= 0.199 pad_dist= 1.141 max_vz= 7.18 thr_mean=0.82 wall= 3.3s
ep= 86/100 outcome=CRASHED dur= 1.73s td_speed= 7.317 pad_dist= 0.193 max_vz= 7.32 thr_mean=0.80 wall= 2.3s
ep= 87/100 outcome=LANDED  dur= 2.27s td_speed= 0.000 pad_dist= 1.847 max_vz= 6.54 thr_mean=0.82 wall= 3.9s
ep= 88/100 outcome=CRASHED dur= 1.70s td_speed= 7.183 pad_dist= 2.713 max_vz= 7.18 thr_mean=0.79 wall= 2.8s
ep= 89/100 outcome=LANDED  dur= 2.27s td_speed= 0.056 pad_dist= 2.577 max_vz= 6.38 thr_mean=0.80 wall= 2.9s
ep= 90/100 outcome=CRASHED dur= 2.37s td_speed= 0.000 pad_dist= 0.299 max_vz= 6.96 thr_mean=0.82 wall= 3.2s
ep= 91/100 outcome=CRASHED dur= 1.77s td_speed= 6.564 pad_dist= 1.005 max_vz= 6.56 thr_mean=0.81 wall= 2.5s
ep= 92/100 outcome=LANDED  dur= 2.43s td_speed= 0.000 pad_dist= 0.662 max_vz= 6.82 thr_mean=0.81 wall= 3.2s
ep= 93/100 outcome=LANDED  dur= 2.20s td_speed= 0.000 pad_dist= 0.721 max_vz= 6.99 thr_mean=0.81 wall= 2.7s
ep= 94/100 outcome=LANDED  dur= 2.33s td_speed= 0.041 pad_dist= 0.860 max_vz= 6.66 thr_mean=0.82 wall= 3.7s
ep= 95/100 outcome=CRASHED dur= 1.47s td_speed= 0.000 pad_dist= 2.536 max_vz= 6.40 thr_mean=0.83 wall= 2.3s
ep= 96/100 outcome=LANDED  dur= 2.43s td_speed= 0.092 pad_dist= 1.338 max_vz= 7.21 thr_mean=0.81 wall= 3.4s
ep= 97/100 outcome=CRASHED dur= 1.83s td_speed= 6.616 pad_dist= 2.309 max_vz= 6.62 thr_mean=0.80 wall= 2.5s
ep= 98/100 outcome=CRASHED dur= 2.10s td_speed= 0.000 pad_dist= 1.348 max_vz= 6.10 thr_mean=0.81 wall= 3.1s
ep= 99/100 outcome=CRASHED dur= 1.60s td_speed= 7.179 pad_dist= 2.089 max_vz= 7.18 thr_mean=0.80 wall= 2.3s
ep=100/100 outcome=LANDED  dur= 2.13s td_speed= 0.000 pad_dist= 1.882 max_vz= 6.58 thr_mean=0.80 wall= 2.8s
========================================================================
{
  "checkpoint": "C:\\Transformer-rl-retro-propulsion\\simulation\\isaac\\runs\\ppo_landing_seed0_20260426_192920\\ppo_step_2752512.pt",
  "trained_steps": 2752512,
  "episodes": 100,
  "landed_fraction": 0.64,
  "crashed_fraction": 0.36,
  "timeout_fraction": 0.0,
  "on_pad_fraction": 0.02,
  "touchdown_speed_landed": {
    "mean": 0.0831,
    "min": 0.0,
    "max": 0.3861
  },
  "pad_distance_landed": {
    "mean": 1.5071,
    "min": 0.1878,
    "max": 3.3854
  },
  "duration_s": {
    "mean": 2.1321,
    "min": 1.466,
    "max": 2.632
  }
}
Wrote results to C:\Transformer-rl-retro-propulsion\simulation\isaac\runs\ppo_playback_2752512_headed_100_20260426_202924
Closing TVC environment...
Closing Isaac Sim...
[22.961s] Simulation App Startup Complete
[25.007s] [ext: omni.physx.fabric-107.3.26] startup
2026-04-27T01:30:00Z [33,728ms] [Warning] [carb] Client gpu.foundation.plugin has acquired [gpu::unstable::IMemoryBudgetManagerFactory v0.1] 100 times. Consider accessing this interface with carb::getCachedInterface() (Performance warning)
[330.480s] Simulation App Shutting Down
